C51 COMPILER V9.02   SIMPLE_DIGITAL_FREQUENCY_METER                                        01/08/2015 14:55:03 PAGE 1   


C51 COMPILER V9.02, COMPILATION OF MODULE SIMPLE_DIGITAL_FREQUENCY_METER
OBJECT MODULE PLACED IN Simple digital frequency meter.OBJ
COMPILER INVOKED BY: D:\软件\Keil uVision4\C51\BIN\C51.EXE Simple digital frequency meter.c BROWSE DEBUG OBJECTEXTEND

line level    source

   1          #include<reg52.h>
   2          #include<intrins.h>
   3          sbit OE1=P1^0;
   4          sbit LE1=P1^1;
   5          sbit OE2=P1^2;
   6          sbit LE2=P1^3;
   7          sfr16 DPTR=0x82;
   8          
   9          
  10              unsigned int a;                //输入信号1S内脉冲次数变量
  11                  unsigned int i;
  12                  unsigned int j; 
  13              unsigned int t;
  14                  unsigned int k;
  15          
  16          code unsigned char Segment[]={0xc0,0xf9,0xa4,0xb0,0x99,0x92,0x82,0xf8,0x80,0x90};
  17          code unsigned char Select[]={0x00,0x80,0x40,0x20,0x10,0x08,0x04};
  18          //void DigOutput(unsigned char SegmentByte) //段码输出程序
  19          //void Delay(void)
  20          //{
  21          //      for(i=0;i<10;i++)
  22          //        {
  23                    
  24          //        }
  25                  
  26          //}
  27          void TimerInit(void)  //定时器0与计数器1初始化
  28          {
  29   1              TMOD=0x15;                        //非门控方式 定时器1 16位定时模式     定时器0 16位计数模式
  30   1              TH1=0x3c;  //定时50ms初值装入
  31   1              TL1=0xaf;
  32   1              TH0=0x00;        //装入计数初值
  33   1              TL0=0x00;
  34   1              EA=1;
  35   1              ET0=1;
  36   1              TR0=1;
  37   1              ET1=1;
  38   1              TR1=1;
  39   1      }
  40          void Time1(void) interrupt 3    //定时器1中断服务程序
  41          {       
  42   1              TH1=0x3c;
  43   1              TL1=0xaf;
  44   1              t++;
  45   1              if(t==20)
  46   1              {
  47   2                      t=0;
  48   2                      EA=0;
  49   2              }
  50   1              
  51   1      }
  52          void Time0(void) interrupt 1  //计数器0中断服务程序
  53          {
  54   1              TH0=0x00;
  55   1              TL0=0x00;
C51 COMPILER V9.02   SIMPLE_DIGITAL_FREQUENCY_METER                                        01/08/2015 14:55:03 PAGE 2   

  56   1              a++;
  57   1      }
  58          
  59          //void Int0Init(void)  //外部中断0初始化
  60          //{
  61          //      IT0=1;  //IT0下降沿触发
  62          //      EX0=1;  //开外部中断0
  63          //      EA=1;   //开总中断
  64          //}
  65          //void Int0(void) interrupt 0   //外部中断0服务程序
  66          //{
  67          //      a++;
  68          //}
  69          void Delay(unsigned int l)
  70          {
  71   1              unsigned int f;
  72   1              for(f=0;f<l;f++);       
  73   1      }
  74          void main(void)
  75          {       
  76   1              a=0;
  77   1              t=0;
  78   1                
  79   1              TimerInit();
  80   1              OE1=0;
  81   1              LE1=1;
  82   1              OE2=0;
  83   1              LE2=1;
  84   1          while(1)
  85   1              {       
  86   2                      if(!EA)
  87   2                      {
  88   3                               
  89   3                       unsigned int Ament[7]={0,0,0,0,0,0,0};
  90   3                       DPL=TL0;
  91   3                       DPH=TH0;
  92   3                       k=a*65535+DPTR;
  93   3                       Ament[6]=k/100000;
  94   3                       Ament[5]=(k%100000)/10000;
  95   3                       Ament[4]=(k%10000)/1000;
  96   3                       Ament[3]=(k%1000)/100;
  97   3                       Ament[2]=(k%100)/10;
  98   3                       Ament[1]=k%10;
  99   3                       while(1)
 100   3                       {
 101   4                               for(i=1;i<7;i++)
 102   4                               {
 103   5                                      P2=Select[i];
 104   5                                      LE2=0;
 105   5                                      LE2=1;
 106   5                                      P0=Segment[Ament[i]];
 107   5                                      LE1=0;
 108   5                                      LE1=1;
 109   5                                      Delay(129);
 110   5                              }
 111   4                       }
 112   3                      
 113   3              }
 114   2        } 
 115   1      }


C51 COMPILER V9.02   SIMPLE_DIGITAL_FREQUENCY_METER                                        01/08/2015 14:55:03 PAGE 3   

MODULE INFORMATION:   STATIC OVERLAYABLE
   CODE SIZE        =    388    ----
   CONSTANT SIZE    =     31    ----
   XDATA SIZE       =   ----    ----
   PDATA SIZE       =   ----    ----
   DATA SIZE        =     10      14
   IDATA SIZE       =   ----    ----
   BIT SIZE         =   ----    ----
END OF MODULE INFORMATION.


C51 COMPILATION COMPLETE.  0 WARNING(S),  0 ERROR(S)
