C51 COMPILER V8.02   开筥縚制报__                                                        08/02/2011 10:12:14 PAGE 1   


C51 COMPILER V8.02, COMPILATION OF MODULE 开筥縚制报__
OBJECT MODULE PLACED IN 开关控制报警器.OBJ
COMPILER INVOKED BY: C:\Keil\C51\BIN\C51.EXE 开关控制报警器.C BROWSE DEBUG OBJECTEXTEND

line level    source

   1          #include <reg52.h>
   2          #define uint8 unsigned char
   3          #define uint16 unsigned int
   4          sbit SPK = P3^0;
   5          sbit K1 = P1^3;
   6          
   7          void Alarm(uint8 t)
   8          {
   9   1              uint8 i,j;
  10   1              for(i=0;i<200;i++)
  11   1              {
  12   2                      SPK = ~SPK;
  13   2                      for(j=0;j<t;j++);
  14   2              }
  15   1      }
  16          
  17          void main()
  18          {
  19   1              while(1)
  20   1              {
  21   2                      if(K1==1)
  22   2                      {
  23   3                              Alarm(90);
  24   3                              Alarm(120);
  25   3                      }
  26   2              }
  27   1      }


MODULE INFORMATION:   STATIC OVERLAYABLE
   CODE SIZE        =     34    ----
   CONSTANT SIZE    =   ----    ----
   XDATA SIZE       =   ----    ----
   PDATA SIZE       =   ----    ----
   DATA SIZE        =   ----    ----
   IDATA SIZE       =   ----    ----
   BIT SIZE         =   ----    ----
END OF MODULE INFORMATION.


C51 COMPILATION COMPLETE.  0 WARNING(S),  0 ERROR(S)
