C51 COMPILER V9.01   单片籣DS1302多功腳电子时_油蚰昀_LCD1602显                             05/18/2017 22:32:56 PAGE 1   


C51 COMPILER V9.01, COMPILATION OF MODULE 单片籣DS1302多功腳电子时_油蚰昀_LCD1602显
OBJECT MODULE PLACED IN 单片机DS1302多功能电子时钟万年历LCD1602显示.OBJ
COMPILER INVOKED BY: C:\Keil\C51\BIN\C51.EXE 单片机DS1302多功能电子时钟万年历LCD1602显示.C BROWSE DEBUG OBJECTEXTEND

line level    source

   1          #include <reg52.h>               //调用单片机头文件
   2          #define uchar unsigned char  //无符号字符型 宏定义      变量范围0~255
   3          #define uint  unsigned int       //无符号整型 宏定义    变量范围0~65535
   4          #include "eeprom52.h"
   5          #include "nongli.h"
   6          
   7          bit flag_200ms ;
   8          bit flag_100ms ;
   9          sbit beep = P3^7;         //蜂鸣器定义
  10          bit flag_beep_en;
  11          uint clock_value;     //用作闹钟用的
  12          
  13          sbit dq   = P3^1;         //18b20 IO口的定义
  14          
  15          
  16          uint temperature ;    //温度变量
  17          uchar flag_nl;        //农历 阳历显示标志位
  18          
  19          
  20          uchar menu_1,menu_2;
  21          
  22          uchar key_time,flag_value;      //用做连加的中间变量
  23          bit key_500ms  ;
  24          uchar n_nian,n_yue,n_ri;                //农历显示的函数
  25          
  26          
  27          
  28          #include "ds1302.h"
  29          #include "lcd1602.h"
  30          
  31          
  32          
  33          /******************把数据保存到单片机内部eeprom中******************/
  34          void write_eeprom()
  35          {
  36   1              SectorErase(0x2000);
  37   1              byte_write(0x2000, fen1);
  38   1              byte_write(0x2001, shi1);
  39   1              byte_write(0x2002, open1);
  40   1              byte_write(0x2058, a_a);        
  41   1      }
  42          
  43          /******************把数据从单片机内部eeprom中读出来*****************/
  44          void read_eeprom()
  45          {
  46   1              fen1  = byte_read(0x2000);
  47   1              shi1  = byte_read(0x2001);
  48   1              open1  = byte_read(0x2002);
  49   1              a_a      = byte_read(0x2058);
  50   1      }
  51          
  52          /**************开机自检eeprom初始化*****************/
  53          void init_eeprom()
  54          {
  55   1              read_eeprom();          //先读
C51 COMPILER V9.01   单片籣DS1302多功腳电子时_油蚰昀_LCD1602显                             05/18/2017 22:32:56 PAGE 2   

  56   1              if(a_a != 1)            //新的单片机初始单片机内问eeprom
  57   1              {
  58   2                      fen1  = 3;
  59   2                      shi1  = 8;
  60   2                      open1  = 1;
  61   2                      a_a = 1;
  62   2                      write_eeprom();    //保存数据
  63   2              }       
  64   1      }
  65          
  66          /***********************18b20初始化函数*****************************/
  67          void init_18b20()
  68          {
  69   1              bit q;
  70   1              dq = 1;                         //把总线拿高
  71   1              delay_uint(1);      //15us
  72   1              dq = 0;                         //给复位脉冲
  73   1              delay_uint(80);         //750us
  74   1              dq = 1;                         //把总线拿高 等待
  75   1              delay_uint(10);         //110us
  76   1              q = dq;                         //读取18b20初始化信号
  77   1              delay_uint(20);         //200us
  78   1              dq = 1;                         //把总线拿高 释放总线
  79   1      }
  80          
  81          /*************写18b20内的数据***************/
  82          void write_18b20(uchar dat)
  83          {
  84   1              uchar i;
  85   1              for(i=0;i<8;i++)
  86   1              {                                        //写数据是低位开始
  87   2                      dq = 0;                  //把总线拿低写时间隙开始 
  88   2                      dq = dat & 0x01; //向18b20总线写数据了
  89   2                      delay_uint(5);   // 60us
  90   2                      dq = 1;                  //释放总线
  91   2                      dat >>= 1;
  92   2              }       
  93   1      }
  94          
  95          /*************读取18b20内的数据***************/
  96          uchar read_18b20()
  97          {
  98   1              uchar i,value;
  99   1              for(i=0;i<8;i++)
 100   1              {
 101   2                      dq = 0;                  //把总线拿低读时间隙开始 
 102   2                      value >>= 1;     //读数据是低位开始
 103   2                      dq = 1;                  //释放总线
 104   2                      if(dq == 1)              //开始读写数据 
 105   2                              value |= 0x80;
 106   2                      delay_uint(5);   //60us 读一个时间隙最少要保持60us的时间
 107   2              }
 108   1              return value;            //返回数据
 109   1      }
 110          
 111          /*************读取温度的值 读出来的是小数***************/
 112          uint read_temp()
 113          {
 114   1              uint value;
 115   1              uchar low;                         //在读取温度的时候如果中断的太频繁了，就应该把中断给关了，否则会影响到18b20的时序
 116   1              init_18b20();              //初始化18b20
 117   1              write_18b20(0xcc);         //跳过64位ROM
C51 COMPILER V9.01   单片籣DS1302多功腳电子时_油蚰昀_LCD1602显                             05/18/2017 22:32:56 PAGE 3   

 118   1              write_18b20(0x44);         //启动一次温度转换命令
 119   1              delay_uint(50);            //500us
 120   1      
 121   1              init_18b20();              //初始化18b20
 122   1              
 123   1              write_18b20(0xcc);         //跳过64位ROM
 124   1              write_18b20(0xbe);         //发出读取暂存器命令
 125   1              
 126   1              EA = 0;
 127   1              low = read_18b20();        //读温度低字节
 128   1              value = read_18b20();  //读温度高字节
 129   1              EA = 1;
 130   1              value <<= 8;               //把温度的高位左移8位
 131   1              value |= low;              //把读出的温度低位放到value的低八位中
 132   1              value *= 0.625;        //转换到温度值 小数
 133   1              return value;              //返回读出的温度 带小数
 134   1      }
 135          
 136          
 137          
 138          /******************1ms 延时函数*******************/
 139          void delay_1ms(uint q)
 140          {
 141   1              uint i,j;
 142   1              for(i=0;i<q;i++)
 143   1                      for(j=0;j<120;j++);
 144   1      }
 145          
 146          /******************写星期函数*******************/
 147          void write_week(uchar hang,uchar add,uchar week)//写星期函数
 148          {
 149   1              if(hang==1)   
 150   1                      write_com(0x80+add);
 151   1              else
 152   1                      write_com(0x80+0x40+add);         
 153   1              switch(week)
 154   1              {
 155   2                      case 1:write_data('M');//星期数为1时，显示
 156   2                                 write_data('O');
 157   2                                 write_data('N');
 158   2                                 break;
 159   2                 
 160   2                      case 2:write_data('T');//星期数据为2时显示
 161   2                                 write_data('U');
 162   2                                 write_data('E');
 163   2                                 break;
 164   2                      
 165   2                      case 3:write_data('W');//星期数据为3时显示
 166   2                                 write_data('E');
 167   2                                 write_data('D');
 168   2                                 break;
 169   2                      
 170   2                      case 4:write_data('T');//星期数据为4是显示
 171   2                                 write_data('H');
 172   2                                 write_data('U');
 173   2                                 break;
 174   2                      
 175   2                      case 5:write_data('F');//星期数据为5时显示
 176   2                                 write_data('R');
 177   2                                 write_data('I');
 178   2                                 break;
 179   2                      
C51 COMPILER V9.01   单片籣DS1302多功腳电子时_油蚰昀_LCD1602显                             05/18/2017 22:32:56 PAGE 4   

 180   2                      case 6:write_data('S');//星期数据为6时显示
 181   2                                 write_data('T');
 182   2                                 write_data('A');
 183   2                                 break;
 184   2                      
 185   2                      case 0:write_data('S');//星期数据为7时显示
 186   2                                 write_data('U');
 187   2                                 write_data('N');
 188   2                                 break;
 189   2              }
 190   1      }
 191          
 192          /*************时钟显示***************/
 193          void init_1602_ds1302()
 194          {
 195   1              write_sfm2_ds1302(1,1,shi);                //显示时
 196   1              write_sfm2_ds1302(1,4,fen);                //显示分
 197   1              write_sfm2_ds1302(1,7,miao);       //显示秒
 198   1              write_week(2,12,week);
 199   1      //      write_sfm1(1,14,week);                     //显示星期
 200   1              write_sfm3_18B20(1,11,temperature);        //显示温度
 201   1              if(flag_nl == 0)  //显示阳历
 202   1              {
 203   2                      write_sfm2_ds1302(2,2,nian);   //显示年
 204   2                      write_sfm2_ds1302(2,5,yue);        //显示月     
 205   2                      write_sfm2_ds1302(2,8,ri);         //显示日     
 206   2              }
 207   1              else                     //显示农历
 208   1              {
 209   2                      write_sfm2_ds1302(2,2,n_nian);  //显示年
 210   2                      write_sfm2_ds1302(2,5,n_yue);   //显示月        
 211   2                      write_sfm2_ds1302(2,8,n_ri);    //显示日 
 212   2                      
 213   2              }
 214   1              
 215   1      
 216   1              
 217   1                      
 218   1      }                                                                          
 219          
 220          /*************定时器0初始化程序***************/
 221          void init_time0()         
 222          {
 223   1              EA   = 1;                 //开总中断
 224   1              TMOD = 0X01;      //定时器0、工作方式1
 225   1              ET0  = 1;                 //开定时器0中断 
 226   1              TR0  = 1;                 //允许定时器0定时
 227   1      }
 228          
 229          /*************闹钟报警函数***************/
 230          void menu_dis()
 231          {
 232   1              static uchar mm,value;
 233   1              if(flag_100ms == 1)               //100ms执行一次
 234   1              {
 235   2                      flag_100ms = 0;
 236   2                      if(open1 == 1)  //如果闹钟打开
 237   2                      {
 238   3                              if((miao == 0) && (fen == fen1) && (shi == shi1)) 
 239   3                              {               
 240   4                                      flag_beep_en = 1;       //有报警 打开蜂鸣器响的标志位                           
 241   4                              }               
C51 COMPILER V9.01   单片籣DS1302多功腳电子时_油蚰昀_LCD1602显                             05/18/2017 22:32:56 PAGE 5   

 242   3                              if(flag_beep_en == 1)   //闹钟以被打开
 243   3                              {
 244   4                                      clock_value++;
 245   4                                      if(clock_value <= 30)    
 246   4                                              beep = ~beep;      //蜂鸣器叫3秒
 247   4                                      else if(clock_value > 30)
 248   4                                      {
 249   5                                              beep = 1;                   //蜂鸣器停1秒
 250   5                                              if(clock_value > 40)
 251   5                                              {
 252   6                                                      clock_value = 0;
 253   6      
 254   6                                              }
 255   5                                      }
 256   4                                      //  1 分钟后自动关闭闹钟
 257   4                                      value ++;
 258   4                                      if(value >= 10)
 259   4                                      {
 260   5                                              value = 0;
 261   5                                              mm++;
 262   5                                              if(mm >= 60)
 263   5                                              {
 264   6                                                      mm = 0;
 265   6                                                      flag_beep_en = 0;
 266   6                                                      beep = 1;       
 267   6                                              }
 268   5                                      }                                       
 269   4                              }
 270   3                      }       
 271   2              }
 272   1      }
 273          
 274          
 275          /********************独立按键程序*****************/
 276          uchar key_can;   //按键值
 277          
 278          void key()       //独立按键程序
 279          {
 280   1              static uchar key_new;
 281   1              key_can = 20;                   //按键值还原
 282   1              P3 |= 0x78;                     //对应的按键IO口输出为1
 283   1              if((P3 & 0x78) != 0x78)         //按键按下
 284   1              {
 285   2                      delay_1ms(1);           //按键消抖动
 286   2                      if(((P3 & 0x78) != 0x78) && (key_new == 1))
 287   2                      {                                               //确认是按键按下
 288   3                              key_new = 0;
 289   3                              switch(P3 & 0x78)
 290   3                              {
 291   4                                      case 0x70:  key_can = 4;  break;         //得到按键值
 292   4                                      case 0x68:  key_can = 3;  break;         //得到按键值
 293   4                                      case 0x58:  key_can = 2;  break;         //得到按键值
 294   4                                      case 0x38:  key_can = 1;  break;         //得到按键值
 295   4                              }
 296   3      //                      write_sfm2(1,0,key_can);                                 //显示按键值
 297   3                      }                       
 298   2              }
 299   1              else 
 300   1                      key_new = 1;    
 301   1      }
 302          
 303          
C51 COMPILER V9.01   单片籣DS1302多功腳电子时_油蚰昀_LCD1602显                             05/18/2017 22:32:56 PAGE 6   

 304          /**********************设置函数************************/
 305          void key_with()
 306          {
 307   1              if(key_can == 1)        //设置键
 308   1              {
 309   2                      menu_1++;
 310   2                      if(menu_1 == 1)   //设置时间
 311   2                      {
 312   3                              menu_2 = 1;
 313   3                              write_string(1,0,"    :  :    W:  ");                   
 314   3                              write_string(2,0," 20  -  -       ");   
 315   3                      }
 316   2                      if(menu_1 == 2)   //设置闹钟
 317   2                      {
 318   3                              menu_2 = 1;
 319   3                              write_string(1,0,"   set clock    ");                   
 320   3                              write_string(2,0,"    Y  00:00      "); 
 321   3                      }
 322   2                      if(menu_1 > 2)    //回到正常显示
 323   2                      {
 324   3                              menu_1 = 0;
 325   3                              write_guanbiao(1,2,0);   //关闭光标
 326   3                              init_1602_dis_csf();      //初始化液晶显示              
 327   3                      }
 328   2              }
 329   1              if(key_can == 2)        //选择键
 330   1              {
 331   2                      flag_200ms = 1;
 332   2                      if(menu_1 == 1)           //设置时间
 333   2                      {
 334   3                              menu_2 ++;
 335   3                              if(menu_2 > 7)
 336   3                                      menu_2 = 1;
 337   3                      }
 338   2                      if(menu_1 == 2)          //设置闹钟
 339   2                      {
 340   3                              menu_2 ++;
 341   3                              if(menu_2 > 3)
 342   3                                      menu_2 = 1;                             
 343   3                      }
 344   2              }
 345   1              if(menu_1 == 1)
 346   1              {
 347   2                      if(menu_2 == 1)           //设置时
 348   2                      {
 349   3                              if(key_can == 3)        //加
 350   3                              {
 351   4                                      shi+=0x01;
 352   4                                      if((shi & 0x0f) >= 0x0a)
 353   4                                              shi = (shi & 0xf0) + 0x10;
 354   4                                      if(shi >= 0x24)
 355   4                                              shi = 0;
 356   4                              }               
 357   3                              if(key_can == 4)        //减
 358   3                              {
 359   4                                      if(shi == 0x00)
 360   4                                              shi = 0x24;
 361   4                                      if((shi & 0x0f) == 0x00)
 362   4                                              shi = (shi | 0x0a) - 0x10;
 363   4                                      shi -- ; 
 364   4                              }                                       
 365   3                      }
C51 COMPILER V9.01   单片籣DS1302多功腳电子时_油蚰昀_LCD1602显                             05/18/2017 22:32:56 PAGE 7   

 366   2                      if(menu_2 == 2)           //设置分
 367   2                      {
 368   3                              if(key_can == 3)        //加
 369   3                              {
 370   4                                      fen+=0x01;
 371   4                                      if((fen & 0x0f) >= 0x0a)
 372   4                                              fen = (fen & 0xf0) + 0x10;
 373   4                                      if(fen >= 0x60)
 374   4                                              fen = 0;
 375   4                              }               
 376   3                              if(key_can == 4)        //减      
 377   3                              {
 378   4                                      if(fen == 0x00)
 379   4                                              fen = 0x5a;
 380   4                                      if((fen & 0x0f) == 0x00)
 381   4                                              fen = (fen | 0x0a) - 0x10;
 382   4                                      fen -- ;
 383   4                              }       
 384   3                      }
 385   2                      if(menu_2 == 3)           //设置秒
 386   2                      {
 387   3                              if(key_can == 3)        //加
 388   3                              {
 389   4                                      miao+=0x01;
 390   4                                      if((miao & 0x0f) >= 0x0a)
 391   4                                              miao = (miao & 0xf0) + 0x10;
 392   4                                      if(miao >= 0x60)
 393   4                                              miao = 0;
 394   4                              }       
 395   3                              if(key_can == 4)        //减      
 396   3                              {
 397   4                                      if(miao == 0x00)
 398   4                                              miao = 0x5a;
 399   4                                      if((miao & 0x0f) == 0x00)
 400   4                                              miao = (miao | 0x0a) - 0x10;
 401   4                                      miao -- ;                       
 402   4                              }
 403   3                      }
 404   2                      if(menu_2 == 4)           //设置星期
 405   2                      {
 406   3                              if(key_can == 3)        //加
 407   3                              {
 408   4                              week+=0x01;
 409   4                                      if((week & 0x0f) >= 0x0a)
 410   4                                              week = (week & 0xf0) + 0x10;
 411   4                                      if(week >= 0x08)
 412   4                                              week = 1;
 413   4                              }               
 414   3                              if(key_can == 4)        //减      
 415   3                              {
 416   4                                      if(week == 0x01)
 417   4                                              week = 0x08;
 418   4                                      if((week & 0x0f) == 0x00)
 419   4                                              week = (week | 0x0a) - 0x10;
 420   4                                      week -- ;
 421   4                              }       
 422   3                      }
 423   2                      if(menu_2 == 5)           //设置年
 424   2                      {
 425   3                              if(key_can == 3)        //加
 426   3                              {
 427   4                              nian+=0x01;
C51 COMPILER V9.01   单片籣DS1302多功腳电子时_油蚰昀_LCD1602显                             05/18/2017 22:32:56 PAGE 8   

 428   4                                      if((nian & 0x0f) >= 0x0a)
 429   4                                              nian = (nian & 0xf0) + 0x10;
 430   4                                      if(nian >= 0x9a)
 431   4                                              nian = 1;
 432   4                              }               
 433   3                              if(key_can == 4)        //减      
 434   3                              {
 435   4                                      if(nian == 0x01)
 436   4                                              nian = 0x9a;
 437   4                                      if((nian & 0x0f) == 0x00)
 438   4                                              nian = (nian | 0x0a) - 0x10;
 439   4                                      nian -- ;               
 440   4                              }       
 441   3                      }
 442   2                      if(menu_2 == 6)           //设置月
 443   2                      {
 444   3                              if(key_can == 3)        //加
 445   3                              {
 446   4                              yue+=0x01;
 447   4                                      if((yue & 0x0f) >= 0x0a)
 448   4                                              yue = (yue & 0xf0) + 0x10;
 449   4                                      if(yue >= 0x13)
 450   4                                              yue = 1;
 451   4                              }               
 452   3                              if(key_can == 4)        //减      
 453   3                              {
 454   4                                      if(yue == 0x01)
 455   4                                              yue = 0x13;
 456   4                                      if((yue & 0x0f) == 0x00)
 457   4                                              yue = (yue | 0x0a) - 0x10;
 458   4                                      yue -- ;                                        
 459   4                              }       
 460   3                      }
 461   2                      if(menu_2 == 7)           //设置日
 462   2                      {
 463   3                              if(key_can == 3)        //加
 464   3                              {
 465   4                      ri+=0x01;
 466   4                              if((ri & 0x0f) >= 0x0a)
 467   4                                      ri = (ri & 0xf0) + 0x10;
 468   4                              if(ri >= 0x32)
 469   4                                      ri = 0;                 
 470   4                              }               
 471   3                              if(key_can == 4)        //减      
 472   3                              {
 473   4                                      if(ri == 0x01)
 474   4                                              ri = 0x32;
 475   4                                      if((ri & 0x0f) == 0x00)
 476   4                                              ri = (ri | 0x0a) - 0x10;
 477   4                                      ri -- ;                 
 478   4                              }       
 479   3                      }
 480   2                      write_sfm2_ds1302(1,2,shi);        //显示时
 481   2                      write_sfm2_ds1302(1,5,fen);        //显示分
 482   2                      write_sfm2_ds1302(1,8,miao);       //显示秒
 483   2                      write_sfm1(1,14,week);     //显示星期                                   
 484   2                      write_sfm2_ds1302(2,3,nian);       //显示年
 485   2                      write_sfm2_ds1302(2,6,yue);        //显示月
 486   2                      write_sfm2_ds1302(2,9,ri);         //显示日
 487   2                      switch(menu_2)     // 光标显示
 488   2                      {
 489   3                              case 1:  write_guanbiao(1,2,1);  break;
C51 COMPILER V9.01   单片籣DS1302多功腳电子时_油蚰昀_LCD1602显                             05/18/2017 22:32:56 PAGE 9   

 490   3                              case 2:  write_guanbiao(1,5,1);  break;
 491   3                              case 3:  write_guanbiao(1,8,1);  break;
 492   3                              case 4:  write_guanbiao(1,14,1);  break;
 493   3                              case 5:  write_guanbiao(2,3,1);  break;
 494   3                              case 6:  write_guanbiao(2,6,1);  break;
 495   3                              case 7:  write_guanbiao(2,9,1);  break;
 496   3                      }
 497   2                      write_time();      //把时间写进去
 498   2              }       
 499   1      /***************设置闹钟*********************/
 500   1              if(menu_1 == 2)
 501   1              {
 502   2                      if(menu_2 == 1)           //设置闹钟开关
 503   2                      {
 504   3                              if(key_can == 3)        
 505   3                              {
 506   4                                      open1 = 1;        //闹钟开
 507   4                              }               
 508   3                              if(key_can == 4)        
 509   3                              {
 510   4                                      open1 = 0;        //闹钟关
 511   4                              }                                       
 512   3                      }
 513   2                      if(menu_2 == 2)           //设置闹钟时
 514   2                      {
 515   3                              if(key_can == 3)        //加
 516   3                              {
 517   4                              shi1+=0x01;
 518   4                                      if((shi1 & 0x0f) >= 0x0a)
 519   4                                              shi1 = (shi1 & 0xf0) + 0x10;
 520   4                                      if(shi1 >= 0x24)
 521   4                                              shi1 = 0;
 522   4                              }               
 523   3                              if(key_can == 4)        //减      
 524   3                              {
 525   4                                      if(shi1 == 0x00)
 526   4                                              shi1 = 0x5a;
 527   4                                      if((shi1 & 0x0f) == 0x00)
 528   4                                              shi1 = (shi1 | 0x0a) - 0x10;
 529   4                                      shi1 -- ;
 530   4                              }       
 531   3                      }
 532   2                      if(menu_2 == 3)           //设置秒
 533   2                      {
 534   3                              if(key_can == 3)        //加
 535   3                              {
 536   4                              fen1+=0x01;
 537   4                                      if((fen1 & 0x0f) >= 0x0a)
 538   4                                              fen1 = (fen1 & 0xf0) + 0x10;
 539   4                                      if(fen1 >= 0x60)
 540   4                                              fen1 = 0;
 541   4                              }       
 542   3                              if(key_can == 4)        //减      
 543   3                              {
 544   4                                      if(fen1 == 0x00)
 545   4                                              fen1 = 0x5a;
 546   4                                      if((fen1 & 0x0f) == 0x00)
 547   4                                              fen1 = (fen1 | 0x0a) - 0x10;
 548   4                                      fen1 -- ;                       
 549   4                              }
 550   3                      }
 551   2                      if(open1 == 1)
C51 COMPILER V9.01   单片籣DS1302多功腳电子时_油蚰昀_LCD1602显                             05/18/2017 22:32:56 PAGE 10  

 552   2                              write_string(2,4,"Y");  
 553   2                      else 
 554   2                              write_string(2,4,"N");  
 555   2                      write_sfm2_ds1302(2,7,shi1);       //显示闹钟时
 556   2                      write_sfm2_ds1302(2,10,fen1);      //显示闹钟分
 557   2                      switch(menu_2)     // 光标显示
 558   2                      {
 559   3                              case 1:  write_guanbiao(2,4,1);  break;
 560   3                              case 2:  write_guanbiao(2,7,1);  break;
 561   3                              case 3:  write_guanbiao(2,10,1);  break;
 562   3                      }       
 563   2                      write_eeprom();     //保存闹钟时间
 564   2              }                       
 565   1      }
 566          
 567          /*****************主函数********************/
 568          void main()
 569          {       
 570   1              beep = 0;                               //开机叫一声   
 571   1              delay_1ms(150);
 572   1              P0 = P1 = P2 = P3 = 0xff;               //单片机IO口初始化为1
 573   1              init_time0();            //初始化定时器
 574   1              init_ds1302();           //ds1302初始化
 575   1              init_1602();             //lcd1602初始化
 576   1              init_1602_dis_csf(); //lcd1602初始化显示
 577   1              init_eeprom();       //开始初始化保存的数据
 578   1              temperature = read_temp();      //先读出温度的值
 579   1              delay_1ms(650);
 580   1              temperature = read_temp();      //先读出温度的值
 581   1              while(1)
 582   1              {
 583   2                      key();                   //按键程序
 584   2                      if(key_can < 10)
 585   2                      {
 586   3                              if(flag_beep_en == 0)  //只有闹钟关了的时候才能进入设置
 587   3                                      key_with();     
 588   3                              else 
 589   3                              {
 590   4                                      flag_beep_en = 0;        //按下任意键可关闭闹钟
 591   4                                      beep = 1;
 592   4                                      clock_value = 0;
 593   4                                      read_time();
 594   4                              }
 595   3                              if(menu_1 == 0)
 596   3                              {
 597   4                                      if(key_can == 4)  //减键
 598   4                                      {
 599   5                                              flag_nl = ~flag_nl;               //切换农历和阳历的显示标志位  
 600   5                                              if(flag_nl == 0)
 601   5                                                      write_string(2,0,"2013");
 602   5                                              else    
 603   5                                                      write_string(2,0,"N ");
 604   5                                      }
 605   4                              }
 606   3                      }
 607   2                      
 608   2                      if(flag_200ms == 1)
 609   2                      {       
 610   3                              flag_200ms = 0;
 611   3                              if(menu_1 == 0)
 612   3                              {
 613   4                                      read_time();              //读时间
C51 COMPILER V9.01   单片籣DS1302多功腳电子时_油蚰昀_LCD1602显                             05/18/2017 22:32:56 PAGE 11  

 614   4                                      temperature = read_temp();      //先读出温度的值
 615   4                                      init_1602_ds1302();   //显示时钟
 616   4                              }
 617   3                      }
 618   2                      menu_dis();        //闹钟报警函数
 619   2                      delay_1ms(1);
 620   2              }
 621   1      }
 622          
 623          /**************定时器0中断程序*****************/
 624          void time0() interrupt 1
 625          {                        
 626   1              static uchar value;
 627   1              TH0 = 0X3C;
 628   1              TL0 = 0XB0;        //50ms
 629   1              value ++;          
 630   1              if((value % 2) == 0)     //100ms  
 631   1                      flag_100ms = 1;  
 632   1              if(value >= 6)                   //200ms
 633   1              {
 634   2                      value = 0;
 635   2                      flag_200ms = 1;
 636   2              }
 637   1      }
 638          


MODULE INFORMATION:   STATIC OVERLAYABLE
   CODE SIZE        =   3598    ----
   CONSTANT SIZE    =    765    ----
   XDATA SIZE       =   ----    ----
   PDATA SIZE       =   ----    ----
   DATA SIZE        =     31       9
   IDATA SIZE       =   ----    ----
   BIT SIZE         =      6       4
END OF MODULE INFORMATION.


C51 COMPILATION COMPLETE.  0 WARNING(S),  0 ERROR(S)
