C51 COMPILER V8.02   点亮_豢臠ED                                                           07/28/2011 19:51:09 PAGE 1   


C51 COMPILER V8.02, COMPILATION OF MODULE 点亮_豢臠ED
OBJECT MODULE PLACED IN 点亮一颗LED.OBJ
COMPILER INVOKED BY: C:\Keil\C51\BIN\C51.EXE 点亮一颗LED.c BROWSE DEBUG OBJECTEXTEND

line level    source

   1          /*
   2          *点亮一颗LED*
   3          */
   4          #include <reg51.h>
   5          
   6          void main()
   7          {
   8   1              while(1)
   9   1              {
  10   2                      P0 = 0xFE;
  11   2              }
  12   1      }


MODULE INFORMATION:   STATIC OVERLAYABLE
   CODE SIZE        =      5    ----
   CONSTANT SIZE    =   ----    ----
   XDATA SIZE       =   ----    ----
   PDATA SIZE       =   ----    ----
   DATA SIZE        =   ----    ----
   IDATA SIZE       =   ----    ----
   BIT SIZE         =   ----    ----
END OF MODULE INFORMATION.


C51 COMPILATION COMPLETE.  0 WARNING(S),  0 ERROR(S)
