C51 COMPILER V9.00   SHIXUN                                                                04/21/2017 11:23:00 PAGE 1   


C51 COMPILER V9.00, COMPILATION OF MODULE SHIXUN
OBJECT MODULE PLACED IN shixun.OBJ
COMPILER INVOKED BY: F:\Keil\C51\BIN\C51.EXE shixun.c BROWSE DEBUG OBJECTEXTEND

line level    source

   1          #include<reg51.h>
   2          #include"lcd1602.h"
   3          #include"ds1302.h"
   4          unsigned char time_add[7];
   5          void LcdDisplay();
   6          void keyscan();
   7          uint n=0,s=0;
   8          uint j=0,k=0;
   9          uint t=0;
  10          uint tx=0,ty=0,tz=0;
  11          uint s18=0,n18=0,t18=0,tx18=0,ty18=0,tz18=0,j18=0,k18=0;
  12          uint l=0;
  13          uint lx=0,ly=0;
  14          uint count;
  15          sbit SW=P2^1;
  16          sbit LED=P2^0;
  17          sbit add_hour=P1^2;   
  18          sbit add_min=P1^1;    
  19          sbit add_sec=P1^0;    
  20          
  21          
  22          void main()
  23          {
  24   1              LcdInit();
  25   1              Ds1302Init();
  26   1              TMOD = 0x01;                    
  27   1          TL0 = 0X60;                    
  28   1          TH0 = 0XEA;                                        
  29   1          ET0 = 1;                                                
  30   1          count = 5400; 
  31   1              INT0 = 1;
  32   1          IT0 = 1;                   
  33   1          EX0 = 1;                    
  34   1          EA = 1;
  35   1      
  36   1              while(1)
  37   1                {     
  38   2                      Ds1302ReadTime();       
  39   2                      LcdDisplay();   
  40   2                      keyscan(); 
  41   2                      if(SW==0)
  42   2                      {
  43   3                              TR0 = 1;
  44   3                              EX0=0;                  
  45   3                              do
  46   3                              {       
  47   4                                      
  48   4                                      lx=l/10;
  49   4                                      ly=l%10;
  50   4                                      Ds1302ReadTime();
  51   4                                      LcdWriteCom(0x80+0X40);
  52   4                                      LcdWriteData('T');                              
  53   4                                      LcdWriteData(':');                              
  54   4                                      LcdWriteData('0'+TIME[2]/16);           
  55   4                                      LcdWriteData('0'+(TIME[2]&0x0f));                                
C51 COMPILER V9.00   SHIXUN                                                                04/21/2017 11:23:00 PAGE 2   

  56   4                                      LcdWriteData('-');
  57   4                                      LcdWriteData('0'+TIME[1]/16);           
  58   4                                      LcdWriteData('0'+(TIME[1]&0x0f));       
  59   4                                      LcdWriteData('-');
  60   4                                      LcdWriteData('0'+TIME[0]/16);           
  61   4                                      LcdWriteData('0'+(TIME[0]&0x0f));
  62   4                                      LcdWriteCom (0x80);
  63   4                                      LcdWriteData('D');
  64   4                                      LcdWriteData(':');
  65   4                                      LcdWriteData('1');
  66   4                                      LcdWriteData('.');
  67   4                                      LcdWriteData('0');
  68   4                                      LcdWriteData(' ');
  69   4                                      LcdWriteData('S');
  70   4                                      LcdWriteData(':');                 
  71   4                                      LcdWriteData('0'+j);
  72   4                                      LcdWriteData('0'+k);
  73   4                                      LcdWriteData(' ');
  74   4                                      LcdWriteData('T');
  75   4                                      LcdWriteData(':');
  76   4                                      LcdWriteData(' ');
  77   4                                      LcdWriteData('0'+lx);
  78   4                                      LcdWriteData('0'+ly);
  79   4                              
  80   4                                      
  81   4                              }while(SW==0);
  82   3                      
  83   3                      }
  84   2                      else
  85   2                              {TR0=0;
  86   3                               EX0=1;
  87   3                              }
  88   2      
  89   2                 }
  90   1              }
  91          
  92          void keyscan()                                                          
  93          {
  94   1         Ds1302Write(0x8E,0x00);                          
  95   1         if( add_sec==0)                                      
  96   1         { 
  97   2          time_add[0]=(TIME[0]>>4)*10+(TIME[0]&0x0F);
  98   2                                                     
  99   2          time_add[0]=(time_add[0]+1)%60 ;  
 100   2          TIME[0]=(time_add[0]/10<<4)|(time_add[0]%10); 
 101   2                                                     
 102   2          Ds1302Write(WRITE_RTC_ADDR[0], TIME[0]);     
 103   2                                                     
 104   2          }
 105   1              if( add_min==0)                                   
 106   1        { time_add[1]=(TIME[1]>>4)*10+(TIME[1]&0x0F); 
 107   2                                                   
 108   2          time_add[1]=(time_add[1]+1)%60 ;   
 109   2          TIME[1]=(time_add[1]/10<<4)|(time_add[1]%10); 
 110   2                                                    
 111   2          Ds1302Write(WRITE_RTC_ADDR[1], TIME[1]);    
 112   2                                                   
 113   2         }
 114   1      if( add_hour==0)                                   
 115   1        { 
 116   2          time_add[2]=(TIME[2]>>4)*10+(TIME[2]&0x0F);                           
 117   2                                                
C51 COMPILER V9.00   SHIXUN                                                                04/21/2017 11:23:00 PAGE 3   

 118   2          time_add[2]=(time_add[2]+1)%24 ;  
 119   2          TIME[2]=(time_add[2]/10<<4)|(time_add[2]%10); 
 120   2                                            
 121   2          Ds1302Write(WRITE_RTC_ADDR[2], TIME[2]);
 122   2                                             
 123   2         }
 124   1      
 125   1      }
 126          
 127          void LcdDisplay()
 128          {
 129   1              LcdWriteCom(0x80+0X40);
 130   1              LcdWriteData('T');                              
 131   1              LcdWriteData(':');                              
 132   1              LcdWriteData('0'+TIME[2]/16);           
 133   1              LcdWriteData('0'+(TIME[2]&0x0f));                                
 134   1              LcdWriteData('-');
 135   1              LcdWriteData('0'+TIME[1]/16);           
 136   1              LcdWriteData('0'+(TIME[1]&0x0f));       
 137   1              LcdWriteData('-');
 138   1              LcdWriteData('0'+TIME[0]/16);           
 139   1              LcdWriteData('0'+(TIME[0]&0x0f));
 140   1              LcdWriteData('W');
 141   1              LcdWriteData(':');
 142   1              LcdWriteData('0'+tz18);
 143   1              LcdWriteData('0'+tx18);
 144   1              LcdWriteData('.');
 145   1              LcdWriteData('0'+ty18);
 146   1              
 147   1      
 148   1      
 149   1          if(time_add[2]>=18&&time_add[2]<=24)
 150   1              {       
 151   2                               t18=1.8*s18*10;
 152   2                               tx18=t18/10; 
 153   2                               ty18=t18%10;
 154   2                               tz18=t18/100;
 155   2                               if(tx18>=10)
 156   2                               {
 157   3                                      tx18=t18%100/10;
 158   3                               }
 159   2      
 160   2                              LcdWriteCom(0x80);
 161   2                              LcdWriteData('D');
 162   2                              LcdWriteData(':');
 163   2                              LcdWriteData('1');
 164   2                              LcdWriteData('.');
 165   2                              LcdWriteData('8');
 166   2                              LcdWriteData(' ');
 167   2                              LcdWriteData('S');
 168   2                              LcdWriteData(':');                 
 169   2                              LcdWriteData('0'+j18);
 170   2                              LcdWriteData('0'+k18);
 171   2                              LcdWriteData('T');
 172   2                              LcdWriteData(':');
 173   2                              LcdWriteData('0'+tz);
 174   2                              LcdWriteData('0'+tx);
 175   2                              LcdWriteData('.');
 176   2                              LcdWriteData('0'+ty);
 177   2                       
 178   2      
 179   2      
C51 COMPILER V9.00   SHIXUN                                                                04/21/2017 11:23:00 PAGE 4   

 180   2              }
 181   1              else
 182   1              {        
 183   2                       
 184   2                       t=1.2*s*10;
 185   2                       tx=t/10;
 186   2                       ty=t%10;
 187   2                       tz=t/100;
 188   2                       if(tx>=10)
 189   2                       {
 190   3                              tx=t%100/10;
 191   3                       }
 192   2                       
 193   2                       LcdWriteCom(0x80);
 194   2                       LcdWriteData('D');
 195   2                       LcdWriteData(':');
 196   2                       LcdWriteData('1');
 197   2                       LcdWriteData('.');
 198   2                       LcdWriteData('2');
 199   2                       LcdWriteData(' ');
 200   2                       LcdWriteData('S');
 201   2                       LcdWriteData(':');                
 202   2                       LcdWriteData('0'+j);
 203   2                       LcdWriteData('0'+k);
 204   2                       LcdWriteData('T');
 205   2                       LcdWriteData(':');
 206   2                       LcdWriteData('0'+tz);
 207   2                       LcdWriteData('0'+tx);
 208   2                       LcdWriteData('.');
 209   2                       LcdWriteData('0'+ty);
 210   2                              
 211   2              }                
 212   1      }
 213          void INT0_ISR() interrupt 0
 214          {
 215   1      
 216   1              LED=!LED;
 217   1              n++;
 218   1              s=(n*2)/10;
 219   1              j=s/10;
 220   1              k=s%10;
 221   1              if(time_add[2]>=18&&time_add[2]<=24)
 222   1              {
 223   2                      n18++;
 224   2                      s18=(n18*2)/10;
 225   2                      j18=s18/10;
 226   2                      k18=s18%10;
 227   2      
 228   2              }
 229   1              
 230   1      }
 231          void tm0_isr() interrupt 1 
 232          {
 233   1          TL0 =0x60;                     
 234   1          TH0 =0xea;                
 235   1           if (count-- == 0)               
 236   1          {
 237   2              count =5400;    
 238   2                      l++;    
 239   2          }
 240   1      }
 241          
C51 COMPILER V9.00   SHIXUN                                                                04/21/2017 11:23:00 PAGE 5   

 242                                           


MODULE INFORMATION:   STATIC OVERLAYABLE
   CODE SIZE        =   1397    ----
   CONSTANT SIZE    =     14    ----
   XDATA SIZE       =   ----    ----
   PDATA SIZE       =   ----    ----
   DATA SIZE        =     54    ----
   IDATA SIZE       =   ----    ----
   BIT SIZE         =   ----    ----
END OF MODULE INFORMATION.


C51 COMPILATION COMPLETE.  0 WARNING(S),  0 ERROR(S)
