Added Component: Designator=BT1(BAT-2)
Added Component: Designator=C1(RAD-0.3)
Added Component: Designator=C2(CAPPR1.27-1.7x2.8)
Added Component: Designator=C3(CAPR2.54-5.1x3.2)
Added Component: Designator=C4(CAPR2.54-5.1x3.2)
Added Component: Designator=D1(LED-1)
Added Component: Designator=LCD1(1602LCD)
Added Component: Designator=P1(HDR1X2)
Added Component: Designator=P2(HDR1X3)
Added Component: Designator=P3(HDR1X3)
Added Component: Designator=P4(HDR1X8)
Added Component: Designator=P5(HDR1X3)
Added Component: Designator=P6(HDR1X2)
Added Component: Designator=P7(HDR2X4)
Added Component: Designator=P8(HDR1X3)
Added Component: Designator=P9(HDR1X19)
Added Component: Designator=P10(HDR1X5)
Added Component: Designator=P11(HDR1X5)
Added Component: Designator=P12(HDR1X2)
Added Component: Designator=P13(HDR1X3)
Added Component: Designator=R1(VR5)
Added Component: Designator=R2(HDR1X9)
Added Component: Designator=R3(AXIAL-0.4)
Added Component: Designator=R4(AXIAL-0.4)
Added Component: Designator=S1(SW/PB-V4/H7.1)
Added Component: Designator=S2(SW/PB-V4/H7.1)
Added Component: Designator=S3(SW/PB-V4/H7.1)
Added Component: Designator=S4(SW/PB-V4/H7.1)
Added Component: Designator=S5(SPST-2)
Added Component: Designator=U1(DIP8)
Added Component: Designator=Y1(BCY-W2/D3.1)
Added Component: Designator=Y2(BCY-W2/D3.1)
Added Pin To Net: NetName=GND Pin=C1-2
Added Pin To Net: NetName=GND Pin=C3-2
Added Pin To Net: NetName=GND Pin=C4-2
Added Pin To Net: NetName=GND Pin=P3-1
Added Pin To Net: NetName=GND Pin=P3-2
Added Pin To Net: NetName=GND Pin=P3-3
Added Pin To Net: NetName=GND Pin=P6-2
Added Pin To Net: NetName=GND Pin=P7-7
Added Pin To Net: NetName=GND Pin=P7-8
Added Pin To Net: NetName=GND Pin=R3-2
Added Net: Name=GND
Added Pin To Net: NetName=MC Pin=P6-1
Added Net: Name=MC
Added Pin To Net: NetName=Net1_1 Pin=P8-3
Added Net: Name=Net1_1
Added Pin To Net: NetName=Net1_2 Pin=P8-2
Added Net: Name=Net1_2
Added Pin To Net: NetName=Net1_3 Pin=P8-1
Added Net: Name=Net1_3
Added Pin To Net: NetName=Net1_9 Pin=S3-2
Added Net: Name=Net1_9
Added Pin To Net: NetName=Net1_14 Pin=P13-3
Added Net: Name=Net1_14
Added Pin To Net: NetName=Net1_15 Pin=P13-2
Added Net: Name=Net1_15
Added Pin To Net: NetName=Net1_16 Pin=P13-1
Added Net: Name=Net1_16
Added Pin To Net: NetName=Net1_18 Pin=C3-1
Added Pin To Net: NetName=Net1_18 Pin=Y2-2
Added Net: Name=Net1_18
Added Pin To Net: NetName=Net1_19 Pin=C4-1
Added Pin To Net: NetName=Net1_19 Pin=Y2-1
Added Net: Name=Net1_19
Added Pin To Net: NetName=Net1_21 Pin=P9-19
Added Net: Name=Net1_21
Added Pin To Net: NetName=Net1_22 Pin=P9-18
Added Net: Name=Net1_22
Added Pin To Net: NetName=Net1_23 Pin=P9-17
Added Net: Name=Net1_23
Added Pin To Net: NetName=Net1_24 Pin=P9-16
Added Net: Name=Net1_24
Added Pin To Net: NetName=Net1_25 Pin=P9-15
Added Net: Name=Net1_25
Added Pin To Net: NetName=Net1_26 Pin=P9-14
Added Net: Name=Net1_26
Added Pin To Net: NetName=Net1_27 Pin=P9-13
Added Net: Name=Net1_27
Added Pin To Net: NetName=Net1_28 Pin=P9-12
Added Net: Name=Net1_28
Added Pin To Net: NetName=Net1_29 Pin=P9-11
Added Net: Name=Net1_29
Added Pin To Net: NetName=Net1_30 Pin=P9-10
Added Net: Name=Net1_30
Added Pin To Net: NetName=Net1_31 Pin=P9-9
Added Net: Name=Net1_31
Added Pin To Net: NetName=Net1_32 Pin=P9-8
Added Net: Name=Net1_32
Added Pin To Net: NetName=Net1_33 Pin=P9-7
Added Net: Name=Net1_33
Added Pin To Net: NetName=Net1_34 Pin=P9-6
Added Net: Name=Net1_34
Added Pin To Net: NetName=Net1_35 Pin=P9-5
Added Net: Name=Net1_35
Added Pin To Net: NetName=Net1_36 Pin=P9-4
Added Net: Name=Net1_36
Added Pin To Net: NetName=Net1_37 Pin=P9-3
Added Net: Name=Net1_37
Added Pin To Net: NetName=Net1_38 Pin=P9-2
Added Net: Name=Net1_38
Added Pin To Net: NetName=Net1_39 Pin=P9-1
Added Net: Name=Net1_39
Added Pin To Net: NetName=NetBT1_2 Pin=BT1-2
Added Pin To Net: NetName=NetBT1_2 Pin=P11-5
Added Pin To Net: NetName=NetBT1_2 Pin=U1-4
Added Net: Name=NetBT1_2
Added Pin To Net: NetName=NetC2_2 Pin=C2-2
Added Pin To Net: NetName=NetC2_2 Pin=R3-1
Added Net: Name=NetC2_2
Added Pin To Net: NetName=NetD1_1 Pin=D1-1
Added Pin To Net: NetName=NetD1_1 Pin=R4-1
Added Net: Name=NetD1_1
Added Pin To Net: NetName=NetD1_2 Pin=D1-2
Added Pin To Net: NetName=NetD1_2 Pin=P10-2
Added Net: Name=NetD1_2
Added Pin To Net: NetName=NetLCD1_1 Pin=LCD1-1
Added Pin To Net: NetName=NetLCD1_1 Pin=LCD1-16
Added Pin To Net: NetName=NetLCD1_1 Pin=P1-1
Added Pin To Net: NetName=NetLCD1_1 Pin=R1-1
Added Net: Name=NetLCD1_1
Added Pin To Net: NetName=NetLCD1_2 Pin=LCD1-2
Added Pin To Net: NetName=NetLCD1_2 Pin=LCD1-15
Added Pin To Net: NetName=NetLCD1_2 Pin=P1-2
Added Pin To Net: NetName=NetLCD1_2 Pin=R1-2
Added Pin To Net: NetName=NetLCD1_2 Pin=R2-1
Added Net: Name=NetLCD1_2
Added Pin To Net: NetName=NetLCD1_3 Pin=LCD1-3
Added Pin To Net: NetName=NetLCD1_3 Pin=R1-3
Added Net: Name=NetLCD1_3
Added Pin To Net: NetName=NetLCD1_4 Pin=LCD1-4
Added Pin To Net: NetName=NetLCD1_4 Pin=P5-3
Added Net: Name=NetLCD1_4
Added Pin To Net: NetName=NetLCD1_5 Pin=LCD1-5
Added Pin To Net: NetName=NetLCD1_5 Pin=P5-2
Added Net: Name=NetLCD1_5
Added Pin To Net: NetName=NetLCD1_6 Pin=LCD1-6
Added Pin To Net: NetName=NetLCD1_6 Pin=P5-1
Added Net: Name=NetLCD1_6
Added Pin To Net: NetName=NetLCD1_7 Pin=LCD1-7
Added Pin To Net: NetName=NetLCD1_7 Pin=P4-1
Added Pin To Net: NetName=NetLCD1_7 Pin=R2-9
Added Net: Name=NetLCD1_7
Added Pin To Net: NetName=NetLCD1_8 Pin=LCD1-8
Added Pin To Net: NetName=NetLCD1_8 Pin=P4-2
Added Pin To Net: NetName=NetLCD1_8 Pin=R2-8
Added Net: Name=NetLCD1_8
Added Pin To Net: NetName=NetLCD1_9 Pin=LCD1-9
Added Pin To Net: NetName=NetLCD1_9 Pin=P4-3
Added Pin To Net: NetName=NetLCD1_9 Pin=R2-7
Added Net: Name=NetLCD1_9
Added Pin To Net: NetName=NetLCD1_10 Pin=LCD1-10
Added Pin To Net: NetName=NetLCD1_10 Pin=P4-4
Added Pin To Net: NetName=NetLCD1_10 Pin=R2-6
Added Net: Name=NetLCD1_10
Added Pin To Net: NetName=NetLCD1_11 Pin=LCD1-11
Added Pin To Net: NetName=NetLCD1_11 Pin=P4-5
Added Pin To Net: NetName=NetLCD1_11 Pin=R2-5
Added Net: Name=NetLCD1_11
Added Pin To Net: NetName=NetLCD1_12 Pin=LCD1-12
Added Pin To Net: NetName=NetLCD1_12 Pin=P4-6
Added Pin To Net: NetName=NetLCD1_12 Pin=R2-4
Added Net: Name=NetLCD1_12
Added Pin To Net: NetName=NetLCD1_13 Pin=LCD1-13
Added Pin To Net: NetName=NetLCD1_13 Pin=P4-7
Added Pin To Net: NetName=NetLCD1_13 Pin=R2-3
Added Net: Name=NetLCD1_13
Added Pin To Net: NetName=NetLCD1_14 Pin=LCD1-14
Added Pin To Net: NetName=NetLCD1_14 Pin=P4-8
Added Pin To Net: NetName=NetLCD1_14 Pin=R2-2
Added Net: Name=NetLCD1_14
Added Pin To Net: NetName=NetP10_1 Pin=P10-1
Added Pin To Net: NetName=NetP10_1 Pin=S5-1
Added Net: Name=NetP10_1
Added Pin To Net: NetName=NetP10_3 Pin=P10-3
Added Pin To Net: NetName=NetP10_3 Pin=S4-2
Added Net: Name=NetP10_3
Added Pin To Net: NetName=NetP10_4 Pin=P10-4
Added Pin To Net: NetName=NetP10_4 Pin=S2-2
Added Net: Name=NetP10_4
Added Pin To Net: NetName=NetP10_5 Pin=P10-5
Added Pin To Net: NetName=NetP10_5 Pin=S1-2
Added Net: Name=NetP10_5
Added Pin To Net: NetName=NetP11_1 Pin=P11-1
Added Pin To Net: NetName=NetP11_1 Pin=U1-5
Added Net: Name=NetP11_1
Added Pin To Net: NetName=NetP11_2 Pin=P11-2
Added Pin To Net: NetName=NetP11_2 Pin=U1-7
Added Net: Name=NetP11_2
Added Pin To Net: NetName=NetP11_3 Pin=P11-3
Added Pin To Net: NetName=NetP11_3 Pin=U1-1
Added Net: Name=NetP11_3
Added Pin To Net: NetName=NetP11_4 Pin=P11-4
Added Pin To Net: NetName=NetP11_4 Pin=U1-6
Added Net: Name=NetP11_4
Added Pin To Net: NetName=NetP12_1 Pin=P12-1
Added Pin To Net: NetName=NetP12_1 Pin=S1-1
Added Pin To Net: NetName=NetP12_1 Pin=S2-1
Added Pin To Net: NetName=NetP12_1 Pin=S4-1
Added Pin To Net: NetName=NetP12_1 Pin=S5-2
Added Net: Name=NetP12_1
Added Pin To Net: NetName=NetP12_2 Pin=P12-2
Added Pin To Net: NetName=NetP12_2 Pin=R4-2
Added Net: Name=NetP12_2
Added Pin To Net: NetName=NetU1_2 Pin=U1-2
Added Pin To Net: NetName=NetU1_2 Pin=Y1-2
Added Net: Name=NetU1_2
Added Pin To Net: NetName=NetU1_3 Pin=U1-3
Added Pin To Net: NetName=NetU1_3 Pin=Y1-1
Added Net: Name=NetU1_3
Added Pin To Net: NetName=RXD Pin=P7-1
Added Pin To Net: NetName=RXD Pin=P7-2
Added Net: Name=RXD
Added Pin To Net: NetName=TXD Pin=P7-3
Added Pin To Net: NetName=TXD Pin=P7-4
Added Net: Name=TXD
Added Pin To Net: NetName=VCC1 Pin=BT1-1
Added Pin To Net: NetName=VCC1 Pin=U1-8
Added Net: Name=VCC1
Added Pin To Net: NetName=VCC Pin=C1-1
Added Pin To Net: NetName=VCC Pin=C2-1
Added Pin To Net: NetName=VCC Pin=P2-1
Added Pin To Net: NetName=VCC Pin=P2-2
Added Pin To Net: NetName=VCC Pin=P2-3
Added Pin To Net: NetName=VCC Pin=P7-5
Added Pin To Net: NetName=VCC Pin=P7-6
Added Pin To Net: NetName=VCC Pin=S3-1
Added Net: Name=VCC
Added Class: Name=最小系统
Added Room: Name=最小系统
