C51 COMPILER V9.60.0.0   MAIN                                                              06/20/2020 16:40:28 PAGE 1   


C51 COMPILER V9.60.0.0, COMPILATION OF MODULE MAIN
OBJECT MODULE PLACED IN .\Objects\main.obj
COMPILER INVOKED BY: D:\keil5\C51\BIN\C51.EXE main.c OPTIMIZE(8,SPEED) BROWSE DEBUG OBJECTEXTEND PRINT(.\Listings\main.l
                    -st) TABS(2) OBJECT(.\Objects\main.obj)

line level    source

   1          #include<reg51.h>  //包含51单片机的库
   2          
   3          #define uchar unsigned char
   4          #define uint unsigned int   
   5          
   6          uint ttd=0,ttd1=0,ttd2=0;  //切换变量
   7          uchar data xian[4];       //秒显示的变量
   8          uchar data sec0=20;       //东西数默认
   9          uchar data sec1=23;     //南北默认值
  10          
  11          /*东西通行*/
  12          uchar data dongsec=20;    //设置东西方向的时间
  13          uchar data nansec=23;   //设置南北方向的时间
  14          
  15          /*南北通行*/
  16          uchar data dongsec1=13;   //设置东西方向的时间
  17          uchar data nansec1=10;    //设置南北方向的时间
  18          
  19          uchar data jishi;//定时器0中断次数
  20          
  21          
  22          uchar code table[12]={0x3f,0x06,0x5b,0x4f,0x66,0x6d,0x7d,0x07,0x7f,0x6f,0x00,0x71};//段码
  23          
  24          sbit ggd0 = P0^1; //南北方向个位显示
  25          sbit ggd1= P0^2; //南北方向十位显示
  26          sbit ggd2 = P0^3; //东西方向个位显示
  27          sbit ggd3= P0^4; //东西方向十位显示
  28          
  29          sbit lang0=P2^6;    //南北方向红灯引脚定义
  30          sbit lang1=P2^5;  //南北方向黄灯引脚定义
  31          sbit lang2=P2^4;     //南北方向绿灯引脚定义
  32          
  33          sbit dengred1=P2^3;   //东西红灯
  34          sbit dengyellow1=P2^2;  //东西黄灯
  35          sbit denggreen1=P2^1;   //东西绿灯
  36          
  37          
  38          bit quan=0;     //东西南北控制位
  39          bit shuo=0;     //信号灯闪标志位
  40          
  41          sbit kaigaun=P0^7; //定义紧急按键的管脚
  42          
  43          
  44          
  45          void delay(uint ms)   //延时程序
  46          {
  47   1          uint j,k;
  48   1          for(j=0;j<ms;j++)     //延时ms
  49   1          for(k=0;k<110;k++);   
  50   1      }
  51          
  52          void chushihua()  //时钟初始化
  53          {
  54   1          TMOD=0x01;          //定时器设置
C51 COMPILER V9.60.0.0   MAIN                                                              06/20/2020 16:40:28 PAGE 2   

  55   1          TH0=0x3C;             //重赋初值
  56   1          TL0=0xB0;             //12m晶振50ms//重赋初值
  57   1          EA=1;           //开总中断
  58   1          ET0=1;            //定时器0中断开启
  59   1          TR0=1;            //启动定时0
  60   1      
  61   1      }
  62          
  63          void shuma()   //数码管显示
  64          {
  65   1        switch(ttd2)
  66   1      {
  67   2          case 0:
  68   2          {
  69   3          xian[0]=sec1/10;    //第1位东西秒十位
  70   3          xian[1]=sec1%10;    //第2位东西秒个位
  71   3          xian[2]=sec0/10;    //第3位南北秒十位
  72   3          xian[3]=sec0%10;    //第4位南北秒个位
  73   3      
  74   3          ggd0=0;
  75   3          ggd1=1;
  76   3          ggd2=1;
  77   3          ggd3=1;             
  78   3          P3=table[xian[0]];    //送东西时间十位的数码管编码
  79   3          delay(1);       //延时
  80   3          ggd0=1;
  81   3          ggd1=0;
  82   3          ggd2=1;
  83   3          ggd3=1;       
  84   3          P3=table[xian[1]];     //送东西时间个位的数码管编码
  85   3          delay(1);        //延时
  86   3          ggd0=1;
  87   3          ggd1=1;
  88   3          ggd2=0;
  89   3          ggd3=1;         
  90   3          P3=table[xian[2]];    //送南北时间十位的数码管编码
  91   3          delay(1);       //延时
  92   3          ggd0=1;
  93   3          ggd1=1;
  94   3          ggd2=1;
  95   3          ggd3=0;            
  96   3          P3=table[xian[3]];    //送南北时间个位的数码管编码
  97   3          delay(1);       //延时
  98   3          };break;
  99   2          
 100   2          case 1:
 101   2          {
 102   3          ggd0=0;
 103   3          ggd1=1;
 104   3          ggd2=1;
 105   3          ggd3=1;         
 106   3          P3=table[11];   //送东西时间十位的数码管编码
 107   3          delay(1);       //延时
 108   3          ggd0=1;
 109   3          ggd1=0;
 110   3          ggd2=1;
 111   3          ggd3=1;     
 112   3          P3=table[11];    //送东西时间个位的数码管编码
 113   3          delay(1);        //延时
 114   3          ggd0=1;
 115   3          ggd1=1;
 116   3          ggd2=0;
C51 COMPILER V9.60.0.0   MAIN                                                              06/20/2020 16:40:28 PAGE 3   

 117   3          ggd3=1;         
 118   3          P3=table[11];   //送南北时间十位的数码管编码
 119   3          delay(1);       //延时
 120   3          ggd0=1;
 121   3          ggd1=1;
 122   3          ggd2=1;
 123   3          ggd3=0;         
 124   3          P3=table[11];   //送南北时间个位的数码管编码
 125   3          delay(1);       //延时
 126   3          };break;
 127   2          
 128   2          default :  break;
 129   2      }
 130   1        
 131   1      }
 132          
 133          
 134          
 135          
 136          void main()        //主程序
 137          {
 138   1          chushihua();
 139   1          kaigaun=1;    //键初始
 140   1          denggreen1=1;    //初始化红绿灯的状态
 141   1          lang2=0;
 142   1          lang0=1;
 143   1          dengred1=0;
 144   1          dengyellow1=0;
 145   1          lang1=0;
 146   1          while(1)            //主循环
 147   1          {
 148   2            shuma();
 149   2          }
 150   1      }
 151          
 152          void time0(void) interrupt 1    //定时中断子程序
 153          {
 154   1        TH0=0x3C;             //重赋初值
 155   1        TL0=0xB0;             //12m晶振50ms//重赋初值
 156   1        TR0=1;                //重新启动定时器
 157   1        jishi++;              //软件计数加1
 158   1        
 159   1      /*判断开关是否闭合*/  
 160   1      if(kaigaun==0)           //当开关闭合时
 161   1        {
 162   2          ttd2=1;
 163   2          ttd=0;
 164   2          denggreen1=0;   
 165   2          lang2=0;
 166   2          lang0=1;
 167   2          dengred1=1;
 168   2          dengyellow1=0;
 169   2          lang1=0;
 170   2          sec0=dongsec;     //重赋南北方向的起始值
 171   2          sec1=nansec;    //重赋东西方向的起始值  
 172   2          jishi=0;   //停止计数
 173   2          ttd1=1;   
 174   2      } 
 175   1      
 176   1      if(kaigaun==1)    //当开关未闭合时
 177   1      { 
 178   2        ttd2=0;
C51 COMPILER V9.60.0.0   MAIN                                                              06/20/2020 16:40:28 PAGE 4   

 179   2        if(ttd1==1)   //再次初始状态
 180   2        {
 181   3          denggreen1=1;
 182   3          lang2=0;
 183   3          lang0=1;
 184   3          dengred1=0;
 185   3          dengyellow1=0;
 186   3          lang1=0;
 187   3          ttd1--;
 188   3          jishi=0;
 189   3        }
 190   2        
 191   2        if(ttd==0)    //当主干道通行时
 192   2      {
 193   3        if(jishi==10)           //加到10也就是半秒
 194   3        {
 195   4          if((sec1<=3)&&(quan==0)&&(shuo==1))     //东西黄灯闪
 196   4          {
 197   5            denggreen1=0;
 198   5            dengyellow1=0;
 199   5          }
 200   4          if((sec0<=3)&&(quan==1)&&(shuo==1))     //南北黄灯闪
 201   4          {
 202   5            lang2=0;
 203   5            lang1=0;
 204   5          }
 205   4        }
 206   3      if(jishi==20)   // 定时器中断次数=20时（即1秒时）
 207   3      {   jishi=0;            //清零计数器
 208   4          sec0--;           //东西时间减1
 209   4          sec1--;           //南北时间减1
 210   4      
 211   4        if((sec1<=3)&&(quan==0)&&(shuo==1))     //东西黄灯闪
 212   4        {
 213   5          denggreen1=0;
 214   5          dengyellow1=1;
 215   5        }
 216   4        if((sec0<=3)&&(quan==1)&&(shuo==1))     //南北黄灯闪
 217   4        {
 218   5          lang2=0;
 219   5          lang1=1;
 220   5        }
 221   4        
 222   4        if(sec0==0&&sec1==3)    //当东西倒计时到0时，重置3秒，用于黄灯闪烁时间
 223   4        {
 224   5          sec0=3;
 225   5          shuo=1;
 226   5        }
 227   4          if(sec0==3&&sec1==0)    //当东西倒计时到0时，重置3秒，用于黄灯闪烁时间
 228   4        {
 229   5          sec1=3;
 230   5          shuo=1;
 231   5        }
 232   4          if(sec1==0&&sec0==0)      //当黄灯闪烁时间倒计时到0时，
 233   4        {
 234   5            P2=0x00;          //重置东西南背方向的红绿灯
 235   5            lang2=1;
 236   5            dengred1=1;
 237   5            quan=!quan;
 238   5            shuo=0;
 239   5            sec0=dongsec1;      //重赋南北方向的起始值
 240   5            sec1=nansec1;   //重赋东西方向的起始值
C51 COMPILER V9.60.0.0   MAIN                                                              06/20/2020 16:40:28 PAGE 5   

 241   5            ttd++;
 242   5        }
 243   4       }
 244   3      }
 245   2      if(ttd==1)   //当辅干道通行时
 246   2      {
 247   3        if(jishi==10)           //加到10也就是半秒
 248   3        {
 249   4          if((sec1<=3)&&(quan==0)&&(shuo==1))     //东西黄灯闪
 250   4          {
 251   5            denggreen1=0;
 252   5            dengyellow1=0;
 253   5          }
 254   4          if((sec0<=3)&&(quan==1)&&(shuo==1))     //南北黄灯闪
 255   4          {
 256   5            lang2=0;
 257   5            lang1=0;
 258   5          }
 259   4        }
 260   3      if(jishi==20)   // 定时器中断次数=20时（即1秒时）
 261   3      {   jishi=0;            //清零计数器
 262   4          sec0--;           //东西时间减1
 263   4          sec1--;           //南北时间减1
 264   4      
 265   4        if((sec1<=3)&&(quan==0)&&(shuo==1))     //东西黄灯闪
 266   4        {
 267   5          denggreen1=0;
 268   5          dengyellow1=1;
 269   5        }
 270   4        if((sec0<=3)&&(quan==1)&&(shuo==1))     //南北黄灯闪
 271   4        {
 272   5          lang2=0;
 273   5          lang1=1;
 274   5        }
 275   4        
 276   4        if(sec0==0&&sec1==3)    //当东西倒计时到0时，重置3秒，用于黄灯闪烁时间
 277   4        {
 278   5          sec0=3;
 279   5          shuo=1;
 280   5        }
 281   4          if(sec0==3&&sec1==0)    //当东西倒计时到0时，重置3秒，用于黄灯闪烁时间
 282   4        {
 283   5          sec1=3;
 284   5          shuo=1;
 285   5        }
 286   4          if(sec1==0&&sec0==0)      //当黄灯闪烁时间倒计时到0时，
 287   4        {
 288   5            P2=0x00;          //重置东西南背方向的红绿灯
 289   5            lang2=1;
 290   5            dengred1=1;
 291   5            quan=!quan;
 292   5            shuo=0;
 293   5            sec0=dongsec;     //重赋南北方向的起始值
 294   5            sec1=nansec;    //重赋东西方向的起始值
 295   5            ttd--;
 296   5         }  
 297   4        }
 298   3       }
 299   2      }
 300   1        
 301   1      }
 302          
C51 COMPILER V9.60.0.0   MAIN                                                              06/20/2020 16:40:28 PAGE 6   



MODULE INFORMATION:   STATIC OVERLAYABLE
   CODE SIZE        =    750    ----
   CONSTANT SIZE    =     12    ----
   XDATA SIZE       =   ----    ----
   PDATA SIZE       =   ----    ----
   DATA SIZE        =     17    ----
   IDATA SIZE       =   ----    ----
   BIT SIZE         =      2    ----
END OF MODULE INFORMATION.


C51 COMPILATION COMPLETE.  0 WARNING(S),  0 ERROR(S)
