C51 COMPILER V9.01   MAIN                                                                  08/22/2014 22:05:51 PAGE 1   


C51 COMPILER V9.01, COMPILATION OF MODULE MAIN
OBJECT MODULE PLACED IN ..\hex文件\main.obj
COMPILER INVOKED BY: d:\Keil\C51\BIN\C51.EXE ..\main.c BROWSE DEBUG OBJECTEXTEND PRINT(..\list\main.lst) OBJECT(..\hex文
                    -件\main.obj)

line level    source

   1          #include <REGX52.H>
   2          #include"pic.c"
   3          #include <intrins.h>
   4          #define LCD_DATA P2
   5          #define button_delay 150  //按键延时
   6          #define button_acceleration 65  //按键加速度阈值
   7          #define GAME_LOCATION 30
   8          sbit button_a = P3^4;    //变形
   9          sbit button_b = P3^5;   //开始
  10          sbit up = P3^2;    //暂停开始
  11          sbit down = P3^0;
  12          sbit left = P3^1;
  13          sbit right = P3^3;
  14          sbit speaker=P3^6; 
  15          
  16          sbit LCD_RS=P1^0;
  17          sbit LCD_RW=P1^1;
  18          sbit LCD_E=P1^2;
  19          sbit LCD_CS2=P1^4;              //右屏选择（左右屏有时候相反）
  20          sbit LCD_CS1=P1^3;              //左屏选择
  21          sbit LCD_RST=P3^7;
  22          
  23          unsigned int up_reg=button_delay;       //按键up累加器
  24          unsigned int down_reg=button_delay;     //按键down累加器
  25          unsigned int left_reg=button_delay;     //按键left累加器
  26          unsigned int right_reg=button_delay;    //按键right累加器
  27          unsigned int button_a_reg=button_delay; //按键button_a累加器
  28          unsigned int button_b_reg=button_delay; //按键button_b累加器
  29          unsigned int right_acceleration=0;              //按键right加速度寄存器
  30          unsigned int left_acceleration=0;               //按键left加速度寄存器
  31          
  32          unsigned int idata Box_Ram[19];//定义游戏点阵缓存10*16
  33          unsigned char box_down_reg;//定义方块下落累加寄存器
  34          unsigned char time0_reg;//定义定时器0累加寄存器
  35          unsigned char next_mode;//定义下一个方块的类型
  36          unsigned char next_shape;//定义下一个方块的形状
  37          unsigned int destroy_row_num=0;//定义所消的行数
  38          unsigned char speed_num=0;//定义游戏速度等级
  39          unsigned char level_num;//定义游戏难度等级
  40          bit game_over_flag;//游戏结束标志位置0表示游戏未结束
  41          bit pause_game_flag;//游戏暂停标志位置0表示游戏未暂停
  42          
  43          struct
  44          {
  45                  unsigned char mode;//类型
  46                  unsigned char shape;//形状
  47                  unsigned char x;//x坐标
  48                  unsigned char y;//y坐标
  49                  unsigned int box;//定义方块缓存
  50          }s_box; //定义方块结构体
  51          //LCD检测忙状态函数
  52          void LCD_check_busy()
  53          {
  54   1              unsigned char temp;
C51 COMPILER V9.01   MAIN                                                                  08/22/2014 22:05:51 PAGE 2   

  55   1              LCD_RS=0;
  56   1              LCD_RW=1;
  57   1              do
  58   1              {
  59   2                      LCD_DATA=0xff;
  60   2                      LCD_E=1;
  61   2                      temp=LCD_DATA;
  62   2                      LCD_E=0;
  63   2              }while((temp&0x80)==0x80);              
  64   1      }
  65          //写指令代码（cs为0选左屏，cs为1选右屏）
  66          void LCD_W_code(unsigned char tpcode,bit cs)
  67          {
  68   1              LCD_RS=0;
  69   1              LCD_RW=0;
  70   1              LCD_CS2=~cs;
  71   1              LCD_CS1=cs;
  72   1              LCD_DATA=tpcode;
  73   1              LCD_E=1;
  74   1              _nop_();
  75   1              LCD_E=0;
  76   1      }
  77          //写显示数据（cs为0选左屏，cs为1选右屏）
  78          void LCD_W_data(unsigned char tpdata,bit cs)
  79          {
  80   1              LCD_check_busy();
  81   1              LCD_RS=1;
  82   1              LCD_RW=0;
  83   1              LCD_CS2=~cs;
  84   1              LCD_CS1=cs;     
  85   1              LCD_DATA=tpdata;
  86   1              LCD_E=1;        
  87   1              _nop_();
  88   1              LCD_E=0;
  89   1      }
  90          
  91          //LCD初始化函数
  92          void LCD_initialize()
  93          {
  94   1              LCD_RST=0;
  95   1              _nop_();
  96   1              _nop_();
  97   1              LCD_RST=1;
  98   1              LCD_W_code(0x3f,0);             //开显示设置    
  99   1              LCD_W_code(0xc0,0);             //设置显示起始行为第一行        
 100   1              LCD_W_code(0xb8,0);             //页面地址设置  
 101   1              LCD_W_code(0x40,0);             //列地址设为0
 102   1              LCD_W_code(0x3f,1);
 103   1              LCD_W_code(0xc0,1);     
 104   1              LCD_W_code(0xb8,1);
 105   1              LCD_W_code(0x40,1);
 106   1      }
 107          //LCD清屏函数
 108          void LCD_clear()
 109          {
 110   1              unsigned char i,j;
 111   1              for(j=0;j<8;j++)
 112   1              {
 113   2                      LCD_W_code(0xb8+j,0);
 114   2                      LCD_W_code(0x40,0);
 115   2                      LCD_W_code(0xb8+j,1);
 116   2                      LCD_W_code(0x40,1);
C51 COMPILER V9.01   MAIN                                                                  08/22/2014 22:05:51 PAGE 3   

 117   2                      for(i=0;i<64;i++)
 118   2                              {       
 119   3                                      LCD_W_data(0x00,0);     
 120   3                                      LCD_W_data(0x00,1);
 121   3                              }
 122   2              }
 123   1      }
 124          //LCD显示字符串函数（word表示要显示的字符串,
 125           //length表示要显示的字符串宽度,
 126           //x表示首字符所在行数,
 127           //y表示首字符所在列数）
 128          void LCD_display_word(unsigned char word[],
 129                                unsigned int length,
 130                                                    unsigned char x,
 131                                                    unsigned char y)
 132          {
 133   1              unsigned char i;
 134   1              for(i=0;i<length;i++)
 135   1              {
 136   2                      
 137   2                      LCD_W_code(0xb8+x,0);
 138   2                      LCD_W_code(0xb8+x,1);
 139   2                      if(y+i<64)
 140   2                      {
 141   3                              LCD_W_code(0x40+y+i,0); 
 142   3                              LCD_W_data(word[i],0);
 143   3                      }
 144   2                      else
 145   2                      {
 146   3                              LCD_W_code(y+i,1);      
 147   3                              LCD_W_data(word[i],1);
 148   3                      }
 149   2              }
 150   1      }
 151          //LCD画全屏函数
 152          void LCD_full_draw(unsigned char word[])
 153          {
 154   1              unsigned char i,j;
 155   1              for(i=0;i<8;i++)
 156   1              {
 157   2                      LCD_W_code(0xb8+i,0);
 158   2                      LCD_W_code(0x40,0);     
 159   2                      for(j=0;j<64;j++)
 160   2                      {
 161   3                              LCD_W_data(word[i*128+j],0);
 162   3                      }
 163   2                      LCD_W_code(0xb8+i,1);
 164   2                      LCD_W_code(0x40,1);     
 165   2                      for(j=0;j<64;j++)
 166   2                      {
 167   3                              LCD_W_data(word[i*128+64+j],1);
 168   3                      }                       
 169   2              }
 170   1      }
 171          //LCD显示一个字节函数（
 172            //x表示x坐标,
 173            //y表示y坐标,
 174            //tpdata表示要显示的数据）
 175          void LCD_display_byte(unsigned char x,
 176                                                    unsigned char y,
 177                                                    unsigned char tpdata)
 178          {
C51 COMPILER V9.01   MAIN                                                                  08/22/2014 22:05:51 PAGE 4   

 179   1              if(x<64)
 180   1              {
 181   2                      LCD_W_code(0xb8+y,0);
 182   2                      LCD_W_code(0x40+x,0);
 183   2                      LCD_W_data(tpdata,0);   
 184   2              }
 185   1              else
 186   1              {
 187   2                      LCD_W_code(0xb8+y,1);
 188   2                      LCD_W_code(x,1);
 189   2                      LCD_W_data(tpdata,1);   
 190   2              }
 191   1      } 
 192          
 193          void LCD_draw(unsigned char word[])
 194          {
 195   1        unsigned char i,j;
 196   1        for(i=0;i<8;i++)
 197   1        {
 198   2          LCD_W_code(0xb8+i,1);
 199   2              LCD_W_code(0x40+20,1);
 200   2              for(j=0;j<44;j++)
 201   2              {
 202   3                LCD_W_data(word[i*44+j],1);
 203   3              }
 204   2        }
 205   1      }
 206          //基本界面显示函数
 207          void display_basic()
 208          {
 209   1              unsigned char i;
 210   1              for(i=0;i<8;i++)
 211   1              {
 212   2                      LCD_display_byte(GAME_LOCATION,i,0xff);
 213   2                      LCD_display_byte(GAME_LOCATION+41,i,0xff);
 214   2              }
 215   1      }
 216          //刷新游戏区域函数
 217          void refurbish_display()
 218          {
 219   1              unsigned char i,j,tpdata;
 220   1              for(i=0;i<8;i++)
 221   1              {
 222   2                      for(j=0;j<10;j++)
 223   2                      {
 224   3                              tpdata=0x00;
 225   3                              if(  (Box_Ram[2*i]>>(12-j))&0x0001==1  )
 226   3                              {
 227   4                                      tpdata=0x0f;
 228   4                              }
 229   3                              if(  (Box_Ram[2*i+1]>>(12-j))&0x0001==1  )
 230   3                              {
 231   4                                      tpdata|=0xf0;
 232   4                              }
 233   3                              LCD_display_byte(GAME_LOCATION+1+j*4,i,tpdata);
 234   3                              LCD_display_byte(GAME_LOCATION+2+j*4,i,0xbb&tpdata);
 235   3                              LCD_display_byte(GAME_LOCATION+3+j*4,i,0xdd&tpdata);
 236   3                              LCD_display_byte(GAME_LOCATION+4+j*4,i,tpdata);
 237   3                      }
 238   2              }
 239   1      }
 240          //基本按键程序(返回0表示没按键被按下，返回1表示down被按下，返回2表示up被按下，返回3表示button_a被按下,返回
C51 COMPILER V9.01   MAIN                                                                  08/22/2014 22:05:51 PAGE 5   

             -4表示left被按下,返回5表示right被按下)
 241          //游戏中按键识别程序（有优先级，从高到低依次是button_a_reg>down>left>right>up）
 242          unsigned char basic_button()
 243          {
 244   1              unsigned char tpflag=0;
 245   1              if(button_b==0)
 246   1              {
 247   2                  if(button_b_reg<button_delay*8)
 248   2                      {
 249   3                        button_b_reg++;
 250   3                      }
 251   2                      else
 252   2                      {
 253   3                        button_b_reg=0;
 254   3                        tpflag=6;
 255   3                      }
 256   2              }
 257   1              else
 258   1              {
 259   2                   button_b_reg=button_delay*8;
 260   2              }
 261   1              if(down==0)
 262   1              {
 263   2                      if(down_reg<button_delay)//按键一直被按下时设置时间间隔触发
 264   2                      {
 265   3                              down_reg++;
 266   3                      }
 267   2                      else
 268   2                      {
 269   3                              down_reg=0;
 270   3                              tpflag=1;//返回1表示down被按下
 271   3                      }               
 272   2              }
 273   1              else
 274   1              {
 275   2                      down_reg=button_delay;//释放按键时置按键缓存为button_delay，以便在下次按键时及时响应
 276   2              }
 277   1              if(up==0)
 278   1              {
 279   2                      if(up_reg<button_delay)//按键一直被按下时设置时间间隔触发
 280   2                      {
 281   3                              up_reg++;
 282   3                      }
 283   2                      else
 284   2                      {
 285   3                              up_reg=0;
 286   3                              tpflag=2;//返回2表示up被按下
 287   3                      }               
 288   2              }
 289   1              else
 290   1              {
 291   2                      up_reg=button_delay;//释放按键时置按键缓存为button_delay，以便在下次按键时及时响应
 292   2              }
 293   1              if(button_a==0)
 294   1              {
 295   2                      if(button_a_reg<button_delay*8)//按键一直被按下时设置时间间隔触发
 296   2                      {
 297   3                              button_a_reg++;
 298   3                      }
 299   2                      else
 300   2                      {
 301   3                              button_a_reg=0;
C51 COMPILER V9.01   MAIN                                                                  08/22/2014 22:05:51 PAGE 6   

 302   3                              tpflag=3;//返回3表示button_a被按下
 303   3                      }               
 304   2              }
 305   1              else
 306   1              {
 307   2                      button_a_reg=button_delay*8;//释放按键时置按键缓存为button_delay，以便在下次按键时及时响应
 308   2              }
 309   1              if(left==0)
 310   1              {
 311   2                      if(left_reg<(button_delay))//按键一直被按下时设置时间间隔触发
 312   2                      {
 313   3                              left_reg++;
 314   3                      }
 315   2                      else
 316   2                      {
 317   3                              left_reg=left_acceleration*button_acceleration;
 318   3                              if(left_acceleration<2)left_acceleration++;
 319   3                              tpflag=4;//返回4表示left被按下
 320   3                      }               
 321   2              }
 322   1              else
 323   1              {
 324   2                      left_acceleration=0;
 325   2                      left_reg=button_delay;//释放按键时置按键缓存为button_delay，以便在下次按键时及时响应
 326   2              }
 327   1              if(right==0)
 328   1              {
 329   2                      if(right_reg<(button_delay))//按键一直被按下时设置时间间隔触发
 330   2                      {
 331   3                              right_reg++;
 332   3                      }
 333   2                      else
 334   2                      {
 335   3                              right_reg=right_acceleration*button_acceleration;
 336   3                              if(right_acceleration<2)right_acceleration++;
 337   3                              tpflag=5;//返回5表示right被按下
 338   3                      }               
 339   2              }
 340   1              else
 341   1              {
 342   2                      right_acceleration=0;
 343   2                      right_reg=button_delay;//释放按键时置按键缓存为button_delay，以便在下次按键时及时响应
 344   2              }
 345   1              return(tpflag);
 346   1      }
 347          //检查覆盖函数（检查此时带入的参数所确定的方块是否会覆盖原有图形，不会覆盖返回1，覆盖返回0）
 348          bit check_cover(unsigned char tpx,unsigned char tpy,unsigned int tpbox)
 349          {
 350   1              unsigned char i;
 351   1              bit tpflag=1;
 352   1              unsigned int temp;
 353   1              temp=s_box.box;
 354   1              for(i=0;i<4;i++)
 355   1              {
 356   2                      Box_Ram[3-i+s_box.y]&=(~((temp&0x000f)<<(9-s_box.x))); 
 357   2                      temp=temp>>4;
 358   2              }//先将现有的方块从游戏点阵缓存中删除
 359   1              temp=tpbox;
 360   1              for(i=0;i<4;i++)
 361   1              {
 362   2                      if((((temp&0x000f)<<(9-tpx))&Box_Ram[3-i+tpy])!=0x0000)
 363   2                      {
C51 COMPILER V9.01   MAIN                                                                  08/22/2014 22:05:51 PAGE 7   

 364   3                              tpflag=0;
 365   3                      }
 366   2                      temp=temp>>4;
 367   2              }//检查方块是否和原有图形重叠,重叠置标志位tpflag为0,不重叠不置标志位，即tpflag为1
 368   1              temp=s_box.box;
 369   1              for(i=0;i<4;i++)
 370   1              {
 371   2                      Box_Ram[3-i+s_box.y]|=((temp&0x000f)<<(9-s_box.x));
 372   2                      temp=temp>>4;
 373   2              }//在游戏点阵缓存中恢复原有方块
 374   1              return(tpflag);
 375   1      }
 376          //方块缓存数据函数（输入方块类型和形状即可获得方块缓存数据）
 377          unsigned int box_read_data(unsigned char tpmode,unsigned char tpshape)
 378          {
 379   1              unsigned int tpbox;
 380   1              switch(tpmode)
 381   1              {
 382   2                      case 0: switch(tpshape)
 383   2                                      {
 384   3                                              case 0: tpbox=0xf000;break;
 385   3                                              case 1: tpbox=0x4444;break;
 386   3                                              case 2: tpbox=0xf000;break;
 387   3                                              case 3: tpbox=0x4444;break;
 388   3                                              default:;
 389   3                                      }break; 
 390   2                      case 1: switch(tpshape)
 391   2                                      {
 392   3                                              case 0: tpbox=0xe800;break;
 393   3                                              case 1: tpbox=0xc440;break;
 394   3                                              case 2: tpbox=0x2e00;break;
 395   3                                              case 3: tpbox=0x88c0;break;
 396   3                                              default:;
 397   3                                      }break; 
 398   2                      case 2: switch(tpshape)
 399   2                                      {
 400   3                                              case 0: tpbox=0xe200;break;
 401   3                                              case 1: tpbox=0x44c0;break;
 402   3                                              case 2: tpbox=0x8e00;break;
 403   3                                              case 3: tpbox=0xc880;break;
 404   3                                              default:;
 405   3                                      }break; 
 406   2                      case 3: switch(tpshape)
 407   2                                      {
 408   3                                              case 0: tpbox=0xcc00;break;
 409   3                                              case 1: tpbox=0xcc00;break;
 410   3                                              case 2: tpbox=0xcc00;break;
 411   3                                              case 3: tpbox=0xcc00;break;
 412   3                                              default:;
 413   3                                      }break; 
 414   2                      case 4: switch(tpshape)
 415   2                                      {
 416   3                                              case 0: tpbox=0xc600;break;
 417   3                                              case 1: tpbox=0x4c80;break;
 418   3                                              case 2: tpbox=0xc600;break;
 419   3                                              case 3: tpbox=0x4c80;break;
 420   3                                              default:;
 421   3                                      }break; 
 422   2                      case 5: switch(tpshape)
 423   2                                      {
 424   3                                              case 0: tpbox=0x6c00;break;
 425   3                                              case 1: tpbox=0x8c40;break;
C51 COMPILER V9.01   MAIN                                                                  08/22/2014 22:05:51 PAGE 8   

 426   3                                              case 2: tpbox=0x6c00;break;
 427   3                                              case 3: tpbox=0x8c40;break;
 428   3                                              default:;
 429   3                                      }break;
 430   2                      case 6: switch(tpshape)
 431   2                                      {
 432   3                                              case 0: tpbox=0x4e00;break;
 433   3                                              case 1: tpbox=0x8c80;break;
 434   3                                              case 2: tpbox=0xe400;break;
 435   3                                              case 3: tpbox=0x4c40;break;
 436   3                                              default:;
 437   3                                      }break;
 438   2                      default:;
 439   2              }
 440   1              return(tpbox);
 441   1      }
 442          //方块载入函数
 443          void box_load()
 444          {
 445   1              s_box.box=box_read_data(s_box.mode,s_box.shape);
 446   1      }
 447          //方块映射游戏点阵缓存函数（参数是原来方块的位置、缓存，先消去原有位置的方块）
 448          void box_to_Box_Ram(unsigned char tpx,unsigned char tpy,unsigned int tpbox)
 449          {
 450   1              unsigned char i;
 451   1              unsigned int temp;
 452   1              temp=tpbox;
 453   1              for(i=0;i<4;i++)
 454   1              {
 455   2                      Box_Ram[3-i+tpy]=Box_Ram[3-i+tpy]&(~((temp&0x000f)<<(9-tpx))); 
 456   2                      temp=temp>>4;
 457   2              }//从游戏点阵缓存中删除以前的方块
 458   1              temp=s_box.box;
 459   1              for(i=0;i<4;i++)
 460   1              {
 461   2                      Box_Ram[3-i+s_box.y]=((temp&0x000f)<<(9-s_box.x))|Box_Ram[3-i+s_box.y];
 462   2                      temp=temp>>4;
 463   2              }//在游戏点阵缓存中加入新的方块
 464   1      }
 465          //显示数字函数（
 466            //x表示x坐标,
 467            //y表示y坐标,
 468            //tpdata表示要显示的数字）
 469          //显示速度函数
 470          void show_num(unsigned char x,
 471                                                    unsigned char y,
 472                                                    unsigned char tpdata)
 473          {
 474   1              unsigned char i;
 475   1              for(i=0;i<4;i++)
 476   1              {
 477   2                      LCD_display_byte(x+i,y,num_data[tpdata*4+i]);   
 478   2              }
 479   1      } 
 480          void show_speed_num(unsigned char x,unsigned char y)
 481          {
 482   1              show_num(x,y,speed_num);
 483   1      }
 484          //显示得分函数
 485          void show_score_num(unsigned char x,unsigned char y)
 486          {
 487   1              show_num(x,y,destroy_row_num/10000);
C51 COMPILER V9.01   MAIN                                                                  08/22/2014 22:05:51 PAGE 9   

 488   1              show_num(x+=5,y,(destroy_row_num%10000)/1000);
 489   1              show_num(x+=5,y,(destroy_row_num%1000)/100);
 490   1              show_num(x+=5,y,(destroy_row_num%100)/10);
 491   1              show_num(x+=5,y,destroy_row_num%10);
 492   1      }
 493          //消行函数
 494          void destroy_row()
 495          {
 496   1              unsigned char i,j=0;
 497   1              unsigned char tpflag[4]={0,0,0,0};//最多一次只能消四行，所以设置四个标志位即可,初值为0
 498   1              for(i=0;i<16;i++)
 499   1              {
 500   2                      if((Box_Ram[i]&0x3ffc)==0x3ffc)
 501   2                      {
 502   3                              tpflag[j]=i+1;//tpflag为0表示不标志，1表示第0行缓存为0xffff，n表示第n+1行缓存为0xffff
 503   3                              destroy_row_num++;//消除的行数加一
 504   3                              /*如不把Box_Ram[19]定义成idata类型的话加入这段代码显示数据区就溢出了*/
 505   3                              if(destroy_row_num%30==0&&speed_num!=9)
 506   3                              {
 507   4                                      speed_num++;//消够三十行游戏速度加一
 508   4                                      show_speed_num(13,4);//调用显示游戏速度函数
 509   4                              }
 510   3                              /*如不把Box_Ram[19]定义成idata类型的话加入这段代码显示数据区就溢出了*/
 511   3                              j++;
 512   3                              if(j==4)
 513   3                              {
 514   4                                      break;
 515   4                              }//检查完有四行要消除则退出检查循环
 516   3                      }
 517   2              }//依次检测是否有行缓存为0xffff，如果是则标志tpflag为此行的行号
 518   1              for(j=0;j<4;j++)
 519   1              {
 520   2                      if(tpflag[j]!=0)
 521   2                      {
 522   3                              for(i=tpflag[j]-1;i>0;i--)
 523   3                              {
 524   4                              Box_Ram[i]=Box_Ram[i-1];
 525   4                              Box_Ram[0]=0x2004;
 526   4                              }
 527   3                      }
 528   2              }//被标志的行依次被上一行所取代，即被消去
 529   1              show_score_num(3,1);
 530   1      }
 531          //显示下一个方块函数
 532          void show_next_box()
 533          {
 534   1              unsigned char i,tpdata;
 535   1              unsigned int temp;
 536   1              temp=box_read_data(next_mode,next_shape);
 537   1              for(i=0;i<4;i++)
 538   1              {
 539   2                      tpdata=0x00;
 540   2                      if(  ((temp>>(15-i))&0x0001)==1  )
 541   2                      {
 542   3                              tpdata=0x0f;
 543   3                      }
 544   2                      if(  ((temp>>(11-i))&0x0001)==1  )
 545   2                      {
 546   3                              tpdata|=0xf0;
 547   3                      }
 548   2                      LCD_display_byte(7+i*4,6,tpdata);
 549   2                      LCD_display_byte(8+i*4,6,0xbb&tpdata);
C51 COMPILER V9.01   MAIN                                                                  08/22/2014 22:05:51 PAGE 10  

 550   2                      LCD_display_byte(9+i*4,6,0xdd&tpdata);
 551   2                      LCD_display_byte(10+i*4,6,tpdata);      
 552   2                      tpdata=0x00;
 553   2                      if(  ((temp>>(7-i))&0x0001)==1  )
 554   2                      {
 555   3                              tpdata=0x0f;
 556   3                      }
 557   2                      if(  ((temp>>(3-i))&0x0001)==1  )
 558   2                      {
 559   3                              tpdata|=0xf0;
 560   3                      }
 561   2                      LCD_display_byte(7+i*4,7,tpdata);
 562   2                      LCD_display_byte(8+i*4,7,0xbb&tpdata);
 563   2                      LCD_display_byte(9+i*4,7,0xdd&tpdata);
 564   2                      LCD_display_byte(10+i*4,7,tpdata);              
 565   2              }
 566   1      }
 567          //方块生成函数
 568          void box_build()
 569          {
 570   1              s_box.mode=next_mode;
 571   1              s_box.shape=next_shape;
 572   1              s_box.x=3;
 573   1              s_box.y=0;
 574   1              next_mode=TL0%7;//产生随机数，但是是伪随机的
 575   1              next_shape=TL0%4;//产生随机数，但是是伪随机的
 576   1              show_next_box();//放到game_execute()函数中不知道为什么就是不正常显示
 577   1      }
 578          void game_button()
 579          {
 580   1              
 581   1          switch(basic_button())
 582   1          {
 583   2              case 3: if(s_box.y!=0)//3表示button_a被按下
 584   2                      {
 585   3                          EA=0;//关中断，如果不关的话可能引起游戏显示混乱
 586   3                          speaker=0;
 587   3                          if(s_box.shape==3&&check_cover(s_box.x,s_box.y,box_read_data(s_box.mode,0)))
 588   3                          {
 589   4                                                              
 590   4                              s_box.shape=0;
 591   4                              box_load();
 592   4                              box_to_Box_Ram(s_box.x,s_box.y,box_read_data(s_box.mode,3));
 593   4                          }
 594   3                          else if(check_cover(s_box.x,s_box.y,box_read_data(s_box.mode,0)))
 595   3                          {   if(check_cover(s_box.x,s_box.y,box_read_data(s_box.mode,s_box.shape+1)))
 596   4                                                              {       
 597   5                                                                      s_box.shape++;
 598   5                                                                      box_load();
 599   5                                                                      box_to_Box_Ram(s_box.x,s_box.y,box_read_data(s_box.mode,s_box.shape-1));
 600   5                                                              }
 601   4                           }
 602   3                          EA=1;//开中断
 603   3                          speaker=1;
 604   3                                              }break;
 605   2              case 1: if(s_box.y!=0)//1表示down被按下
 606   2              {
 607   3                  EA=0;//关中断，如果不关的话可能引起游戏显示混乱
 608   3                  speaker=0;
 609   3                  while(check_cover(s_box.x,s_box.y+1,s_box.box))//检测是否能下降，指导不能再下降为止
 610   3                  {
 611   4                      s_box.y++;
C51 COMPILER V9.01   MAIN                                                                  08/22/2014 22:05:51 PAGE 11  

 612   4                      box_to_Box_Ram(s_box.x,s_box.y-1,s_box.box);
 613   4                  }
 614   3                  destroy_row();
 615   3                  box_build();
 616   3                  box_load();
 617   3                                              //      game_over_flag=check_game_over();//游戏结束标志位置1表示游戏结束
 618   3                                              //      next_box();
 619   3                  box_to_Box_Ram(s_box.x,s_box.y,s_box.box);
 620   3                  EA=1;//开中断
 621   3                  speaker=1;
 622   3                  }break;
 623   2              case 4: if(s_box.y!=0)//4表示left被按下
 624   2              {
 625   3                  EA=0;//关中断，如果不关的话可能引起游戏显示混乱
 626   3                  speaker=0;
 627   3                  if(check_cover(s_box.x-1,s_box.y,s_box.box))
 628   3                  {
 629   4                      s_box.x--;
 630   4                      box_to_Box_Ram(s_box.x+1,s_box.y,s_box.box);
 631   4                  }
 632   3                  EA=1;//开中断
 633   3                  speaker=1;
 634   3              }break;
 635   2              case 5: if(s_box.y!=0)//5表示right被按下
 636   2                      {
 637   3                          EA=0;//关中断，如果不关的话可能引起游戏显示混乱
 638   3                          speaker=0;
 639   3                          if(check_cover(s_box.x+1,s_box.y,s_box.box))
 640   3                          {
 641   4                              s_box.x++;
 642   4                              box_to_Box_Ram(s_box.x-1,s_box.y,s_box.box);
 643   4                          }
 644   3                                                      EA=1;//开中断
 645   3                                                      speaker=1;
 646   3                                              }break;
 647   2              case 2: //2表示up被按下
 648   2                  speaker=0;
 649   2                  pause_game_flag=~pause_game_flag;//游戏暂停标志取反
 650   2                  while(up==0);
 651   2                  speaker=1;
 652   2                  break;
 653   2              default:;
 654   2          }   
 655   1      }
 656          //检查游戏结束函数（游戏结束返回1，游戏没有结束返回0）
 657          bit check_game_over()
 658          {
 659   1              unsigned char i;
 660   1              bit tpflag=0;
 661   1              unsigned int temp;
 662   1              temp=s_box.box;
 663   1              for(i=0;i<4;i++)
 664   1              {
 665   2                      if((((temp&0x000f)<<(9-s_box.x))&Box_Ram[3-i+s_box.y])!=0x0000)
 666   2                      {
 667   3                              tpflag=1;
 668   3                      }
 669   2                      temp=temp>>4;
 670   2              }//检查新建方块是否和原有图形重叠,重叠置标志位tpflag为1,不重叠不置标志位，即tpflag为0
 671   1              return(tpflag);
 672   1      }
 673          //游戏执行函数（控制方块下落，检测是否到底，如果到底调用消行函数）
C51 COMPILER V9.01   MAIN                                                                  08/22/2014 22:05:51 PAGE 12  

 674          void game_execute()
 675          {
 676   1              if(box_down_reg<20-(speed_num<<1))
 677   1              {                                 
 678   2                      box_down_reg++;
 679   2              }
 680   1              else
 681   1              {
 682   2                      box_down_reg=0;
 683   2                      if(check_cover(s_box.x,s_box.y+1,s_box.box))
 684   2                      {
 685   3                              s_box.y++;
 686   3                              box_to_Box_Ram(s_box.x,s_box.y-1,s_box.box);
 687   3                      }//检测是否还可以下降，如果还能下降则继续下降
 688   2                      else
 689   2                      {
 690   3                              destroy_row();
 691   3                              box_build();
 692   3                              box_load();
 693   3                              game_over_flag=check_game_over();//游戏结束标志位置1表示游戏结束
 694   3                              box_to_Box_Ram(s_box.x,s_box.y,s_box.box);
 695   3                              box_down_reg=(20-(speed_num<<1)-1);//为了使方块一出现就能变换形状，所以需要尽快使得方块下降一行，不知道
             -为什么最高行不能变换形状
 696   3                      }//如果不能下降则调用消行函数检查是否可以消行，之后重新建立方块
 697   2              }       
 698   1      }
 699          //选择游戏速度函数
 700          void select_speed()
 701          {
 702   1              unsigned char i;
 703   1              bit tpflag=1;//置循环标志位为1
 704   1              LCD_clear();
 705   1              for(i=0;i<128;i++)
 706   1              {
 707   2                      LCD_display_byte(i,0,0xff);
 708   2                      LCD_display_byte(i,7,0xff);
 709   2              }
 710   1              LCD_display_byte(60,4,0x7f);
 711   1              LCD_display_byte(59,4,0x3e);
 712   1              LCD_display_byte(58,4,0x1c);
 713   1              LCD_display_byte(57,4,0x08);
 714   1              LCD_display_byte(67,4,0x7f);
 715   1              LCD_display_byte(68,4,0x3e);
 716   1              LCD_display_byte(69,4,0x1c);
 717   1              LCD_display_byte(70,4,0x08);
 718   1              LCD_display_word(speed_data,24,3,52);
 719   1              show_speed_num(62,4);
 720   1              while(tpflag)
 721   1              {
 722   2                      switch(basic_button())
 723   2                      {
 724   3                              case 4: if(speed_num!=0)
 725   3                                              {
 726   4                                                      speaker=0;
 727   4                                                      speed_num--;
 728   4                                                      show_speed_num(62,4);
 729   4                                                      speaker=1;
 730   4                                              }
 731   3                                              while(left==0);
 732   3                                              break;
 733   3                              case 5: if(speed_num!=9)
 734   3                                              {
C51 COMPILER V9.01   MAIN                                                                  08/22/2014 22:05:51 PAGE 13  

 735   4                                                  speaker=0;
 736   4                                                      speed_num++;
 737   4                                                      show_speed_num(62,4);
 738   4                                                      speaker=1;
 739   4                                              }
 740   3                                              while(right==0);
 741   3                                              break;
 742   3                              case 6: tpflag=0;
 743   3                                      speaker=0;
 744   3                                              while(button_b==0);
 745   3                                              speaker=1;
 746   3                                              break;
 747   3                              default:;
 748   3                      }
 749   2              }//选择游戏速度循环
 750   1      }
 751          //游戏开始显示画面
 752          void game_start_show()
 753          {
 754   1              bit tpflag=1;//置循环标志位为1
 755   1              LCD_full_draw(start_pic);
 756   1              while(tpflag)
 757   1              {
 758   2                      switch(basic_button())
 759   2                      {
 760   3                              case 6: tpflag=0;
 761   3                                      speaker=0;
 762   3                                              while(button_b==0);
 763   3                                              speaker=1;
 764   3                                              break;
 765   3                              default:;
 766   3                      }
 767   2              }//game_start_show循环
 768   1      }
 769          //游戏初始化函数
 770          void game_initialize()
 771          {
 772   1              box_down_reg=0;
 773   1              next_mode=6;
 774   1              next_shape=2;
 775   1              destroy_row_num=0;
 776   1              game_over_flag=0;
 777   1              pause_game_flag=0;
 778   1              LCD_clear();
 779   1              time0_reg=0;
 780   1              display_basic();        
 781   1              LCD_display_word(score_data,24,0,3);
 782   1              LCD_display_word(speed_data,24,3,3);
 783   1              show_score_num(3,1);
 784   1              show_speed_num(13,4);
 785   1      }
 786          //定时器0初始化函数
 787          void time0_initialize()
 788          {
 789   1              TMOD=0x03;//定时器0，16位工作方式
 790   1              TR0=1; //启动定时器
 791   1              ET0=1; //打开定时器0中断
 792   1                              //默认中断优先级为低
 793   1              EA=1; //打开总中断
 794   1      }
 795          //俄罗斯方块游戏主函数
 796          void Tetris_main()
C51 COMPILER V9.01   MAIN                                                                  08/22/2014 22:05:51 PAGE 14  

 797          {
 798   1              unsigned char i;
 799   1              for(i=0;i<19;i++)
 800   1              {
 801   2                      Box_Ram[i]=Box_Ram_data[i];
 802   2              };//载入游戏初始显示画面
 803   1              LCD_draw(mpic);
 804   1              game_over_flag=0;//游戏结束标志位置0表示游戏未结束
 805   1              box_build();
 806   1              box_load();
 807   1      //      next_box();
 808   1              box_to_Box_Ram(s_box.x,s_box.y,s_box.box);
 809   1              box_down_reg=(20-(speed_num<<1)-1);//为了使方块一出现就能变换形状，所以需要尽快使得方块下降一行，不知道为
             -什么最高行不能变换形状
 810   1              time0_initialize();
 811   1              while(!game_over_flag)//如果游戏结束标志位置1，表示游戏结束，打破循环，调用游戏结束画面显示函数
 812   1              {
 813   2                      game_button();
 814   2              }
 815   1              EA=0;//游戏结束后关中断
 816   1      }
 817          //游戏结束画面显示函数
 818          void game_over_show()
 819          {
 820   1              unsigned char i;
 821   1              bit tpflag=1;//置循环标志位为1
 822   1              LCD_full_draw(over_pic);
 823   1              while(button_a==0);
 824   1              while(tpflag)
 825   1              {
 826   2                      switch(basic_button())
 827   2                      {
 828   3                              case 6: tpflag=0;
 829   3                                      speaker=0;
 830   3                                              while(button_b==0);
 831   3                                              speaker=1;
 832   3                                              break;
 833   3                              default:;
 834   3                      }
 835   2              }//game over画面循环
 836   1              LCD_clear();
 837   1              for(i=0;i<128;i++)
 838   1              {
 839   2                      LCD_display_byte(i,0,0xff);
 840   2                      LCD_display_byte(i,7,0xff);
 841   2              }
 842   1              LCD_display_word(score_data,24,3,52);
 843   1              show_score_num(52,4);
 844   1              tpflag=1;
 845   1              while(tpflag)
 846   1              {
 847   2                      switch(basic_button())
 848   2                      {
 849   3                              case 6: tpflag=0;
 850   3                                      speaker=0;
 851   3                                              while(button_b==0);
 852   3                                              speaker=1;
 853   3                                              break;
 854   3                              default:;
 855   3                      }
 856   2              }//游戏得分显示循环
 857   1      }
C51 COMPILER V9.01   MAIN                                                                  08/22/2014 22:05:51 PAGE 15  

 858          
 859          void main()
 860          {
 861   1              LCD_initialize();
 862   1              LCD_clear();
 863   1              while(1)
 864   1              {
 865   2                      game_start_show();
 866   2                      select_speed();
 867   2                      game_initialize();//调用游戏初始化函数，初始化游戏所有变量以及在液晶屏上显示基本的信息
 868   2                      Tetris_main();
 869   2                      game_over_show();       
 870   2              }       
 871   1      }
 872          //定时器0中断服务
 873          void timer0() interrupt 1
 874          {
 875   1              TH0=0x00;
 876   1              TL0=0x00;
 877   1              if(time0_reg<10)
 878   1              {                                 
 879   2                      time0_reg++;
 880   2              }
 881   1              else
 882   1              {
 883   2                      time0_reg=0;
 884   2                      if(pause_game_flag==0)
 885   2                      {
 886   3                              game_execute();
 887   3                              refurbish_display();
 888   3                      }
 889   2              }
 890   1      }


MODULE INFORMATION:   STATIC OVERLAYABLE
   CODE SIZE        =   3374    ----
   CONSTANT SIZE    =   2530    ----
   XDATA SIZE       =   ----    ----
   PDATA SIZE       =   ----    ----
   DATA SIZE        =     30      33
   IDATA SIZE       =     38    ----
   BIT SIZE         =      2       7
END OF MODULE INFORMATION.


C51 COMPILATION COMPLETE.  0 WARNING(S),  0 ERROR(S)
