C51 COMPILER V9.00   PIC                                                                   05/26/2013 19:54:43 PAGE 1   


C51 COMPILER V9.00, COMPILATION OF MODULE PIC
OBJECT MODULE PLACED IN ..\hex文件\pic.obj
COMPILER INVOKED BY: d:\soft\Keil\C51\BIN\C51.EXE ..\pic.c BROWSE DEBUG OBJECTEXTEND PRINT(..\list\pic.lst) OBJECT(..\he
                    -x文件\pic.obj)

line level    source

   1          unsigned char code mpic[]=
   2          {
   3          0x00,0x00,0x00,0x00,0x00,0x00,0x00,0x00,0x00,0x00,0x00,0x00,0x00,0x00,0x00,0x00,
   4          0x00,0x00,0x00,0x40,0x60,0x70,0x78,0x70,0x60,0x40,0x00,0x00,0x00,0x00,0x00,0x00,
   5          0x00,0x00,0x00,0x00,0x00,0x00,0x00,0x00,0x00,0x00,0x00,0x00,0x00,0x00,0x00,0x00,
   6          0x00,0x00,0x00,0x00,0x00,0x00,0x00,0x00,0x00,0x10,0x38,0x7C,0xFE,0x00,0x00,0x00,
   7          0x00,0x00,0x00,0x00,0x00,0x00,0x00,0x00,0xFE,0x7C,0x38,0x10,0x00,0x00,0x00,0x00,
   8          0x00,0x00,0x00,0x00,0x00,0x00,0x00,0x00,0x00,0x00,0x00,0x00,0x00,0x00,0x00,0x00,
   9          0x00,0x00,0x00,0x00,0x00,0x00,0x00,0x00,0x00,0x00,0x00,0x04,0x0C,0x1C,0x3C,0x1C,
  10          0x0C,0x04,0x00,0x00,0x00,0x00,0x00,0x00,0x00,0x00,0x00,0x00,0x00,0x00,0x00,0x00,
  11          0x00,0x00,0x00,0x00,0x00,0x00,0x00,0x00,0x00,0x00,0x00,0x00,0x00,0x00,0x06,0x82,
  12          0xFE,0x82,0x06,0x00,0x00,0x00,0x00,0x00,0x00,0x00,0x00,0x00,0x00,0x00,0x00,0x00,
  13          0x00,0x00,0xCC,0x92,0x92,0x92,0x66,0x00,0x00,0x00,0x00,0x00,0x00,0x00,0x00,0x00,
  14          0x00,0x00,0x00,0x00,0x00,0x00,0x00,0x00,0x00,0x00,0xF0,0xF8,0xF8,0xF8,0xF8,0xF0,
  15          0x00,0x00,0x00,0x00,0x00,0x00,0x00,0x00,0x00,0x00,0x00,0x00,0x00,0xF0,0xF8,0xF8,
  16          0xF8,0xF8,0xF0,0x00,0x00,0x00,0x00,0x00,0x00,0x00,0x00,0x00,0x00,0x70,0x10,0xF0,
  17          0x10,0x70,0x00,0x00,0x00,0x00,0x00,0x01,0x01,0x01,0x41,0xF0,0x40,0x40,0x40,0x00,
  18          0x00,0x40,0xC0,0x00,0x40,0xC0,0x00,0x00,0x00,0x40,0xC1,0x41,0x41,0x01,0x40,0xC0,
  19          0x40,0x40,0xC0,0x00,0x00,0x00,0x00,0x00,0x00,0x00,0xC4,0x27,0x24,0x60,0x00,0x00,
  20          0x00,0x05,0x00,0x00,0x00,0x00,0x00,0xC3,0x24,0x24,0xC2,0x00,0x20,0xE0,0xC3,0x04,
  21          0xE4,0x27,0x04,0x00,0x00,0x04,0x07,0x04,0x04,0x00,0x04,0x07,0x04,0x04,0x07,0x04,
  22          0x00,0x00,0x00,0x00,0x00,0x00,0x0C,0x09,0x09,0x06,0x00,0x00,0x00,0x0A,0x00,0x00,
  23          0x00,0x00,0x00,0x07,0x08,0x08,0x07,0x00,0x08,0x0F,0x01,0x06,0x0F,0x00,0x00,0x00,
  24          0x00,0x00,0x00,0x00,0x00,0x00,0x00,0x00,0x00,0x00,0x00,0x00,0x00,0x00,0x00,0x00
  25          };


MODULE INFORMATION:   STATIC OVERLAYABLE
   CODE SIZE        =   ----    ----
   CONSTANT SIZE    =    352    ----
   XDATA SIZE       =   ----    ----
   PDATA SIZE       =   ----    ----
   DATA SIZE        =   ----    ----
   IDATA SIZE       =   ----    ----
   BIT SIZE         =   ----    ----
END OF MODULE INFORMATION.


C51 COMPILATION COMPLETE.  0 WARNING(S),  0 ERROR(S)
