C51 COMPILER V9.01   PINLVJI                                                               04/30/2014 06:53:20 PAGE 1   


C51 COMPILER V9.01, COMPILATION OF MODULE PINLVJI
OBJECT MODULE PLACED IN pinlvji.OBJ
COMPILER INVOKED BY: C:\Keil\C51\BIN\C51.EXE pinlvji.c BROWSE DEBUG OBJECTEXTEND

line level    source

   1          #include <reg52.h>
   2          unsigned long int fre; 
   3          unsigned char time;
   4          unsigned int count;
   5          unsigned int count1;
   6          sbit   LCD_RS=P1^0;       //片选信号 
   7          sbit   LCD_RW=P1^1;       //读写信号 
   8          sbit   LCD_E=P1^2;        //使能信号 
   9          #define LCD_DB  P0      //数据信号 
  10          unsigned char character[10]={0};//在屏幕上显示的字符串 
  11          unsigned char character_1[]={"fre= Hz"};
  12          unsigned char FLAG = 0;  //是否分频选择标志
  13          void LCD_init(void);//初始化函数   
  14          void LCD_write_command(unsigned char command);//写指令函数       
  15          void LCD_write_data(unsigned char dat);//写数据函数        
  16          void LCD_disp_char(unsigned char x,unsigned char y,unsigned char dat);//在某个屏幕位置上显示一个字符,X（0-
             -15),y(1-2)
  17          void delay_n40us(unsigned int n);//延时函数
  18          void timer_init();            //中断初始化函数  
  19          //-----------------------------延时函数---------------------------
  20          void delay_n40us(unsigned int n)                  //延时函数 
  21          {
  22   1              unsigned int i;
  23   1              unsigned char j;            
  24   1              for(i=n;i>0;i--)
  25   1              for(j=0;j<2;j++);          
  26   1      } 
  27          void delay_1s()
  28          {
  29   1              unsigned int i,j;
  30   1              for(i = 0;i<100;i++)
  31   1                      for(j = 0;j<1000;j++);
  32   1      } 
  33          //---------------------lcd1602液晶显示函数--------------------                                     
  34          void LCD_init(void)      //液晶初始化函数 
  35          {
  36   1              LCD_write_command(0x38);//设置8位格式，2行，5x7
  37   1              LCD_write_command(0x38);//设置8位格式，2行，5x7
  38   1              LCD_write_command(0x38);//设置8位格式，2行，5x7
  39   1              LCD_write_command(0x0c);//整体显示，关光标，不闪烁 
  40   1              LCD_write_command(0x06);//设定输入方式，增量不移位
  41   1              LCD_write_command(0x01);//清除屏幕显示    
  42   1              delay_n40us(100);//清屏延时 
  43   1      } 
  44          void LCD_write_command(unsigned char dat)  //写命令函数 
  45          {
  46   1              LCD_DB=dat;
  47   1              LCD_RS=0;//指令  
  48   1              LCD_RW=0;//写入  
  49   1              LCD_E=1; //使能          
  50   1              LCD_E=0;
  51   1              delay_n40us(1);//写命令延时   
  52   1      }        
  53          void LCD_write_data(unsigned char dat)    //写数据函数 
  54          {
C51 COMPILER V9.01   PINLVJI                                                               04/30/2014 06:53:20 PAGE 2   

  55   1              LCD_DB=dat;
  56   1              LCD_RS=1;//数据   
  57   1              LCD_RW=0;//写入   
  58   1              LCD_E=1;//使能  
  59   1              LCD_E=0;
  60   1              delay_n40us(1);  //写数据延时 
  61   1      }
  62          void LCD_disp_char(unsigned char x,unsigned char y,unsigned char dat)//显示一个字符 
  63          {
  64   1              unsigned char address;
  65   1              if(y==1)
  66   1                       address=0x80+x;         //显示在第一排的时候的x的地址 
  67   1              else
  68   1                       address=0xc0+x;         //显示在第二排的时候的x的地址 
  69   1              LCD_write_command(address);      //输入地址 
  70   1              LCD_write_data(dat);             //输入数据 
  71   1      }
  72          void LCD_disp_num(unsigned char x,unsigned char y,unsigned char dat)//显示一个数字
  73          {
  74   1              unsigned char address;
  75   1              if(y==1)
  76   1                       address=0x80+x;         //显示在第一排的时候的x的地址 
  77   1              else
  78   1                       address=0xc0+x;         //显示在第二排的时候的x的地址 
  79   1              LCD_write_command(address);      //输入地址 
  80   1              LCD_write_data(dat+48);          //输入数据 
  81   1      }
  82          void dis_num(void)
  83          {
  84   1              unsigned char i=0,j=0,k=0;
  85   1              LCD_write_command(0x01);//清除屏幕显示
  86   1              character[0] = fre/10000000;
  87   1              character[1] = fre/1000000%10;
  88   1              character[2] = fre/100000%10;
  89   1              character[3] = fre/10000%10;
  90   1              character[4] = fre/1000%10;
  91   1              character[5] = fre/100%10;
  92   1              character[6] = fre/10%10;
  93   1              character[7] = fre%10;
  94   1          character[8] = 'H';
  95   1              character[9] = 'z';
  96   1              for(i = 0;i<4;i++)               //显示“fre=”
  97   1              {
  98   2                      LCD_disp_char(i+0,1,character_1[i]);
  99   2              }
 100   1              for(i = 0;i<10;i++)      //判断第一个不为0的数
 101   1              {
 102   2                      if(character[i]!=0)
 103   2                              break;
 104   2              }
 105   1              k = 8-i;
 106   1              for(j = 0;j<k;j++)       //显示所有的数字
 107   1              {
 108   2                              LCD_disp_num(4+j,1,character[i++]);     
 109   2              }
 110   1          for(i = 5;i<7;i++)   //显示“Hz”
 111   1              {
 112   2                      LCD_disp_char(j+4,1,character_1[i]);
 113   2                      j++;
 114   2              }
 115   1      }
 116          //----------------主函数--------------------
C51 COMPILER V9.01   PINLVJI                                                               04/30/2014 06:53:20 PAGE 3   

 117          void main()
 118          { 
 119   1              unsigned char i;
 120   1              LCD_init();
 121   1              timer_init();             //定时/计数器初始化 
 122   1              for(i = 0;i<4;i++)
 123   1              {
 124   2                      LCD_disp_char(i+0,1,character_1[i]);
 125   2              }
 126   1              while(1)
 127   1              {
 128   2                      dis_num();         //显示
 129   2                      delay_1s();
 130   2              }
 131   1      }
 132          //-------------------定时/计数器初始化--------------
 133          void timer_init(void)         //定时/计数器初始化
 134          { 
 135   1              TMOD=0x66;                //计数器0和计数器1工作工作方式2，自动重装初值 
 136   1              TH0=0;                    //计数器初值为0
 137   1              TL0=0;
 138   1              TR0=1;                    //计数器开始计数          
 139   1              ET0=1;                    //打开计数器0中断   
 140   1              TH1=0;                    //计数器初值为0
 141   1              TL1=0;
 142   1              TR1=1;                    //计数器开始计数          
 143   1              ET1=1;                    //打开计数器1中断   
 144   1              RCAP2H=(65536-62500)/256; //在程序初始化的时候给RCAP2L和RCAP2H赋值， 
 145   1              RCAP2L=(65536-62500)%256; //TH2和TL2将会在中断产生时自动使TH2=RCAP2H,TL2=RCAP2L。 
 146   1              TH2=RCAP2H;               //12M晶振下每次中断62.5ms(1s=1000ms=62.5ms×16)
 147   1              TL2=RCAP2L;
 148   1              ET2=1;                    //打开定时器2中断      
 149   1              TR2=1;                    //定时器2开始计时  
 150   1              EA=1;                     //开总中断   
 151   1      } 
 152          //------------------中断函数----------------------
 153          void timer2(void) interrupt 5 //定时器2中断(62.5ms)
 154          {
 155   1              time++;
 156   1              TF2=0;                    //定时器2的中断标志位TF2不能够由硬件清零，所以要在中断服务程序中将其清零
 157   1              if (time==16)             //定时1s时间到  
 158   1              {
 159   2                 time=0;                //计时清0
 160   2                 EA=0;                  //关中断               
 161   2                 fre=(long)count1*256+TL1;     //count*256强制转换成long型，否则将不产生进位~先判断分频后(计数器1)
 162   2                 FLAG = 0; 
 163   2                
 164   2                 if(fre<2000)//如果不到200KHz则读取分频前(计数器0)频率(200K÷100=2000)
 165   2                 {
 166   3                              fre = (long)count*256+TL0;
 167   3                              FLAG = 1;          
 168   3                 } 
 169   2                      if(!FLAG)
 170   2                      {
 171   3                              fre = fre *100;//100分频
 172   3                      }
 173   2                 TL0=0;                 //清零计数器0计数         
 174   2                 TH0=0;
 175   2                 TL1=0;
 176   2                 TH1=0; 
 177   2                 count=0;               //清零计数器0计数       
 178   2                 count1=0;
C51 COMPILER V9.01   PINLVJI                                                               04/30/2014 06:53:20 PAGE 4   

 179   2                 EA=1;                  //开中断          
 180   2              }
 181   1      } 
 182          //----------------------------------------------------------------
 183          void timer0(void) interrupt 1 //计数器0中断(100分频前)   
 184          {
 185   1              count++;
 186   1      }               
 187          //----------------------------------------------------------------
 188          void timer1(void) interrupt 3 //计数器1中断(100分频后) 
 189          {
 190   1              count1++;
 191   1      }


MODULE INFORMATION:   STATIC OVERLAYABLE
   CODE SIZE        =    840    ----
   CONSTANT SIZE    =   ----    ----
   XDATA SIZE       =   ----    ----
   PDATA SIZE       =   ----    ----
   DATA SIZE        =     28       2
   IDATA SIZE       =   ----    ----
   BIT SIZE         =   ----    ----
END OF MODULE INFORMATION.


C51 COMPILATION COMPLETE.  0 WARNING(S),  0 ERROR(S)
