C51 COMPILER V8.02   循迹小车                                                              07/26/2009 00:05:29 PAGE 1   


C51 COMPILER V8.02, COMPILATION OF MODULE 循迹小车
OBJECT MODULE PLACED IN 循迹小车.OBJ
COMPILER INVOKED BY: C:\Keil\C51\BIN\C51.EXE 循迹小车.c BROWSE DEBUG OBJECTEXTEND

line level    source

   1          /*#include<reg52.h>
   2          #define uchar unsigned char 
   3          #define uint unsigned int
   4          uchar temp,signal,tt1;
   5          
   6          
   7          void delay_1ms(uint d)
   8          {
   9                  uint i;
  10                  while(d--)
  11                          for(i=0;i<75;i++);
  12          }
  13          
  14          void motor_run()                   //电机起动
  15          {
  16                  P1=0x35;
  17                  delay_1ms(40);
  18                  P1=0x00;
  19                  delay_1ms(20);
  20          /*      ENA=1;
  21          
  22                  OUT1=0;
  23          
  24                  OUT2=1;
  25                  delay_1ms(800);
  26                  OUT2=0;
  27                  delay_1ms(200);
  28                  
  29                  ENB=1;
  30          
  31                  OUT4=0;
  32          
  33                  OUT3=1;
  34                  delay_1ms(800);
  35                  OUT3=0;
  36                  delay_1ms(200);
  37          */
  38          //}
  39          /*void motor_left()                      //左进
  40          {
  41                  P1=0x30;
  42                  delay_1ms(40);
  43                  P1=0x00;
  44                  delay_1ms(20);
  45          }
  46          
  47          void motor_right()                 //右进
  48          {
  49                  P1=0x05;
  50                  delay_1ms(40);
  51                  P1=0x00;
  52                  delay_1ms(20);
  53          }
  54          
  55          void motor_big_right()                   //粗右进
C51 COMPILER V8.02   循迹小车                                                              07/26/2009 00:05:29 PAGE 2   

  56          {
  57                  P1=0x55;
  58                  delay_1ms(40);
  59                  P1=0x00;
  60                  delay_1ms(20);
  61          }
  62          void motor_big_left()
  63          {
  64                  P1=0x33;
  65                  delay_1ms(40);
  66                  P1=0x00;
  67                  delay_1ms(20);
  68          }
  69           void motor_stop()                                      //电机停止
  70          {
  71                   P1=0x00;
  72          }
  73          void motor_back()
  74          {
  75                  P1=0x53;
  76          }
  77          void main()
  78          {
  79                  tt1=0;
  80                  EA=1;
  81                  ET1=1;
  82                  TR1=1;
  83                  TMOD=0x01;
  84                  TH1=-(1000/256);
  85                  TL1=-(1000%256);
  86                  while(1)
  87                  {
  88          
  89                          temp=P2;
  90                          signal=temp&0xff;                  //得到红外反向信号
  91                          switch(signal)
  92                          {
  93                                  case 0xff:         //无偏差
  94                                          motor_run();
  95                                          break;
  96                                  case 0xfd:         //1轮右偏                    
  97          
  98                                          motor_left();
  99                                          break;
 100                                  case 0xef:          //4轮左偏                      
 101          
 102                                          motor_right(); 
 103                                          break;
 104                                  case 0xfb:     //2轮右偏出轨
 105                                  case 0xf9:         //1、2轮右偏                                         
 106                                          motor_big_left();
 107          //                              delay_1ms(10);
 108                                          break;
 109          
 110                                  case 0xdf:         //5左偏出轨                  
 111                                  case 0xcf:      //4、5轮左偏
 112                                          motor_big_right();
 113          //                              delay_1ms(10);
 114                                          break;
 115          
 116                                  case 0xfe:         //0最右偏出轨           
 117                                  case 0xfa:
C51 COMPILER V8.02   循迹小车                                                              07/26/2009 00:05:29 PAGE 3   

 118                                          motor_big_left();
 119          //                              delay_1ms(150);
 120                                          break;
 121          
 122                                  case 0xbf:     //6最左偏出轨      
 123                                  case 0x9f:         
 124                                          motor_big_right();
 125          //                              delay_1ms(150);
 126                                          break;  
 127                                  
 128                                  case 0xeb:       //前两传感器压在黑线上
 129                                  case 0xdb:       //后两传感器压在黑线上
 130                                  case 0xbe:       //中间两传感器压在黑线上
 131                                  case 0xac:              //前四传感器压在黑线上
 132                                  case 0x9a:              //后四传感器压在黑线上
 133                                          motor_back();
 134                                          delay_1ms(200);
 135                                          motor_stop();
 136                                          
 137          //                              delay_1ms(1000);                                                                                                                                        
 138          
 139                                  default:
 140                                          break;
 141                          }  
 142                  } 
 143                                  
 144          }
 145          
 146          void time1() interrupt 3
 147          {
 148          
 149                  TH1=-(1000/256);
 150                  TL1=-(1000%256);
 151                  tt1++;
 152                  if(tt1==300)
 153                  {
 154                          motor_back();
 155                  //      delay_1ms(1);
 156                          tt1=0;
 157                  }
 158          } */
 159          
 160          
 161          
 162          
 163          
 164          #include<reg52.h>
 165          #define uchar unsigned char 
 166          #define uint unsigned int
 167          uchar temp,signal,tt1;
 168          
 169          
 170          void delay_1ms(uint d)
 171          {
 172   1              uint i;
 173   1              while(d--)
 174   1                      for(i=0;i<75;i++);
 175   1      }
 176          
 177          void motor_run()                   //电机起动
 178          {
 179   1              P1=0x35;
C51 COMPILER V8.02   循迹小车                                                              07/26/2009 00:05:29 PAGE 4   

 180   1              delay_1ms(150);
 181   1              P1=0x00;
 182   1              delay_1ms(20);
 183   1      /*      ENA=1;
 184   1      
 185   1              OUT1=0;
 186   1      
 187   1              OUT2=1;
 188   1              delay_1ms(800);
 189   1              OUT2=0;
 190   1              delay_1ms(200);
 191   1              
 192   1              ENB=1;
 193   1      
 194   1              OUT4=0;
 195   1      
 196   1              OUT3=1;
 197   1              delay_1ms(800);
 198   1              OUT3=0;
 199   1              delay_1ms(200);
 200   1      */
 201   1      }
 202          void motor_left()                        //左进
 203          {
 204   1              P1=0x30;
 205   1              delay_1ms(150);
 206   1              P1=0x00;
 207   1              delay_1ms(20);
 208   1      }
 209          
 210          void motor_right()                 //右进
 211          {
 212   1              P1=0x05;
 213   1              delay_1ms(150);
 214   1              P1=0x00;
 215   1              delay_1ms(20);
 216   1      }
 217          
 218          void motor_big_right()                   //粗右进
 219          {
 220   1              P1=0x55;
 221   1              delay_1ms(150);
 222   1              P1=0x00;
 223   1              delay_1ms(20);
 224   1      }
 225          void motor_big_left()
 226          {
 227   1              P1=0x33;
 228   1              delay_1ms(150);
 229   1              P1=0x00;
 230   1              delay_1ms(20);
 231   1      }
 232           void motor_stop()                                      //电机停止
 233          {
 234   1               P1=0x00;
 235   1      }
 236          void motor_back()
 237          {
 238   1              P1=0x53;
 239   1      }
 240          void main()
 241          {
C51 COMPILER V8.02   循迹小车                                                              07/26/2009 00:05:29 PAGE 5   

 242   1              tt1=0;
 243   1              EA=1;
 244   1              ET1=1;
 245   1              TR1=1;
 246   1              TMOD=0x01;
 247   1              TH1=-(1000/256);
 248   1              TL1=-(1000%256);
 249   1              while(1)
 250   1              {
 251   2      
 252   2                      temp=P2;
 253   2                      signal=temp&0xff;                  //得到红外反向信号
 254   2                      switch(signal)
 255   2                      {
 256   3                              case 0xff:         //无偏差
 257   3                                      motor_run();
 258   3                                      break;
 259   3                              case 0xfd:         //1轮右偏                    
 260   3      
 261   3                                      motor_left();
 262   3                                      break;
 263   3                              case 0xef:          //4轮左偏                      
 264   3      
 265   3                                      motor_right(); 
 266   3                                      break;
 267   3                              case 0xfb:     //2轮右偏出轨
 268   3                              case 0xf9:         //1、2轮右偏                                         
 269   3                                      motor_big_left();
 270   3      //                              delay_1ms(10);
 271   3                                      break;
 272   3      
 273   3                              case 0xdf:         //5左偏出轨                  
 274   3                              case 0xcf:      //4、5轮左偏
 275   3                                      motor_big_right();
 276   3      //                              delay_1ms(10);
 277   3                                      break;
 278   3      
 279   3                              case 0xfe:         //0最右偏出轨           
 280   3                              case 0xfa:
 281   3                                      motor_big_left();
 282   3      //                              delay_1ms(10);
 283   3                                      break;
 284   3      
 285   3                              case 0xbf:     //6最左偏出轨      
 286   3                              case 0x9f:         
 287   3                                      motor_big_right();
 288   3      //                              delay_1ms(10);
 289   3                                      break;  
 290   3                              
 291   3                              case 0xeb:       //前两传感器压在黑线上
 292   3                              case 0xdb:       //后两传感器压在黑线上
 293   3                              case 0xbe:       //中间两传感器压在黑线上
 294   3                              case 0xac:              //前四传感器压在黑线上
 295   3                              case 0x9a:              //后四传感器压在黑线上
 296   3                                      motor_back();
 297   3                                      delay_1ms(200);
 298   3                                      motor_stop();
 299   3                                      
 300   3      //                              delay_1ms(1000);                                                                                                                                        
 301   3      
 302   3                              default:
 303   3                                      break;
C51 COMPILER V8.02   循迹小车                                                              07/26/2009 00:05:29 PAGE 6   

 304   3                      }  
 305   2              } 
 306   1                              
 307   1      }
 308          
 309          void time1() interrupt 3
 310          {
 311   1      
 312   1              TH1=-(1000/256);
 313   1              TL1=-(1000%256);
 314   1              tt1++;
 315   1              if(tt1==300)
 316   1              {
 317   2                      motor_back();
 318   2              //      delay_1ms(1);
 319   2                      tt1=0;
 320   2              }
 321   1      } 


MODULE INFORMATION:   STATIC OVERLAYABLE
   CODE SIZE        =    283    ----
   CONSTANT SIZE    =   ----    ----
   XDATA SIZE       =   ----    ----
   PDATA SIZE       =   ----    ----
   DATA SIZE        =      3    ----
   IDATA SIZE       =   ----    ----
   BIT SIZE         =   ----    ----
END OF MODULE INFORMATION.


C51 COMPILATION COMPLETE.  0 WARNING(S),  0 ERROR(S)
