BL51 BANKED LINKER/LOCATER V5.12                                                        04/23/2011  19:55:04  PAGE 1


BL51 BANKED LINKER/LOCATER V5.12, INVOKED BY:
C:\KEIL\C51\BIN\BL51.EXE STARTUP.obj, main.obj TO bz RAMSIZE (256) CODE (0X0000-0X1FFF)


MEMORY MODEL: SMALL


INPUT MODULES INCLUDED:
  STARTUP.obj (?C_STARTUP)
  main.obj (MAIN)


LINK MAP OF MODULE:  bz (?C_STARTUP)


            TYPE    BASE      LENGTH    RELOCATION   SEGMENT NAME
            -----------------------------------------------------

            * * * * * * *   D A T A   M E M O R Y   * * * * * * *
            REG     0000H     0008H     ABSOLUTE     "REG BANK 0"
            DATA    0008H     0006H     UNIT         ?DT?MAIN
            IDATA   000EH     0001H     UNIT         ?STACK

            * * * * * * *   C O D E   M E M O R Y   * * * * * * *
            CODE    0000H     0003H     ABSOLUTE     
                    0003H     07FDH                  *** GAP ***
            CODE    0800H     0081H     UNIT         ?PR?MAIN?MAIN
            CODE    0881H     001DH     UNIT         ?PR?DELAY10MS?MAIN
            CODE    089EH     000CH     UNIT         ?C_C51STARTUP



OVERLAY MAP OF MODULE:   bz (?C_STARTUP)


SEGMENT
  +--> CALLED SEGMENT
---------------------
?C_C51STARTUP
  +--> ?PR?MAIN?MAIN

?PR?MAIN?MAIN
  +--> ?PR?DELAY10MS?MAIN



SYMBOL TABLE OF MODULE:  bz (?C_STARTUP)

  VALUE           TYPE          NAME
  ----------------------------------

  -------         MODULE        ?C_STARTUP
  C:089EH         SEGMENT       ?C_C51STARTUP
  I:000EH         SEGMENT       ?STACK
  C:0000H         PUBLIC        ?C_STARTUP
  D:00E0H         SYMBOL        ACC
  D:00F0H         SYMBOL        B
  D:0083H         SYMBOL        DPH
BL51 BANKED LINKER/LOCATER V5.12                                                      04/23/2011  19:55:04  PAGE 2


  D:0082H         SYMBOL        DPL
  N:0000H         SYMBOL        IBPSTACK
  N:0100H         SYMBOL        IBPSTACKTOP
  N:0080H         SYMBOL        IDATALEN
  C:08A1H         SYMBOL        IDATALOOP
  N:0000H         SYMBOL        PBPSTACK
  N:0100H         SYMBOL        PBPSTACKTOP
  N:0000H         SYMBOL        PDATALEN
  N:0000H         SYMBOL        PDATASTART
  N:0000H         SYMBOL        PPAGE
  N:0000H         SYMBOL        PPAGEENABLE
  D:00A0H         SYMBOL        PPAGE_SFR
  D:0081H         SYMBOL        SP
  C:089EH         SYMBOL        STARTUP1
  N:0000H         SYMBOL        XBPSTACK
  N:0000H         SYMBOL        XBPSTACKTOP
  N:0000H         SYMBOL        XDATALEN
  N:0000H         SYMBOL        XDATASTART
  C:0000H         LINE#         126
  C:089EH         LINE#         133
  C:08A0H         LINE#         134
  C:08A1H         LINE#         135
  C:08A2H         LINE#         136
  C:08A4H         LINE#         185
  C:08A7H         LINE#         196
  -------         ENDMOD        ?C_STARTUP

  -------         MODULE        MAIN
  C:0000H         SYMBOL        _ICE_DUMMY_
  B:0090H.0       PUBLIC        P1_0
  B:0090H.1       PUBLIC        P1_1
  B:0090H.2       PUBLIC        P1_2
  B:0090H.3       PUBLIC        P1_3
  B:0090H.4       PUBLIC        P1_4
  B:0090H.5       PUBLIC        P1_5
  C:0800H         PUBLIC        main
  D:0008H         PUBLIC        de
  C:0881H         PUBLIC        delay10ms
  D:000AH         PUBLIC        a
  D:000BH         PUBLIC        b
  D:000CH         PUBLIC        j
  D:000DH         PUBLIC        k
  -------         PROC          DELAY10MS
  C:0881H         LINE#         17
  C:0881H         LINE#         18
  C:0881H         LINE#         19
  C:088BH         LINE#         20
  C:089DH         LINE#         21
  -------         ENDPROC       DELAY10MS
  -------         PROC          MAIN
  C:0800H         LINE#         29
  C:0800H         LINE#         30
  C:0800H         LINE#         31
  C:0803H         LINE#         32
  C:0806H         LINE#         33
  C:0809H         LINE#         34
  C:080CH         LINE#         38
BL51 BANKED LINKER/LOCATER V5.12                                                      04/23/2011  19:55:04  PAGE 3


  C:080CH         LINE#         39
  C:080CH         LINE#         40
  C:080EH         LINE#         41
  C:0810H         LINE#         42
  C:0812H         LINE#         43
  C:0814H         LINE#         45
  C:081AH         LINE#         46
  C:081AH         LINE#         48
  C:081CH         LINE#         49
  C:081EH         LINE#         50
  C:0820H         LINE#         51
  C:0822H         LINE#         53
  C:0825H         LINE#         54
  C:0828H         LINE#         55
  C:0828H         LINE#         57
  C:082EH         LINE#         58
  C:082EH         LINE#         59
  C:0830H         LINE#         60
  C:0832H         LINE#         61
  C:0834H         LINE#         62
  C:0836H         LINE#         65
  C:0839H         LINE#         66
  C:083CH         LINE#         67
  C:083CH         LINE#         69
  C:0842H         LINE#         70
  C:0842H         LINE#         71
  C:0844H         LINE#         72
  C:0846H         LINE#         73
  C:0848H         LINE#         74
  C:084AH         LINE#         77
  C:0867H         LINE#         79
  C:0867H         LINE#         80
  C:086DH         LINE#         81
  C:086DH         LINE#         82
  C:086FH         LINE#         83
  C:0871H         LINE#         84
  C:0873H         LINE#         85
  C:0875H         LINE#         89
  C:0878H         LINE#         90
  C:087BH         LINE#         91
  C:087EH         LINE#         93
  C:087EH         LINE#         96
  -------         ENDPROC       MAIN
  -------         ENDMOD        MAIN

******************************************************************************
* RESTRICTED VERSION WITH 0800H BYTE CODE SIZE LIMIT; USED: 00ADH BYTE ( 8%) *
******************************************************************************

Program Size: data=15.0 xdata=0 code=173
LINK/LOCATE RUN COMPLETE.  0 WARNING(S),  0 ERROR(S)
