C51 COMPILER V7.50   MAIN                                                                  04/23/2011 19:55:04 PAGE 1   


C51 COMPILER V7.50, COMPILATION OF MODULE MAIN
OBJECT MODULE PLACED IN main.OBJ
COMPILER INVOKED BY: C:\Keil\C51\BIN\C51.EXE main.c OPTIMIZE(1,SPEED) BROWSE DEBUG OBJECTEXTEND

line level    source

   1          //巍巍机器人小卖部提供//
   2          //淘宝地址：http://shop58277238.taobao.com//
   3          //欢迎您的使用//
   4          
   5          
   6          /**************************Timer0*********************************************/
   7          
   8          #include <REGX51.H>
   9          #include <intrins.h>
  10          
  11          
  12          #define RightSenser P1_4    //左巡线
  13          #define LeftSenser  P1_5    //右巡线
  14          
  15          unsigned char a,b,k,j;de;
  16          
  17          void delay10ms()   //延时函数
  18            {
  19   1          for(a=100;a>0;a--)
  20   1            for(b=225;b>0;b--);
  21   1         }
  22          
  23          
  24          
  25          
  26          //********************************************************
  27          
  28          //********************************************************
  29          main()
  30          {
  31   1                                              delay10ms();
  32   1                                              delay10ms();
  33   1                                              delay10ms();
  34   1                                              delay10ms();
  35   1      
  36   1      
  37   1      
  38   1              while(1)                
  39   1              {
  40   2      P1_0 = 1 ;
  41   2      P1_1 = 1 ;
  42   2      P1_2 = 1 ; 
  43   2      P1_3 = 1; 
  44   2                      
  45   2              if((!RightSenser) && LeftSenser)   // 如果右边假，左边真
  46   2                      {
  47   3                                      
  48   3                              P1_0 = 0 ;
  49   3                      P1_1 = 1 ;
  50   3                      P1_2 = 1 ; 
  51   3                      P1_3 = 1; 
  52   3      
  53   3                          delay10ms();
  54   3                                              delay10ms();
  55   3                      }
C51 COMPILER V7.50   MAIN                                                                  04/23/2011 19:55:04 PAGE 2   

  56   2      
  57   2              if(RightSenser && (!LeftSenser))  // 如果左边假，右边真
  58   2                      {
  59   3                              P1_2 = 0 ; 
  60   3                          P1_3 = 1; 
  61   3                          P1_0 = 1 ;
  62   3                          P1_1 = 1 ;                  
  63   3      
  64   3              
  65   3                                              delay10ms();
  66   3                                              delay10ms();
  67   3                              }
  68   2      
  69   2              if((RightSenser) && (LeftSenser))  // 如果左边假，右边真
  70   2                      {
  71   3                     P1_0 = 0 ;
  72   3                     P1_1 = 1 ;
  73   3                     P1_2 = 0 ; 
  74   3                     P1_3 = 1; 
  75   3                  
  76   3              
  77   3                                              for (de=0; de<100; de++);  // 延时
  78   3      
  79   3                      }
  80   2              if((!RightSenser) && (!LeftSenser))  // 如果左边假，右边真
  81   2                      {
  82   3                     P1_0 = 0 ;
  83   3                     P1_1 = 1 ;
  84   3                     P1_2 = 1 ; 
  85   3                     P1_3 = 0; 
  86   3                  
  87   3              
  88   3                              
  89   3                                              delay10ms();
  90   3                                              delay10ms();
  91   3                                              delay10ms();
  92   3      
  93   3                      }
  94   2      
  95   2      
  96   2              }
  97   1              }
  98          
  99          
 100          
 101          
 102          


MODULE INFORMATION:   STATIC OVERLAYABLE
   CODE SIZE        =    158    ----
   CONSTANT SIZE    =   ----    ----
   XDATA SIZE       =   ----    ----
   PDATA SIZE       =   ----    ----
   DATA SIZE        =      6    ----
   IDATA SIZE       =   ----    ----
   BIT SIZE         =   ----    ----
END OF MODULE INFORMATION.


C51 COMPILATION COMPLETE.  0 WARNING(S),  0 ERROR(S)
