C51 COMPILER V9.51   FMQ                                                                   12/07/2015 22:08:26 PAGE 1   


C51 COMPILER V9.51, COMPILATION OF MODULE FMQ
OBJECT MODULE PLACED IN fmq.OBJ
COMPILER INVOKED BY: D:\StudySoft\KEIL4\C51\BIN\C51.EXE fmq.c BROWSE DEBUG OBJECTEXTEND

line level    source

   1          #include <reg52.h>
   2          #include <Delay.h>
   3          sbit fmq=P1^5;
   4          void FMQ_0(void)
   5          {       
   6   1              fmq=0;
   7   1      }
   8          void FMQ_1(void)
   9          {       
  10   1              fmq=1;
  11   1              
  12   1      }


MODULE INFORMATION:   STATIC OVERLAYABLE
   CODE SIZE        =      6    ----
   CONSTANT SIZE    =   ----    ----
   XDATA SIZE       =   ----    ----
   PDATA SIZE       =   ----    ----
   DATA SIZE        =   ----    ----
   IDATA SIZE       =   ----    ----
   BIT SIZE         =   ----    ----
END OF MODULE INFORMATION.


C51 COMPILATION COMPLETE.  0 WARNING(S),  0 ERROR(S)
