C51 COMPILER V9.51   KEY                                                                   11/19/2015 19:01:21 PAGE 1   


C51 COMPILER V9.51, COMPILATION OF MODULE KEY
OBJECT MODULE PLACED IN KEY.OBJ
COMPILER INVOKED BY: D:\StudySoft\KEIL4\C51\BIN\C51.EXE KEY.c BROWSE DEBUG OBJECTEXTEND

line level    source

   1          #include <reg52.h>
   2          #define uint unsigned int
   3          #define uchar unsigned char
   4          sbit s1=P3^7;
   5          sbit s2=P3^6;
   6          sbit s3=P3^5;
   7          uchar ID;
   8          uchar key;//记录按键值
   9          
  10          void delayms(uint x)//延时程序
  11          {
  12   1              uint i;
  13   1              while(x--)
  14   1              for(i=0;i<12;i++)
  15   1              ;
  16   1      }
  17          
  18          void Key_Init()
  19          {
  20   1              EA=1;
  21   1              TMOD=0x01;//开定时器T0模式1
  22   1              ET0=1;//定时器T0中断允许
  23   1              TR0=1;//打开定时器T0
  24   1              TH0=(65536-500)/256;
  25   1              TL0=(65536-500)%256;
  26   1              key=0;
  27   1              ID=0;
  28   1      //      while(1)
  29   1      //      {
  30   1      //              switch(key)
  31   1      //              {
  32   1      //                      case 1:
  33   1      //                              forward();
  34   1      //                              break;
  35   1      //                      case 2:
  36   1      //                              backward();
  37   1      //                              break;
  38   1      //                      case 3:
  39   1      //                              stop();
  40   1      //                              break;  
  41   1      //              }
  42   1              
  43   1              
  44   1      //      }
  45   1      
  46   1      }
  47                  
  48          void time0()interrupt 1 using 1
  49          {
  50   1              TR0=0;//关闭定时器
  51   1              if((P3&0xf0)!=0xf0)//检测有按键按下
  52   1              {
  53   2                      delayms(100);//延时消抖
  54   2                      if((P3&0xf0)!=0xf0)
  55   2                      {
C51 COMPILER V9.51   KEY                                                                   11/19/2015 19:01:21 PAGE 2   

  56   3                              if(s1==0)
  57   3                              key=3;
  58   3                              if(s2==0)
  59   3                              key=1;
  60   3                              if(s3==0)
  61   3                              key=2;  
  62   3                      }               
  63   2              }
  64   1              TH0=(65536-500)/256;
  65   1              TL0=(65536-500)%256;
  66   1              TR0=1;
  67   1      }


MODULE INFORMATION:   STATIC OVERLAYABLE
   CODE SIZE        =    114    ----
   CONSTANT SIZE    =   ----    ----
   XDATA SIZE       =   ----    ----
   PDATA SIZE       =   ----    ----
   DATA SIZE        =      2    ----
   IDATA SIZE       =   ----    ----
   BIT SIZE         =   ----    ----
END OF MODULE INFORMATION.


C51 COMPILATION COMPLETE.  0 WARNING(S),  0 ERROR(S)
