C51 COMPILER V9.51   LCD1602                                                               12/07/2015 22:08:26 PAGE 1   


C51 COMPILER V9.51, COMPILATION OF MODULE LCD1602
OBJECT MODULE PLACED IN LCD1602.OBJ
COMPILER INVOKED BY: D:\StudySoft\KEIL4\C51\BIN\C51.EXE LCD1602.c BROWSE DEBUG OBJECTEXTEND

line level    source

   1          #include <reg52.h>    //包含单片机寄存器的头文件
   2          //#include <stdlib.h>   //包含随机函数rand()的定义文件
   3          #include "intrins.h"  //包含_nop_()函数定义的头文件
   4          #include "Delay.h"
   5          sbit RS=P1^0;    //寄存器选择位，将RS位定义为P1.0引脚
   6          sbit RW=P1^1;    //读写选择位，将RW位定义为P1.1引脚
   7          sbit E=P1^2;     //使能信号位，将E位定义为P1.2引脚
   8          sbit BF=P0^7;    //忙碌标志位，，将BF位定义为P0.7引脚
   9          
  10          #define                 line_1          0x80            // 第一行写入地址
  11          #define                 line_2          0x40            // 第二行写入地址
  12          unsigned char number[11]={'0','0','0','0','0','0','0','0','0','0','0'};
  13          /*****************************************************
  14          函数功能：延时1ms
  15          (3j+2)*i=(3×33+2)×10=1010(微秒)，可以认为是1毫秒
  16          ***************************************************/
  17          // void delay1ms()
  18          // {
  19          //    unsigned char i,j;
  20          //      for(i=0;i<10;i++)
  21          //              for(j=0;j<33;j++)
  22          //                      ;                
  23          //  }
  24           /*****************************************************
  25          函数功能：延时若干毫秒
  26          入口参数：n
  27          ***************************************************/
  28          // void delay(unsigned char n)
  29          // {
  30          //      unsigned char i;
  31          //      for(i=0;i<n;i++)
  32          //              delay1ms();
  33          //  }
  34          /*****************************************************
  35          函数功能：判断液晶模块的忙碌状态
  36          返回值：result。result=1，忙碌;result=0，不忙
  37          ***************************************************/
  38          unsigned char BusyTest(void)
  39          {
  40   1              bit result;
  41   1              RS=0;       //根据规定，RS为低电平，RW为高电平时，可以读状态
  42   1          RW=1;
  43   1          E=1;        //E=1，才允许读写
  44   1          _nop_();   //空操作
  45   1          _nop_();
  46   1          _nop_(); 
  47   1          _nop_();   //空操作四个机器周期，给硬件反应时间     
  48   1          result=BF;  //将忙碌标志电平赋给result
  49   1              E=0;         //将E恢复低电平
  50   1              return result;
  51   1      }
  52          /*****************************************************
  53          函数功能：将模式设置指令或显示地址写入液晶模块
  54          入口参数：dictate
  55          ***************************************************/
C51 COMPILER V9.51   LCD1602                                                               12/07/2015 22:08:26 PAGE 2   

  56          void WriteInstruction (unsigned char dictate)
  57          {
  58   1              while(BusyTest()==1); //如果忙就等待
  59   1              RS=0;                  //根据规定，RS和R/W同时为低电平时，可以写入指令
  60   1              RW=0;   
  61   1              E=0;                   //E置低电平(根据表8-6，写指令时，E为高脉冲，
  62   1                                // 就是让E从0到1发生正跳变，所以应先置"0"
  63   1              _nop_();
  64   1              _nop_();             //空操作两个机器周期，给硬件反应时间
  65   1              P0=dictate;            //将数据送入P0口，即写入指令或地址
  66   1              _nop_();
  67   1              _nop_();
  68   1              _nop_();
  69   1              _nop_();               //空操作四个机器周期，给硬件反应时间
  70   1              E=1;                   //E置高电平
  71   1              _nop_();
  72   1              _nop_();
  73   1              _nop_();
  74   1              _nop_();               //空操作四个机器周期，给硬件反应时间
  75   1              E=0;                  //当E由高电平跳变成低电平时，液晶模块开始执行命令
  76   1      }
  77          /*****************************************************
  78          函数功能：指定字符显示的实际地址
  79          入口参数：x
  80          ***************************************************/
  81          void WriteAddress(unsigned char x)
  82          {
  83   1              WriteInstruction(x|0x80); //显示位置的确定方法规定为"80H+地址码x"
  84   1      }
  85          /*****************************************************
  86          函数功能：将数据(字符的标准ASCII码)写入液晶模块
  87          入口参数：y(为字符常量)
  88          ***************************************************/
  89          void WriteData(unsigned char y)
  90          {
  91   1              while(BusyTest()==1);
  92   1              RS=1;           //RS为高电平，RW为低电平时，可以写入数据
  93   1              RW=0;
  94   1              E=0;            //E置低电平(根据表8-6，写指令时，E为高脉冲，
  95   1                             // 就是让E从0到1发生正跳变，所以应先置"0"
  96   1              P0=y;           //将数据送入P0口，即将数据写入液晶模块
  97   1              _nop_();
  98   1              _nop_();
  99   1              _nop_();
 100   1          _nop_();       //空操作四个机器周期，给硬件反应时间
 101   1              E=1;          //E置高电平
 102   1              _nop_();
 103   1              _nop_();
 104   1              _nop_();
 105   1              _nop_();        //空操作四个机器周期，给硬件反应时间
 106   1              E=0;            //当E由高电平跳变成低电平时，液晶模块开始执行命令
 107   1      }
 108          /*****************************************************
 109          函数功能：对LCD的显示模式进行初始化设置
 110          ***************************************************/
 111          void LcdInitiate(void)
 112          {
 113   1              Delay_Ms(15);             //延时15ms，首次写指令时应给LCD一段较长的反应时间
 114   1              WriteInstruction(0x38);  //显示模式设置：16×2显示，5×7点阵，8位数据接口
 115   1              Delay_Ms(5);               //延时5ms　，给硬件一点反应时间
 116   1              WriteInstruction(0x38);
 117   1              Delay_Ms(5);
C51 COMPILER V9.51   LCD1602                                                               12/07/2015 22:08:26 PAGE 3   

 118   1              WriteInstruction(0x38); //连续三次，确保初始化成功
 119   1              Delay_Ms(5);
 120   1              WriteInstruction(0x0c);  //显示模式设置：显示开，无光标，光标不闪烁
 121   1              Delay_Ms(5);
 122   1              WriteInstruction(0x06);  //显示模式设置：光标右移，字符不移
 123   1              Delay_Ms(5);
 124   1              WriteInstruction(0x01);  //清屏幕指令，将以前的显示内容清除
 125   1              Delay_Ms(5);
 126   1       }
 127          /******打印手机号*****/
 128          void display_number(unsigned char line,unsigned char num)
 129          {
 130   1         unsigned char i=0;
 131   1         WriteAddress(line+num);        //第一行第一列
 132   1         while(i!=11) //只要没有写到结束标志，就继续写
 133   1         {
 134   2            WriteData(number[i]);        
 135   2                i++;
 136   2         }   
 137   1      }
 138          /*****************************************************************************
 139          打印字符串程序（本函数调用指针函数）
 140          向LCD发送一个字符串,长度48字符之内 
 141          在第一行第一位处从左向右打印字符串
 142          /****************************************************************************/
 143          void Print_String(unsigned char line,unsigned char num,unsigned char  *str)
 144          {
 145   1              WriteAddress(line+num);
 146   1              while(*str != '\0')
 147   1              {
 148   2                      WriteData(*str++);
 149   2              }
 150   1              *str = 0;
 151   1      }


MODULE INFORMATION:   STATIC OVERLAYABLE
   CODE SIZE        =    250    ----
   CONSTANT SIZE    =   ----    ----
   XDATA SIZE       =   ----    ----
   PDATA SIZE       =   ----    ----
   DATA SIZE        =     11       3
   IDATA SIZE       =   ----    ----
   BIT SIZE         =   ----       1
END OF MODULE INFORMATION.


C51 COMPILATION COMPLETE.  0 WARNING(S),  0 ERROR(S)
