C51 COMPILER V9.51   MAIN                                                                  12/07/2015 22:08:26 PAGE 1   


C51 COMPILER V9.51, COMPILATION OF MODULE MAIN
OBJECT MODULE PLACED IN main.OBJ
COMPILER INVOKED BY: D:\StudySoft\KEIL4\C51\BIN\C51.EXE main.c BROWSE DEBUG OBJECTEXTEND

line level    source

   1          /*****************************************************************************
   2          程序名：        GSM接听电话                             
   3          *****************************************************************************/
   4          
   5          #include <reg52.h>
   6          #include "UART.h"
   7          #include "Delay.h"
   8          #include "LCD1602.h"
   9          #include "FMQ.h"
  10          #include "28BYJ.h"
  11          #define Yes             1
  12          #define No              0
  13          
  14          
  15          sbit Power_key=P2^7;
  16          sbit led=P2^ 6;
  17          
  18          /********测试GSM是否启动**********/
  19          int test_boot;
  20          /********测试GSM是否注册网络**********/
  21          int test_net_register;
  22          /********测试是否有电话打入**********/
  23          int test_have_call;
  24          /********GSM串口接收数据缓存**********/
  25          unsigned char GSM_receive[60];
  26          /********GSM串口接收计数器**********/
  27          unsigned char GSMDATA_count;
  28          /********号码缓存*******************/
  29          unsigned char number_get;
  30          unsigned char door;
  31          /********短信发送程序********/
  32          
  33          void message()
  34          {
  35   1              Send_String("AT+CMGF=1\r\n");//指定信息的输入输出格式为文本格式
  36   1              Delay_Ms(100);
  37   1              
  38   1              Send_String("AT+CSMP=17,167,2,25\r\n");
  39   1              Delay_Ms(100);
  40   1              
  41   1              Send_String("AT+CSCS=\"UCS2\"\r\n");
  42   1              Delay_Ms(100);
  43   1              
  44   1              Send_String("AT+CMGS=\"00310033003200300038003000330038003000300035\"\r\n");
  45   1              Delay_Ms(100);
  46   1              
  47   1              Send_String("4E3B94F6007E95E85F004E86007E\r\n");
  48   1              Delay_Ms(100);
  49   1              Send_Char(0x1A);
  50   1              Delay_Ms(200);
  51   1      }
  52          
  53          void main()
  54          {
  55   1              unsigned char m;
C51 COMPILER V9.51   MAIN                                                                  12/07/2015 22:08:26 PAGE 2   

  56   1              //初始化状态
  57   1              Power_key=0;
  58   1              test_boot=No;
  59   1              test_net_register=No;
  60   1              test_have_call=No;
  61   1              door=No;
  62   1              fmq=1;
  63   1              P2=0x00;
  64   1              number_get=No;
  65   1              //GSM启动
  66   1              Power_key=1;
  67   1              Delay_Ms(1000);
  68   1              Power_key=0;
  69   1              
  70   1              Uart_Init();                            //串口初始化
  71   1              LcdInitiate();
  72   1              Print_String(line_1,0x00,"calling test--HM");
  73   1                      //测试是否已经开机
  74   1                      while(test_boot==No)
  75   1                      {
  76   2                              Send_String("AT\r\n");
  77   2                              Delay_Ms(1000);
  78   2                      }
  79   1                      //测试是否注册到网络
  80   1                      while(test_net_register==No)
  81   1                      {
  82   2                              Send_String("AT+COPS?\r\n");
  83   2                              Delay_Ms(1000); 
  84   2                      }
  85   1                      //等待电话打入
  86   1                      Send_String("AT+CLIP=1\r\n");
  87   1                      Delay_Ms(100);
  88   1                      while(1)
  89   1                      {
  90   2                              while(test_have_call==Yes)
  91   2                              {
  92   3                                      if(number[10]=='5'&&number[9]=='0'&&number[8]=='0'&&number[7]=='8')
  93   3                                      {
  94   4      //                                      if(door==No)
  95   4      //                                      {
  96   4                                                      for(m=0;m<200;m++)
  97   4                                                      {
  98   5                                                              forward();
*** WARNING C206 IN LINE 98 OF main.c: 'forward': missing function-prototype
  99   5                                                              
 100   5                                                      }
 101   4                                                      Print_String(line_2,0x0B,"open!");
 102   4                                                      FMQ_0();
 103   4                                                      Delay_Ms(100);
 104   4                                                      FMQ_1();
 105   4                                                      message();                                      
 106   4      
 107   4                                                      //                                              door=Yes;
 108   4      //                                      }       
 109   4                                      }
 110   3                                      else
 111   3                                      {
 112   4                                              Print_String(line_2,0x0B,"close");      
 113   4                                              led=1;
 114   4                                      }                               
 115   3                              }
 116   2                              
C51 COMPILER V9.51   MAIN                                                                  12/07/2015 22:08:26 PAGE 3   

 117   2                      }       
 118   1                      
 119   1      }
 120          
 121          /*****************************************************************************
 122          串口中断
 123          /****************************************************************************/
 124          void uart(void) interrupt 4
 125          {
 126   1              unsigned char UART_data;
 127   1              unsigned char i;
 128   1      
 129   1              if(RI)
 130   1              {
 131   2                      UART_data=SBUF;
 132   2                      if(UART_data=='\n')
 133   2                      {
 134   3                              if(GSM_receive[0]=='O'&&GSM_receive[1]=='K')
 135   3                                      test_boot=Yes;
 136   3                              else
 137   3                                      test_boot=No;
 138   3                              
 139   3                              if(GSM_receive[12]=='C')
 140   3                                      test_net_register=Yes;
 141   3                              else
 142   3                                      test_net_register=No;
 143   3                              
 144   3                              if(GSM_receive[0]=='R'&&GSM_receive[1]=='I'&&GSM_receive[2]=='N'&&GSM_receive[3]=='G')
 145   3                              {
 146   4                                      test_have_call=Yes;                             
 147   4                              }
 148   3                              else
 149   3                              {
 150   4                                      test_have_call=No;
 151   4                              }
 152   3                              
 153   3                              if(GSM_receive[0]=='+'&&GSM_receive[1]=='C'&&GSM_receive[2]=='L'&&GSM_receive[3]=='I'&&GSM_receive[4]==
             -'P')
 154   3                              {
 155   4                                      for(i=0;i<11;i++)
 156   4                                      {
 157   5                                              number[i]=GSM_receive[i+8];
 158   5                                      }
 159   4                                      display_number(line_2,0x00);    
 160   4                                      
 161   4                                      
 162   4                              }
 163   3                              GSMDATA_count=0;
 164   3                      }
 165   2                      else
 166   2                      {
 167   3                              GSM_receive[GSMDATA_count]=UART_data;
 168   3                              GSMDATA_count++;
 169   3                      }
 170   2              }
 171   1              RI=0;
 172   1      }
 173          


MODULE INFORMATION:   STATIC OVERLAYABLE
   CODE SIZE        =    613    ----
C51 COMPILER V9.51   MAIN                                                                  12/07/2015 22:08:26 PAGE 4   

   CONSTANT SIZE    =    196    ----
   XDATA SIZE       =   ----    ----
   PDATA SIZE       =   ----    ----
   DATA SIZE        =     69       5
   IDATA SIZE       =   ----    ----
   BIT SIZE         =   ----    ----
END OF MODULE INFORMATION.


C51 COMPILATION COMPLETE.  1 WARNING(S),  0 ERROR(S)
