C51 COMPILER V9.51   28BYJ                                                                 12/07/2015 22:08:27 PAGE 1   


C51 COMPILER V9.51, COMPILATION OF MODULE 28BYJ
OBJECT MODULE PLACED IN 28BYJ.OBJ
COMPILER INVOKED BY: D:\StudySoft\KEIL4\C51\BIN\C51.EXE 28BYJ.c BROWSE DEBUG OBJECTEXTEND

line level    source

   1          #include <reg52.h>
   2          #define uint unsigned int
   3          #define uchar unsigned char
   4          uchar code ccw[4]={0xfc,0xf6,0xf3,0xf9};
   5          uchar code cw[4]={0xf9,0xf3,0xf6,0xfc};
   6          
   7          void delayms_motor()//步进机延时程序
   8          {
   9   1              uint i;
  10   1              for(i=0;i<200;i++)//快点好
  11   1              ;
  12   1      
  13   1      }
  14          void delayms(uchar x)//延时程序
  15          {
  16   1              uchar i;
  17   1              while(x--)
  18   1              for(i=0;i<120;i++)
  19   1              ;
  20   1      }
  21          void forward()//正转程序
  22          {
  23   1              uchar i;
  24   1              for(i=0;i<4;i++)
  25   1              {
  26   2                      P2=cw[i];
  27   2                      delayms_motor();
  28   2              }
  29   1      } 
  30          void backward()//反转程序
  31          {
  32   1              uchar i;
  33   1              for(i=0;i<4;i++)
  34   1              {
  35   2                      P2=ccw[i];
  36   2                      delayms_motor();
  37   2              }
  38   1      
  39   1      }
  40          void stop()
  41          {
  42   1              P2=0xff;
  43   1      }


MODULE INFORMATION:   STATIC OVERLAYABLE
   CODE SIZE        =     71    ----
   CONSTANT SIZE    =      8    ----
   XDATA SIZE       =   ----    ----
   PDATA SIZE       =   ----    ----
   DATA SIZE        =   ----    ----
   IDATA SIZE       =   ----    ----
   BIT SIZE         =   ----    ----
END OF MODULE INFORMATION.


C51 COMPILATION COMPLETE.  0 WARNING(S),  0 ERROR(S)
