C51 COMPILER V9.51   DELAY                                                                 12/07/2015 22:08:26 PAGE 1   


C51 COMPILER V9.51, COMPILATION OF MODULE DELAY
OBJECT MODULE PLACED IN Delay.OBJ
COMPILER INVOKED BY: D:\StudySoft\KEIL4\C51\BIN\C51.EXE Delay.c BROWSE DEBUG OBJECTEXTEND

line level    source

   1          /*****************************************************************************
   2          ÑÓ³Ùº¯Êý
   3          /****************************************************************************/
   4          void Delay_Ms(unsigned int a)
   5          {
   6   1              unsigned int i;
   7   1              while( a-- != 0)
   8   1              {
   9   2                      for(i = 0; i < 600; i++);
  10   2              }
  11   1      }
  12          
  13          void motor_delay()
  14          {
  15   1              unsigned char i;
  16   1              for(i=0;i<10;i++)
  17   1              ;
  18   1      }
  19          


MODULE INFORMATION:   STATIC OVERLAYABLE
   CODE SIZE        =     37    ----
   CONSTANT SIZE    =   ----    ----
   XDATA SIZE       =   ----    ----
   PDATA SIZE       =   ----    ----
   DATA SIZE        =   ----    ----
   IDATA SIZE       =   ----    ----
   BIT SIZE         =   ----    ----
END OF MODULE INFORMATION.


C51 COMPILATION COMPLETE.  0 WARNING(S),  0 ERROR(S)
