C51 COMPILER V9.51   UART                                                                  12/02/2015 21:35:35 PAGE 1   


C51 COMPILER V9.51, COMPILATION OF MODULE UART
OBJECT MODULE PLACED IN UART.OBJ
COMPILER INVOKED BY: D:\StudySoft\KEIL4\C51\BIN\C51.EXE UART.c BROWSE DEBUG OBJECTEXTEND

line level    source

   1          #include <reg52.h>
   2          
   3          
   4          /*****************************************************************************
   5          UART初始化 11.0592
   6          *****************************************************************************/
   7          void Uart_Init(void)            
   8          {
   9   1              EA=1;
  10   1              ES=1;
  11   1              SCON = 0x50;                     
  12   1              TMOD = 0x20;
  13   1              PCON=0x00;      
  14   1              TH1 = 0xFD;     
  15   1              TL1 = 0xfd;
  16   1              TR1 = 1;        
  17   1              RI = 0; 
  18   1      }
  19          
  20          /*****************************************************************************
  21          单字符发送函数
  22          /****************************************************************************/
  23          void Send_Char (unsigned char UART_data)                
  24          {               
  25   1              SBUF = UART_data;                       
  26   1              while(TI == 0);                 
  27   1              TI = 0;                                   
  28   1      }
  29          
  30          /*****************************************************************************
  31          字符串发送函数
  32          /****************************************************************************/
  33          void Send_String(unsigned char *str)            
  34          {
  35   1              while(*str != '\0')             
  36   1              {
  37   2                      Send_Char(*str);                        
  38   2                      *str=*str++;            
  39   2              }
  40   1              *str = 0;                                 
  41   1      }


MODULE INFORMATION:   STATIC OVERLAYABLE
   CODE SIZE        =     89    ----
   CONSTANT SIZE    =   ----    ----
   XDATA SIZE       =   ----    ----
   PDATA SIZE       =   ----    ----
   DATA SIZE        =   ----       3
   IDATA SIZE       =   ----    ----
   BIT SIZE         =   ----    ----
END OF MODULE INFORMATION.


C51 COMPILATION COMPLETE.  0 WARNING(S),  0 ERROR(S)
