C51 COMPILER V8.02   TEXT1                                                                 12/28/2005 09:59:03 PAGE 1   


C51 COMPILER V8.02, COMPILATION OF MODULE TEXT1
OBJECT MODULE PLACED IN Text1.OBJ
COMPILER INVOKED BY: C:\Keil\C51\BIN\C51.EXE Text1.c BROWSE DEBUG OBJECTEXTEND

line level    source

   1           #include<reg51.h>
   2            unsigned char lie[]={0xff,0x07,0x0b,0x0d};
   3           unsigned char L,L1=0,L2,L3=0,L4,L5,L6,L7,m,n,a,s,i;
   4           unsigned char shu[]={0xc0,0xf9,0xa4,0xb0,0x99,0x92,0x82,0xf8,0x80,0x90};
   5            sbit P25=P1^5;
   6           
   7          
   8            void delay();
   9                  
  10                   void delay()
  11                   {
  12   1               unsigned char i;
  13   1               for(i=0;i<200;i++);
  14   1               }
  15          
  16            void main()
  17           { 
  18   1       while(1)
  19   1       {      
  20   2       P2=0X00;       
  21   2       P3=0xff;
  22   2       if(P3!=0xff)
  23   2       {
  24   3       delay();
  25   3       L=0;  L2=0;P25=1;
  26   3       }
  27   2       else
  28   2       {
  29   3       L=1; 
  30   3       }
  31   2       
  32   2      
  33   2       if(L==0)
  34   2       {               
  35   3          for(i=1;i<4;i++)
  36   3              {
  37   4              delay(); delay(); delay(); 
  38   4              
  39   4                P2=lie[i];
  40   4              if(P3!=0xff)
  41   4              {
  42   5                
  43   5                               
  44   5               
  45   5      
  46   5              if(L1==0)
  47   5              {if(P3==0xfe){m=0+i;}
  48   6              if(P3==0XFd){m=3+i;}
  49   6              if(P3==0xfb){m=6+i;}
  50   6              }
  51   5              if(L1==1)        
  52   5              {
  53   6              if(P3==0xfe){n=0+i;}
  54   6              if(P3==0xfd){n=3+i;}
  55   6              if(P3==0xfb){n=6+i;}
C51 COMPILER V8.02   TEXT1                                                                 12/28/2005 09:59:03 PAGE 2   

  56   6              }
  57   5              if(L1==2)
  58   5              {       
  59   6              if(P3==0xfe){a=0+i;}
  60   6              if(P3==0xfd){a=3+i;}
  61   6              if(P3==0xfb){a=6+i;}
  62   6               }
  63   5                if(L1==3)
  64   5                {
  65   6                if(P3==0xfe){s=0+i;}
  66   6              if(P3==0xfd){s=3+i;}
  67   6              if(P3==0xfb){s=6+i;}
  68   6                }        
  69   5                while(P3!=0Xff);
  70   5                L1++;
  71   5                if(L1>3){L1=0;}
  72   5      
  73   5                if(m==8){a=s=m=n=L1=0;L2=0;}
  74   5                if(n==8){m=n=a=s=L1=0;L2=0;}
  75   5                if(a==8){m=n=a=s=L1=0;L2=0;}
  76   5                if(s==8){m=n=a=s=L1=0;L2=0;}                                             
  77   5               
  78   5                 if(m==9){L2=1;a=s=m=n=L1=0;}
  79   5                 if(n==9){L2=1;a=s=m=n=L1=0;}
  80   5                 if(a==9){L2=1;a=s=m=n=L1=0;}
  81   5                 if(s==9){L2=1;a=s=m=n=L1=0;}
  82   5               
  83   5                }
  84   4                }
  85   3                }
  86   2                      
  87   2      
  88   2      
  89   2      
  90   2                 if(m>0)
  91   2                 {
  92   3                 P2=0x80;
  93   3                 P0=shu[m];
  94   3                 delay();
  95   3                 
  96   3                 }
  97   2                      else
  98   2                      {
  99   3                      P2=0X80;
 100   3                      
 101   3                      P0=0Xbf;
 102   3                      delay();
 103   3                      
 104   3                      }
 105   2                      if(n>0)
 106   2                      {
 107   3                      P2=0X40;
 108   3                      P0=shu[n];
 109   3                      delay();
 110   3                      
 111   3                      }
 112   2                      else
 113   2                      {
 114   3                      P2=0X40;
 115   3                      P0=0xbf;
 116   3                      delay();
 117   3              
C51 COMPILER V8.02   TEXT1                                                                 12/28/2005 09:59:03 PAGE 3   

 118   3                      }
 119   2                      if(a>0)
 120   2                      {
 121   3                      P2=0X20;
 122   3                      P0=shu[a];
 123   3                      delay();
 124   3              
 125   3                      }
 126   2                      else
 127   2                      {
 128   3                      P2=0X20;
 129   3                      P0=0Xbf;
 130   3                      delay();
 131   3                      
 132   3                      }
 133   2                      if(s>0)
 134   2                      {
 135   3                      P2=0x10;
 136   3                      P0=shu[s];
 137   3                      delay();
 138   3              
 139   3                      }
 140   2                      else
 141   2                      {
 142   3                      P2=0X10;
 143   3                      P0=0Xbf;
 144   3                      delay();
 145   3              
 146   3                      }
 147   2                 if(L2==0){L7=L6=L5=L4=L3=0;}
 148   2                 if(m==2)
 149   2                 { L4=L3+1;}
 150   2                 if(n==5)
 151   2                 { L5=L4+1;}
 152   2                 if(a==6)
 153   2                 { L6=L5+1;}
 154   2                 if(s==5)
 155   2                 { L7=L6+1; }
 156   2                      
 157   2                 if(L7==4) 
 158   2                 { 
 159   3                 if(L2==1) 
 160   3                  {P25=0;} } 
 161   2                 }
 162   1                 }
 163                          
 164          
 165          
 166          
 167          
 168          
 169            


MODULE INFORMATION:   STATIC OVERLAYABLE
   CODE SIZE        =    577    ----
   CONSTANT SIZE    =   ----    ----
   XDATA SIZE       =   ----    ----
   PDATA SIZE       =   ----    ----
   DATA SIZE        =     27    ----
   IDATA SIZE       =   ----    ----
   BIT SIZE         =   ----    ----
C51 COMPILER V8.02   TEXT1                                                                 12/28/2005 09:59:03 PAGE 4   

END OF MODULE INFORMATION.


C51 COMPILATION COMPLETE.  0 WARNING(S),  0 ERROR(S)
