C51 COMPILER V9.52.0.0   ___________________                                               05/04/2018 12:00:59 PAGE 1   


C51 COMPILER V9.52.0.0, COMPILATION OF MODULE ___________________
OBJECT MODULE PLACED IN 自动车码表 显示时间.OBJ
COMPILER INVOKED BY: C:\Keil\C51\BIN\C51.EXE 自动车码表 显示时间.c BROWSE DEBUG OBJECTEXTEND TABS(2)

line level    source

   1          #include <reg52.h>           //调用单片机头文件
   2          #define uchar unsigned char  //无符号字符型 宏定义  变量范围0~255
   3          #define uint  unsigned int   //无符号整型 宏定义  变量范围0~65535
   4          #include "eeprom52.h"
   5          
   6          /******************
   7            ds1302 内部RAM   RAM0  1100 000R/W   1读 0写
   8                     RAM1  1100 001R/W  
   9                           ....... 
  10                     RAM30 1111 110R/W   
  11          ********************/
  12          
  13          sbit clk = P1^3;    //ds1302时钟线定义
  14          sbit io =  P1^4;    //数据线
  15          sbit rst = P1^5;    //复位线
  16                      //秒  分   时   日   月  年   星期  
  17          uchar code write_add[]={0x80,0x82,0x84,0x86,0x88,0x8c,0x8a};   //写地址
  18          uchar code read_add[] ={0x81,0x83,0x85,0x87,0x89,0x8d,0x8b};   //读地址
  19          uchar code init_ds[]  ={0x55,0x17,0x15,0x01,0x01,0x13,0x13};   
  20          uchar miao,fen,shi,ri,yue,week,nian;
  21          uchar i;
  22          
  23          uchar t1_num,t2_num;  //计时间中断的次数
  24          unsigned long speed1,juli,time2;
  25          float f_hz  ,speed_km,speed_m;
  26          //dlaout time1  ,speed_km,speed_m;
  27          uchar TH11,TL11;
  28          uchar flag_en;   //开始计算速度使能
  29          uchar flag_stop_en;   //要确定车子是否停下了
  30          
  31          uint juli_s;       //每秒走的距离
  32          uint juli_z;         //总路程
  33          float zhijing = 0.55;  //直径 0.55M
  34          bit flag_1s = 1;       //1s
  35          uchar menu_1;        //菜单设置变量
  36          uchar menu_2;        //菜单设置变量
  37          
  38          long zong_lc;        //总量程
  39          
  40          uchar flag_200ms;
  41          uint shudu;   //定义速度的变量
  42          uint bj_shudu = 80;  //报警速度
  43          
  44          
  45          //这三个引脚参考资料
  46          sbit rs=P1^0;  //寄存器选择信号 H:数据寄存器    L:指令寄存器
  47          sbit rw=P1^1;  //寄存器选择信号 H:数据寄存器    L:指令寄存器
  48          sbit e =P1^2;  //片选信号   下降沿触发
  49          
  50          uchar code table_num[]="0123456789abcdefg";
  51          uchar i;
  52          
  53          sbit beep = P3^7;   //蜂鸣器IO口定义
  54          
  55          
C51 COMPILER V9.52.0.0   ___________________                                               05/04/2018 12:00:59 PAGE 2   

  56          
  57          /******************1ms 延时函数*******************/
  58          void delay_1ms(uint q)
  59          {
  60   1        uint i,j;
  61   1        for(i=0;i<q;i++)
  62   1          for(j=0;j<120;j++);
  63   1      }
  64          
  65          /******************把数据保存到单片机内部eepom中******************/
  66          void write_eeprom()
  67          {
  68   1        
  69   1        SectorErase(0x2000);
  70   1        byte_write(0x2000, bj_shudu % 256);
  71   1        byte_write(0x2001, bj_shudu / 256);
  72   1        byte_write(0x2002, zong_lc % 256);
  73   1        byte_write(0x2003, zong_lc / 256 % 256);
  74   1        byte_write(0x2004, zong_lc / 256 / 256 % 256);
  75   1      
  76   1        byte_write(0x2055, a_a);  
  77   1      }
  78          
  79          /******************把数据从单片机内部eepom中读出来*****************/
  80          void read_eeprom()
  81          {
  82   1        uint value;
  83   1        bj_shudu  = byte_read(0x2001);
  84   1        bj_shudu <<= 8;
  85   1        bj_shudu  |= byte_read(0x2000);
  86   1        zong_lc  = byte_read(0x2004);
  87   1        zong_lc <<= 16;
  88   1        value  = byte_read(0x2003);
  89   1        zong_lc |= (value << 8);
  90   1        zong_lc  |= byte_read(0x2002);
  91   1        a_a     = byte_read(0x2055);
  92   1      }
  93          
  94          /**************开机初始化保存的数据*****************/
  95          void init_eeprom()   //开机初始化保存的数据*
  96          {
  97   1        read_eeprom();    //先读
  98   1        if(a_a != 12)   //新的单片机初始单片机内问eeprom
  99   1        {
 100   2          bj_shudu = 50;
 101   2          a_a = 12;
 102   2          write_eeprom();    //保存数据
 103   2        } 
 104   1      }
 105          
 106          /********************************************************************
 107          * 名称 : delay_uint()
 108          * 功能 : 小延时。
 109          * 输入 : 无
 110          * 输出 : 无
 111          ***********************************************************************/
 112          void delay_uint(uint q)
 113          {
 114   1        while(q--);
 115   1      }
 116          
 117          /********************************************************************
C51 COMPILER V9.52.0.0   ___________________                                               05/04/2018 12:00:59 PAGE 3   

 118          * 名称 : write_com(uchar com)
 119          * 功能 : 1602命令函数
 120          * 输入 : 输入的命令值
 121          * 输出 : 无
 122          ***********************************************************************/
 123          void write_com(uchar com)
 124          {
 125   1        i =0;
 126   1        e=0;
 127   1        rs=0;
 128   1        rw=0;
 129   1        P0=com;
 130   1        delay_uint(25);
 131   1        e=1;
 132   1        delay_uint(50);
 133   1        e=0;
 134   1      }
 135          
 136          /********************************************************************
 137          * 名称 : write_data(uchar dat)
 138          * 功能 : 1602写数据函数
 139          * 输入 : 需要写入1602的数据
 140          * 输出 : 无
 141          ***********************************************************************/
 142          void write_data(uchar dat)
 143          {
 144   1        i =0;
 145   1        e=0;
 146   1        rs=1;
 147   1        rw=0;
 148   1        P0=dat;
 149   1        delay_uint(25);
 150   1        e=1;
 151   1        delay_uint(50);
 152   1        e=0;  
 153   1      }
 154          
 155          /********************************************************************
 156          * 名称 : write_sfm2(uchar hang,uchar add,uchar date)
 157          * 功能 : 显示2位十进制数，如果要让第一行，第五个字符开始显示"23" ，调用该函数如下
 158               write_sfm1(1,5,23)
 159          * 输入 : 行，列，需要输入1602的数据
 160          * 输出 : 无
 161          ***********************************************************************/
 162          void write_sfm2(uchar hang,uchar add,uint date)
 163          {
 164   1        if(hang==1)   
 165   1          write_com(0x80+add);
 166   1        else
 167   1          write_com(0x80+0x40+add);
 168   1        write_data(0x30+date/10%10);
 169   1        write_data(0x30+date%10); 
 170   1      }
 171          
 172          /********************************************************************
 173          * 名称 : write_sfm4(uchar hang,uchar add,uchar date)
 174          * 功能 : 显示2位十进制数，如果要让第一行，第五个字符开始显示"23" ，调用该函数如下
 175               write_sfm1(1,5,23)
 176          * 输入 : 行，列，需要输入1602的数据
 177          * 输出 : 无
 178          ***********************************************************************/
 179          void write_sfm4(uchar hang,uchar add,uint date)
C51 COMPILER V9.52.0.0   ___________________                                               05/04/2018 12:00:59 PAGE 4   

 180          {
 181   1        if(hang==1)   
 182   1          write_com(0x80+add);
 183   1        else
 184   1          write_com(0x80+0x40+add);
 185   1        write_data(0x30+date/10000%10);
 186   1        write_data(0x30+date/1000%10);
 187   1        write_data('.');  
 188   1        write_data(0x30+date/100%10); 
 189   1        write_data(0x30+date/10%10);
 190   1        write_data(0x30+date%10); 
 191   1        write_data('k');  
 192   1        write_data('m');  
 193   1      }
 194          
 195          void write_sfm7(uchar hang,uchar add,uint date)
 196          {
 197   1        if(hang==1)   
 198   1          write_com(0x80+add);
 199   1        else
 200   1          write_com(0x80+0x40+add);
 201   1        write_data(0x30+date/100000%10);
 202   1        write_data(0x30+date/100000%10);
 203   1        write_data(0x30+date/10000%10);
 204   1        write_data(0x30+date/1000%10);
 205   1        write_data('.');  
 206   1        write_data(0x30+date/100%10); 
 207   1        write_data(0x30+date/10%10);
 208   1        write_data('k');  
 209   1        write_data('m');  
 210   1      }
 211          
 212          /***********************lcd1602上显示两位十进制数************************/
 213          void write_sfm1(uchar hang,uchar add,uchar date)
 214          {
 215   1        if(hang==1)   
 216   1          write_com(0x80+add);
 217   1        else
 218   1          write_com(0x80+0x40+add);
 219   1        write_data(0x30+date % 10); 
 220   1      }
 221          
 222          
 223          /********************************************************************
 224          * 名称 : write_string(uchar hang,uchar add,uchar *p)
 225          * 功能 : 改变液晶中某位的值，如果要让第一行，第五个字符开始显示"ab cd ef" ，调用该函数如下
 226               write_string(1,5,"ab cd ef;")
 227          * 输入 : 行，列，需要输入1602的数据
 228          * 输出 : 无
 229          ***********************************************************************/
 230          void write_string(uchar hang,uchar add,uchar *p)
 231          {
 232   1        if(hang==1)   
 233   1          write_com(0x80+add);
 234   1        else
 235   1          write_com(0x80+0x40+add);
 236   1          while(1)
 237   1          {
 238   2            if(*p == '\0')  break;
 239   2            write_data(*p);
 240   2            p++;
 241   2          } 
C51 COMPILER V9.52.0.0   ___________________                                               05/04/2018 12:00:59 PAGE 5   

 242   1      }
 243          
 244          
 245          /***********************lcd1602上显示两位十进制数************************/
 246          void write_sfm2_ds1302(uchar hang,uchar add,uchar date)
 247          {
 248   1        if(hang==1)   
 249   1          write_com(0x80+add);
 250   1        else
 251   1          write_com(0x80+0x40+add);
 252   1        write_data(table_num[date / 16]);
 253   1        write_data(table_num[date % 16]); 
 254   1      }
 255          
 256          /*****************控制光标函数********************/
 257          void write_guanbiao(uchar hang,uchar add,uchar date)
 258          {   
 259   1        if(hang==1)   
 260   1          write_com(0x80+add);
 261   1        else
 262   1          write_com(0x80+0x40+add);
 263   1        if(date == 1)
 264   1          write_com(0x0f);     //显示光标并且闪烁 
 265   1        else 
 266   1          write_com(0x0c);   //关闭光标
 267   1      }  
 268          
 269          
 270          
 271          /********************************************************************
 272          * 名称 : init_1602()
 273          * 功能 : 初始化1602液晶 
 274          * 输入 : 无
 275          * 输出 : 无
 276          ***********************************************************************/
 277          void init_1602()      //1602初始化
 278          {
 279   1        write_com(0x38);
 280   1        write_com(0x0c);
 281   1        write_com(0x06);
 282   1        delay_uint(1000);
 283   1        write_string(1,0,"sd:00km/h  00:00");   
 284   1        write_string(2,0,"lc:00.00km      "); 
 285   1      }
 286          
 287          
 288           //  E309R
 289          
 290          /*************写一个数据到对应的地址里***************/
 291          void write_ds1302(uchar add,uchar dat)
 292          {   
 293   1        rst = 1;       //把复位线拿高
 294   1        for(i=0;i<8;i++)
 295   1        {            //低位在前
 296   2          clk = 0;     //时钟线拿低开始写数据
 297   2          io = add & 0x01;      
 298   2          add >>= 1;     //把地址右移一位
 299   2          clk = 1;     //时钟线拿高
 300   2        } 
 301   1        for(i=0;i<8;i++)
 302   1        {
 303   2          clk = 0;     //时钟线拿低开始写数据
C51 COMPILER V9.52.0.0   ___________________                                               05/04/2018 12:00:59 PAGE 6   

 304   2          io = dat & 0x01;
 305   2          dat >>= 1;     //把数据右移一位
 306   2          clk = 1;     //时钟线拿高
 307   2        }
 308   1        rst = 0;       //复位线合低
 309   1        clk = 0;
 310   1        io = 0;
 311   1      }
 312          
 313          /*************从对应的地址读一个数据出来***************/
 314          uchar read_ds1302(uchar add)
 315          {
 316   1        uchar value,i;
 317   1        rst = 1;       //把复位线拿高
 318   1        for(i=0;i<8;i++)
 319   1        {            //低位在前
 320   2          clk = 0;     //时钟线拿低开始写数据
 321   2          io = add & 0x01;      
 322   2          add >>= 1;     //把地址右移一位
 323   2          clk = 1;     //时钟线拿高
 324   2        }   
 325   1        for(i=0;i<8;i++)
 326   1        {
 327   2          clk = 0;     //时钟线拿低开始读数据
 328   2          value >>= 1;
 329   2          if(io == 1)
 330   2            value |= 0x80;
 331   2          clk = 1;     //时钟线拿高
 332   2        }
 333   1        rst = 0;       //复位线合低
 334   1        clk = 0;
 335   1        io = 0;
 336   1        return value;    //返回读出来的数据
 337   1      }
 338          
 339          
 340          
 341          /*************把要的时间 年月日 都读出来***************/
 342          void read_time()
 343          {
 344   1        miao = read_ds1302(read_add[0]);  //读秒
 345   1        fen  = read_ds1302(read_add[1]);  //读分
 346   1        shi  = read_ds1302(read_add[2]);  //读时
 347   1        ri   = read_ds1302(read_add[3]);  //读日
 348   1        yue  = read_ds1302(read_add[4]);  //读月
 349   1        nian = read_ds1302(read_add[5]);  //读年
 350   1        week = read_ds1302(read_add[6]);  //读星期
 351   1      }
 352          
 353          /*************把要写的时间 年月日 都写入ds1302里***************/
 354          void write_time()
 355          {
 356   1        write_ds1302(0x8e,0x00);      //打开写保护
 357   1        write_ds1302(write_add[0],miao);  //写秒
 358   1        write_ds1302(write_add[1],fen);   //写分
 359   1        write_ds1302(write_add[2],shi);   //写时
 360   1        write_ds1302(write_add[3],ri);    //写日
 361   1        write_ds1302(write_add[4],yue);   //写月
 362   1        write_ds1302(write_add[5],nian);  //写星期
 363   1        write_ds1302(write_add[6],week);  //写年
 364   1        write_ds1302(0x8e,0x80);      //关闭写保护
 365   1      }
C51 COMPILER V9.52.0.0   ___________________                                               05/04/2018 12:00:59 PAGE 7   

 366          
 367          /*************把数据保存到ds1302 RAM中**0-31*************/
 368          void write_ds1302ram(uchar add,uchar dat)
 369          {
 370   1        add <<= 1;     //地址是从第二位开始的
 371   1        add &= 0xfe;   //把最低位清零  是写的命令
 372   1        add |= 0xc0;   //地址最高两位为 1  
 373   1        write_ds1302(0x8e,0x00);
 374   1        write_ds1302(add,dat);  
 375   1        write_ds1302(0x8e,0x80);
 376   1      }
 377          
 378          /*************把数据从ds1302 RAM读出来**0-31*************/
 379          uchar read_ds1302ram(uchar add)
 380          {
 381   1        add <<= 1;     //地址是从第二位开始的
 382   1        add |= 0x01;   //把最高位置1  是读命令
 383   1        add |= 0xc0;   //地址最高两位为 1  
 384   1        return(read_ds1302(add)); 
 385   1      }
 386          
 387          
 388          
 389          
 390          /*************初始化ds1302时间***************/
 391          void init_ds1302()
 392          {
 393   1        uchar i;
 394   1        rst = 0;  //第一次读写数据时要把IO品拿低
 395   1        clk = 0;
 396   1        io = 0;
 397   1        i = read_ds1302ram(30);   
 398   1        if(i != 3)
 399   1        { 
 400   2          i = 3;
 401   2          write_ds1302ram(30,i);
 402   2          write_ds1302(0x8e,0x00);              //打开写保护
 403   2          for(i=0;i<7;i++)
 404   2            write_ds1302(write_add[i],init_ds[i]);  //把最高位值0 允许ds1302工作
 405   2          write_ds1302(0x8e,0x80);  //关写保护
 406   2        }
 407   1        write_sfm2(1,0,i);
 408   1      }
 409          
 410          void init_ds1302_io()
 411          {
 412   1        rst = 0;  //第一次读写数据时要把IO品拿低
 413   1        clk = 0;
 414   1        io = 0; 
 415   1      }
 416          
 417          /*************定时器0初始化程序***************/
 418          void init_1602_ds1302()
 419          {
 420   1        if((miao <= 0x60) || (shi <= 0x24))
 421   1        {
 422   2        //  write_sfm2_ds1302(2,3,nian);  
 423   2        //  write_sfm2_ds1302(2,6,yue); 
 424   2        //  write_sfm2_ds1302(2,9,ri);  
 425   2          write_sfm2_ds1302(1,11,shi);  
 426   2          write_sfm2_ds1302(1,14,fen);  
 427   2        //  write_sfm2_ds1302(1,14,miao);
C51 COMPILER V9.52.0.0   ___________________                                               05/04/2018 12:00:59 PAGE 8   

 428   2        //  write_sfm1(1,14,week);    
 429   2        }
 430   1      }
 431          
 432          /***********外部中断0初始化程序****************/
 433          void init_int0()
 434          {
 435   1        EX0=1;        //允许外部中断0中断
 436   1        EA=1;       //开总中断
 437   1        IT0 = 1;      //外部中断0负跳变中断
 438   1      }
 439          
 440          
 441          /*************定时器0初始化程序***************/
 442          void time_init()    //定时器0初始化程序 
 443          {
 444   1        EA   = 1;     //开总中断
 445   1        TMOD = 0X11;    //定时器0、工作方式1
 446   1        ET0  = 1;     //开定时器0中断 
 447   1        TR0  = 1;     //允许定时器0定时
 448   1        ET1  = 1;     //开定时器1中断 
 449   1        TR1  = 1;     //允许定时器1定时
 450   1      }
 451          
 452          /***********计算速度函数**************/
 453          void menu_dis()   //计算速度函数
 454          {
 455   1        static uchar value,value1;
 456   1        if(menu_1 == 0)
 457   1        { 
 458   2          if(flag_1s == 1)   
 459   2          { 
 460   3            flag_1s = 0;    
 461   3            if(flag_en == 0)
 462   3            {
 463   4              value ++;
 464   4              if(value >= 3)  //2秒
 465   4              { 
 466   5                speed_km = 0;  //速度为0
 467   5                shudu = (uint)speed_km; 
 468   5                value = 0;        
 469   5              }
 470   4            }
 471   3            if((flag_en == 1))
 472   3            { 
 473   4              value = 0;    
 474   4              flag_en = 0;   
 475   4               //1s = 1 / 1000000us;    // 1m/s=0.001km除以1/3600h=3.6km/h      
 476   4              f_hz = 1000000 / (t2_num * 65536.0 + TH11 * 256 + TL11);  //算出来就是秒
 477   4              t2_num = 0; //把变量清零
 478   4              TH11 = 0;
 479   4              TL11 = 0;            
 480   4              speed_m = f_hz * zhijing * 3.14  ;  //算出来的是m/s
 481   4              juli_z = (juli_z + (uint)speed_m) ;        //总路程m  
 482   4              speed_km = speed_m * 3.6 ;  //(带个小数点) km/s   
 483   4                shudu = (uint)speed_km;
 484   4              if(shudu >= 99)
 485   4                shudu = 99;
 486   4              zong_lc += speed_m;
 487   4              value1++;
 488   4              if(value1 >= 20)
 489   4              {
C51 COMPILER V9.52.0.0   ___________________                                               05/04/2018 12:00:59 PAGE 9   

 490   5                value1 = 0;
 491   5                write_eeprom();
 492   5              }
 493   4            }   
 494   3      
 495   3            write_sfm2(1,3,shudu);    
 496   3            write_sfm4(2,3,juli_z); 
 497   3      
 498   3          }
 499   2        }
 500   1      }
 501          
 502          /********************独立按键程序*****************/
 503          uchar key_can;   //按键值
 504          
 505          void key()   //独立按键程序
 506          {
 507   1        static uchar key_new;
 508   1        key_can = 20;                   //按键值还原
 509   1        P2 |= 0x78;                     //对应的按键IO口输出为1
 510   1        if((P2 & 0x78) != 0x78)   //按键按下
 511   1        {
 512   2          delay_1ms(1);       //按键消抖动
 513   2          if(((P2 & 0x78) != 0x78) && (key_new == 1))
 514   2          {           //确认是按键按下
 515   3            key_new = 0;
 516   3            switch(P2 & 0x78)
 517   3            {
 518   4              case 0x70:  key_can = 4;  break;   //得到按键值
 519   4              case 0x68:  key_can = 3;  break;   //得到按键值
 520   4              case 0x58:  key_can = 2;  break;   //得到按键值
 521   4              case 0x38:  key_can = 1;  break;   //得到按键值
 522   4            }
 523   3      //      write_sfm2(1,0,key_can);         //显示按键值
 524   3          }     
 525   2        }
 526   1        else 
 527   1          key_new = 1;  
 528   1      }
 529          
 530          
 531          /**********************设置函数************************/
 532          void key_with()
 533          {
 534   1        if(key_can == 1)  //设置键
 535   1        {
 536   2          menu_1++;
 537   2          if(menu_1 == 1)   //设置时间
 538   2          {
 539   3            menu_2 = 1;
 540   3            write_string(1,0,"    :  :    W:  ");     
 541   3            write_string(2,0," 20  -  -       "); 
 542   3          }
 543   2          if(menu_1 == 2)   //设置报警速度
 544   2          {
 545   3            menu_2 = 1;
 546   3            write_string(1,0,"set-sd:00km/h   ");     
 547   3            write_string(2,0,"zlc:             ");  
 548   3          }
 549   2          menu_2 = 1;
 550   2      
 551   2          if(menu_1 > 2)    //回到正常显示
C51 COMPILER V9.52.0.0   ___________________                                               05/04/2018 12:00:59 PAGE 10  

 552   2          {
 553   3            menu_1 = 0;
 554   3            write_guanbiao(1,2,0);    //关闭光标
 555   3            init_1602();      //1602初始化     //初始化液晶显示   
 556   3          }
 557   2        }
 558   1        if(key_can == 2)  //选择键
 559   1        {
 560   2          if(menu_1 == 1)     //设置时间
 561   2          {
 562   3            menu_2 ++;
 563   3            if(menu_2 > 7)
 564   3              menu_2 = 1;
 565   3          }
 566   2          if(menu_1 == 2)    //设置
 567   2          {
 568   3            menu_2 ++;
 569   3            if(menu_2 > 2)
 570   3              menu_2 = 1;       
 571   3          }
 572   2      
 573   2        }
 574   1        if(menu_1 == 1)
 575   1        {
 576   2          if(menu_2 == 1)     //设置时
 577   2          {
 578   3            if(key_can == 3)  //加
 579   3            {
 580   4              shi+=0x01;
 581   4              if((shi & 0x0f) >= 0x0a)
 582   4                shi = (shi & 0xf0) + 0x10;
 583   4              if(shi >= 0x24)
 584   4                shi = 0;
 585   4            }   
 586   3            if(key_can == 4)  //减
 587   3            {
 588   4              if(shi == 0x00)
 589   4                shi = 0x24;
 590   4              if((shi & 0x0f) == 0x00)
 591   4                shi = (shi | 0x0a) - 0x10;
 592   4              shi -- ; 
 593   4            }           
 594   3          }
 595   2          if(menu_2 == 2)     //设置分
 596   2          {
 597   3            if(key_can == 3)  //加
 598   3            {
 599   4              fen+=0x01;
 600   4              if((fen & 0x0f) >= 0x0a)
 601   4                fen = (fen & 0xf0) + 0x10;
 602   4              if(fen >= 0x60)
 603   4                fen = 0;
 604   4            }   
 605   3            if(key_can == 4)  //减    
 606   3            {
 607   4              if(fen == 0x00)
 608   4                fen = 0x5a;
 609   4              if((fen & 0x0f) == 0x00)
 610   4                fen = (fen | 0x0a) - 0x10;
 611   4              fen -- ;
 612   4            } 
 613   3          }
C51 COMPILER V9.52.0.0   ___________________                                               05/04/2018 12:00:59 PAGE 11  

 614   2          if(menu_2 == 3)     //设置秒
 615   2          {
 616   3            if(key_can == 3)  //加
 617   3            {
 618   4              miao+=0x01;
 619   4              if((miao & 0x0f) >= 0x0a)
 620   4                miao = (miao & 0xf0) + 0x10;
 621   4              if(miao >= 0x60)
 622   4                miao = 0;
 623   4            } 
 624   3            if(key_can == 4)  //减    
 625   3            {
 626   4              if(miao == 0x00)
 627   4                miao = 0x5a;
 628   4              if((miao & 0x0f) == 0x00)
 629   4                miao = (miao | 0x0a) - 0x10;
 630   4              miao -- ;     
 631   4            }
 632   3          }
 633   2          if(menu_2 == 4)     //设置星期
 634   2          {
 635   3            if(key_can == 3)  //加
 636   3            {
 637   4                week+=0x01;
 638   4              if((week & 0x0f) >= 0x0a)
 639   4                week = (week & 0xf0) + 0x10;
 640   4              if(week >= 0x08)
 641   4                week = 1;
 642   4            }   
 643   3            if(key_can == 4)  //减    
 644   3            {
 645   4              if(week == 0x01)
 646   4                week = 0x08;
 647   4              if((week & 0x0f) == 0x00)
 648   4                week = (week | 0x0a) - 0x10;
 649   4              week -- ;
 650   4            } 
 651   3          }
 652   2          if(menu_2 == 5)     //设置年
 653   2          {
 654   3            if(key_can == 3)  //加
 655   3            {
 656   4                nian+=0x01;
 657   4              if((nian & 0x0f) >= 0x0a)
 658   4                nian = (nian & 0xf0) + 0x10;
 659   4              if(nian >= 0x9a)
 660   4                nian = 1;
 661   4            }   
 662   3            if(key_can == 4)  //减    
 663   3            {
 664   4              if(nian == 0x01)
 665   4                nian = 0x9a;
 666   4              if((nian & 0x0f) == 0x00)
 667   4                nian = (nian | 0x0a) - 0x10;
 668   4              nian -- ;   
 669   4            } 
 670   3          }
 671   2          if(menu_2 == 6)     //设置月
 672   2          {
 673   3            if(key_can == 3)  //加
 674   3            {
 675   4                yue+=0x01;
C51 COMPILER V9.52.0.0   ___________________                                               05/04/2018 12:00:59 PAGE 12  

 676   4              if((yue & 0x0f) >= 0x0a)
 677   4                yue = (yue & 0xf0) + 0x10;
 678   4              if(yue >= 0x13)
 679   4                yue = 1;
 680   4            }   
 681   3            if(key_can == 4)  //减    
 682   3            {
 683   4              if(yue == 0x01)
 684   4                yue = 0x13;
 685   4              if((yue & 0x0f) == 0x00)
 686   4                yue = (yue | 0x0a) - 0x10;
 687   4              yue -- ;          
 688   4            } 
 689   3          }
 690   2          if(menu_2 == 7)     //设置日
 691   2          {
 692   3            if(key_can == 3)  //加
 693   3            {
 694   4              ri+=0x01;
 695   4            if((ri & 0x0f) >= 0x0a)
 696   4              ri = (ri & 0xf0) + 0x10;
 697   4            if(ri >= 0x32)
 698   4              ri = 0;     
 699   4            }   
 700   3            if(key_can == 4)  //减    
 701   3            {
 702   4              if(ri == 0x01)
 703   4                ri = 0x32;
 704   4              if((ri & 0x0f) == 0x00)
 705   4                ri = (ri | 0x0a) - 0x10;
 706   4              ri -- ;     
 707   4            } 
 708   3          }
 709   2          write_sfm2_ds1302(1,2,shi);    //显示时
 710   2          write_sfm2_ds1302(1,5,fen);    //显示分
 711   2          write_sfm2_ds1302(1,8,miao);     //显示秒
 712   2          write_sfm1(1,14,week);     //显示星期         
 713   2          write_sfm2_ds1302(2,3,nian);     //显示年
 714   2          write_sfm2_ds1302(2,6,yue);    //显示月
 715   2          write_sfm2_ds1302(2,9,ri);     //显示日
 716   2          switch(menu_2)     // 光标显示
 717   2          {
 718   3            case 1:  write_guanbiao(1,2,1);  break;
 719   3            case 2:  write_guanbiao(1,5,1);  break;
 720   3            case 3:  write_guanbiao(1,8,1);  break;
 721   3            case 4:  write_guanbiao(1,14,1); break;
 722   3            case 5:  write_guanbiao(2,3,1);  break;
 723   3            case 6:  write_guanbiao(2,6,1);  break;
 724   3            case 7:  write_guanbiao(2,9,1);  break;
 725   3          }
 726   2          write_time();    //把时间写进去
 727   2        } 
 728   1      
 729   1        if(menu_1 == 2)
 730   1        {   
 731   2          if(menu_2 == 1)     //设置速度
 732   2          {
 733   3            if(key_can == 3)  //加
 734   3            {
 735   4              bj_shudu++;
 736   4              if(bj_shudu >= 99)
 737   4                bj_shudu = 99;
C51 COMPILER V9.52.0.0   ___________________                                               05/04/2018 12:00:59 PAGE 13  

 738   4            } 
 739   3            if(key_can == 4)  //减    
 740   3            {
 741   4              if(bj_shudu != 0)
 742   4                bj_shudu -- ;     
 743   4            }
 744   3          } 
 745   2          if(menu_2 == 2)     //把总量程清零
 746   2          {
 747   3            if(key_can == 3)  
 748   3            {
 749   4              zong_lc= 0;
 750   4            } 
 751   3            if(key_can == 4)      
 752   3            {
 753   4              zong_lc= 0;     
 754   4            }
 755   3          } 
 756   2      
 757   2      
 758   2          write_sfm2(1,7,bj_shudu);   //显示报警速度
 759   2          write_sfm7(2,4,zong_lc);   //显示
 760   2          
 761   2          switch(menu_2)     // 光标显示
 762   2          {
 763   3            case 1:  write_guanbiao(1,6,1);  break;
 764   3            case 2:  write_guanbiao(2,3,1);  break;
 765   3          }
 766   2          write_eeprom();
 767   2        }
 768   1      }
 769          
 770          /****************报警函数***************/
 771          void clock_h_l()
 772          {
 773   1        static uchar value;    
 774   1        if((shudu >= bj_shudu))
 775   1        {
 776   2          value ++;  //消除实际距离在设定距离左右变化时的干扰
 777   2          if(value > 5)
 778   2          {
 779   3            beep = ~beep;     //蜂鸣器报警      
 780   3          } 
 781   2        }
 782   1        else
 783   1        {
 784   2          beep = 1; 
 785   2        }     
 786   1      }
 787          
 788          
 789          /******************主程序**********************/     
 790          void main()
 791          {
 792   1        beep = 0;
 793   1        delay_1ms(200) ;
 794   1        P0 = P1 = P2 = P3 = 0xff;  //IO口初始为电平
 795   1        init_ds1302_io();
 796   1        init_ds1302();
 797   1        init_1602();      //1602初始化
 798   1        init_int0();
 799   1        time_init();    //定时器0初始化程序 
C51 COMPILER V9.52.0.0   ___________________                                               05/04/2018 12:00:59 PAGE 14  

 800   1        init_eeprom();   //开机初始化保存的数据*
 801   1        while(1)
 802   1        {  //  shudu = 11;
 803   2          key();       //按键程序
 804   2          if(key_can < 10)
 805   2          {
 806   3            key_with(); 
 807   3      
 808   3          }
 809   2          if(flag_200ms == 1)
 810   2          {
 811   3            flag_200ms = 0;
 812   3            read_time();      //读时间
 813   3            if(menu_1 == 0)
 814   3              init_1602_ds1302();   //显示时钟
 815   3            menu_dis();   //计算速度函数
 816   3            clock_h_l();        //报警函数
 817   3          }
 818   2        }
 819   1      }
 820          
 821          
 822          /*********************外部中断0中断服务程序************************/
 823          void int0() interrupt 0
 824          {
 825   1        static uchar value;
 826   1        switch(value)
 827   1        {
 828   2          case 0: 
 829   2            t1_num = 0;    //第一次就把变量清零
 830   2            TH1 = 0;
 831   2            TL1 = 0;
 832   2            break;
 833   2          case 1: 
 834   2              t2_num = t1_num;  //保存
 835   2              TH11 = TH1;
 836   2              TL11 = TL1;
 837   2              flag_en = 1;
 838   2            break;
 839   2        }   
 840   1        value ++;
 841   1        if(value >= 2)
 842   1          value =0;
 843   1        /************
 844   1          2.1   16.6
 845   1          2   15.8
 846   1          1.9   15.0
 847   1        ************/
 848   1      }
 849          
 850          /*************定时器0中断服务程序***************/
 851          void time0_int() interrupt 1
 852          { 
 853   1        static uchar value;
 854   1        TH0 = 0x3c;
 855   1        TL0 = 0xb0;     // 50ms
 856   1        value++;
 857   1        if(value % 4 == 0)
 858   1          flag_200ms = 1;
 859   1      
 860   1        if(value >= 20)  //1秒   才是一秒钟的速度
 861   1        {
C51 COMPILER V9.52.0.0   ___________________                                               05/04/2018 12:00:59 PAGE 15  

 862   2          value = 0;
 863   2          flag_1s = 1;
 864   2        }
 865   1      }
 866          
 867          /*************定时器1中断服务程序***************/
 868          void time1_int() interrupt 3
 869          {
 870   1        t1_num++;
 871   1      }


MODULE INFORMATION:   STATIC OVERLAYABLE
   CODE SIZE        =   2835    ----
   CONSTANT SIZE    =    142    ----
   XDATA SIZE       =   ----    ----
   PDATA SIZE       =   ----    ----
   DATA SIZE        =     65       2
   IDATA SIZE       =   ----    ----
   BIT SIZE         =      1    ----
END OF MODULE INFORMATION.


C51 COMPILATION COMPLETE.  0 WARNING(S),  0 ERROR(S)
