<html>
<body>
<pre>
<h1>µVision Build Log</h1>
<h2>Tool Versions:</h2>
IDE-Version: ¦ÌVision V5.15
Copyright (C) 2015 ARM Ltd and ARM Germany GmbH. All rights reserved.
License Information: 123 Sky123.Org, Sky123.Org, LIC=TA39U-SRCJQ-79UG1-CH4SQ-BQK6X-Z50UV
 
Tool Versions:
Toolchain:       MDK-ARM Professional  Version: 5.15.0
Toolchain Path:  D:\Keil_v5\ARM\ARMCC\Bin
C Compiler:      Armcc.exe V5.05 update 2 (build 169)
Assembler:       Armasm.exe V5.05 update 2 (build 169)
Linker/Locator:  ArmLink.exe V5.05 update 2 (build 169)
Library Manager: ArmAr.exe V5.05 update 2 (build 169)
Hex Converter:   FromElf.exe V5.05 update 2 (build 169)
CPU DLL:         SARMCM3.DLL V5.15.0
Dialog DLL:      DARMCM1.DLL V1.12.0.0
Target DLL:      Nu_Link.dll V1.27
Dialog DLL:      TARMCM1.DLL V1.9.0.0
 
<h2>Project:</h2>
E:\stm32code\Smpl_Basic01_UART_printf\Keil\Template.uvproj
Project File Date:  08/06/2015

<h2>Output:</h2>
*** Using Compiler 'V5.05 update 2 (build 169)', folder: 'D:\Keil_v5\ARM\ARMCC\Bin'
Build target 'Template'
Clean started - Project: 'Template'
   deleting intermediate output files for target 'Template'
creating preprocessor file for system_M451Series.c...
compiling system_M451Series.c...
assembling startup_M451Series.s...
creating preprocessor file for main.c...
compiling main.c...
..\main.c(28): warning:  #223-D: function "Open_ADC_Knob" declared implicitly
      Open_ADC_Knob();
..\main.c(49): warning:  #223-D: function "Get_ADC_Knob" declared implicitly
                  adc=Get_ADC_Knob()*330/4096;
..\main.c: 2 warnings, 0 errors
creating preprocessor file for nuadc.c...
compiling nuadc.c...
creating preprocessor file for nuclk.c...
compiling nuclk.c...
creating preprocessor file for nugpio.c...
compiling nugpio.c...
creating preprocessor file for nuuart.c...
compiling nuuart.c...
creating preprocessor file for clk.c...
compiling clk.c...
creating preprocessor file for eadc.c...
compiling eadc.c...
creating preprocessor file for gpio.c...
compiling gpio.c...
creating preprocessor file for retarget.c...
compiling retarget.c...
creating preprocessor file for sys.c...
compiling sys.c...
creating preprocessor file for timer.c...
compiling timer.c...
creating preprocessor file for uart.c...
compiling uart.c...
linking...
Program Size: Code=5312 RO-data=440 RW-data=64 ZI-data=1328  
".\obj\template.axf" - 0 Error(s), 2 Warning(s).

*** Performing Cross-Module-Optimization:
compiling system_M451Series.c...
compiling main.c...
..\main.c(28): warning:  #223-D: function "Open_ADC_Knob" declared implicitly
      Open_ADC_Knob();
..\main.c(49): warning:  #223-D: function "Get_ADC_Knob" declared implicitly
                  adc=Get_ADC_Knob()*330/4096;
..\main.c: 2 warnings, 0 errors
compiling nuadc.c...
compiling nuclk.c...
compiling nugpio.c...
compiling nuuart.c...
compiling clk.c...
compiling eadc.c...
compiling gpio.c...
compiling retarget.c...
compiling sys.c...
compiling timer.c...
compiling uart.c...
linking...
Program Size: Code=3840 RO-data=440 RW-data=64 ZI-data=1328  
compiling system_M451Series.c...
compiling main.c...
..\main.c(28): warning:  #223-D: function "Open_ADC_Knob" declared implicitly
      Open_ADC_Knob();
..\main.c(49): warning:  #223-D: function "Get_ADC_Knob" declared implicitly
                  adc=Get_ADC_Knob()*330/4096;
..\main.c: 2 warnings, 0 errors
compiling nuadc.c...
compiling nuclk.c...
compiling nugpio.c...
compiling nuuart.c...
compiling clk.c...
compiling eadc.c...
compiling gpio.c...
compiling retarget.c...
compiling sys.c...
compiling timer.c...
compiling uart.c...
linking...
Program Size: Code=3840 RO-data=440 RW-data=64 ZI-data=1328  
After Build - User command #1: fromelf --bin ".\obj\template.axf" --output ".\obj\template.bin"
After Build - User command #2: fromelf --text -c ".\obj\template.axf" --output ".\obj\template.txt"
".\obj\template.axf" - 0 Error(s), 2 Warning(s).
*** Completed Cross-Module-Optimization after 3 iteration(s).
</pre>
</body>
</html>
