C51 COMPILER V9.01   电子琴                                                                06/21/2020 18:20:01 PAGE 1   


C51 COMPILER V9.01, COMPILATION OF MODULE 电子琴
OBJECT MODULE PLACED IN 电子琴.OBJ
COMPILER INVOKED BY: C:\Keil\C51\BIN\C51.EXE 电子琴.c BROWSE DEBUG OBJECTEXTEND

line level    source

   1          //头文件
   2          #include <reg51.h>
   3          #include <absacc.h> 
   4          #include <stdio.h> 
   5          #include <math.h> 
   6          //变量类型宏定义
   7          #define uchar unsigned char 
   8          #define uint unsigned int 
   9          uchar STH0; //定时器装入初值变量
  10          uchar STL0; 
  11          bit FY=0;   //放音标示位
  12          uchar Song_Index=0,Tone_Index=0;  
  13          uchar k, key; 
  14          sbit SPK=P3^7 ; //蜂鸣器端口定义
  15          sbit LED1=P1^0 ;//指示灯端口定义 
  16          sbit LED2=P1^1 ; 
  17          //播放音乐的乐谱数组
  18          uchar code DSY_CODE[]={0xc0,0xf9,0xa4,0xb0,0x99,0x92,0x82,0xf8,0x80,0x90,
  19          0x88,0x83,0xc6,0xa1,0x86,0x8e,0x89,0xa3,0x8c,0xc8};
  20          uchar code Song[][50]= 
  21          { {1,2,3,1,1,2,3,1,3,4,5,3,4,5,5,6,5,3,5,6,5,3,5,3,2,1,2,1,-1},
  22          {3,3,4,5,5,5,5,6,5,3,5,3,2,1,5,6,5,3,3,2,1,1,-1}, 
  23          {3,2,1,3,2,1,1,2,3,2,1,2,3,1,3,4,5,3,4,5,5,6,5,3,5,3,2,1,3,2,1,1,-1},
  24          {10,10,10,9,10,9,10,9,9,6,6,7,8,9,8,7,6,5,6,-1}, 
  25          {10,10,10,9,10,13,12,13,12,12,9,9,10,11,12,11,10,9,8,10,10,-1},
  26          {13,14,13,12,12,10,12,10,12,9,13,12,10,9,10,10,-1}, 
  27          {9,13,13,13,8,13,13,13,13,14,15,14,13,14,13,14,10,10,-1}, 
  28          {13,14,13,12,12,10,12,10,12,13,14,13,14,13,14,10,-1}, 
  29          {9,13,13,13,8,13,13,13,13,14,15,14,13,13,14,12,13,-1}, 
  30          {5,5,10,9,8,5,5,5,5,10,9,8,6,6,6,11,10,9,6,-1}, 
  31          {6,12,12,11,9,10,8,5,5,10,9,8,5,5,5,10,9,8,6,-1}, 
  32          {6,6,11,10,9,12,12,12,12,13,12,11,9,8,10,10,10,-1}, 
  33          {10,10,10,10,12,8,9,10,11,1,11,11,11,10,10,10,10,10,9,9,8,9,12,12,12,11, 9,8,-1}, 
  34          {13,13,8,13,13,13,13,14,15,14,13,14,13,14,10,10,13,14,13,12,12,10,12,10, 12,13,14,13,14,13,14,10,9,13,13,1
             -3,8,13,13,13,13,14,15,14,13,13,14,12,13,-1}, 
  35          {6,6,11,10,9,12,12,12,12,13,12,11,9,8,10,10,10,10,10,10,10,12,8,9,10,11,11,11,11,11,10,10,10,10,10,9,9,8,9
             -,12,12,12,11,9,8,-1},
  36          {1,2,3,4,5,6,7,8,9,10,11,12,13,14,15,16,17,18,19,20,21,-1}
  37          };
  38          uchar code Len[][50]= 
  39          {{1,1,1,1,1,1,1,1,1,1,2,1,1,2,1,1,1,1,1,1,1,1,1,1,1,2,2,2,-1},
  40          {1,1,1,1,1,1,2,1,1,1,1,1,1,1,2,1,1,1,1,1,1,2,2,-1}, 
  41          {1,1,2,1,1,2,1,1,1,1,1,1,1,1,1,1,2,1,1,2,1,1,1,1,1,1,1,2,1,1,2,2,-1},
  42          {1,1,1,1,2,1,1,1,1,0,1,1,0,1,1,0,1,1,2,-1}, 
  43          {1,1,1,1,0,1,1,1,1,1,0,1,1,0,1,1,0,1,1,3,1,-1}, 
  44          {0,1,1,0,1,1,2,1,1,0,1,1,0,1,1,2,-1}, 
  45          {0,1,1,2,0,1,1,0,1,1,0,1,1,0,1,1,2,1,-1}, 
  46          {0,1,1,0,1,1,2,1,1,0,1,1,0,1,1,4,-1}, 
  47          {0,1,1,2,0,1,1,0,1,1,0,1,1,0,1,4,-1}, 
  48          {1,1,1,1,1,1,1,1,1,1,1,1,1,1,1,1,1,1,1,-1}, 
  49          {1,1,1,1,1,1,1,1,1,1,1,1,1,1,1,1,1,1,1,-1}, 
  50          {1,1,1,1,1,1,1,1,1,1,1,1,1,1,1,1,1,-1}, 
  51          {1,1,1,1,1,1,1,1,1,1,1,1,1,1,1,1,1,1,1,1,1,1,1,1,1,1,1,1,-1},
  52          {1,1,2,0,1,1,0,1,1,0,1,1,0,1,1,2,1,0,1,1,0,1,1,2,1,1,0,1,1,0,1,1,4,0,1,1,2,0,1,1,0,1,1,0,1,1,0,1,4,-1}, 
  53          {1,1,1,1,1,1,1,1,1,1,1,1,1,1,1,1,1,1,1,1,1,1,1,1,1,1,1,1,1,1,1,1,1,1,1,1,1,1,1,1,1,1,1,1,1,-1}, 
C51 COMPILER V9.01   电子琴                                                                06/21/2020 18:20:01 PAGE 2   

  54          {1,1,1,1,1,1,1,1,1,1,1,1,1,1,1,1,1,1,1,1,1,-1} 
  55          };
  56          uint code tab[]=
  57          {0,63628,63835,64021,64103,64260,64400,64524, 
  58           64580,64684,64777,64820,64898,64968,65030, 
  59           65058,65110,65157,65178,65217,65252,65283 
  60          };
  61          //毫秒级延时子程序
  62          void delay1 (uint ms)        
  63          {
  64   1       uchar t;
  65   1       while (ms--) for (t=0;t<120;t++);
  66   1      } 
  67          //短暂延时子程序
  68           void delay(void) 
  69          { 
  70   1       uchar i; 
  71   1       for (i=300;i>0;i--); 
  72   1      } 
  73          //按键扫描子程序
  74           uchar getkey(void) 
  75           { 
  76   1         uchar scancode,tmpcode;
  77   1         if ((P0&0xf0)==0xf0)
  78   1            return (0);
  79   1         scancode = 0xfe; 
  80   1         while((scancode&0x10)!=0)    
  81   1         {                                            
  82   2             P0=scancode;  
  83   2             if((P0&0xf0)!=0xf0)  
  84   2             { 
  85   3               tmpcode = (P0&0xf0)|0x0f;
  86   3               return((~scancode)+(~tmpcode));
  87   3             } 
  88   2             else scancode=(scancode<<1)|0x01;  
  89   2         } 
  90   1      } 
  91          void EXO_IXT() interrupt 0
  92          { 
  93   1        FY=0;LED1=1;LED2=0;
  94   1      } 
  95          void EX1_INT() interrupt 2
  96          { 
  97   1         FY=1;LED1=0;LED2=1;
  98   1      }
  99          //定时器0中断函数，用于蜂鸣器发出不同的声音
 100          void time0_int(void) interrupt 1 using 0
 101          {      
 102   1         TH0 = STH0; 
 103   1         TL0 = STL0; 
 104   1          SPK=!SPK;           
 105   1         P2=DSY_CODE[k];
 106   1      } 
 107          //主函数
 108          void main(void)
 109          { LED1=1;
 110   1        LED2=0; 
 111   1        P2=0xc0;
 112   1        IE=0x87;
 113   1        TMOD=0x01;
 114   1        IT0=1;
 115   1        IT1=1;
C51 COMPILER V9.01   电子琴                                                                06/21/2020 18:20:01 PAGE 3   

 116   1        while(1)
 117   1         {
 118   2            P0=0xf0;    //按键按下判断 
 119   2            if((P0&0xf0)!=0xf0)   
 120   2              { 
 121   3               delay();     
 122   3               if((P0&0xf0)!=0xf0)    
 123   3                {
 124   4                  key=getkey();   //读取按下的按键值
 125   4                  switch(key)   
 126   4                    {
 127   5                    case 0x88:
 128   5                        k = 0;
 129   5                        break; 
 130   5                    case 0x48:    
 131   5                        k = 1; 
 132   5                        break;                
 133   5                     case 0x28:   
 134   5                        k = 2 ; 
 135   5                        break;  
 136   5                    case 0x18:   
 137   5                        k = 3 ; 
 138   5                        break;  
 139   5                    case 0x84:    
 140   5                        k = 4 ; 
 141   5                        break; 
 142   5                    case 0x44:    
 143   5                        k = 5 ; 
 144   5                        break; 
 145   5                    case 0x24:    
 146   5                        k = 6 ; 
 147   5                        break; 
 148   5                    case 0x14:   
 149   5                        k = 7 ; 
 150   5                        break; 
 151   5                    case 0x82:    
 152   5                        k = 8 ; 
 153   5                        break; 
 154   5                    case 0x42:    
 155   5                        k = 9 ; 
 156   5                        break; 
 157   5                    case 0x22:    
 158   5                        k = 10 ; 
 159   5                        break; 
 160   5                    case 0x12:    
 161   5                        k = 11 ; 
 162   5                        break;
 163   5                    case 0x81:    
 164   5                        k = 12 ; 
 165   5                        break; 
 166   5                    case 0x41:    
 167   5                        k = 13 ; 
 168   5                        break; 
 169   5                    case 0x21:    
 170   5                        k = 14 ; 
 171   5                        break; 
 172   5                    case 0x11:    
 173   5                        k = 15 ; 
 174   5                        break; 
 175   5                    default :
 176   5                        break; 
 177   5                             }
C51 COMPILER V9.01   电子琴                                                                06/21/2020 18:20:01 PAGE 4   

 178   4       if(FY==0)//在弹奏模式下，根据不同的键值蜂鸣器发出不同的声音
 179   4      {
 180   5                  STH0 = tab[k]/256;
 181   5                  STL0 = tab[k]%256;
 182   5                  TR0 = 1;                    
 183   5                  while ((P0&0xf0)!=0xf0);  
 184   5                  TR0=0;                  
 185   5                  } 
 186   4                    else 
 187   4                     { 
 188   5                       while (FY==1) //在放音状态下，根据按键对应的曲目放音
 189   5                        { 
 190   6                         if(Song[k][Tone_Index]==-1) 
 191   6                       Tone_Index=0;
 192   6                         STH0=(tab[Song[k][Tone_Index]])/256;
 193   6                         STL0=(tab[Song[k][Tone_Index]])%256;
 194   6                         P2=DSY_CODE[Song[k][Tone_Index]]; 
 195   6                         TR0 = 1; 
 196   6                         delay1(300*Len[k][Tone_Index]); 
 197   6                         Tone_Index++; 
 198   6                        TR0=0; 
 199   6                  }
 200   5      
 201   5                }
 202   4             }
 203   3           }
 204   2         }
 205   1      }
*** WARNING C291 IN LINE 90 OF 电子琴.C: not every exit path returns a value


MODULE INFORMATION:   STATIC OVERLAYABLE
   CODE SIZE        =    497    ----
   CONSTANT SIZE    =   1664    ----
   XDATA SIZE       =   ----    ----
   PDATA SIZE       =   ----    ----
   DATA SIZE        =      6    ----
   IDATA SIZE       =   ----    ----
   BIT SIZE         =      1    ----
END OF MODULE INFORMATION.


C51 COMPILATION COMPLETE.  1 WARNING(S),  0 ERROR(S)
