C51 COMPILER V8.02   4¸_¶ÀÁ¢Ê½°´¼ü¿_ÖÆLED_Æ¶¯                                              08/01/2011 10:33:46 PAGE 1   


C51 COMPILER V8.02, COMPILATION OF MODULE 4¸_¶ÀÁ¢Ê½°´¼ü¿_ÖÆLED_Æ¶¯
OBJECT MODULE PLACED IN 4¸ö¶ÀÁ¢Ê½°´¼ü¿ØÖÆLEDÒÆ¶¯.OBJ
COMPILER INVOKED BY: C:\Keil\C51\BIN\C51.EXE 4¸ö¶ÀÁ¢Ê½°´¼ü¿ØÖÆLEDÒÆ¶¯.C BROWSE DEBUG OBJECTEXTEND

line level    source

   1          /*
   2          *4¸ö¶ÀÁ¢Ê½°´¼ü¿ØÖÆLEDÒÆ¶¯*
   3          */
   4          #include <reg51.h>
   5          typedef unsigned char uint8;
   6          typedef unsigned int uint16;
   7          
   8          void delay(uint16 x)
   9          {
  10   1              uint16 i,j;
  11   1              for(i = x; i > 0; i --)
  12   1                      for(j = 114; j > 0; j --);              
  13   1      }
  14          
  15          uint8 i = 0,j = 0;
  16          
  17          void Move_LED()
  18          {
  19   1              if         ((P1 & 0x01) == 0x00) i = (i - 1) & 0x07;
  20   1              else if((P1 & 0x02) == 0x00) i = (i + 1) & 0x07;
  21   1              else if((P1 & 0x04) == 0x00) j = (j - 1) & 0x07; 
  22   1              else if((P1 & 0x08) == 0x00) j = (j + 1) & 0x07; 
  23   1              
  24   1              P0 = ~(1 << i);
  25   1              P3 = ~(1 << j); 
  26   1      }
  27          
  28          void main()
  29          {
  30   1              uint8 Key = 0x00;
  31   1              P0 = 0xFF;      P3 = 0xFF;
  32   1              while(1)
  33   1              {
  34   2                      if(P1 != Key)
  35   2                      {
  36   3                              Key = P1;
  37   3                              Move_LED();
  38   3                              delay(10);
  39   3                      }
  40   2              }
  41   1      }


MODULE INFORMATION:   STATIC OVERLAYABLE
   CODE SIZE        =    136    ----
   CONSTANT SIZE    =   ----    ----
   XDATA SIZE       =   ----    ----
   PDATA SIZE       =   ----    ----
   DATA SIZE        =      2    ----
   IDATA SIZE       =   ----    ----
   BIT SIZE         =   ----    ----
END OF MODULE INFORMATION.


C51 COMPILATION COMPLETE.  0 WARNING(S),  0 ERROR(S)
