C51 COMPILER V9.01   程序                                                                  04/18/2015 23:27:50 PAGE 1   


C51 COMPILER V9.01, COMPILATION OF MODULE 程序
OBJECT MODULE PLACED IN 程序.OBJ
COMPILER INVOKED BY: F:\电子工程\单片机模块\新建文件夹\C51\BIN\C51.EXE 程序.c DEBUG OBJECTEXTEND

line level    source

   1          #include <reg52.h>
   2          #include <intrins.h>     //                      包含头文件
   3          
   4          #define uint            unsigned int
   5          #define uchar           unsigned char
   6          #define ulong           unsigned long    //宏定义
   7          #define LCD_DATA        P0                               //定义P0口为LCD_DATA
   8          
   9          sbit LCD_RS =P2^5;
  10          sbit LCD_RW =P2^6;
  11          sbit LCD_E  =P2^7;                                               //定义LCD控制引脚
  12          
  13          sbit Xintiao =P1^0 ;                                     //脉搏检测输入端定义
  14          sbit speaker =P2^4;                                              //蜂鸣器引脚定义
  15          
  16          void delay5ms(void);   //误差 0us
  17          void LCD_WriteData(uchar LCD_1602_DATA);         /********LCD1602数据写入***********/
  18          void LCD_WriteCom(uchar LCD_1602_COM);           /********LCD1602命令写入***********/
  19          void lcd_1602_word(uchar Adress_Com,uchar Num_Adat,uchar *Adress_Data); /*1602字符显示函数，变量依次为字符
             -显示首地址，显示字符长度，所显示的字符*/
  20          void InitLcd();//液晶初始化函数
  21          
  22          void Tim_Init();
  23          
  24          uchar Xintiao_Change=0;    //
  25          uint  Xintiao_Jishu;
  26          uchar stop;
  27          uchar View_Data[3];
  28          uchar View_L[3];
  29          uchar View_H[3];
  30          uchar Xintiao_H=100;    //脉搏上限
  31          uchar Xintiao_L=40;             //脉搏下限
  32          
  33          
  34          uchar Key_Change;
  35          uchar Key_Value;                //按键键值
  36          uchar View_Con;                 //设置的位（0正常工作，1设置上限，2设置下限）
  37          uchar View_Change;
  38          
  39          void main()       //主函数
  40          {
  41   1       InitLcd();
  42   1       Tim_Init();
  43   1       lcd_1602_word(0x80,16,"Heart Rate:     ");       //初始化显示
  44   1       TR0=1;
  45   1       TR1=1;                           //打开定时器
  46   1       while(1)                         //进入循环
  47   1        {
  48   2         if(Key_Change)         //有按键按下并已经得出键值
  49   2          {
  50   3               Key_Change=0;    //将按键使能变量清零，等待下次按键按下
  51   3               View_Change=1;
  52   3               switch(Key_Value)                              //判断键值
  53   3                {
  54   4                 case 1:                                              //设置键按下
C51 COMPILER V9.01   程序                                                                  04/18/2015 23:27:50 PAGE 2   

  55   4                       {
  56   5                                View_Con++;                   //设置的位加
  57   5                                if(View_Con==3)               //都设置好后将此变量清零
  58   5                                 View_Con=0;
  59   5                                break;                                //跳出，下同
  60   5                               }
  61   4                 case 2:                                              //加键按下
  62   4                       {
  63   5                                if(View_Con==2)               //判断是设置上限
  64   5                                 {
  65   6                                      if(Xintiao_H<150)       //上限数值小于150
  66   6                                       Xintiao_H++;           //上限+
  67   6                                 }
  68   5                                if(View_Con==1)               //如果是设置下限
  69   5                                 {
  70   6                                      if(Xintiao_L<Xintiao_H-1)//下限值小于上限-1（下限值不能超过上限）
  71   6                                       Xintiao_L++;           //下限值加
  72   6                                 }
  73   5                                break;
  74   5                               }
  75   4                 case 3:                                              //减键按下
  76   4                       {
  77   5                                if(View_Con==2)               //设置上限
  78   5                                 {
  79   6                                      if(Xintiao_H>Xintiao_L+1)//上限数据大于下限+1（同样上限值不能小于下限）
  80   6                                       Xintiao_H--;           //上限数据减
  81   6                                 }
  82   5                                if(View_Con==1)               //设置下限
  83   5                                 {
  84   6                                      if(Xintiao_L>30)        //下限数据大于30时
  85   6                                       Xintiao_L--;           //下限数据减
  86   6                                 }
  87   5                                break;
  88   5                               } 
  89   4               }
  90   3              }
  91   2         if(View_Change)//开始显示变量
  92   2          {
  93   3               View_Change=0;//变量清零
  94   3               if(stop==0)                      //心率正常时
  95   3                {
  96   4                 if(View_Data[0]==0x30) //最高位为0时不显示
  97   4                  View_Data[0]=' ';
  98   4                }
  99   3               else                                     //心率不正常（计数超过5000，也就是两次信号时间超过5s）不显示数据
 100   3                {
 101   4                 View_Data[0]=' ';
 102   4                 View_Data[1]=' ';
 103   4                 View_Data[2]=' ';
 104   4                }
 105   3      
 106   3               switch(View_Con)
 107   3                {
 108   4                 case 0: //正常显示
 109   4                        {
 110   5                                 lcd_1602_word(0x80,16,"Heart Rate:     ");//显示一行数据
 111   5                                 lcd_1602_word(0xc0,16,"                ");//显示第二行数据
 112   5                                 lcd_1602_word(0xcd,3,View_Data);                      //第二行显示心率
 113   5                                 break;
 114   5                                }
 115   4                 case 1: //设置下限时显示
 116   4                        {
C51 COMPILER V9.01   程序                                                                  04/18/2015 23:27:50 PAGE 3   

 117   5                                 lcd_1602_word(0x80,16,"Heart Rate:     ");//第一行显示心率
 118   5                                 lcd_1602_word(0x8d,3,View_Data);
 119   5                                 
 120   5                                 View_L[0]=Xintiao_L/100+0x30;                //将下限数据拆字
 121   5                                 View_L[1]=Xintiao_L%100/10+0x30;
 122   5                                 View_L[2]=Xintiao_L%10+0x30;
 123   5      
 124   5                                 if(View_L[0]==0x30)                                  //最高位为0时，不显示
 125   5                                  View_L[0]=' ';
 126   5                                 
 127   5                                 lcd_1602_word(0xC0,16,"Warning L :     ");//第二行显示下限数据
 128   5                                 lcd_1602_word(0xCd,3,View_L);
 129   5                                 break;
 130   5                                }
 131   4                 case 2: //设置上限时显示（同上）
 132   4                        {
 133   5                                 lcd_1602_word(0x80,16,"Heart Rate:     ");
 134   5                                 lcd_1602_word(0x8d,3,View_Data);
 135   5                                 
 136   5                                 View_H[0]=Xintiao_H/100+0x30;
 137   5                                 View_H[1]=Xintiao_H%100/10+0x30;
 138   5                                 View_H[2]=Xintiao_H%10+0x30;
 139   5      
 140   5                                 if(View_H[0]==0x30)
 141   5                                  View_H[0]=' ';
 142   5                                 
 143   5                                 lcd_1602_word(0xC0,16,"Warning H :     ");
 144   5                                 lcd_1602_word(0xCd,3,View_H);
 145   5                                 break;
 146   5                                }
 147   4                }
 148   3              }
 149   2        }
 150   1      }
 151          
 152          void Time1() interrupt 3                //定时器1服务函数
 153          {
 154   1       static uchar Key_Con,Xintiao_Con;
 155   1       TH1=0xd8;                 //10ms
 156   1       TL1=0xf0;                 //重新赋初值
 157   1       switch(Key_Con)   //无按键按下时此值为0
 158   1        {
 159   2         case 0:                 //每10ms扫描此处
 160   2                {
 161   3                         if((P3&0x07)!=0x07)//扫描按键是否有按下
 162   3                          {
 163   4                               Key_Con++;               //有按下此值加1，值为1
 164   4                              }
 165   3                         break;
 166   3                        }
 167   2         case 1:                                        //10ms后二次进入中断后扫描此处（Key_Con为1）
 168   2                {
 169   3                         if((P3&0x07)!=0x07)//第二次进入中断时，按键仍然是按下（起到按键延时去抖的作用）
 170   3                          {
 171   4                               Key_Con++;               //变量加1，值为2
 172   4                               switch(P3&0x07)  //判断是哪个按键按下
 173   4                                {
 174   5                                 case 0x06:Key_Value=1;break;  //判断好按键后将键值赋值给变量Key_Value
 175   5                                 case 0x05:Key_Value=2;break;
 176   5                                 case 0x03:Key_Value=3;break;
 177   5                                }
 178   4                              }
C51 COMPILER V9.01   程序                                                                  04/18/2015 23:27:50 PAGE 4   

 179   3                         else                                                          //如果10ms时没有检测到按键按下（按下时间过短）
 180   3                              {
 181   4                               Key_Con=0;                                              //变量清零，重新检测按键
 182   4                              }
 183   3                         break;
 184   3                        }
 185   2         case 2:                                                                       //20ms后检测按键
 186   2                {
 187   3                         if((P3&0x07)==0x07)                           //检测按键是否还是按下状态
 188   3                          {
 189   4                               Key_Change=1;                                   //有按键按下使能变量，（此变量为1时才会处理键值数据）
 190   4                               Key_Con=0;                                             //变量清零，等待下次有按键按下
 191   4                              }
 192   3                         break;
 193   3                        }
 194   2        }
 195   1       
 196   1       switch (Xintiao_Con)//此处与上面按键的检测类似
 197   1        {
 198   2         case 0:                       //默认Xintiao_Con是为0的
 199   2                {
 200   3                         if(!Xintiao)//每10ms（上面的定时器）检测一次脉搏是否有信号
 201   3                          {
 202   4                               Xintiao_Con++;//如果有信号，变量加一，程序就会往下走了
 203   4                              }
 204   3                         break;
 205   3                        }
 206   2         case 1:
 207   2                {
 208   3                         if(!Xintiao)    //每过10ms检测一下信号是否还存在
 209   3                          {
 210   4                               Xintiao_Con++;//存在就加一
 211   4                              }
 212   3                         else
 213   3                          {
 214   4                               Xintiao_Con=0;//如果不存在了，检测时间很短，说明检测到的不是脉搏信号，可能是其他干扰，将变量清零，跳出
             -此次检测
 215   4                              } 
 216   3                         break;
 217   3                        }
 218   2        case 2:
 219   2                {
 220   3                         if(!Xintiao)
 221   3                          {
 222   4                               Xintiao_Con++;//存在就加一
 223   4                              }
 224   3                         else
 225   3                          {
 226   4                               Xintiao_Con=0;//如果不存在了，检测时间很短，说明检测到的不是脉搏信号，可能是其他干扰，将变量清零，跳出
             -此次检测
 227   4                              } 
 228   3                         break;
 229   3                        }
 230   2        case 3:
 231   2                {
 232   3                         if(!Xintiao)
 233   3                          {
 234   4                               Xintiao_Con++;//存在就加一
 235   4                              }
 236   3                         else
 237   3                          {
 238   4                               Xintiao_Con=0;//如果不存在了，检测时间很短，说明检测到的不是脉搏信号，可能是其他干扰，将变量清零，跳出
C51 COMPILER V9.01   程序                                                                  04/18/2015 23:27:50 PAGE 5   

             -此次检测
 239   4                              } 
 240   3                         break;
 241   3                        }
 242   2        case 4:
 243   2                {
 244   3                         if(Xintiao)//超过30ms一直有信号，判定此次是脉搏信号，执行以下程序
 245   3                          {
 246   4                               if(Xintiao_Change==1)//心率计原理为检测两次脉冲间隔时间计算心率，变量Xintiao_Change第一次脉冲时为0的，
             -所有走下面的else，第二次走这里
 247   4                                {
 248   5                                 View_Data[0]=(60000/Xintiao_Jishu)/100+0x30;
 249   5                         View_Data[1]=(60000/Xintiao_Jishu)%100/10+0x30;
 250   5                         View_Data[2]=(60000/Xintiao_Jishu)%10+0x30;
 251   5      
 252   5                                 if(((60000/Xintiao_Jishu)>=Xintiao_H)||((60000/Xintiao_Jishu)<=Xintiao_L))//心率不在范围内报警
 253   5                                  speaker=0;                  //蜂鸣器响
 254   5                                 else
 255   5                                  speaker=1;                  //不响
 256   5      
 257   5                                 View_Change=1;          //计算出心率后启动显示
 258   5                                 Xintiao_Jishu=0;        //心跳计数清零
 259   5                                 Xintiao_Change=0;   //计算出心率后该变量清零，准备下次检测心率
 260   5                                 stop=0;                         //计算出心率后stop清零
 261   5                                }
 262   4                               else//第一次脉冲时Xintiao_Change为0
 263   4                                {
 264   5                                 Xintiao_Jishu=0;     //脉冲计时变量清零，开始计时
 265   5                                 Xintiao_Change=1;//Xintiao_Change置1，准备第二次检测到脉冲时计算心率
 266   5                                }
 267   4                               Xintiao_Con=0; //清零，准备检测下一次脉冲
 268   4                               break;
 269   4                              }
 270   3                        }
 271   2        }
 272   1      }
 273          /**定时器T0工作函数**/
 274          void Time0() interrupt 1
 275          {
 276   1       TH0=0xfc;                 //1ms
 277   1       TL0=0x18;                 //重新赋初值
 278   1       Xintiao_Jishu++;  //心跳计数加
 279   1       if(Xintiao_Jishu==5000)//心跳计数大于5000
 280   1        {
 281   2         Xintiao_Jishu=0;             //数据清零
 282   2         View_Change=1;               //显示位置1
 283   2         Xintiao_Change=0;    //置零，准备再次检测
 284   2         stop=1;         //心跳计数超过5000后说明心率不正常或者没有测出，stop置1
 285   2         speaker=1;  //关闭蜂鸣器
 286   2        }
 287   1      }
 288          /**定时器初始化函数**/
 289          void Tim_Init()
 290          {
 291   1       EA=1;                    //打开中断总开关
 292   1       ET0=1;                   //打开T0中断允许开关
 293   1       ET1=1;                   //打开T1中断允许开关
 294   1       TMOD=0x11;               //设定定时器状态
 295   1       TH0=0xfc;                 //1ms
 296   1       TL0=0x18;                 //赋初值
 297   1       
 298   1       TH1=0xd8;                 //10ms
C51 COMPILER V9.01   程序                                                                  04/18/2015 23:27:50 PAGE 6   

 299   1       TL1=0xf0;                 //赋初值
 300   1      }
 301          /**在指定地址显示指定数量的指定字符**/
 302          /**Adress_Com显示地址，Num_Adat显示字符数量，Adress_Data显示字符串内容**/ 
 303          void lcd_1602_word(uchar Adress_Com,uchar Num_Adat,uchar *Adress_Data)
 304          {
 305   1       uchar a=0;
 306   1       uchar Data_Word;
 307   1       LCD_WriteCom(Adress_Com); //选中地址
 308   1       for(a=0;a<Num_Adat;a++)   //for循环决定显示字符个数
 309   1        {
 310   2         Data_Word=*Adress_Data;        //读取字符串数据
 311   2         LCD_WriteData(Data_Word);  //显示字符串
 312   2         Adress_Data++;                         //显示地址加一
 313   2        }
 314   1      }
 315          
 316          /***************1602函数*******************/
 317          void LCD_WriteData(uchar LCD_1602_DATA)  /********LCD1602数据写入***********/
 318          {
 319   1       delay5ms();  //操作前短暂延时，保证信号稳定
 320   1       LCD_E=0;
 321   1       LCD_RS=1;
 322   1       LCD_RW=0;
 323   1       _nop_();
 324   1       LCD_E=1;
 325   1       LCD_DATA=LCD_1602_DATA;
 326   1       LCD_E=0;
 327   1       LCD_RS=0;
 328   1      }
 329          
 330          /********LCD1602命令写入***********/
 331          void LCD_WriteCom(uchar LCD_1602_COM)
 332          {
 333   1       delay5ms();//操作前短暂延时，保证信号稳定
 334   1       LCD_E=0;
 335   1       LCD_RS=0;
 336   1       LCD_RW=0;
 337   1       _nop_();
 338   1       LCD_E=1;
 339   1       LCD_DATA=LCD_1602_COM;
 340   1       LCD_E=0;
 341   1       LCD_RS=0;
 342   1      }
 343          
 344          
 345          void InitLcd()             //初始化液晶函数
 346          {
 347   1       delay5ms();
 348   1       delay5ms();
 349   1       LCD_WriteCom(0x38); //display mode
 350   1       LCD_WriteCom(0x38); //display mode
 351   1       LCD_WriteCom(0x38); //display mode
 352   1       LCD_WriteCom(0x06); //显示光标移动位置
 353   1       LCD_WriteCom(0x0c); //显示开及光标设置
 354   1       LCD_WriteCom(0x01); //显示清屏
 355   1       delay5ms();
 356   1       delay5ms();
 357   1      }
 358          
 359          void delay5ms(void)   //5ms延时函数
 360          {
C51 COMPILER V9.01   程序                                                                  04/18/2015 23:27:50 PAGE 7   

 361   1          unsigned char a,b;
 362   1          for(b=185;b>0;b--)
 363   1              for(a=12;a>0;a--);
 364   1      }


MODULE INFORMATION:   STATIC OVERLAYABLE
   CODE SIZE        =   1055    ----
   CONSTANT SIZE    =     68    ----
   XDATA SIZE       =   ----    ----
   PDATA SIZE       =   ----    ----
   DATA SIZE        =     21       8
   IDATA SIZE       =   ----    ----
   BIT SIZE         =   ----    ----
END OF MODULE INFORMATION.


C51 COMPILATION COMPLETE.  0 WARNING(S),  0 ERROR(S)
