C51 COMPILER V9.00   红蚠报綺                                                              05/30/2018 19:40:44 PAGE 1   


C51 COMPILER V9.00, COMPILATION OF MODULE 红蚠报綺
OBJECT MODULE PLACED IN 红外报警.OBJ
COMPILER INVOKED BY: C:\Program Files (x86)\Labcenter Electronics\keil\C51\BIN\C51.EXE 红外报警.c BROWSE DEBUG OBJECTEXT
                    -END

line level    source

   1          //51单片机简人体红外报警器设计，手动按键控制实现紧急报警、布防、撤防、关闭报警）//
   2          #include <reg52.h>
   3          #define uchar unsigned char 
   4          #define uint  unsigned int 
   5          
   6          uchar Mode=1,Mode1=0;
   7          uchar t;
   8          
   9          sbit s1=P1^0;
  10          sbit s2=P1^2;
  11          sbit s3=P1^1;
  12          
  13          bit alarm=1,kai=1;
  14          
  15          sbit LR=P2^0;//红灯报警灯
  16          sbit LY=P2^2;//布防灯
  17          sbit LG=P2^1;//红外信号检测灯
  18          
  19          sbit Feng=P1^3;//蜂鸣器报警
  20          sbit HR=P0^3;//红外模块接入端口
  21          
  22          void delay(uint x) //毫秒级延时函数
  23          {
  24   1        uint i,j;
  25   1        for(i=x;i>0;i--)
  26   1           for(j=110;j>0;j--);
  27   1      }
  28          
  29          void di()
  30          {
  31   1              LR=0;//蜂鸣器报警，红灯跟随闪烁
  32   1              Feng=0;
  33   1              delay(80);
  34   1              LR=1;
  35   1              Feng=1;
  36   1              delay(200);     
  37   1      }
  38          void main()
  39          {
  40   1              LR=1;//初始化三个灯都是灭
  41   1              LG=1;
  42   1              LY=1;
  43   1              delay(5);
  44   1              while(1)
  45   1              {
  46   2                      if(s1==0)                               //紧急手动报警
  47   2                      {
  48   3                                      delay(5);          //延时消抖
  49   3                                      if(s1==0)       
  50   3                                      {
  51   4                                              delay(5);
  52   4                                              while(!s1);
  53   4                                              kai=0;
  54   4                                              LY=1;       
C51 COMPILER V9.00   红蚠报綺                                                              05/30/2018 19:40:44 PAGE 2   

  55   4                                              LG=1;
  56   4                                              alarm=0; //进入报警状态
  57   4                                              Mode1=1; //Mode1置1：紧急报警过程中以防按了布防键取消紧急报警
  58   4                                              delay(5);
  59   4                                      }                        
  60   3      
  61   3                      }
  62   2                      if(s3==0)                       //取消报警
  63   2                      {
  64   3                                                                      
  65   3                                      delay(5);
  66   3                                      if(s3==0)                               
  67   3                                      {
  68   4                                              delay(5);
  69   4                                              while(!s3);
  70   4                                              LR=1;
  71   4                                              LY=1;
  72   4                                              Mode=1;
  73   4                                              Mode1=0;
  74   4                                              alarm=1;
  75   4                                              delay(5);
  76   4                                      }
  77   3                      }
  78   2                      if(s2==0)                       //布防
  79   2                      {
  80   3                              if(Mode1==1) //判断Mode1的状态，如果是紧急报警状态就保持，否则进入布防设置
  81   3                              {
  82   4                                      alarm=0;
  83   4                              }
  84   3                              else
  85   3                              {
  86   4                                      for(t=0;t<200;t++)
  87   4                                      {
  88   5                                        LY=~LY;
  89   5                                        delay(200);
  90   5                                      }
  91   4                                      LR=1;
  92   4                                      LY=0;
  93   4                                      Mode=0; //布防状态标识
  94   4                                      kai=1;
  95   4                                      delay(5);
  96   4                              }
  97   3                                      
  98   3                      }               
  99   2                      if(alarm==0)
 100   2                      {
 101   3                              di();
 102   3                              delay(100);
 103   3                              di();
 104   3                              delay(100);
 105   3                      }
 106   2                      if(HR==1&&Mode==0)
 107   2                      {
 108   3                              alarm=0;//开始进入报警
 109   3                      }
 110   2                      else
 111   2                      {
 112   3                              if(kai)
 113   3                              {
 114   4                                      alarm=1;
 115   4                                      LR=1;
 116   4                              }
C51 COMPILER V9.00   红蚠报綺                                                              05/30/2018 19:40:44 PAGE 3   

 117   3                      }
 118   2                      if(HR==1)  //检测红外模块有信号，绿灯亮,否则灭
 119   2                      {          
 120   3                              LG=0;
 121   3                              delay(200);
 122   3                      }
 123   2                      else
 124   2                      {
 125   3                              LG=1;
 126   3                      }                        
 127   2              }
 128   1      }


MODULE INFORMATION:   STATIC OVERLAYABLE
   CODE SIZE        =    238    ----
   CONSTANT SIZE    =   ----    ----
   XDATA SIZE       =   ----    ----
   PDATA SIZE       =   ----    ----
   DATA SIZE        =      3    ----
   IDATA SIZE       =   ----    ----
   BIT SIZE         =      2    ----
END OF MODULE INFORMATION.


C51 COMPILATION COMPLETE.  0 WARNING(S),  0 ERROR(S)
