C51 COMPILER V8.02   花裚羅水灯                                                            07/30/2011 18:13:52 PAGE 1   


C51 COMPILER V8.02, COMPILATION OF MODULE 花裚羅水灯
OBJECT MODULE PLACED IN 花样流水灯.OBJ
COMPILER INVOKED BY: C:\Keil\C51\BIN\C51.EXE 花样流水灯.c BROWSE DEBUG OBJECTEXTEND

line level    source

   1          /*
   2          *花样流水灯*
   3          */
   4          #include <reg51.h>
   5          typedef unsigned char uint8;
   6          typedef unsigned int uint16;
   7          
   8          code uint8 LED []= 
   9          {
  10          0xFE,0xFD,0xFB,0xF7,0xEF,0xDF,0xBF,0x7F,        //往左一颗颗的亮
  11          0xBF,0xDF,0xEF,0xF7,0xFB,0xFD,0xFE,0xFF,        //返回一颗颗的亮
  12          0x7E,0xBD,0xDB,0xE7,0xDB,0xBD,0x7E,0xFF
  13          };
  14          
  15          void delay(uint16 x)
  16          {
  17   1              uint16 i,j;
  18   1              for(i = x; i > 0; i --)
  19   1                      for(j = 114; j > 0; j --);              
  20   1      }
  21          
  22          void main()
  23          {
  24   1              uint8 i;
  25   1              while(1)
  26   1              {
  27   2                      for(i = 0; i < 24; i ++)
  28   2                      {
  29   3                              P0 = LED[i];
  30   3                              delay(200);
  31   3                      }
  32   2              }       
  33   1      }


MODULE INFORMATION:   STATIC OVERLAYABLE
   CODE SIZE        =     52    ----
   CONSTANT SIZE    =     24    ----
   XDATA SIZE       =   ----    ----
   PDATA SIZE       =   ----    ----
   DATA SIZE        =   ----    ----
   IDATA SIZE       =   ----    ----
   BIT SIZE         =   ----    ----
END OF MODULE INFORMATION.


C51 COMPILATION COMPLETE.  0 WARNING(S),  0 ERROR(S)
