C51 COMPILER V9.01   KEY_DRIVE                                                             06/17/2020 21:36:37 PAGE 1   


C51 COMPILER V9.01, COMPILATION OF MODULE KEY_DRIVE
OBJECT MODULE PLACED IN .\Objects\key_drive.obj
COMPILER INVOKED BY: C:\Keil\C51\BIN\C51.EXE key_drive.c OPTIMIZE(9,SPEED) BROWSE DEBUG OBJECTEXTEND PRINT(.\Listings\ke
                    -y_drive.lst) OBJECT(.\Objects\key_drive.obj)

line level    source

   1          #include "key_drive.h"
   2          #include <STC8.h>
*** WARNING C318 IN LINE 2 OF key_drive.c: can't open file 'STC8.h'
   3          #include "operation.h"
   4          #include "insert_edit.h"
   5          #include "LCD1602.h"
   6          #include "display_driver.h"
   7          
   8          bit Edit_state;
   9          unsigned char*str=(unsigned char xdata*)0;
  10          unsigned char idata cursor_position;
  11          unsigned int Add,idata Add_backup;
  12          extern unsigned int idata Edit_location,Insert_node;
  13          
  14          struct{
  15                  unsigned char sign:1;
  16                  unsigned char list:3;
  17          }degree;
  18          
  19          void write_str(unsigned char b){//写入字符
  20   1              unsigned int a;
  21   1              if(Edit_state){
  22   2                      if(degree.sign){
  23   3                              str[Insert_node-2]=b;
  24   3                              refresh_str(str,Add<16?Add:Edit_location);
  25   3                              LCD1602_Write_Reg(cursor_position);
  26   3                      }
  27   2                      else{
  28   3                              for(a=Add++;a>=Insert_node;a--)str[a]=str[a-1];
  29   3                              str[Insert_node-1]=b;
  30   3                              Insert_node++;
  31   3                              Edit_location++;
  32   3                              refresh_str(str,Add<16?Add:Edit_location);
  33   3                              LCD1602_Write_Reg(Add<16?++cursor_position:cursor_position);
  34   3                      }
  35   2              }
  36   1              else{
  37   2                      if(degree.sign)Add--;
  38   2                      str[Add++]=b;
  39   2                      refresh_str(str,Add);
  40   2              }
  41   1      }
  42          
  43          void keydrive(unsigned char key){//处理按键
  44   1      //      LCD1602_Write_Reg(0xC0);
  45   1      //      LCD1602_Write_Data(key/100+'0');
  46   1      //      LCD1602_Write_Data(key/10%10+'0');
  47   1      //      LCD1602_Write_Data(key%10+'0');
  48   1              switch(key){
  49   2                      case 219://1
  50   2                              degree.sign=0;
  51   2                              write_str('1');
  52   2                              break;
  53   2                      case 215://2
C51 COMPILER V9.01   KEY_DRIVE                                                             06/17/2020 21:36:37 PAGE 2   

  54   2                              degree.sign=0;
  55   2                              write_str('2');
  56   2                              break;
  57   2                      case 159://3
  58   2                              degree.sign=0;
  59   2                              write_str('3');
  60   2                              break;
  61   2                      case 235://4
  62   2                              degree.sign=0;
  63   2                              write_str('4');
  64   2                              break;
  65   2                      case 231://5
  66   2                              degree.sign=0;
  67   2                              write_str('5');
  68   2                              break;
  69   2                      case 175://6
  70   2                              degree.sign=0;
  71   2                              write_str('6');
  72   2                              break;
  73   2                      case 249://7
  74   2                              degree.sign=0;
  75   2                              write_str('7');
  76   2                              break;
  77   2                      case 245://8
  78   2                              degree.sign=0;
  79   2                              write_str('8');
  80   2                              break;
  81   2                      case 189://9
  82   2                              degree.sign=0;
  83   2                              write_str('9');
  84   2                              break;
  85   2                      case 250://等于
  86   2                              Edit_state=cursor_position=degree.sign=degree.list=0;
  87   2                              LCD1602_Write_Reg(0x0C);
  88   2                        Ready_operation(str,Add);
  89   2                        Add_backup=Add;
  90   2                        Add=0;
  91   2                              break;
  92   2                      case 246://0
  93   2                              degree.sign=0;
  94   2                              write_str('0');
  95   2                              break;
  96   2                      case 190://点
  97   2                              degree.sign=0;
  98   2                              write_str('.');
  99   2                              break;
 100   2                      case 95://加
 101   2                              degree.sign=degree.list=0;
 102   2                              write_str('+');
 103   2                              break;
 104   2                      case 111://减
 105   2                              degree.sign=degree.list=0;
 106   2                              write_str('-');
 107   2                              break;
 108   2                      case 125://乘
 109   2                              degree.sign=degree.list=0;
 110   2                              write_str('x');
 111   2                              break;
 112   2                      case 126://除
 113   2                              degree.sign=degree.list=0;
 114   2                              write_str(253);
 115   2                              break;
C51 COMPILER V9.01   KEY_DRIVE                                                             06/17/2020 21:36:37 PAGE 3   

 116   2                      case 242://(
 117   2                              degree.sign=degree.list=0;
 118   2                              write_str('(');
 119   2                              break;
 120   2                      case 182://)
 121   2                              degree.sign=degree.list=0;
 122   2                              write_str(')');
 123   2                              break;
 124   2                      case 167://°'"
 125   2                              write_str(degree.list==0?0x6F:degree.list==1?'\'':'\"');
 126   2                              degree.sign=1;
 127   2                        if(++degree.list>=3)degree.list=0;
 128   2                              break;
 129   2                      case 241://sin
 130   2                              degree.sign=degree.list=0;
 131   2                              write_str('s');
 132   2                        write_str('i');
 133   2                        write_str('n');
 134   2                        write_str('(');
 135   2                              break;
 136   2                      case 181://cos
 137   2                              degree.sign=degree.list=0;
 138   2                              write_str('c');
 139   2                        write_str('o');
 140   2                        write_str('s');
 141   2                        write_str('(');
 142   2                              break;
 143   2                      case 61://tan
 144   2                              degree.sign=degree.list=0;
 145   2                              write_str('t');
 146   2                        write_str('a');
 147   2                        write_str('n');
 148   2                        write_str('(');
 149   2                              break;
 150   2                      case 119://退格
 151   2                              backspace(str);
 152   2                              break;
 153   2                      case 133://左移
 154   2                              cursor_left_shift(str);
 155   2                              break;
 156   2                      case 134://右移
 157   2                              cursor_right_shift(str);
 158   2                              break;
 159   2                      case 103://归零
 160   2                              degree.sign=degree.list=0;
 161   2                              initialize_LCD1602();
 162   2                              break;
 163   2              }
 164   1      }
 165          
 166          void key_scan(){//启动按键扫描
 167   1              IE&=0xFA;
*** ERROR C202 IN LINE 167 OF KEY_DRIVE.C: 'IE': undefined identifier
 168   1              INTCLKO&=0x8F;
*** ERROR C202 IN LINE 168 OF KEY_DRIVE.C: 'INTCLKO': undefined identifier
 169   1              AUXINTIF&=0x8E;
*** ERROR C202 IN LINE 169 OF KEY_DRIVE.C: 'AUXINTIF': undefined identifier
 170   1              IE2|=0x04;
*** ERROR C202 IN LINE 170 OF KEY_DRIVE.C: 'IE2': undefined identifier
 171   1      }
 172          
 173          void KEY1()interrupt 0{//按键触发
C51 COMPILER V9.01   KEY_DRIVE                                                             06/17/2020 21:36:37 PAGE 4   

 174   1              key_scan();
 175   1      }
 176          
 177          void KEY2()interrupt 2{//按键触发
 178   1              key_scan();
 179   1      }
 180          
 181          void KEY3()interrupt 10{//按键触发
 182   1              key_scan();
 183   1      }
 184          
 185          void KEY4()interrupt 11{//按键触发
 186   1              key_scan();
 187   1      }
 188          
 189          void GET_KEY()interrupt 12{//读取按键值
 190   1              unsigned char delay;
 191   1              static unsigned char key,b;
 192   1              AUXINTIF&=0x8E;
*** ERROR C202 IN LINE 192 OF KEY_DRIVE.C: 'AUXINTIF': undefined identifier
 193   1              switch(b++){
 194   2                      case 0:
 195   2                      case 1:
 196   2                      case 2:
 197   2                      case 3:
 198   2                      case 4:
 199   2                      case 5:
 200   2                      case 6:
 201   2                      case 7:
 202   2                      case 8:
 203   2                              if(P3!=0xCC){
*** ERROR C202 IN LINE 203 OF KEY_DRIVE.C: 'P3': undefined identifier
 204   3                                      key=P3;
*** ERROR C202 IN LINE 204 OF KEY_DRIVE.C: 'P3': undefined identifier
 205   3                                      P3=0x33;
*** ERROR C202 IN LINE 205 OF KEY_DRIVE.C: 'P3': undefined identifier
 206   3                                      for(delay=5;delay--;);
 207   3                                      key|=P3;
*** ERROR C202 IN LINE 207 OF KEY_DRIVE.C: 'P3': undefined identifier
 208   3                                      P3=0xCC;
*** ERROR C202 IN LINE 208 OF KEY_DRIVE.C: 'P3': undefined identifier
 209   3                              }
 210   2                      case 9:
 211   2                      case 10:
 212   2                      case 11:
 213   2                      case 12:
 214   2                      case 13:
 215   2                      case 14:
 216   2                      case 15:
 217   2                      case 16:
 218   2                      case 17:
 219   2                      case 18:
 220   2                      case 19:
 221   2                      case 20:if(b==20)key+=8;
 222   2                      case 21:
 223   2                      case 22:
 224   2                      case 23:
 225   2                      case 24:
 226   2                      case 25:
 227   2                              if(P3==0xCC){
*** ERROR C202 IN LINE 227 OF KEY_DRIVE.C: 'P3': undefined identifier
 228   3                                      b=0;
C51 COMPILER V9.01   KEY_DRIVE                                                             06/17/2020 21:36:37 PAGE 5   

 229   3                                      keydrive(key);
 230   3                                      AUXINTIF&=0x8E;
*** ERROR C202 IN LINE 230 OF KEY_DRIVE.C: 'AUXINTIF': undefined identifier
 231   3                                IE2&=0xFB;
*** ERROR C202 IN LINE 231 OF KEY_DRIVE.C: 'IE2': undefined identifier
 232   3                                      TCON&=0xF5;
*** ERROR C202 IN LINE 232 OF KEY_DRIVE.C: 'TCON': undefined identifier
 233   3                                IE|=0x05;
*** ERROR C202 IN LINE 233 OF KEY_DRIVE.C: 'IE': undefined identifier
 234   3                    INTCLKO|=0x30;
*** ERROR C202 IN LINE 234 OF KEY_DRIVE.C: 'INTCLKO': undefined identifier
 235   3                              }break;
 236   2                      case 26:
 237   2                               b=21;
 238   2                         if(key==119||key==133||key==134)keydrive(key);
 239   2              }
 240   1      }

C51 COMPILATION COMPLETE.  1 WARNING(S),  16 ERROR(S)
