C51 COMPILER V9.00   MIMASUO                                                               08/02/2017 20:53:05 PAGE 1   


C51 COMPILER V9.00, COMPILATION OF MODULE MIMASUO
OBJECT MODULE PLACED IN mimasuo.OBJ
COMPILER INVOKED BY: D:\KEIL4\C51\BIN\C51.EXE mimasuo.c DEBUG OBJECTEXTEND

line level    source

   1          //包含头文件
   2          #include <REG51.h>
   3          #include<intrins.h>
   4          //宏定义
   5          #define LCM_Data  P0              //将P0口定义为LCM_Data
   6          #define uchar unsigned char 
   7          #define uint  unsigned int
   8          //1602的控制脚
   9          sbit lcd1602_rs=P2^5;
  10          sbit lcd1602_rw=P2^6;
  11          sbit lcd1602_en=P2^7;
  12          
  13          sbit Scl=P3^4;                  //24C02串行时钟
  14          sbit Sda=P3^5;                  //24C02串行数据
  15          
  16          sbit ALAM = P2^1;               //报警  
  17          sbit KEY = P3^6;                //开锁
  18          
  19          bit  pass=0;                    //密码正确标志
  20          bit  ReInputEn=0;               //重置输入允许标志      
  21          bit  s3_keydown=0;              //3秒按键标志位
  22          bit  key_disable=0;             //锁定键盘标志
  23          
  24          unsigned char countt0,second;   //t0中断计数器,秒计数器
  25          
  26          void Delay5Ms(void);            //声明延时函数
  27          
  28          unsigned char code a[]={0xFE,0xFD,0xFB,0xF7};                           //控盘扫描控制表
  29          //液晶显示数据数组
  30          unsigned char code start_line[] = {"password:       "};
  31          unsigned char code name[]               = {"===Coded Lock==="}; //显示名称
  32          unsigned char code Correct[]    = {"     correct    "};         //输入正确
  33          unsigned char code Error[]      = {"      error     "};         //输入错误
  34          unsigned char code codepass[]   = {"      pass      "}; 
  35          unsigned char code LockOpen[]   = {"      open      "};         //OPEN
  36          unsigned char code SetNew[]     = {"SetNewWordEnable"};
  37          unsigned char code Input[]      = {"input:          "};         //INPUT
  38          unsigned char code ResetOK[]    = {"ResetPasswordOK "};
  39          unsigned char code initword[]   = {"Init password..."};
  40          unsigned char code Er_try[]             = {"error,try again!"};
  41          unsigned char code again[]              = {"input again     "};
  42          
  43          unsigned char InputData[6];                                                                     //输入密码暂存区
  44          unsigned char CurrentPassword[6]={0,0,0,0,0,0};                         //读取EEPROM密码暂存数组
  45          unsigned char TempPassword[6];
  46          unsigned char N=0;                              //密码输入位数记数
  47          unsigned char ErrorCont;                        //错误次数计数
  48          unsigned char CorrectCont;                      //正确输入计数
  49          unsigned char ReInputCont;                      //重新输入计数
  50          unsigned char code initpassword[6]={0,0,0,0,0,0};                       //输入管理员密码后将密码初始为000000
  51          unsigned char code adminpassword[6]={1,3,1,4,2,0};                      //输入管理员密码后将密码初始为000000
  52          
  53          
  54          //=====================5ms延时==============================
  55          void Delay5Ms(void)
C51 COMPILER V9.00   MIMASUO                                                               08/02/2017 20:53:05 PAGE 2   

  56          {
  57   1              unsigned int TempCyc = 5552;
  58   1              while(TempCyc--);
  59   1      }
  60          
  61          //===================400ms延时==============================
  62          void Delay400Ms(void)
  63          {
  64   1       unsigned char TempCycA = 5;
  65   1       unsigned int TempCycB;
  66   1       while(TempCycA--)
  67   1       {
  68   2        TempCycB=7269;
  69   2        while(TempCycB--);
  70   2       }
  71   1      }
  72          
  73          //=============================================================================================
  74          //================================24C02========================================================
  75          //=============================================================================================
  76          
  77          void mDelay(uint t) //延时
  78          { 
  79   1              uchar i;
  80   1              while(t--)
  81   1              {
  82   2                      for(i=0;i<125;i++)
  83   2                      {;}
  84   2              }
  85   1      }
  86             
  87          
  88          void Nop(void)            //空操作
  89          {
  90   1              _nop_();                  //仅作延时用一条语句大约1us
  91   1              _nop_();
  92   1              _nop_();
  93   1              _nop_();
  94   1      }
  95          
  96          /*****24c02程序参照24c02时序图*****/
  97          /*起始条件*/
  98          
  99          void Start(void)
 100          {
 101   1              Sda=1;
 102   1              Scl=1;
 103   1              Nop();
 104   1              Sda=0;
 105   1              Nop();
 106   1      }
 107          
 108          
 109           /*停止条件*/
 110          void Stop(void)
 111          {
 112   1              Sda=0;
 113   1              Scl=1;
 114   1              Nop();
 115   1              Sda=1;
 116   1              Nop();
 117   1      }
C51 COMPILER V9.00   MIMASUO                                                               08/02/2017 20:53:05 PAGE 3   

 118          
 119          /*应答位*/
 120          void Ack(void)
 121          {
 122   1              Sda=0;
 123   1              Nop();
 124   1              Scl=1;
 125   1              Nop();
 126   1              Scl=0;
 127   1      }
 128          
 129          /*反向应答位*/
 130          void NoAck(void)
 131          {
 132   1              Sda=1;
 133   1              Nop();
 134   1              Scl=1;
 135   1              Nop();
 136   1              Scl=0;
 137   1      }
 138          
 139           /*发送数据子程序，Data为要求发送的数据*/
 140          void Send(uchar Data)
 141          {
 142   1              uchar BitCounter=8;
 143   1              uchar temp;
 144   1              do
 145   1              {
 146   2                      temp=Data;                                         //将待发送数据暂存temp
 147   2                      Scl=0;
 148   2                      Nop();
 149   2                      if((temp&0x80)==0x80)              //将读到的数据&0x80
 150   2                      Sda=1;
 151   2                      else 
 152   2                      Sda=0;
 153   2                      Scl=1;
 154   2                      temp=Data<<1;                              //数据左移
 155   2                      Data=temp;                                         //数据左移后重新赋值Data
 156   2                      BitCounter--;                              //该变量减到0时，数据也就传送完成了
 157   2              }
 158   1              while(BitCounter);                                 //判断是否传送完成
 159   1              Scl=0;
 160   1      }
 161          
 162          /*读一字节的数据，并返回该字节值*/
 163          uchar Read(void)
 164          {
 165   1          uchar temp=0;
 166   1              uchar temp1=0;
 167   1              uchar BitCounter=8;
 168   1              Sda=1;
 169   1              do
 170   1              {
 171   2                      Scl=0;
 172   2                      Nop();
 173   2                      Scl=1;
 174   2                      Nop();
 175   2                      if(Sda)                            //数据位是否为1
 176   2                              temp=temp|0x01;    //为1 temp的最低位为1（|0x01，就是将最低位变为1）
 177   2                      else                               //如果为0
 178   2                              temp=temp&0xfe;    //temp最低位为0（&0xfe（11111110）最低位就是0）
 179   2                      if(BitCounter-1)           //BitCounter减1后是否为真
C51 COMPILER V9.00   MIMASUO                                                               08/02/2017 20:53:05 PAGE 4   

 180   2                      {
 181   3                              temp1=temp<<1;     //temp左移
 182   3                              temp=temp1;
 183   3                      }
 184   2                      BitCounter--;              //BitCounter减到0时，数据就接收完了
 185   2              }
 186   1              while(BitCounter);                 //判断是否接收完成
 187   1              return(temp);
 188   1      }
 189          
 190          void WrToROM(uchar Data[],uchar Address,uchar Num)
 191          {
 192   1        uchar i;
 193   1        uchar *PData;
 194   1        PData=Data;
 195   1        for(i=0;i<Num;i++)
 196   1        {
 197   2        Start();
 198   2        Send(0xa0);
 199   2        Ack();
 200   2        Send(Address+i);
 201   2        Ack();
 202   2        Send(*(PData+i));
 203   2        Ack();
 204   2        Stop();
 205   2        mDelay(20);
 206   2        }
 207   1      }
 208          
 209          void RdFromROM(uchar Data[],uchar Address,uchar Num)
 210          {
 211   1        uchar i;
 212   1        uchar *PData;
 213   1        PData=Data;
 214   1        for(i=0;i<Num;i++)
 215   1        {
 216   2        Start();
 217   2        Send(0xa0);
 218   2        Ack();
 219   2        Send(Address+i);
 220   2        Ack();
 221   2        Start();
 222   2        Send(0xa1);
 223   2        Ack();
 224   2        *(PData+i)=Read();
 225   2        Scl=0;
 226   2        NoAck();
 227   2        Stop();
 228   2        }
 229   1      }
 230          
 231          
 232          //==================================================================================================
 233          //=======================================LCD1602====================================================
 234          //==================================================================================================
 235          
 236          #define yi 0x80 //LCD第一行的初始位置,因为LCD1602字符地址首位D7恒定为1（100000000=80）
 237          #define er 0x80+0x40 //LCD第二行初始位置（因为第二行第一个字符位置地址是0x40）
 238          
 239          
 240          //----------------延时函数，后面经常调用----------------------
 241          void delay(uint xms)//延时函数，有参函数
C51 COMPILER V9.00   MIMASUO                                                               08/02/2017 20:53:05 PAGE 5   

 242          {
 243   1              uint x,y;
 244   1              for(x=xms;x>0;x--)
 245   1               for(y=110;y>0;y--);
 246   1      }
 247          
 248          //--------------------------写指令---------------------------
 249          void write_1602com(uchar com)//****液晶写入指令函数****
 250          {
 251   1              lcd1602_rs=0;//数据/指令选择置为指令
 252   1              lcd1602_rw=0; //读写选择置为写
 253   1              P0=com;//送入数据
 254   1              delay(1);
 255   1              lcd1602_en=1;//拉高使能端，为制造有效的下降沿做准备
 256   1              delay(1);
 257   1              lcd1602_en=0;//en由高变低，产生下降沿，液晶执行命令
 258   1      }
 259          
 260          //-------------------------写数据-----------------------------
 261          void write_1602dat(uchar dat)//***液晶写入数据函数****
 262          {
 263   1              lcd1602_rs=1;//数据/指令选择置为数据
 264   1              lcd1602_rw=0; //读写选择置为写
 265   1              P0=dat;//送入数据
 266   1              delay(1);
 267   1              lcd1602_en=1; //en置高电平，为制造下降沿做准备
 268   1              delay(1);
 269   1              lcd1602_en=0; //en由高变低，产生下降沿，液晶执行命令
 270   1      }
 271          
 272          //-------------------------初始化-------------------------
 273          void lcd_init(void)
 274          {
 275   1              write_1602com(0x38);//设置液晶工作模式，意思：16*2行显示，5*7点阵，8位数据
 276   1              write_1602com(0x0c);//开显示不显示光标
 277   1              write_1602com(0x06);//整屏不移动，光标自动右移
 278   1              write_1602com(0x01);//清显示
 279   1      }
 280          //========================================================================================
 281          //=========================================================================================
 282          //==============将按键值编码为数值=========================
 283          unsigned char coding(unsigned char m)    
 284          {
 285   1              unsigned char k;
 286   1              switch(m)
 287   1              {
 288   2                      case (0x11): k=1;break;
 289   2                      case (0x21): k=2;break;
 290   2                      case (0x41): k=3;break;
 291   2                      case (0x81): k='A';break;
 292   2                      case (0x12): k=4;break;
 293   2                      case (0x22): k=5;break;
 294   2                      case (0x42): k=6;break;
 295   2                      case (0x82): k='B';break;
 296   2                      case (0x14): k=7;break;
 297   2                      case (0x24): k=8;break;
 298   2                      case (0x44): k=9;break;
 299   2                      case (0x84): k='C';break;
 300   2                      case (0x18): k='*';break;
 301   2                      case (0x28): k=0;break;
 302   2                      case (0x48): k='#';break;
 303   2                      case (0x88): k='D';break;
C51 COMPILER V9.00   MIMASUO                                                               08/02/2017 20:53:05 PAGE 6   

 304   2              }
 305   1              return(k);
 306   1      }
 307          //=====================按键检测并返回按键值===============================
 308          unsigned char keynum(void)
 309          {
 310   1              unsigned char row,col,i;
 311   1              P1=0xf0;
 312   1              if((P1&0xf0)!=0xf0)
 313   1              {
 314   2                      Delay5Ms();
 315   2              Delay5Ms();
 316   2                      if((P1&0xf0)!=0xf0)
 317   2                      {
 318   3                      row=P1^0xf0;          //确定行线
 319   3                              i=0;
 320   3                              P1=a[i];                  //精确定位
 321   3                              while(i<4)
 322   3                              {
 323   4                                      if((P1&0xf0)!=0xf0)
 324   4                                      {
 325   5                                              col=~(P1&0xff);   //确定列线
 326   5                                              break;            //已定位后提前退出   
 327   5                                      }
 328   4                                      else 
 329   4                                      {
 330   5                                              i++;
 331   5                                              P1=a[i];
 332   5                                      }
 333   4                              }
 334   3                      }
 335   2                      else 
 336   2                      {
 337   3                              return 0;
 338   3                      }
 339   2                      while((P1&0xf0)!=0xf0);
 340   2                      return (row|col);                       //行线与列线组合后返回
 341   2              }
 342   1              else return 0;                          //无键按下时返回0
 343   1      }
 344          //=======================一声提示音，表示有效输入========================
 345          void OneAlam(void)
 346          {
 347   1              ALAM=0;
 348   1              Delay5Ms();
 349   1          ALAM=1;
 350   1      }
 351          //========================二声提示音，表示操作成功========================
 352          void TwoAlam(void)
 353          {
 354   1              ALAM=0;
 355   1              Delay5Ms();
 356   1          ALAM=1;
 357   1          Delay5Ms();
 358   1              ALAM=0;
 359   1              Delay5Ms();
 360   1          ALAM=1;
 361   1      }
 362          //========================三声提示音,表示错误========================
 363          void ThreeAlam(void)
 364          {
 365   1              ALAM=0;
C51 COMPILER V9.00   MIMASUO                                                               08/02/2017 20:53:05 PAGE 7   

 366   1              Delay5Ms();
 367   1          ALAM=1;
 368   1          Delay5Ms();
 369   1              ALAM=0;
 370   1              Delay5Ms();
 371   1          ALAM=1;
 372   1          Delay5Ms();
 373   1              ALAM=0;
 374   1              Delay5Ms();
 375   1          ALAM=1;
 376   1      }
 377          //=======================显示提示输入=========================
 378          void DisplayChar(void)
 379          {
 380   1              unsigned char i;
 381   1              if(pass==1)
 382   1              {
 383   2                      //DisplayListChar(0,1,LockOpen);
 384   2                      write_1602com(er);                                 //在二行开始显示
 385   2                      for(i=0;i<16;i++)
 386   2                      {
 387   3                              write_1602dat(LockOpen[i]);        //显示open 开锁成功
 388   3                      }
 389   2              }
 390   1              else
 391   1              {
 392   2                      if(N==0)
 393   2                      {
 394   3                              //DisplayListChar(0,1,Error);
 395   3                              write_1602com(er);
 396   3                              for(i=0;i<16;i++)
 397   3                              {
 398   4                                      write_1602dat(Error[i]);        //显示错误
 399   4                              }
 400   3                      }
 401   2                      else
 402   2                      {
 403   3                              //DisplayListChar(0,1,start_line);      
 404   3                              write_1602com(er);
 405   3                              for(i=0;i<16;i++)
 406   3                              {
 407   4                                      write_1602dat(start_line[i]);//显示开始输入     
 408   4                              }
 409   3                      }
 410   2              }
 411   1      }
 412          
 413          //========================重置密码==================================================
 414          //==================================================================================
 415          void ResetPassword(void)
 416          {
 417   1              unsigned char i;        
 418   1              unsigned char j;
 419   1              if(pass==0)
 420   1              {
 421   2                      pass=0;                    
 422   2                      DisplayChar();     //显示错误
 423   2                      ThreeAlam();       //没开锁时按下重置密码报警3声
 424   2              }
 425   1              else                               //开锁状态下才能进行密码重置程序
 426   1              {
 427   2              if(ReInputEn==1)   //开锁状态下，ReInputEn置1，重置密码允许
C51 COMPILER V9.00   MIMASUO                                                               08/02/2017 20:53:05 PAGE 8   

 428   2                      {
 429   3                              if(N==6)           //输入6位密码
 430   3                              {
 431   4                                      ReInputCont++;                  //密码次数计数  
 432   4                                      if(ReInputCont==2)              //输入两次密码
 433   4                                      {
 434   5                                              for(i=0;i<6;)
 435   5                                              {
 436   6                                                      if(TempPassword[i]==InputData[i])       //将两次输入的新密码作对比
 437   6                                                              i++;
 438   6                                                      else                                                            //如果两次的密码不同
 439   6                                                      {
 440   7                                                              //DisplayListChar(0,1,Error);
 441   7                                                              write_1602com(er);
 442   7                                                              for(j=0;j<16;j++)
 443   7                                                              {
 444   8                                                                      write_1602dat(Error[j]);        //显示错误Error
 445   8                                                              }
 446   7                                                              ThreeAlam();                    //错误提示      
 447   7                                                              pass=0;                                 //关锁
 448   7                                                              ReInputEn=0;                    //关闭重置功能，
 449   7                                                              ReInputCont=0;
 450   7                                                              DisplayChar();
 451   7                                                              break;
 452   7                                                      }
 453   6                                              } 
 454   5                                              if(i==6)
 455   5                                              {
 456   6                                                      //DisplayListChar(0,1,ResetOK);
 457   6                                                      write_1602com(er);
 458   6                                                      for(j=0;j<16;j++)
 459   6                                                      {
 460   7                                                              write_1602dat(ResetOK[j]);        //密码修改成功，显示
 461   7                                                      }
 462   6      
 463   6                                                      TwoAlam();                              //操作成功提示
 464   6                                                      WrToROM(TempPassword,0,6);              //将新密码写入24C02存储
 465   6                                                      ReInputEn=0;
 466   6                                              }
 467   5                                              ReInputCont=0;
 468   5                                              CorrectCont=0;
 469   5                                      }
 470   4                                      else                                      //输入一次密码时
 471   4                                      {
 472   5                                              OneAlam();
 473   5                                              //DisplayListChar(0, 1, again);                 //显示再次输入一次
 474   5                                              write_1602com(er);
 475   5                                              for(j=0;j<16;j++)
 476   5                                              {
 477   6                                                      write_1602dat(again[j]);                        //显示再输入一次
 478   6                                              }                                       
 479   5                                              for(i=0;i<6;i++)
 480   5                                              {
 481   6                                                      TempPassword[i]=InputData[i];           //将第一次输入的数据暂存起来                                            
 482   6                                              }
 483   5                                      }
 484   4      
 485   4                              N=0;                                            //输入数据位数计数器清零
 486   4                         }
 487   3                  }
 488   2              }
 489   1      }
C51 COMPILER V9.00   MIMASUO                                                               08/02/2017 20:53:05 PAGE 9   

 490          //=======================输入密码错误超过三过，报警并锁死键盘======================
 491          void Alam_KeyUnable(void)
 492          {
 493   1              P1=0x00;
 494   1              {
 495   2                      ALAM=~ALAM;                              //蜂鸣器一直闪烁鸣响
 496   2                      Delay5Ms();
 497   2              }
 498   1      }
 499          //=======================取消所有操作============================================
 500          void Cancel(void)
 501          {       
 502   1              unsigned char i;
 503   1              unsigned char j;
 504   1              //DisplayListChar(0, 1, start_line); 
 505   1              write_1602com(er);
 506   1              for(j=0;j<16;j++)
 507   1              {
 508   2                      write_1602dat(start_line[j]);     //显示开机输入密码界面
 509   2              }
 510   1              TwoAlam();                              //提示音
 511   1              for(i=0;i<6;i++)
 512   1              {
 513   2                      InputData[i]=0;         //将输入密码清零
 514   2              }
 515   1              KEY=1;                                  //关闭锁
 516   1              ALAM=1;                                 //报警关
 517   1              pass=0;                                 //密码正确标志清零
 518   1              ReInputEn=0;                    //重置输入充许标志清零
 519   1              ErrorCont=0;                    //密码错误输入次数清零
 520   1              CorrectCont=0;                  //密码正确输入次数清零
 521   1              ReInputCont=0;                  //重置密码输入次数清零 
 522   1              s3_keydown=0;
 523   1              key_disable=0;                  //锁定键盘标志清零
 524   1              N=0;                                    //输入位数计数器清零
 525   1      }
 526          
 527          //==========================确认键，并通过相应标志位执行相应功能===============================
 528          void Ensure(void)
 529          {       
 530   1              unsigned char i,j;
 531   1              RdFromROM(CurrentPassword,0,6);                                         //从24C02里读出存储密码
 532   1          if(N==6)
 533   1              {
 534   2                  if(ReInputEn==0)                                                    //重置密码功能未开启
 535   2                      {
 536   3                              for(i=0;i<6;)
 537   3                              {                                       
 538   4                                      if(CurrentPassword[i]==InputData[i])    //判断输入密码和24c02中的密码是否相同
 539   4                                      {
 540   5                                              i++;                                                            //相同一位 i就+1
 541   5                                      }
 542   4                                      else                                                                    //如果有密码不同
 543   4                                      {                                                                               
 544   5                                              ErrorCont++;                                            //错误次数++
 545   5                                              if(ErrorCont==3)                        //错误输入计数达三次时，报警并锁定键盘
 546   5                                              {
 547   6                                                      write_1602com(er);
 548   6                                                      for(i=0;i<16;i++)
 549   6                                                      {
 550   7                                                              write_1602dat(Error[i]);        
 551   7                                                      }
C51 COMPILER V9.00   MIMASUO                                                               08/02/2017 20:53:05 PAGE 10  

 552   6                                                      do
 553   6                                                      Alam_KeyUnable();
 554   6                                                      while(1);
 555   6                                              }
 556   5                                              else                                     //错误次数小于3次时，锁死键盘3秒，然后重新可以输入
 557   5                                              {
 558   6                                                      TR0=1;                          //开启定时
 559   6                                                      key_disable=1;                  //锁定键盘
 560   6                                                      pass=0;                                 //pass位清零
 561   6                                                      break;                                  //跳出
 562   6                                              }
 563   5                                      }
 564   4                              }
 565   3      
 566   3                              if(i==6)                                         //密码输入对时
 567   3                              {
 568   4                                      if((InputData[0]==adminpassword[0])&&(InputData[1]==adminpassword[1])&&(InputData[2]==adminpassword[2]
             -)&&(InputData[3]==adminpassword[3])&&(InputData[4]==adminpassword[4])&&(InputData[5]==adminpassword[5]))
 569   4                                      {
 570   5                                              WrToROM(initpassword,0,6);                              //强制将初始密码写入24C02存储
 571   5                                              write_1602com(er);
 572   5                                              for(j=0;j<16;j++)
 573   5                                              {
 574   6                                                      write_1602dat(initword[j]);                             //显示初始化密码
 575   6                                              }
 576   5                                              TwoAlam();                                                                      //成功提示音
 577   5                                              Delay400Ms();                                                           //延时400ms
 578   5                                              TwoAlam();                                                                      //成功提示音
 579   5                                              N=0;                                                                            //输入位数计数器清零
 580   5                                      }
 581   4                                      else 
 582   4                                      {
 583   5                                              CorrectCont++;                                  //输入正确变量++
 584   5                                              if(CorrectCont==1)                              //正确输入计数，当只有一次正确输入时，开锁
 585   5                                              {
 586   6                                                      //DisplayListChar(0,1,LockOpen);
 587   6                                                      write_1602com(er);
 588   6                                                      for(j=0;j<16;j++)
 589   6                                                      {
 590   7                                                              write_1602dat(LockOpen[j]);               //显示open开锁画面
 591   7                                                      }
 592   6                                                      TwoAlam();                      //操作成功提示音
 593   6                                                      KEY=0;                                                                                  //开锁
 594   6                                                      pass=1;                                                                                 //置正确标志位
 595   6                                                      TR0=1;                                                                                  //开启定时
 596   6                                                      for(j=0;j<6;j++)                                                                //将输入清除
 597   6                                                      {
 598   7                                                              InputData[i]=0;                                                         //开锁后将输入位清零
 599   7                                                      }
 600   6                                              }       
 601   5                                              else                                                                                            //当两次正确输入时，开启重置密码功能
 602   5                                              {
 603   6                                                      write_1602com(er);
 604   6                                                      for(j=0;j<16;j++)
 605   6                                                      {
 606   7                                                              write_1602dat(SetNew[j]);                                       //显示重置密码界面
 607   7                                                      }
 608   6                                                      TwoAlam();                                                                          //操作成功提示
 609   6                                                      ReInputEn=1;                                                                    //允许重置密码输入
 610   6                                                      CorrectCont=0;                                                                  //正确计数器清零
 611   6                                              }
 612   5                                      }
C51 COMPILER V9.00   MIMASUO                                                               08/02/2017 20:53:05 PAGE 11  

 613   4                              }
 614   3              
 615   3                              else                    //=========================当第一次使用或忘记密码时可以用131420对其密码初始化============
 616   3                              {
 617   4                                      if((InputData[0]==adminpassword[0])&&(InputData[1]==adminpassword[1])&&(InputData[2]==adminpassword[2]
             -)&&(InputData[3]==adminpassword[3])&&(InputData[4]==adminpassword[4])&&(InputData[5]==adminpassword[5]))
 618   4                                      {
 619   5                                              WrToROM(initpassword,0,6);                              //强制将初始密码写入24C02存储
 620   5                                              write_1602com(er);
 621   5                                              for(j=0;j<16;j++)
 622   5                                              {
 623   6                                                      write_1602dat(initword[j]);                             //显示初始化密码
 624   6                                              }
 625   5                                              TwoAlam();                                                                      //成功提示音
 626   5                                              Delay400Ms();                                                           //延时400ms
 627   5                                              TwoAlam();                                                                      //成功提示音
 628   5                                              N=0;                                                                            //输入位数计数器清零
 629   5                                      }
 630   4                                      else                                                                                    //密码输入错误
 631   4                                      {
 632   5                                              write_1602com(er);
 633   5                                              for(j=0;j<16;j++)
 634   5                                              {
 635   6                                                      write_1602dat(Error[j]);                                 //显示错误信息
 636   6                                              }
 637   5                                              ThreeAlam();                                                                            //错误提示音
 638   5                                              pass=0; 
 639   5                                      }
 640   4                              }
 641   3                      }
 642   2      
 643   2                      else                                                                                    //当已经开启重置密码功能时，而按下开锁键，
 644   2                      {
 645   3                              //DisplayListChar(0,1,Er_try);
 646   3                              write_1602com(er);
 647   3                              for(j=0;j<16;j++)
 648   3                              {
 649   4                                      write_1602dat(Er_try[j]);                         //错误，请重新输入
 650   4                              }
 651   3                              ThreeAlam();                                                      //错误提示音
 652   3                      }
 653   2              }
 654   1      
 655   1              else                               //密码没有输入到6位时，按下确认键时
 656   1              {
 657   2                      //DisplayListChar(0,1,Error);
 658   2                      write_1602com(er);
 659   2                      for(j=0;j<16;j++)
 660   2                      {
 661   3                              write_1602dat(Error[j]);                 //显示错误
 662   3                      }
 663   2      
 664   2                      ThreeAlam();                                                                            //错误提示音
 665   2                      pass=0; 
 666   2              }
 667   1              
 668   1              N=0;                                                                                                    //将输入数据计数器清零，为下一次输入作准备
 669   1      }
 670          
 671          
 672          //==============================主函数===============================
 673          void main(void)
C51 COMPILER V9.00   MIMASUO                                                               08/02/2017 20:53:05 PAGE 12  

 674          {
 675   1              unsigned char KEY,NUM;
 676   1              unsigned char i,j;
 677   1              P1=0xFF;                                   //P1口复位
 678   1              TMOD=0x11;                                 //定义工作方式
 679   1              TL0=0xB0;
 680   1              TH0=0x3C;                                  //定时器赋初值
 681   1              EA=1;                                      //打开中断总开关
 682   1              ET0=1;                                     //打开中断允许开关
 683   1              TR0=0;                                     //打开定时器开关
 684   1              Delay400Ms();   //启动等待，等LCM讲入工作状态
 685   1              lcd_init();     //LCD初始化
 686   1              write_1602com(yi);//日历显示固定符号从第一行第0个位置之后开始显示
 687   1              for(i=0;i<16;i++)
 688   1              {
 689   2                      write_1602dat(name[i]);//向液晶屏写开机画面
 690   2              }
 691   1              write_1602com(er);
 692   1              for(i=0;i<16;i++)
 693   1              {
 694   2                      write_1602dat(start_line[i]);//写输入密码等待界面
 695   2              }
 696   1              write_1602com(er+9);    //设置光标位置
 697   1              write_1602com(0x0f);    //设置光标为闪烁
 698   1              Delay5Ms(); //延时片刻(可不要)
 699   1      
 700   1              N=0;                                                                                                            //初始化数据输入位数
 701   1              while(1)                 //进入循环
 702   1              {
 703   2                      if(key_disable==1)                                              //锁定键盘标志为1时
 704   2                              Alam_KeyUnable();                                       //报警键盘锁
 705   2                      else
 706   2                              ALAM=1;                                                         //关报警
 707   2      
 708   2                      KEY=keynum();                                                   //读按键的位置码
 709   2                      if(KEY!=0)                                                              //当有按键按下时
 710   2                      {       
 711   3                              if(key_disable==1)                                      //锁定键盘标志为1时
 712   3                              {
 713   4                                      second=0;                                               //秒清零
 714   4                              }
 715   3                              else                                                            //没有锁定键盘时
 716   3                              {
 717   4                                      NUM=coding(KEY);                                //根据按键的位置将其编码，编码值赋值给NUM
 718   4                                      {
 719   5                                              switch(NUM)                                     //判断按键值
 720   5                                              {
 721   6                                                      case ('A'):     ;                                       break;
 722   6                                                      case ('B'):             ;                               break;
 723   6                                                      case ('C'):
 724   6                                                                              write_1602com(yi);//日历显示固定符号从第一行第0个位置之后开始显示
 725   6                                                                              for(i=0;i<16;i++)
 726   6                                                                              {
 727   7                                                                                      write_1602dat(name[i]);//向液晶屏写开机画面
 728   7                                                                              }
 729   6                                                                              if(N>=1) N--;   OneAlam();                                                              //按键提示音                                            
 730   6                                                                              //DisplayOneChar(6+N,1,'*');
 731   6                                                                              for(j=N;j<16;j++)
 732   6                                                                              {
 733   7                                                                                      write_1602com(er+6+j);
 734   7                                                                                      write_1602dat(' ');
 735   7                                                                              }
C51 COMPILER V9.00   MIMASUO                                                               08/02/2017 20:53:05 PAGE 13  

 736   6                                                                              for(j=0;j<N;j++)
 737   6                                                                              {
 738   7                                                                                      write_1602com(er+6+j);                          //显示位数随输入增加而增加
 739   7                                                                                      write_1602dat('*');                                     //但不显示实际数字，用*代替
 740   7                                                                              }  
 741   6                                                                              InputData[N]=N+4;
 742   6                                                                              break;          //ABC是无定义按键
 743   6                                                      case ('D'): ResetPassword();            break;      //重新设置密码
 744   6                                                      case ('*'): Cancel();                           break;      //取消当前输入
 745   6                                                      case ('#'): Ensure();                           break;          //确认键，
 746   6                                                      default:                                                                                //如果不是功能键按下时，就是数字键按下
 747   6                                                      {       
 748   7                                                              //DisplayListChar(0,1,Input);
 749   7                                                              if(N<6)                                                         //当输入的密码少于6位时，接受输入并保存，大于6位时则无效。
 750   7                                                              { 
 751   8                                                                      write_1602com(er);
 752   8                                                                      for(i=0;i<16;i++)
 753   8                                                                      {
 754   9                                                                              write_1602dat(Input[i]);                                //显示输入画面
 755   9                                                                      } 
 756   8                                                                      OneAlam();                                                              //按键提示音    
 757   8                                                                      for(j=0;j<=N;j++)
 758   8                                                                      {
 759   9                                                                              write_1602com(er+6+j);                          //显示位数随输入增加而增加
 760   9                                                                              write_1602dat('*');                                     //但不显示实际数字，用*代替
 761   9                                                                      }
 762   8                                                                      InputData[N]=NUM;                                               //将数字键的码赋值给InputData[]数组暂存
 763   8                                                                      N++;                                                                    //密码位数加
 764   8                                                              }
 765   7                                                              else                                                                            //输入数据位数大于6后，忽略输入
 766   7                                                              {
 767   8                                                                      N=6;                                                                    //密码输入大于6位时，不接受输入
 768   8                                                                      break;
 769   8                                                              }
 770   7                                                      }
 771   6                                              }
 772   5                                      }
 773   4                              }
 774   3                      } 
 775   2              }
 776   1      }
 777          
 778          //*********************************中断服务函数**************************************
 779          void  time0_int(void) interrupt 1                  //定时器T0
 780          {
 781   1              TL0=0xB0;
 782   1              TH0=0x3C;                 //定时器重新赋初值
 783   1              //TR0=1;
 784   1              countt0++;                         //计时变量加，加1次时50ms
 785   1              if(countt0==20)            //加到20次就是1s
 786   1              {
 787   2                      countt0=0;                 //变量清零
 788   2                      second++;                  //秒加
 789   2                      if(pass==1)                //开锁状态时
 790   2                      {
 791   3                              if(second==1)                   //秒加到1s时
 792   3                              {
 793   4                                      TR0=0;                          //关定时器
 794   4                                      TL0=0xB0;
 795   4                                      TH0=0x3C;                       //再次赋初值
 796   4                                      second=0;                       //秒清零
 797   4                              }
C51 COMPILER V9.00   MIMASUO                                                               08/02/2017 20:53:05 PAGE 14  

 798   3                      }
 799   2                      else                                            //不在开锁状态时
 800   2                      {
 801   3                              if(second==3)                   //秒加到3时
 802   3                              {
 803   4                                      TR0=0;                          //关闭定时器
 804   4                                      second=0;                       //秒清零
 805   4                                      key_disable=0;          //锁定键盘清零
 806   4                                      s3_keydown=0;   
 807   4                                      TL0=0xB0;
 808   4                                      TH0=0x3C;                       //重新赋初值
 809   4                              }
 810   3                              else
 811   3                                  TR0=1;                              //打开定时器
 812   3                      }
 813   2                              
 814   2              }
 815   1      }
 816          


MODULE INFORMATION:   STATIC OVERLAYABLE
   CODE SIZE        =   1884    ----
   CONSTANT SIZE    =    220    ----
   XDATA SIZE       =   ----    ----
   PDATA SIZE       =   ----    ----
   DATA SIZE        =     24      25
   IDATA SIZE       =   ----    ----
   BIT SIZE         =      4    ----
END OF MODULE INFORMATION.


C51 COMPILATION COMPLETE.  0 WARNING(S),  0 ERROR(S)
