C51 COMPILER V9.01   1602                                                                  11/23/2012 21:35:32 PAGE 1   


C51 COMPILER V9.01, COMPILATION OF MODULE 1602
OBJECT MODULE PLACED IN 1602.OBJ
COMPILER INVOKED BY: D:\Keil\C51\BIN\C51.EXE 1602.c BROWSE DEBUG OBJECTEXTEND

line level    source

   1          #include<reg52.h>
   2          #define uint unsigned int
   3          #define uchar unsigned char
   4          sbit en=P3^4;
   5          sbit rs=P3^5;
   6          sbit rw=P3^6;
   7          
   8          uchar code t1[]={" 20  -  -       "}; //1602液晶初始画面
   9          uchar code t2[]={"      :  :     "};  //1602液晶初始画面
  10          
  11          void delay(uint t)       //粗略延时1ms函数
  12          {
  13   1      uint i,j;
  14   1      for(i=t;i>0;i--)
  15   1      for(j=110;j>0;j--);
  16   1      }
  17          
  18          
  19          void writelcd_cmd(uchar cmd)//向1602液晶显示器里写入命令的函数
  20          {
  21   1      en=0;
  22   1      rs=0;
  23   1      rw=0;
  24   1      delay(1);
  25   1      P0=cmd;
  26   1      en=1;
  27   1      delay(1);
  28   1      en=0;
  29   1      }
  30          
  31          void writelcd_dat(uchar dat)//向1602液晶显示器里写入数据的函数
  32          {
  33   1      en=0;
  34   1      rs=1;
  35   1      rw=0;
  36   1      delay(1);
  37   1      P0=dat;
  38   1      en=1;
  39   1      delay(1);
  40   1      en=0;
  41   1      }
  42          
  43          void lcd_init()  //初始化1602液晶显示器的函数
  44          {
  45   1      uint i,j;
  46   1      writelcd_cmd(0x38);
  47   1      delay(5);
  48   1      writelcd_cmd(0x38);
  49   1      delay(5);
  50   1      writelcd_cmd(0x38);
  51   1      writelcd_cmd(0x08);
  52   1      writelcd_cmd(0x01);
  53   1      writelcd_cmd(0x06);
  54   1      writelcd_cmd(0x0c);
  55   1      writelcd_cmd(0x80);
C51 COMPILER V9.01   1602                                                                  11/23/2012 21:35:32 PAGE 2   

  56   1      for(i=0;i<16;i++)
  57   1      {
  58   2      writelcd_dat(t1[i]);
  59   2      delay(5);
  60   2      };
  61   1      writelcd_cmd(0xc0);
  62   1      for(j=0;j<16;j++)
  63   1      {
  64   2      writelcd_dat(t2[j]);
  65   2      delay(5);
  66   2      }
  67   1      }


MODULE INFORMATION:   STATIC OVERLAYABLE
   CODE SIZE        =    200    ----
   CONSTANT SIZE    =     33    ----
   XDATA SIZE       =   ----    ----
   PDATA SIZE       =   ----    ----
   DATA SIZE        =   ----       4
   IDATA SIZE       =   ----    ----
   BIT SIZE         =   ----    ----
END OF MODULE INFORMATION.


C51 COMPILATION COMPLETE.  0 WARNING(S),  0 ERROR(S)
