C51 COMPILER V9.60.0.0   MAIN                                                              06/22/2020 10:20:08 PAGE 1   


C51 COMPILER V9.60.0.0, COMPILATION OF MODULE MAIN
OBJECT MODULE PLACED IN main.OBJ
COMPILER INVOKED BY: D:\keil5\C51\BIN\C51.EXE main.c OPTIMIZE(8,SPEED) BROWSE INCDIR(..\USER;..\HARDWARE) DEBUG OBJECTEX
                    -TEND TABS(2)

line level    source

   1          #include<reg52.h>
   2          #include"1602.h"
   3          #include"pwm.h"
   4          #include"xunji.h"
   5          
   6          sbit POWER=P3^5;
   7          sbit Key1=P3^3;
   8          sbit P20=P2^0;
   9          
  10          
  11          int coul;
  12          
  13          const uchar tab[]={0x3f,0x06,0x5b,0x4f,0x66,0x6d,0x7d,0x07,0x7f,0x6f,}; /*显示0～9*/
  14          
  15          void delay()
  16            {
  17   1        uchar j;
  18   1        for(j=250;j>0;j--);
  19   1        }
  20          
  21          
  22          void keypros()  //独立按键进行显示模式切换
  23          {
  24   1        if(Key1==0)     //检测按键K1是否按下
  25   1        { 
  26   2          delay();   //消除抖动 一般大约10ms
  27   2          if(Key1==0)  //再次判断按键是否按下
  28   2          {
  29   3            type++;   //led状态取反
  30   3          }
  31   2          while(!Key1);  //检测按键是否松开
  32   2        }   
  33   1        if(type>1)
  34   1        {
  35   2        type=0;
  36   2        }
  37   1      }
  38          
  39          void jishu()
  40          {
  41   1      switch(byte)
  42   1      {
  43   2        case 1: nums=nums+1; break;
  44   2        
  45   2        case 0:  break;
  46   2        break;
  47   2      }
  48   1      
  49   1      }
  50          
  51          void InitTimer0(void)
  52          {
  53   1          TMOD = 0x01;
  54   1          TH0 = 0x0D8;
C51 COMPILER V9.60.0.0   MAIN                                                              06/22/2020 10:20:08 PAGE 2   

  55   1          TL0 = 0x0F0;
  56   1          EA = 1;
  57   1          ET0 = 1;
  58   1          TR0 = 1;
  59   1      }
  60          
  61          
  62          void main (void)
  63          { 
  64   1        IT0=1;
  65   1        IT1=1;
  66   1        EX0=1;
  67   1        EX1=1;
  68   1        EA=1;
  69   1        PX1=1;
  70   1        
  71   1        nums=0;
  72   1        type=0;
  73   1        Timer0Init();//初始化
  74   1        Timer1Init();
  75   1        InitTimer0();
  76   1      
  77   1        while(1)
  78   1        {
  79   2          xunji(800);//寻迹
  80   2          
  81   2          keypros();//切换
  82   2          
  83   2          jishu();
  84   2          if(nums>9)
  85   2          {
  86   3          nums=0;
  87   3          }
  88   2          coul=nums%10;
  89   2          
  90   2          P0=tab[coul];
  91   2          P20=1;
  92   2          delay();  //扫描时间间隔
  93   2          P20=0;
  94   2      
  95   2          
  96   2          
  97   2          
  98   2        }
  99   1          
 100   1      }


MODULE INFORMATION:   STATIC OVERLAYABLE
   CODE SIZE        =    149    ----
   CONSTANT SIZE    =   ----    ----
   XDATA SIZE       =   ----    ----
   PDATA SIZE       =   ----    ----
   DATA SIZE        =     12    ----
   IDATA SIZE       =   ----    ----
   BIT SIZE         =   ----    ----
END OF MODULE INFORMATION.


C51 COMPILATION COMPLETE.  0 WARNING(S),  0 ERROR(S)
