C51 COMPILER V9.60.0.0   PWM                                                               06/22/2020 08:58:32 PAGE 1   


C51 COMPILER V9.60.0.0, COMPILATION OF MODULE PWM
OBJECT MODULE PLACED IN .\pwm.obj
COMPILER INVOKED BY: D:\keil5\C51\BIN\C51.EXE ..\HARDWARE\pwm.c OPTIMIZE(8,SPEED) BROWSE INCDIR(..\USER;..\HARDWARE) DEB
                    -UG OBJECTEXTEND PRINT(.\pwm.lst) TABS(2) OBJECT(.\pwm.obj)

line level    source

   1          #include<reg52.h>
   2          #include<intrins.h>
   3          #include<pwm.h>
   4          #include<1602.h>
   5          
   6          uchar count1,high_time1,count2,high_time2,nums,type,byte;
   7           
   8          sbit Output1=P1^0; 
   9          sbit Output2=P1^1;
  10          
  11          
  12          void Pwm_set1(uint zkb)
  13          {
  14   1         high_time1=zkb;
  15   1      }
  16          
  17          void Pwm_set2(uint zkb)
  18          {
  19   1         high_time2=zkb;
  20   1      }
  21          
  22          void Timer0Init(void)    
  23          {
  24   1      //  AUXR &= 0x7F;   //定时器时钟12T模式
  25   1        TMOD &= 0xF0;   //设置定时器模式
  26   1        TMOD |= 0x01;   //设置定时器模式
  27   1        TL0 = 0x66;   //设置定时初值
  28   1        TH0 = 0xFC;   //设置定时初值
  29   1        TF0 = 0;    //清除TF0标志
  30   1        TR0 = 1;    //定时器0开始计时
  31   1        EA=1;//开总中断
  32   1          ET0=1;//开定时器0中断
  33   1      }
  34          
  35          void Timer1Init(void)    
  36          {
  37   1      //  AUXR &= 0x7F;   //定时器时钟12T模式
  38   1        TMOD &= 0x0F;   //设置定时器模式
  39   1        TMOD |= 0x10;   //设置定时器模式
  40   1        TL1 = 0x66;   //设置定时初值
  41   1        TH1 = 0xFC;   //设置定时初值
  42   1        TF1 = 0;    //清除TF0标志
  43   1        TR1 = 1;    //定时器0开始计时
  44   1        EA=1;//开总中断
  45   1          ET1=1;//开定时器1中断
  46   1      }
  47          void serve_T0() interrupt 1 using 1 
  48          {   
  49   1        TL0 = 0x66;   //设置定时初值
  50   1        TH0 = 0xFC;   //设置定时初值
  51   1        if(++count1<=(high_time1)) 
  52   1          { 
  53   2            Output1=1;
  54   2            }
C51 COMPILER V9.60.0.0   PWM                                                               06/22/2020 08:58:32 PAGE 2   

  55   1        else if(count1<=100) 
  56   1          { 
  57   2          Output1=0;
  58   2          } 
  59   1        else   count1=0; 
  60   1      } 
  61          
  62          void serve_T1() interrupt 3   
  63          {   
  64   1        TL1 = 0x66;   //设置定时初值
  65   1        TH1 = 0xFC;   //设置定时初值
  66   1        if(++count2<=(high_time2)) 
  67   1          { 
  68   2            Output2=1;
  69   2            }
  70   1        else if(count2<=100) 
  71   1          { 
  72   2          Output2=0;
  73   2          } 
  74   1        else   count2=0; 
  75   1      } 
  76          
  77          
  78          
  79          /*
  80          void pwm_init(void)
  81          {
  82            CCON=0;
  83            CL=0;
  84            CH=0;
  85            CMOD=0x02;
  86            CCAP0H=CCAP0L=0Xff;
  87            CCAPM0=0X42;
  88            CCAP1H=CCAP1L=0xff;
  89          //  PCAPWM1=0X03;
  90            CCAPM1=0x42;  
  91            CR=1;
  92            }   */


MODULE INFORMATION:   STATIC OVERLAYABLE
   CODE SIZE        =    140    ----
   CONSTANT SIZE    =   ----    ----
   XDATA SIZE       =   ----    ----
   PDATA SIZE       =   ----    ----
   DATA SIZE        =      7    ----
   IDATA SIZE       =   ----    ----
   BIT SIZE         =   ----    ----
END OF MODULE INFORMATION.


C51 COMPILATION COMPLETE.  0 WARNING(S),  0 ERROR(S)
