C51 COMPILER V8.02   MAIN                                                                  07/04/2018 10:30:20 PAGE 1   


C51 COMPILER V8.02, COMPILATION OF MODULE MAIN
OBJECT MODULE PLACED IN main.OBJ
COMPILER INVOKED BY: D:\Program Files\keilc51\C51\BIN\C51.EXE main.c BROWSE DEBUG OBJECTEXTEND

line level    source

   1          #include <reg52.h>
   2          #include <intrins.h>
   3          
   4          #define uchar unsigned char      //宏定义方便以后用
   5          #define uint unsigned int  
   6          #define ulong unsigned long
   7          
   8          //SHT11接口
   9          sbit DATA = P2^5;
  10          sbit SCK = P2^4;
  11          
  12          typedef union              //定义共同类型
  13          { 
  14            unsigned int i;          //i表示测量得到的温湿度数据（int 形式保存的数据） 
  15            float f;                         //f表示测量得到的温湿度数据（float 形式保存的数据）
  16          } value;
  17          
  18          enum {TEMP,HUMI};
  19          
  20          uchar TEMP_BUF[7];                                      //用于记录温度
  21          uchar HUMI_BUF[5];                                      //用于记录湿度
  22           
  23          int real_tempure=0;             //实际温度
  24          uchar real_humi=0;
  25          
  26          
  27          //LCD port
  28          sbit LcdRs= P2^0;
  29          sbit LcdRw= P2^1;
  30          sbit LcdEn= P2^2;
  31          sfr  DBPort= 0x80;              //P0=0x80,P1=0x90,P2=0xA0,P3=0xB0.数据端口
  32          
  33          
  34          //向LCD写入命令或数据************************************************************
  35          #define LCD_COMMAND                     0      // Command
  36          #define LCD_DATA                        1      // Data
  37          #define LCD_CLEAR_SCREEN        0x01      // 清屏
  38          #define LCD_HOMING              0x02      // 光标返回原点
  39          
  40          
  41          //设置显示模式************************************************************
  42          #define LCD_SHOW                        0x04    //显示开
  43          #define LCD_HIDE                        0x00    //显示关          
  44          
  45          #define LCD_CURSOR                      0x02    //显示光标
  46          #define LCD_NO_CURSOR           0x00    //无光标                     
  47          
  48          #define LCD_FLASH                       0x01    //光标闪动
  49          #define LCD_NO_FLASH            0x00    //光标不闪动
  50          //内部等待函数**************************************************************************
  51          unsigned char LCD_Wait(void)
  52          {
  53   1              LcdRs=0;
  54   1              LcdRw=1;        _nop_();
  55   1              LcdEn=1;        _nop_();
C51 COMPILER V8.02   MAIN                                                                  07/04/2018 10:30:20 PAGE 2   

  56   1              _nop_();
  57   1              _nop_();
  58   1              _nop_();
  59   1              LcdEn=0;
  60   1              return DBPort;          
  61   1      }
  62          
  63          void LCD_Write(bit style, unsigned char input)
  64          {
  65   1              LcdEn=0;
  66   1              LcdRs=style;
  67   1              LcdRw=0;                _nop_();
  68   1              DBPort=input;   _nop_();//注意顺序
  69   1              LcdEn=1;                _nop_();//注意顺序
  70   1              LcdEn=0;                _nop_();
  71   1              LCD_Wait();     
  72   1      }
  73          
  74          void LCD_SetDisplay(unsigned char DisplayMode)
  75          {
  76   1              LCD_Write(LCD_COMMAND, 0x08|DisplayMode);       
  77   1      }
  78          
  79          //设置输入模式************************************************************
  80          #define LCD_AC_UP                       0x02
  81          #define LCD_AC_DOWN                     0x00      // default
  82          
  83          #define LCD_MOVE                        0x01      // 画面可平移
  84          #define LCD_NO_MOVE                     0x00      //default
  85          
  86          void LCD_SetInput(unsigned char InputMode)
  87          {
  88   1              LCD_Write(LCD_COMMAND, 0x04|InputMode);
  89   1      }
  90          
  91          
  92          //初始化LCD************************************************************
  93          void LCD_Initial()
  94          {
  95   1              LcdEn=0;
  96   1              LCD_Write(LCD_COMMAND,0x38);           //8位数据端口,2行显示,5*7点阵
  97   1              LCD_Write(LCD_COMMAND,0x38);
  98   1              LCD_SetDisplay(LCD_SHOW|LCD_NO_CURSOR);    //开启显示, 无光标
  99   1              LCD_Write(LCD_COMMAND,LCD_CLEAR_SCREEN);   //清屏
 100   1              LCD_SetInput(LCD_AC_UP|LCD_NO_MOVE);       //AC递增, 画面不动
 101   1      }
 102          
 103          //************************************************************************
 104          void GotoXY(unsigned char x, unsigned char y)
 105          {
 106   1              if(y==0)
 107   1                      LCD_Write(LCD_COMMAND,0x80|x);
 108   1              if(y==1)
 109   1                      LCD_Write(LCD_COMMAND,0x80|(x-0x40));
 110   1      }
 111          
 112          void Print(unsigned char *str)   //在LCD上显示数据，内部调用
 113          {
 114   1              while(*str!='\0')
 115   1              {
 116   2                      LCD_Write(LCD_DATA,*str);
 117   2                      str++;
C51 COMPILER V8.02   MAIN                                                                  07/04/2018 10:30:20 PAGE 3   

 118   2              }
 119   1      }
 120          
 121          void LCD_Print(unsigned char x, unsigned char y, unsigned char *str) //指定的位置打印指定数据
 122          {
 123   1        GotoXY(x,y);
 124   1        Print(str);
 125   1      }
 126          
 127          /********************************************************************
 128          * 名称 : Delay_1ms()
 129          * 功能 : 延时子程序
 130          * 输入 : x 
 131          * 输出 : 无
 132          ***********************************************************************/
 133          void Delay(uint i)//延时
 134          {
 135   1              uint x,j;
 136   1              for(j=0;j<i;j++)
 137   1              for(x=0;x<=148;x++);    
 138   1      }
 139          
 140          
 141          /*********************************************************************************************************
             -**************************************************/
 142          
 143          //SHT11程序
 144          
 145          
 146          #define noACK 0                         //继续传输数据，用于判断是否结束通讯
 147          #define ACK   1             //结束数据传输；
 148                                                                  //地址  命令  读/写
 149          #define STATUS_REG_W 0x06   //000   0011    0
 150          #define STATUS_REG_R 0x07   //000   0011    1
 151          #define MEASURE_TEMP 0x03   //000   0001    1
 152          #define MEASURE_HUMI 0x05   //000   0010    1
 153          #define RESET        0x1e   //000   1111    0
 154          
 155          
 156          //写字节程序
 157          char SHTXX_write_byte(unsigned char value)   
 158          { 
 159   1              unsigned char i,error=0; 
 160   1              for (i=0x80;i>0;i/=2)             //shift bit for masking 高位为1，循环右移
 161   1              { 
 162   2                      if (i&value) DATA=1;          //和要发送的数相与，结果为发送的位
 163   2              else DATA=0;                        
 164   2              SCK=1;                          
 165   2              _nop_();_nop_();_nop_();        //延时3us 
 166   2              SCK=0;
 167   2              }
 168   1              DATA=1;                           //释放数据线
 169   1              SCK=1;                            
 170   1              error=DATA;                       //检查应答信号，确认通讯正常
 171   1              _nop_();_nop_();_nop_();
 172   1              SCK=0;        
 173   1              DATA=1;
 174   1              return error;                     //error=1 通讯错误
 175   1      }
 176          
 177          //读字节程序
 178          char SHTXX_read_byte(unsigned char ack)
C51 COMPILER V8.02   MAIN                                                                  07/04/2018 10:30:20 PAGE 4   

 179          //----------------------------------------------------------------------------------
 180          { 
 181   1              unsigned char i,val=0;
 182   1              DATA=1;                           //释放数据线
 183   1              for(i=0x80;i>0;i>>=1)             //高位为1，循环右移
 184   1              { 
 185   2                      SCK=1;                         
 186   2              if(DATA) val=(val|i);        //读一位数据线的值 
 187   2              SCK=0;       
 188   2              }
 189   1              DATA=!ack;                        //如果是校验，读取完后结束通讯；
 190   1              SCK=1;                            
 191   1              _nop_();_nop_();_nop_();          //延时3us 
 192   1              SCK=0;   
 193   1              _nop_();_nop_();_nop_();       
 194   1              DATA=1;                           //释放数据线
 195   1              return val;
 196   1      }
 197          
 198          //启动传输
 199          void SHTXX_transstart(void)
 200          // generates a transmission start 
 201          //       _____         ________
 202          // DATA:      |_______|
 203          //           ___     ___
 204          // SCK : ___|   |___|   |______
 205          { 
 206   1              DATA=1; SCK=0;                   //准备
 207   1              _nop_();
 208   1              SCK=1;
 209   1              _nop_();
 210   1              DATA=0;
 211   1              _nop_();
 212   1              SCK=0; 
 213   1               _nop_();_nop_();_nop_();
 214   1              SCK=1;
 215   1              _nop_();
 216   1              DATA=1;     
 217   1              _nop_();
 218   1              SCK=0;     
 219   1      }
 220          
 221          
 222          //连接复位
 223          void SHTXX_Init(void)
 224          // communication reset: DATA-line=1 and at least 9 SCK cycles followed by transstart
 225          //       _____________________________________________________         ________
 226          // DATA:                                                      |_______|
 227          //          _    _    _    _    _    _    _    _    _        ___     ___
 228          // SCK : __| |__| |__| |__| |__| |__| |__| |__| |__| |______|   |___|   |______
 229          { 
 230   1              unsigned char i; 
 231   1              DATA=1; SCK=0;                    //准备
 232   1              for(i=0;i<9;i++)                  //DATA保持高，SCK时钟触发9次，发送启动传输，通迅即复位
 233   1              { 
 234   2                      SCK=1;
 235   2              SCK=0;
 236   2              }
 237   1              SHTXX_transstart();                   //启动传输
 238   1      }
 239          
 240           /*
C51 COMPILER V8.02   MAIN                                                                  07/04/2018 10:30:20 PAGE 5   

 241          //软复位程序
 242          char SHTXX_softreset(void)
 243          // resets the sensor by a softreset 
 244          { 
 245                  unsigned char error=0; 
 246                  SHTXX_Init();              //启动连接复位
 247                  error+=SHTXX_write_byte(RESET);       //发送复位命令
 248                  return error;                     //error=1 通讯错误
 249          }
 250            */
 251          
 252          
 253                     
 254          //温湿度测量
 255          char SHTXX_measure(unsigned char *p_value, unsigned char *p_checksum, unsigned char mode)
 256          // 进行温度或者湿度转换，由参数mode决定转换内容；
 257          { 
 258   1      //      enum {TEMP,HUMI};                //已经在头文件中定义
 259   1              unsigned error=0;
 260   1              unsigned int i;
 261   1      
 262   1              SHTXX_transstart();                   //启动传输
 263   1              switch(mode)                     //选择发送命令
 264   1          {   
 265   2                      case TEMP : error+=SHTXX_write_byte(MEASURE_TEMP); break;                  //测量温度
 266   2              case HUMI : error+=SHTXX_write_byte(MEASURE_HUMI); break;                  //测量湿度
 267   2              default     : break; 
 268   2              }
 269   1              for (i=0;i<65535;i++) if(DATA==0) break; //等待测量结束
 270   1              if(DATA) error+=1;                // 如果长时间数据线没有拉低，说明测量错误 
 271   1              *(p_value) =SHTXX_read_byte(ACK);    //读第一个字节，高字节 (MSB)
 272   1              *(p_value+1)=SHTXX_read_byte(ACK);    //读第二个字节，低字节 (LSB)
 273   1              *p_checksum =SHTXX_read_byte(noACK); //read CRC校验码
 274   1              return error;                                    // error=1 通讯错误
 275   1      }
 276          
 277          //温湿度值标度变换及温度补偿
 278          void SHTXX_calc(float *p_humidity ,float *p_temperature)
 279          { 
 280   1      
 281   1              float rh=*p_humidity;             // rh:      12位 湿度 
 282   1              float t=*p_temperature;           // t:       14位 温度
 283   1              float rh_lin;                     // rh_lin: 湿度 linear值
 284   1              float rh_true;                    // rh_true: 湿度 ture值
 285   1              float t_C;                        // t_C   : 温度 ℃
 286   1      
 287   1              t_C=t*0.01 - 40;                  //补偿温度
 288   1              rh_lin=-0.0000028*rh*rh + 0.0405*rh - 4;     //相对湿度非线性补偿
 289   1              rh_true=rh/33;   
 290   1              if(rh_true>26)
 291   1                      rh_true=rh/33+1;
 292   1              if(rh_true>33)
 293   1                      rh_true=rh/33+1.5;
 294   1              if(rh_true>40)
 295   1                      rh_true=rh/33+3;        
 296   1              if(rh_true>50)
 297   1                      rh_true=rh/33+3.7;      
 298   1              if(rh_true>70)
 299   1                      rh_true=rh/33+3;        
 300   1              if(rh_true>90)
 301   1                      rh_true=rh/33+1.6;      
 302   1      
C51 COMPILER V8.02   MAIN                                                                  07/04/2018 10:30:20 PAGE 6   

 303   1          //rh_true=(t_C-25)*(0.01+0.00008*rh)+rh_lin;   //相对湿度对于温度依赖性补偿 ，仿真的时候去掉补偿
 304   1      
 305   1                      
 306   1              if(rh_true>100)rh_true=100;       //湿度最大修正
 307   1              if(rh_true<0.1)rh_true=0.1;       //湿度最小修正
 308   1      
 309   1              *p_temperature=t_C;               //返回温度结果
 310   1              *p_humidity=rh_true;              //返回湿度结果
 311   1      
 312   1      
 313   1      }
 314          
 315          
 316          void Covert_HT()
 317          {
 318   1              value humi_val,temp_val;                //定义两个共同体，一个用于湿度，一个用于温度
 319   1              uchar checksum;                 //CRC    
 320   1              uchar error=0;
 321   1              error=0;                                           //初始化error=0，即没有错误
 322   1              error+=SHTXX_measure((unsigned char*)&temp_val.i,&checksum,TEMP); //温度测量
 323   1              error+=SHTXX_measure((unsigned char*)&humi_val.i,&checksum,HUMI); //湿度测量
 324   1              if(error!=0) SHTXX_Init();                 ////如果发生错误，系统复位
 325   1              else
 326   1              { 
 327   2                      humi_val.f=(float)humi_val.i;                   //转换为浮点数
 328   2                      temp_val.f=(float)temp_val.i;                   //转换为浮点数
 329   2                      SHTXX_calc(&humi_val.f,&temp_val.f);            //修正相对湿度及温度
 330   2                      
 331   2                      real_tempure =temp_val.f+1;        //修正一下偏
 332   2                      real_humi    = humi_val.f-1;
 333   2      
 334   2                      if(real_tempure>=0)
 335   2                      {
 336   3                      TEMP_BUF[0]=real_tempure/100+'0';               //温度百位
 337   3                      
 338   3                      if (TEMP_BUF[0]==0x30) TEMP_BUF[0]=0x20;
 339   3                      TEMP_BUF[1]=real_tempure%100/10+'0';            //温度十位      
 340   3                      if (TEMP_BUF[1]==0x30 && TEMP_BUF[0]==0x30) TEMP_BUF[1]=0x20;
 341   3                      TEMP_BUF[2]=real_tempure%10+'0';                        //温度个位 
 342   3                      
 343   3                      }
 344   2                      else  //负温度
 345   2                      {
 346   3                              TEMP_BUF[0]     ='-';
 347   3                              TEMP_BUF[1]=(real_tempure*(-1))%100/10+'0';             //温度十位      
 348   3                              if (TEMP_BUF[1]==0x30 && TEMP_BUF[0]==0x30) TEMP_BUF[1]=0x20;
 349   3                              TEMP_BUF[2]=(real_tempure*(-1))%10+'0';                 //温度个位
 350   3                              
 351   3                      }               
 352   2                      TEMP_BUF[3]=0xdf;
 353   2                      TEMP_BUF[4]=0x43;
 354   2                      HUMI_BUF[0]=real_humi/100+'0';                  //湿度百位
 355   2                      if (HUMI_BUF[0]==0x30) HUMI_BUF[0]=0x20;
 356   2                      HUMI_BUF[1]=real_humi%100/10+'0';       //湿度十位      
 357   2                      if (HUMI_BUF[1]==0x30 && HUMI_BUF[0]==0x30) HUMI_BUF[1]=0X20;  
 358   2                      HUMI_BUF[2]=real_humi%10+'0';                   //湿度个位
 359   2                      HUMI_BUF[3]= '%';
 360   2      
 361   2              }
 362   1      }
 363          
 364          void main()
C51 COMPILER V8.02   MAIN                                                                  07/04/2018 10:30:20 PAGE 7   

 365          {
 366   1              LCD_Initial();
 367   1          SHTXX_Init();                          //启动连接复位
 368   1              LCD_Print(0,0,"RH:          "); 
 369   1              LCD_Print(0,1,"T:    C        "); 
 370   1      
 371   1              while(1)
 372   1              {       
 373   2                      Covert_HT();
 374   2                      LCD_Print(2,1,TEMP_BUF);
 375   2                      LCD_Print(3,0,HUMI_BUF);
 376   2                      Delay(10);
 377   2      
 378   2              } 
 379   1      } 
 380          
 381          
 382          


MODULE INFORMATION:   STATIC OVERLAYABLE
   CODE SIZE        =   1532    ----
   CONSTANT SIZE    =     30    ----
   XDATA SIZE       =   ----    ----
   PDATA SIZE       =   ----    ----
   DATA SIZE        =     15      46
   IDATA SIZE       =   ----    ----
   BIT SIZE         =   ----       1
END OF MODULE INFORMATION.


C51 COMPILATION COMPLETE.  0 WARNING(S),  0 ERROR(S)
