BL51 BANKED LINKER/LOCATER V5.03               09/11/2014  20:19:53  PAGE 1


BL51 BANKED LINKER/LOCATER V5.03, INVOKED BY:
C:\KEIL\C51\BIN\BL51.EXE Main.obj, LCD12864.obj, ADC.obj, PCA.obj, EEPROM.obj T
>> O ShiBoQi PRINT (.\lst\ShiBoQi.m51) PAGEWIDTH (79) PAGELENGTH (66) RAMSIZE (
>> 256)


MEMORY MODEL: SMALL


INPUT MODULES INCLUDED:
  Main.obj (MAIN)
  LCD12864.obj (LCD12864)
  ADC.obj (ADC)
  PCA.obj (PCA)
  EEPROM.obj (EEPROM)
  C:\KEIL\C51\LIB\C51S.LIB (?C_STARTUP)
  C:\KEIL\C51\LIB\C51S.LIB (?C?CLDPTR)
  C:\KEIL\C51\LIB\C51S.LIB (?C?CLDOPTR)
  C:\KEIL\C51\LIB\C51S.LIB (?C?CSTOPTR)
  C:\KEIL\C51\LIB\C51S.LIB (?C?IMUL)
  C:\KEIL\C51\LIB\C51S.LIB (?C?UIDIV)
  C:\KEIL\C51\LIB\C51S.LIB (?C?LMUL)
  C:\KEIL\C51\LIB\C51S.LIB (?C?ULDIV)
  C:\KEIL\C51\LIB\C51S.LIB (?C?ULCMP)


LINK MAP OF MODULE:  ShiBoQi (MAIN)


            TYPE    BASE      LENGTH    RELOCATION   SEGMENT NAME
            -----------------------------------------------------

            * * * * * * *   D A T A   M E M O R Y   * * * * * * *
            REG     0000H     0008H     ABSOLUTE     "REG BANK 0"
            DATA    0008H     0032H     UNIT         _DATA_GROUP_
            DATA    003AH     0022H     UNIT         ?DT?MAIN
            IDATA   005CH     007FH     UNIT         ?ID?MAIN
            IDATA   00DBH     0001H     UNIT         ?STACK

            * * * * * * *  X D A T A   M E M O R Y  * * * * * * *
            XDATA   0000H     0400H     UNIT         ?XD?MAIN

            * * * * * * *   C O D E   M E M O R Y   * * * * * * *
            CODE    0000H     0003H     ABSOLUTE     
                    0003H     0008H                  *** GAP ***
            CODE    000BH     0003H     ABSOLUTE     
            CODE    000EH     000DH     UNIT         ?PR?IAPIDLE?EEPROM
            CODE    001BH     0003H     ABSOLUTE     
            CODE    001EH     0017H     UNIT         ?PR?_IAPREADBYTE?EEPROM
                    0035H     0006H                  *** GAP ***
            CODE    003BH     0003H     ABSOLUTE     
            CODE    003EH     1246H     UNIT         ?CO?LCD12864
            CODE    1284H     0F0DH     UNIT         ?PR?MAIN?MAIN
            CODE    2191H     0A17H     UNIT         ?PR?FASTADC?ADC
            CODE    2BA8H     0747H     UNIT         ?PR?_DISPWAVE2?LCD12864
            CODE    32EFH     04DDH     UNIT         ?PR?_DISPWAVE?LCD12864
            CODE    37CCH     02B5H     UNIT         ?CO?MAIN
            CODE    3A81H     01FDH     UNIT         ?C?LIB_CODE
            CODE    3C7EH     01EEH     UNIT         ?PR?DISP_OSC_SETTINGS?LCD1
>> 2864
            CODE    3E6CH     018CH     UNIT         ?PR?T0_INTERRUPT?ADC
            CODE    3FF8H     0102H     UNIT         ?PR?_DISPCHAR16?LCD12864
            CODE    40FAH     00C1H     UNIT         ?PR?PCAINTERRUPT?PCA
            CODE    41BBH     0075H     UNIT         ?PR?_DISP_GRID?LCD12864
BL51 BANKED LINKER/LOCATER V5.03             09/11/2014  20:19:53  PAGE 2


            CODE    4230H     0050H     UNIT         ?PR?_POWER?LCD12864
            CODE    4280H     004EH     UNIT         ?PR?INIT_ST7565?LCD12864
            CODE    42CEH     0044H     UNIT         ?PR?_WRITE_CHAR8?LCD12864
            CODE    4312H     0040H     UNIT         ?PR?_WRITE_STRING8?LCD1286
>> 4
            CODE    4352H     0037H     UNIT         ?PR?_IAPWRITEDATA?EEPROM
            CODE    4389H     0031H     UNIT         ?PR?_IAPREADDATA?EEPROM
            CODE    43BAH     0027H     UNIT         ?PR?_WRITE_COMMAND?LCD1286
>> 4
            CODE    43E1H     0025H     UNIT         ?PR?TIMERINIT?ADC
            CODE    4406H     0024H     UNIT         ?PR?PCAINIT?PCA
            CODE    442AH     0023H     UNIT         ?PR?_WRITE_DATA?LCD12864
            CODE    444DH     0023H     UNIT         ?PR?DISP_CLEAR?LCD12864
            CODE    4470H     0016H     UNIT         ?PR?_IAPWRITEBYTE?EEPROM
            CODE    4486H     0014H     UNIT         ?PR?_GETADC?ADC
            CODE    449AH     0014H     UNIT         ?PR?_IAPERASESECTOR?EEPROM
>> 
            CODE    44AEH     0013H     UNIT         ?PR?T1_INTERRUPT?PCA
            CODE    44C1H     000CH     UNIT         ?PR?ADCINIT?ADC
            CODE    44CDH     000CH     UNIT         ?C_C51STARTUP



OVERLAY MAP OF MODULE:   ShiBoQi (MAIN)


SEGMENT                                  DATA_GROUP 
  +--> CALLED SEGMENT                  START    LENGTH
------------------------------------------------------
?PR?T0_INTERRUPT?ADC                   -----    -----
  +--> ?PR?_GETADC?ADC

*** NEW ROOT ***************************************************

?C_C51STARTUP                          -----    -----
  +--> ?PR?MAIN?MAIN

?PR?MAIN?MAIN                          0008H    0015H
  +--> ?PR?INIT_ST7565?LCD12864
  +--> ?CO?MAIN
  +--> ?PR?_DISPCHAR16?LCD12864
  +--> ?PR?_WRITE_STRING8?LCD12864
  +--> ?PR?ADCINIT?ADC
  +--> ?PR?TIMERINIT?ADC
  +--> ?PR?PCAINIT?PCA
  +--> ?PR?_IAPREADDATA?EEPROM
  +--> ?PR?_DISP_GRID?LCD12864
  +--> ?PR?DISP_OSC_SETTINGS?LCD12864
  +--> ?PR?_GETADC?ADC
  +--> ?PR?FASTADC?ADC
  +--> ?PR?_IAPWRITEDATA?EEPROM
  +--> ?PR?_DISPWAVE2?LCD12864
  +--> ?PR?_DISPWAVE?LCD12864

?PR?INIT_ST7565?LCD12864               -----    -----
  +--> ?PR?_WRITE_COMMAND?LCD12864
  +--> ?PR?DISP_CLEAR?LCD12864

?PR?DISP_CLEAR?LCD12864                -----    -----
  +--> ?PR?_WRITE_COMMAND?LCD12864
  +--> ?PR?_WRITE_DATA?LCD12864

?PR?_WRITE_DATA?LCD12864               -----    -----
BL51 BANKED LINKER/LOCATER V5.03             09/11/2014  20:19:53  PAGE 3


  +--> ?CO?LCD12864

?PR?_DISPCHAR16?LCD12864               001DH    0009H
  +--> ?PR?_WRITE_COMMAND?LCD12864
  +--> ?PR?_WRITE_DATA?LCD12864

?PR?_WRITE_STRING8?LCD12864            0033H    0006H
  +--> ?PR?_WRITE_CHAR8?LCD12864

?PR?_WRITE_CHAR8?LCD12864              -----    -----
  +--> ?PR?_WRITE_COMMAND?LCD12864
  +--> ?CO?LCD12864
  +--> ?PR?_WRITE_DATA?LCD12864

?PR?_IAPREADDATA?EEPROM                001DH    0005H
  +--> ?PR?_IAPREADBYTE?EEPROM

?PR?_IAPREADBYTE?EEPROM                -----    -----
  +--> ?PR?IAPIDLE?EEPROM

?PR?_DISP_GRID?LCD12864                -----    -----
  +--> ?PR?_WRITE_COMMAND?LCD12864
  +--> ?CO?LCD12864
  +--> ?PR?_WRITE_DATA?LCD12864

?PR?DISP_OSC_SETTINGS?LCD12864         002CH    0007H
  +--> ?CO?LCD12864
  +--> ?PR?_WRITE_STRING8?LCD12864
  +--> ?PR?_POWER?LCD12864
  +--> ?PR?_WRITE_CHAR8?LCD12864

?PR?_POWER?LCD12864                    0033H    0007H

?PR?FASTADC?ADC                        -----    -----
  +--> ?PR?_GETADC?ADC

?PR?_IAPWRITEDATA?EEPROM               001DH    0006H
  +--> ?PR?_IAPERASESECTOR?EEPROM
  +--> ?PR?_IAPWRITEBYTE?EEPROM

?PR?_IAPERASESECTOR?EEPROM             -----    -----
  +--> ?PR?IAPIDLE?EEPROM

?PR?_IAPWRITEBYTE?EEPROM               -----    -----
  +--> ?PR?IAPIDLE?EEPROM

?PR?_DISPWAVE2?LCD12864                001DH    000FH
  +--> ?PR?DISP_OSC_SETTINGS?LCD12864
  +--> ?PR?_WRITE_COMMAND?LCD12864
  +--> ?PR?_WRITE_DATA?LCD12864
  +--> ?CO?LCD12864

?PR?_DISPWAVE?LCD12864                 001DH    0001H
  +--> ?PR?DISP_OSC_SETTINGS?LCD12864
  +--> ?PR?_DISP_GRID?LCD12864
  +--> ?PR?_WRITE_COMMAND?LCD12864
  +--> ?PR?_WRITE_DATA?LCD12864
  +--> ?CO?LCD12864



SYMBOL TABLE OF MODULE:  ShiBoQi (MAIN)

BL51 BANKED LINKER/LOCATER V5.03             09/11/2014  20:19:53  PAGE 4


  VALUE           TYPE          NAME
  ----------------------------------

  -------         MODULE        MAIN
  C:0000H         SYMBOL        _ICE_DUMMY_
  D:0092H         PUBLIC        P1M0
  D:0093H         PUBLIC        P0M1
  D:0096H         PUBLIC        P2M0
  D:0091H         PUBLIC        P1M1
  D:00B2H         PUBLIC        P3M0
  D:0095H         PUBLIC        P2M1
  D:0090H         PUBLIC        P1
  D:00B1H         PUBLIC        P3M1
  D:003AH         PUBLIC        ROMEN
  D:00B0H         PUBLIC        P3
  D:003BH         PUBLIC        autotim
  D:003CH         PUBLIC        freqin
  D:00A8H         PUBLIC        IE
  D:00B8H         PUBLIC        IP
  D:0040H         PUBLIC        index
  D:0042H         PUBLIC        shift
  D:0043H         PUBLIC        timpd
  D:00D8H         PUBLIC        CCON
  X:0000H         PUBLIC        wavep
  C:1284H         PUBLIC        main
  D:0044H         PUBLIC        volpd
  D:0045H         PUBLIC        hold
  D:0046H         PUBLIC        shap
  D:0047H         PUBLIC        T0count
  D:0049H         PUBLIC        PCA0count
  D:004BH         PUBLIC        T1count
  D:004DH         PUBLIC        PCA1count
  D:0098H         PUBLIC        SCON
  I:005CH         PUBLIC        wave
  D:0088H         PUBLIC        TCON
  D:004FH         PUBLIC        shiftindex
  D:0051H         PUBLIC        PCA0loop
  D:0053H         PUBLIC        PCA1loop
  B:00A8H.1       PUBLIC        ET0
  D:0055H         PUBLIC        EEPROM
  C:37E5H         PUBLIC        HZ1
  C:39A9H         PUBLIC        HZ2
  B:0088H.4       PUBLIC        TR0
  C:38C5H         PUBLIC        ZM1
  X:0200H         PUBLIC        wave0
  D:005AH         PUBLIC        samptime
  D:00D0H         PUBLIC        PSW
  D:0094H         PUBLIC        P0M0
  -------         PROC          MAIN
  -------         DO            
  D:0008H         SYMBOL        disp
  D:0009H         SYMBOL        grid
  D:000AH         SYMBOL        wavemode
  D:000BH         SYMBOL        i
  D:000DH         SYMBOL        j
  D:000FH         SYMBOL        delaybtn
  D:0011H         SYMBOL        delay
  D:0015H         SYMBOL        delaymin
  D:0019H         SYMBOL        freqauto
  -------         ENDDO         
  C:1284H         LINE#         39
  C:1284H         LINE#         40
  C:1284H         LINE#         49
BL51 BANKED LINKER/LOCATER V5.03             09/11/2014  20:19:53  PAGE 5


  C:1287H         LINE#         50
  C:128FH         LINE#         51
  C:1291H         LINE#         52
  C:1294H         LINE#         53
  C:1297H         LINE#         54
  C:129BH         LINE#         55
  C:129FH         LINE#         56
  C:12A3H         LINE#         57
  C:12A7H         LINE#         58
  C:12ADH         LINE#         59
  C:12B1H         LINE#         62
  C:12B3H         LINE#         63
  C:12B5H         LINE#         64
  C:12B8H         LINE#         65
  C:12BBH         LINE#         66
  C:12C1H         LINE#         67
  C:12C4H         LINE#         68
  C:12C7H         LINE#         69
  C:12CAH         LINE#         70
  C:12CDH         LINE#         71
  C:12D0H         LINE#         72
  C:12D3H         LINE#         75
  C:12D7H         LINE#         76
  C:12DDH         LINE#         77
  C:12E1H         LINE#         78
  C:12E5H         LINE#         80
  C:12E8H         LINE#         82
  C:12FDH         LINE#         83
  C:130AH         LINE#         84
  C:131FH         LINE#         86
  C:1322H         LINE#         87
  C:1325H         LINE#         88
  C:1328H         LINE#         92
  C:1336H         LINE#         93
  C:1377H         LINE#         95
  C:1377H         LINE#         96
  C:137AH         LINE#         97
  C:137DH         LINE#         98
  C:1380H         LINE#         99
  C:1383H         LINE#         100
  C:1386H         LINE#         101
  C:1386H         LINE#         105
  C:138BH         LINE#         106
  C:138EH         LINE#         108
  C:138EH         LINE#         109
  C:138EH         LINE#         112
  C:1395H         LINE#         113
  C:1395H         LINE#         114
  C:13AEH         LINE#         115
  C:13AEH         LINE#         116
  C:13AEH         LINE#         117
  C:13AEH         LINE#         118
  C:13AEH         LINE#         119
  C:13AEH         LINE#         120
  C:13AEH         LINE#         121
  C:13AEH         LINE#         122
  C:13AEH         LINE#         123
  C:13AEH         LINE#         124
  C:13B2H         LINE#         125
  C:13C0H         LINE#         126
  C:13C0H         LINE#         127
  C:13C5H         LINE#         128
  C:13C5H         LINE#         129
BL51 BANKED LINKER/LOCATER V5.03             09/11/2014  20:19:53  PAGE 6


  C:13E1H         LINE#         130
  C:13F1H         LINE#         131
  C:13F6H         LINE#         132
  C:13F6H         LINE#         133
  C:13F6H         LINE#         134
  C:13F9H         LINE#         135
  C:13F9H         LINE#         136
  C:13F9H         LINE#         137
  C:13F9H         LINE#         138
  C:13FDH         LINE#         139
  C:1402H         LINE#         140
  C:1402H         LINE#         141
  C:1415H         LINE#         142
  C:1417H         LINE#         143
  C:1419H         LINE#         144
  C:1428H         LINE#         145
  C:1428H         LINE#         146
  C:142BH         LINE#         147
  C:142BH         LINE#         148
  C:142BH         LINE#         149
  C:142BH         LINE#         150
  C:142FH         LINE#         151
  C:1432H         LINE#         152
  C:1437H         LINE#         153
  C:1437H         LINE#         154
  C:143CH         LINE#         155
  C:1450H         LINE#         157
  C:1486H         LINE#         158
  C:1496H         LINE#         159
  C:1496H         LINE#         160
  C:1499H         LINE#         161
  C:1499H         LINE#         162
  C:1499H         LINE#         163
  C:1499H         LINE#         164
  C:149DH         LINE#         165
  C:14A0H         LINE#         166
  C:14A5H         LINE#         167
  C:14A5H         LINE#         168
  C:14AAH         LINE#         169
  C:14BEH         LINE#         171
  C:14F4H         LINE#         172
  C:1504H         LINE#         173
  C:1509H         LINE#         174
  C:1509H         LINE#         175
  C:1525H         LINE#         176
  C:1535H         LINE#         177
  C:153AH         LINE#         178
  C:153AH         LINE#         179
  C:153FH         LINE#         180
  C:1553H         LINE#         182
  C:1589H         LINE#         183
  C:1599H         LINE#         184
  C:159CH         LINE#         185
  C:159CH         LINE#         186
  C:159CH         LINE#         187
  C:159CH         LINE#         188
  C:159CH         LINE#         191
  C:15ACH         LINE#         192
  C:15ACH         LINE#         193
  C:15B1H         LINE#         194
  C:15B1H         LINE#         196
  C:1640H         LINE#         197
  C:1640H         LINE#         198
BL51 BANKED LINKER/LOCATER V5.03             09/11/2014  20:19:53  PAGE 7


  C:1646H         LINE#         199
  C:1648H         LINE#         200
  C:1648H         LINE#         201
  C:1659H         LINE#         202
  C:1659H         LINE#         205
  C:165EH         LINE#         206
  C:165EH         LINE#         207
  C:1663H         LINE#         208
  C:1663H         LINE#         209
  C:166EH         LINE#         210
  C:167AH         LINE#         211
  C:167AH         LINE#         212
  C:1686H         LINE#         213
  C:1686H         LINE#         214
  C:1686H         LINE#         215
  C:168BH         LINE#         216
  C:168BH         LINE#         217
  C:1697H         LINE#         218
  C:16A2H         LINE#         219
  C:16A2H         LINE#         220
  C:16ADH         LINE#         221
  C:16ADH         LINE#         222
  C:16ADH         LINE#         223
  C:16ADH         LINE#         226
  C:16C9H         LINE#         227
  C:16C9H         LINE#         228
  C:16C9H         LINE#         229
  C:16C9H         LINE#         230
  C:16CEH         LINE#         231
  C:16CEH         LINE#         232
  C:16EDH         LINE#         233
  C:16EDH         LINE#         234
  C:1708H         LINE#         235
  C:170DH         LINE#         237
  C:1733H         LINE#         238
  C:1735H         LINE#         240
  C:1735H         LINE#         241
  C:1768H         LINE#         242
  C:176DH         LINE#         244
  C:178DH         LINE#         245
  C:178DH         LINE#         246
  C:17A1H         LINE#         247
  C:17A1H         LINE#         248
  C:17A1H         LINE#         249
  C:17A1H         LINE#         250
  C:17A1H         LINE#         251
  C:17A6H         LINE#         252
  C:17A6H         LINE#         253
  C:17C8H         LINE#         254
  C:17C8H         LINE#         255
  C:17DAH         LINE#         256
  C:180BH         LINE#         258
  C:1842H         LINE#         259
  C:1845H         LINE#         261
  C:1845H         LINE#         262
  C:186EH         LINE#         263
  C:188EH         LINE#         265
  C:18CBH         LINE#         267
  C:18D8H         LINE#         268
  C:18D8H         LINE#         269
  C:18ECH         LINE#         270
  C:18ECH         LINE#         271
  C:18ECH         LINE#         272
BL51 BANKED LINKER/LOCATER V5.03             09/11/2014  20:19:53  PAGE 8


  C:18ECH         LINE#         273
  C:18ECH         LINE#         274
  C:18F1H         LINE#         275
  C:18F1H         LINE#         276
  C:1910H         LINE#         277
  C:1910H         LINE#         278
  C:1922H         LINE#         279
  C:194DH         LINE#         281
  C:197EH         LINE#         283
  C:1981H         LINE#         285
  C:1981H         LINE#         286
  C:19A8H         LINE#         287
  C:19C2H         LINE#         289
  C:19F9H         LINE#         290
  C:1A06H         LINE#         291
  C:1A06H         LINE#         292
  C:1A1AH         LINE#         293
  C:1A1AH         LINE#         294
  C:1A1AH         LINE#         295
  C:1A1AH         LINE#         296
  C:1A1AH         LINE#         297
  C:1A1FH         LINE#         298
  C:1A1FH         LINE#         299
  C:1A3EH         LINE#         300
  C:1A3EH         LINE#         301
  C:1A50H         LINE#         302
  C:1A7BH         LINE#         304
  C:1AACH         LINE#         306
  C:1AAFH         LINE#         308
  C:1AAFH         LINE#         309
  C:1AD6H         LINE#         310
  C:1AF0H         LINE#         312
  C:1B27H         LINE#         313
  C:1B34H         LINE#         314
  C:1B34H         LINE#         315
  C:1B45H         LINE#         316
  C:1B45H         LINE#         317
  C:1B45H         LINE#         318
  C:1B45H         LINE#         322
  C:1B4FH         LINE#         323
  C:1B4FH         LINE#         324
  C:1B53H         LINE#         325
  C:1B58H         LINE#         326
  C:1B58H         LINE#         327
  C:1B5BH         LINE#         328
  C:1B5EH         LINE#         329
  C:1B61H         LINE#         330
  C:1B64H         LINE#         331
  C:1B67H         LINE#         332
  C:1B75H         LINE#         333
  C:1B78H         LINE#         334
  C:1B78H         LINE#         335
  C:1B82H         LINE#         336
  C:1B8CH         LINE#         337
  C:1B9EH         LINE#         338
  C:1BA1H         LINE#         339
  C:1BA5H         LINE#         340
  C:1BA9H         LINE#         341
  C:1BA9H         LINE#         342
  C:1BAFH         LINE#         343
  C:1BAFH         LINE#         344
  C:1BB9H         LINE#         345
  C:1BC3H         LINE#         346
BL51 BANKED LINKER/LOCATER V5.03             09/11/2014  20:19:53  PAGE 9


  C:1BD5H         LINE#         347
  C:1BDBH         LINE#         348
  C:1BDBH         LINE#         349
  C:1BEFH         LINE#         351
  C:1BFDH         LINE#         352
  C:1BFDH         LINE#         356
  C:1C00H         LINE#         357
  C:1C05H         LINE#         358
  C:1C05H         LINE#         359
  C:1C12H         LINE#         360
  C:1C1FH         LINE#         361
  C:1C25H         LINE#         362
  C:1C25H         LINE#         363
  C:1C2AH         LINE#         364
  C:1C2AH         LINE#         365
  C:1C37H         LINE#         366
  C:1C44H         LINE#         367
  C:1C4AH         LINE#         368
  C:1C4AH         LINE#         369
  C:1C58H         LINE#         370
  C:1C58H         LINE#         372
  C:1C90H         LINE#         373
  C:1C90H         LINE#         374
  C:1C9EH         LINE#         375
  C:1CB9H         LINE#         376
  C:1CC1H         LINE#         377
  C:1CDBH         LINE#         378
  C:1CF5H         LINE#         379
  C:1D0EH         LINE#         380
  C:1D27H         LINE#         381
  C:1D29H         LINE#         382
  C:1D2BH         LINE#         383
  C:1D43H         LINE#         384
  C:1D43H         LINE#         385
  C:1D58H         LINE#         388
  C:1D60H         LINE#         389
  C:1D60H         LINE#         390
  C:1D75H         LINE#         391
  C:1D7DH         LINE#         392
  C:1D7DH         LINE#         393
  C:1D86H         LINE#         394
  C:1DA4H         LINE#         395
  C:1DA9H         LINE#         396
  C:1DA9H         LINE#         397
  C:1DBEH         LINE#         398
  C:1DC0H         LINE#         399
  C:1DD6H         LINE#         400
  C:1DD6H         LINE#         401
  C:1DE3H         LINE#         402
  C:1DEAH         LINE#         403
  C:1DECH         LINE#         405
  C:1DECH         LINE#         406
  C:1DF0H         LINE#         407
  C:1DF0H         LINE#         408
  C:1DFAH         LINE#         409
  C:1DFDH         LINE#         410
  C:1E00H         LINE#         411
  C:1E00H         LINE#         412
  C:1E00H         LINE#         413
  C:1E00H         LINE#         414
  C:1E00H         LINE#         416
  C:1E05H         LINE#         417
  C:1E05H         LINE#         418
BL51 BANKED LINKER/LOCATER V5.03             09/11/2014  20:19:53  PAGE 10


  C:1E09H         LINE#         419
  C:1E09H         LINE#         420
  C:1E1EH         LINE#         421
  C:1E23H         LINE#         422
  C:1E23H         LINE#         423
  C:1E28H         LINE#         424
  C:1E2DH         LINE#         425
  C:1E2FH         LINE#         426
  C:1E32H         LINE#         427
  C:1E3CH         LINE#         428
  C:1E3CH         LINE#         429
  C:1E3CH         LINE#         430
  C:1E41H         LINE#         431
  C:1E41H         LINE#         432
  C:1E55H         LINE#         433
  C:1E5AH         LINE#         434
  C:1E5AH         LINE#         435
  C:1E60H         LINE#         436
  C:1E60H         LINE#         437
  C:1E60H         LINE#         438
  C:1E60H         LINE#         440
  C:1E65H         LINE#         441
  C:1E65H         LINE#         442
  C:1E69H         LINE#         443
  C:1E69H         LINE#         444
  C:1E7EH         LINE#         445
  C:1E83H         LINE#         446
  C:1E83H         LINE#         447
  C:1E88H         LINE#         448
  C:1E8DH         LINE#         449
  C:1E8FH         LINE#         450
  C:1E92H         LINE#         451
  C:1E9CH         LINE#         452
  C:1E9CH         LINE#         453
  C:1E9CH         LINE#         454
  C:1EA1H         LINE#         455
  C:1EA1H         LINE#         456
  C:1EB5H         LINE#         457
  C:1EBAH         LINE#         458
  C:1EBAH         LINE#         459
  C:1EC0H         LINE#         460
  C:1EC0H         LINE#         461
  C:1EC0H         LINE#         462
  C:1EC0H         LINE#         464
  C:1EC5H         LINE#         465
  C:1EC5H         LINE#         466
  C:1EDAH         LINE#         467
  C:1EDFH         LINE#         468
  C:1EDFH         LINE#         469
  C:1EE4H         LINE#         470
  C:1EE6H         LINE#         471
  C:1EF0H         LINE#         472
  C:1EF7H         LINE#         473
  C:1EF7H         LINE#         474
  C:1EF7H         LINE#         476
  C:1EFCH         LINE#         477
  C:1EFCH         LINE#         478
  C:1F11H         LINE#         479
  C:1F16H         LINE#         480
  C:1F16H         LINE#         481
  C:1F1BH         LINE#         482
  C:1F1DH         LINE#         483
  C:1F27H         LINE#         484
BL51 BANKED LINKER/LOCATER V5.03             09/11/2014  20:19:53  PAGE 11


  C:1F2EH         LINE#         485
  C:1F2EH         LINE#         486
  C:1F2EH         LINE#         488
  C:1F36H         LINE#         489
  C:1F36H         LINE#         490
  C:1F4BH         LINE#         491
  C:1F53H         LINE#         492
  C:1F53H         LINE#         493
  C:1F5CH         LINE#         494
  C:1F7AH         LINE#         495
  C:1F7FH         LINE#         496
  C:1F7FH         LINE#         497
  C:1F94H         LINE#         498
  C:1F96H         LINE#         499
  C:1FACH         LINE#         500
  C:1FACH         LINE#         501
  C:1FAEH         LINE#         502
  C:1FB7H         LINE#         503
  C:1FBBH         LINE#         504
  C:1FBDH         LINE#         506
  C:1FBDH         LINE#         507
  C:1FBFH         LINE#         508
  C:1FC9H         LINE#         509
  C:1FD0H         LINE#         510
  C:1FD0H         LINE#         511
  C:1FD0H         LINE#         512
  C:1FD0H         LINE#         513
  C:1FDBH         LINE#         516
  C:1FE4H         LINE#         517
  C:1FE4H         LINE#         518
  C:1FFDH         LINE#         519
  C:1FFDH         LINE#         520
  C:2023H         LINE#         521
  C:204AH         LINE#         522
  C:2071H         LINE#         523
  C:2098H         LINE#         524
  C:20C0H         LINE#         525
  C:20E9H         LINE#         526
  C:2112H         LINE#         527
  C:213BH         LINE#         528
  C:2164H         LINE#         529
  C:217FH         LINE#         530
  C:2182H         LINE#         532
  C:2182H         LINE#         533
  C:218EH         LINE#         534
  C:218EH         LINE#         544
  C:218EH         LINE#         546
  -------         ENDPROC       MAIN
  -------         ENDMOD        MAIN

  -------         MODULE        LCD12864
  C:0000H         SYMBOL        _ICE_DUMMY_
  D:0080H         PUBLIC        P0
  C:4432H         PUBLIC        _write_data
  B:0080H.3       PUBLIC        DI
  C:02C0H         PUBLIC        Fonts
  D:00A8H         PUBLIC        IE
  C:4238H         PUBLIC        _power
  B:0080H.1       PUBLIC        CS
  D:00B8H         PUBLIC        IP
  C:3FF8H         PUBLIC        _dispchar16
  C:41BBH         PUBLIC        _disp_grid
  C:444DH         PUBLIC        disp_clear
BL51 BANKED LINKER/LOCATER V5.03             09/11/2014  20:19:53  PAGE 12


  D:00D8H         PUBLIC        CCON
  C:3C7EH         PUBLIC        disp_osc_settings
  D:0098H         PUBLIC        SCON
  D:0088H         PUBLIC        TCON
  C:4312H         PUBLIC        _write_string8
  C:42CEH         PUBLIC        _write_char8
  C:32EFH         PUBLIC        _dispwave
  C:43C6H         PUBLIC        _write_command
  C:4280H         PUBLIC        init_st7565
  B:0080H.2       PUBLIC        SDA
  C:04A0H         PUBLIC        grid0
  C:0819H         PUBLIC        grid1
  C:0B92H         PUBLIC        grid2
  C:00E0H         PUBLIC        nAscii
  C:0F0BH         PUBLIC        grid3
  B:0080H.0       PUBLIC        SCK
  D:00D0H         PUBLIC        PSW
  C:2BA8H         PUBLIC        _dispwave2
  C:4230H         SYMBOL        L?0387
  -------         PROC          L?0386
  -------         ENDPROC       L?0386
  C:4230H         SYMBOL        L?0387
  -------         PROC          _POWER
  D:0033H         SYMBOL        x
  D:0034H         SYMBOL        n
  -------         DO            
  D:0035H         SYMBOL        i
  D:0036H         SYMBOL        l
  -------         ENDDO         
  C:4238H         LINE#         24
  C:423CH         LINE#         25
  C:423CH         LINE#         27
  C:4246H         LINE#         28
  C:424AH         LINE#         29
  C:424AH         LINE#         30
  C:4250H         LINE#         31
  C:4250H         LINE#         33
  C:4250H         LINE#         34
  C:425AH         LINE#         35
  C:425AH         LINE#         36
  C:4273H         LINE#         37
  C:4277H         LINE#         38
  C:427FH         LINE#         39
  C:427FH         LINE#         40
  -------         ENDPROC       _POWER
  C:43BAH         SYMBOL        L?0383
  -------         PROC          L?0382
  -------         ENDPROC       L?0382
  C:43BAH         SYMBOL        L?0383
  -------         PROC          _WRITE_COMMAND
  D:0007H         SYMBOL        cmd
  -------         DO            
  D:0006H         SYMBOL        i
  -------         ENDDO         
  C:43C6H         LINE#         42
  C:43C6H         LINE#         43
  C:43C6H         LINE#         45
  C:43C8H         LINE#         46
  C:43CAH         LINE#         47
  C:43CCH         LINE#         48
  C:43CEH         LINE#         49
  C:43CEH         LINE#         50
  C:43D0H         LINE#         52
BL51 BANKED LINKER/LOCATER V5.03             09/11/2014  20:19:53  PAGE 13


  C:43D4H         LINE#         53
  C:43D8H         LINE#         55
  C:43DAH         LINE#         57
  C:43DEH         LINE#         58
  C:43E0H         LINE#         59
  -------         ENDPROC       _WRITE_COMMAND
  C:442DH         SYMBOL        L?0385
  -------         PROC          L?0384
  -------         ENDPROC       L?0384
  C:442DH         SYMBOL        L?0385
  -------         PROC          _WRITE_DATA
  D:0007H         SYMBOL        dat
  -------         DO            
  D:0006H         SYMBOL        i
  -------         ENDDO         
  C:4432H         LINE#         61
  C:4432H         LINE#         62
  C:4432H         LINE#         64
  C:4434H         LINE#         65
  C:4436H         LINE#         66
  C:4438H         LINE#         67
  C:443AH         LINE#         68
  C:443AH         LINE#         69
  C:443CH         LINE#         71
  C:4440H         LINE#         72
  C:4444H         LINE#         74
  C:4446H         LINE#         76
  C:444AH         LINE#         77
  C:444CH         LINE#         78
  -------         ENDPROC       _WRITE_DATA
  -------         PROC          INIT_ST7565
  C:4280H         LINE#         80
  C:4280H         LINE#         81
  C:4280H         LINE#         82
  C:4285H         LINE#         83
  C:428AH         LINE#         84
  C:428FH         LINE#         85
  C:4294H         LINE#         86
  C:4299H         LINE#         87
  C:429EH         LINE#         88
  C:42A3H         LINE#         89
  C:42A8H         LINE#         90
  C:42ADH         LINE#         91
  C:42B2H         LINE#         92
  C:42B7H         LINE#         93
  C:42BCH         LINE#         94
  C:42C1H         LINE#         95
  C:42C6H         LINE#         96
  C:42CBH         LINE#         97
  -------         ENDPROC       INIT_ST7565
  -------         PROC          DISP_CLEAR
  -------         DO            
  D:0004H         SYMBOL        i
  D:0005H         SYMBOL        j
  D:0007H         SYMBOL        column
  D:0007H         SYMBOL        page
  -------         ENDDO         
  C:444DH         LINE#         100
  C:444DH         LINE#         101
  C:444DH         LINE#         103
  C:444FH         LINE#         104
  C:444FH         LINE#         105
  C:4453H         LINE#         106
BL51 BANKED LINKER/LOCATER V5.03             09/11/2014  20:19:53  PAGE 14


  C:4456H         LINE#         107
  C:4458H         LINE#         108
  C:445BH         LINE#         109
  C:445DH         LINE#         110
  C:4460H         LINE#         111
  C:4462H         LINE#         112
  C:4462H         LINE#         113
  C:4467H         LINE#         114
  C:446BH         LINE#         115
  C:446FH         LINE#         116
  -------         ENDPROC       DISP_CLEAR
  -------         PROC          _WRITE_CHAR8
  D:0007H         SYMBOL        page
  D:0005H         SYMBOL        column
  D:0003H         SYMBOL        chr
  -------         DO            
  D:0005H         SYMBOL        i
  -------         ENDDO         
  C:42CEH         LINE#         119
  C:42CEH         LINE#         120
  C:42CEH         LINE#         122
  C:42D5H         LINE#         123
  C:42E7H         LINE#         124
  C:42EAH         LINE#         125
  C:42ECH         LINE#         126
  C:42ECH         LINE#         128
  C:430DH         LINE#         129
  C:4311H         LINE#         130
  -------         ENDPROC       _WRITE_CHAR8
  -------         PROC          _WRITE_STRING8
  D:0033H         SYMBOL        page
  D:0034H         SYMBOL        column
  D:0035H         SYMBOL        chr
  -------         DO            
  D:0004H         SYMBOL        i
  D:0038H         SYMBOL        col
  -------         ENDDO         
  C:4312H         LINE#         133
  C:431CH         LINE#         134
  C:431CH         LINE#         136
  C:431FH         LINE#         137
  C:4341H         LINE#         138
  C:4341H         LINE#         139
  C:4348H         LINE#         140
  C:434EH         LINE#         141
  C:4351H         LINE#         142
  -------         ENDPROC       _WRITE_STRING8
  -------         PROC          _DISP_GRID
  D:0001H         SYMBOL        gridmode
  -------         DO            
  D:0002H         SYMBOL        i
  D:0003H         SYMBOL        j
  D:0007H         SYMBOL        page
  D:0004H         SYMBOL        dz
  -------         ENDDO         
  C:41BBH         LINE#         144
  C:41BDH         LINE#         145
  C:41BDH         LINE#         147
  C:41C0H         LINE#         148
  C:41C1H         LINE#         149
  C:41C1H         LINE#         150
  C:41C5H         LINE#         151
  C:41C8H         LINE#         152
BL51 BANKED LINKER/LOCATER V5.03             09/11/2014  20:19:53  PAGE 15


  C:41CDH         LINE#         153
  C:41D2H         LINE#         154
  C:41D4H         LINE#         155
  C:41D4H         LINE#         156
  C:41D9H         LINE#         157
  C:41ECH         LINE#         158
  C:41FFH         LINE#         159
  C:4212H         LINE#         160
  C:4225H         LINE#         164
  C:4229H         LINE#         165
  C:422FH         LINE#         166
  -------         ENDPROC       _DISP_GRID
  -------         PROC          DISP_OSC_SETTINGS
  -------         DO            
  D:002CH         SYMBOL        i
  D:002DH         SYMBOL        j
  D:002EH         SYMBOL        k
  D:002FH         SYMBOL        freq0
  -------         ENDDO         
  C:3C7EH         LINE#         168
  C:3C7EH         LINE#         169
  C:3C7EH         LINE#         172
  C:3C81H         LINE#         173
  C:3C83H         LINE#         174
  C:3C8FH         LINE#         175
  C:3C96H         LINE#         176
  C:3C96H         LINE#         177
  C:3CA2H         LINE#         178
  C:3CA5H         LINE#         179
  C:3CA5H         LINE#         180
  C:3CB4H         LINE#         181
  C:3CD9H         LINE#         182
  C:3CD9H         LINE#         183
  C:3CE2H         LINE#         184
  C:3CEBH         LINE#         185
  C:3CEDH         LINE#         187
  C:3CEDH         LINE#         188
  C:3D0EH         LINE#         189
  C:3D11H         LINE#         190
  C:3D11H         LINE#         191
  C:3D47H         LINE#         192
  C:3D4DH         LINE#         193
  C:3D59H         LINE#         194
  C:3D6BH         LINE#         195
  C:3D6BH         LINE#         196
  C:3D70H         LINE#         197
  C:3D70H         LINE#         198
  C:3D7DH         LINE#         199
  C:3D7DH         LINE#         200
  C:3DC1H         LINE#         201
  C:3DC1H         LINE#         202
  C:3DC9H         LINE#         203
  C:3DD1H         LINE#         204
  C:3DD9H         LINE#         205
  C:3DE1H         LINE#         206
  C:3DE9H         LINE#         207
  C:3DF1H         LINE#         208
  C:3DF9H         LINE#         209
  C:3E01H         LINE#         210
  C:3E09H         LINE#         211
  C:3E11H         LINE#         212
  C:3E19H         LINE#         213
  C:3E21H         LINE#         214
BL51 BANKED LINKER/LOCATER V5.03             09/11/2014  20:19:53  PAGE 16


  C:3E29H         LINE#         215
  C:3E36H         LINE#         216
  C:3E36H         LINE#         217
  C:3E36H         LINE#         218
  C:3E46H         LINE#         219
  C:3E46H         LINE#         220
  C:3E4EH         LINE#         221
  C:3E56H         LINE#         222
  C:3E5EH         LINE#         223
  C:3E6BH         LINE#         224
  C:3E6BH         LINE#         225
  C:3E6BH         LINE#         226
  -------         ENDPROC       DISP_OSC_SETTINGS
  -------         PROC          _DISPWAVE
  D:001DH         SYMBOL        gridmode
  -------         DO            
  D:0005H         SYMBOL        i
  -------         ENDDO         
  C:32EFH         LINE#         228
  C:32F1H         LINE#         229
  C:32F1H         LINE#         231
  C:32F4H         LINE#         232
  C:32F9H         LINE#         233
  C:32FBH         LINE#         234
  C:32FBH         LINE#         235
  C:3309H         LINE#         236
  C:3309H         LINE#         237
  C:330EH         LINE#         238
  C:3320H         LINE#         239
  C:3323H         LINE#         240
  C:333DH         LINE#         241
  C:335BH         LINE#         242
  C:337EH         LINE#         243
  C:339FH         LINE#         244
  C:33A2H         LINE#         245
  C:33ABH         LINE#         246
  C:33ABH         LINE#         247
  C:33B0H         LINE#         248
  C:33C2H         LINE#         249
  C:33C5H         LINE#         250
  C:33E7H         LINE#         251
  C:340AH         LINE#         252
  C:342DH         LINE#         253
  C:344EH         LINE#         254
  C:3451H         LINE#         255
  C:345FH         LINE#         256
  C:345FH         LINE#         257
  C:3464H         LINE#         258
  C:3476H         LINE#         259
  C:3479H         LINE#         260
  C:349BH         LINE#         261
  C:34BEH         LINE#         262
  C:34E1H         LINE#         263
  C:3502H         LINE#         264
  C:3505H         LINE#         265
  C:350EH         LINE#         266
  C:350EH         LINE#         267
  C:3513H         LINE#         268
  C:3525H         LINE#         269
  C:3528H         LINE#         270
  C:354AH         LINE#         271
  C:356DH         LINE#         272
  C:3590H         LINE#         273
BL51 BANKED LINKER/LOCATER V5.03             09/11/2014  20:19:53  PAGE 17


  C:35B1H         LINE#         274
  C:35B4H         LINE#         275
  C:35C2H         LINE#         276
  C:35C2H         LINE#         277
  C:35C7H         LINE#         278
  C:35D9H         LINE#         279
  C:35DCH         LINE#         280
  C:35FEH         LINE#         281
  C:3621H         LINE#         282
  C:3644H         LINE#         283
  C:3665H         LINE#         284
  C:3668H         LINE#         285
  C:3671H         LINE#         286
  C:3671H         LINE#         287
  C:3676H         LINE#         288
  C:3688H         LINE#         289
  C:368BH         LINE#         290
  C:36ADH         LINE#         291
  C:36D0H         LINE#         292
  C:36F3H         LINE#         293
  C:3715H         LINE#         294
  C:3718H         LINE#         295
  C:3725H         LINE#         296
  C:3725H         LINE#         297
  C:372AH         LINE#         298
  C:373CH         LINE#         299
  C:373FH         LINE#         300
  C:375FH         LINE#         301
  C:3780H         LINE#         302
  C:37A1H         LINE#         303
  C:37C2H         LINE#         304
  C:37C2H         LINE#         305
  C:37CBH         LINE#         306
  -------         ENDPROC       _DISPWAVE
  -------         PROC          _DISPWAVE2
  D:001DH         SYMBOL        gridmode
  -------         DO            
  D:0005H         SYMBOL        i
  D:001EH         SYMBOL        j
  D:001FH         SYMBOL        min
  D:0020H         SYMBOL        mid
  D:0021H         SYMBOL        max
  D:0022H         SYMBOL        srt
  D:0023H         SYMBOL        lgth
  D:0024H         SYMBOL        end
  D:0025H         SYMBOL        pnts
  -------         ENDDO         
  C:2BA8H         LINE#         308
  C:2BAAH         LINE#         309
  C:2BAAH         LINE#         314
  C:2BADH         LINE#         316
  C:2BAFH         LINE#         317
  C:2BAFH         LINE#         318
  C:2BB9H         LINE#         319
  C:2BB9H         LINE#         320
  C:2BC7H         LINE#         321
  C:2BC7H         LINE#         322
  C:2BCCH         LINE#         323
  C:2BDEH         LINE#         324
  C:2BE1H         LINE#         325
  C:2BFBH         LINE#         326
  C:2C1EH         LINE#         327
  C:2C41H         LINE#         328
BL51 BANKED LINKER/LOCATER V5.03             09/11/2014  20:19:53  PAGE 18


  C:2C62H         LINE#         329
  C:2C65H         LINE#         330
  C:2C6EH         LINE#         331
  C:2C6EH         LINE#         332
  C:2C73H         LINE#         333
  C:2C85H         LINE#         334
  C:2C88H         LINE#         335
  C:2CAAH         LINE#         336
  C:2CCDH         LINE#         337
  C:2CF0H         LINE#         338
  C:2D11H         LINE#         339
  C:2D14H         LINE#         340
  C:2D22H         LINE#         341
  C:2D22H         LINE#         342
  C:2D27H         LINE#         343
  C:2D39H         LINE#         344
  C:2D3CH         LINE#         345
  C:2D5EH         LINE#         346
  C:2D81H         LINE#         347
  C:2DA4H         LINE#         348
  C:2DC5H         LINE#         349
  C:2DC8H         LINE#         350
  C:2DD1H         LINE#         351
  C:2DD1H         LINE#         352
  C:2DD6H         LINE#         353
  C:2DE8H         LINE#         354
  C:2DEBH         LINE#         355
  C:2E0DH         LINE#         356
  C:2E30H         LINE#         357
  C:2E53H         LINE#         358
  C:2E74H         LINE#         359
  C:2E77H         LINE#         360
  C:2E85H         LINE#         361
  C:2E85H         LINE#         362
  C:2E8AH         LINE#         363
  C:2E9CH         LINE#         364
  C:2E9FH         LINE#         365
  C:2EC1H         LINE#         366
  C:2EE4H         LINE#         367
  C:2F07H         LINE#         368
  C:2F28H         LINE#         369
  C:2F2BH         LINE#         370
  C:2F34H         LINE#         371
  C:2F34H         LINE#         372
  C:2F39H         LINE#         373
  C:2F4BH         LINE#         374
  C:2F4EH         LINE#         375
  C:2F70H         LINE#         376
  C:2F93H         LINE#         377
  C:2FB6H         LINE#         378
  C:2FD8H         LINE#         379
  C:2FDBH         LINE#         380
  C:2FE8H         LINE#         381
  C:2FE8H         LINE#         382
  C:2FEDH         LINE#         383
  C:2FFFH         LINE#         384
  C:3002H         LINE#         385
  C:3022H         LINE#         386
  C:3043H         LINE#         387
  C:3064H         LINE#         388
  C:3089H         LINE#         389
  C:3089H         LINE#         390
  C:308CH         LINE#         392
BL51 BANKED LINKER/LOCATER V5.03             09/11/2014  20:19:53  PAGE 19


  C:308CH         LINE#         394
  C:30A2H         LINE#         395
  C:30ABH         LINE#         396
  C:30B7H         LINE#         397
  C:30B7H         LINE#         398
  C:30BAH         LINE#         399
  C:30BCH         LINE#         400
  C:30BEH         LINE#         402
  C:30BEH         LINE#         403
  C:30C8H         LINE#         404
  C:30CDH         LINE#         405
  C:30CDH         LINE#         407
  C:30E5H         LINE#         408
  C:30E5H         LINE#         409
  C:30F3H         LINE#         410
  C:30FBH         LINE#         411
  C:30FEH         LINE#         412
  C:3101H         LINE#         413
  C:3103H         LINE#         414
  C:311BH         LINE#         415
  C:311BH         LINE#         416
  C:311EH         LINE#         417
  C:3126H         LINE#         418
  C:312CH         LINE#         419
  C:312EH         LINE#         421
  C:312EH         LINE#         423
  C:3140H         LINE#         424
  C:3142H         LINE#         425
  C:3154H         LINE#         426
  C:3156H         LINE#         427
  C:3156H         LINE#         429
  C:3159H         LINE#         430
  C:3159H         LINE#         431
  C:3160H         LINE#         432
  C:3167H         LINE#         434
  C:316EH         LINE#         435
  C:316EH         LINE#         436
  C:3183H         LINE#         437
  C:318DH         LINE#         438
  C:318DH         LINE#         439
  C:31B0H         LINE#         440
  C:31B4H         LINE#         441
  C:31B4H         LINE#         443
  C:31B4H         LINE#         444
  C:31C1H         LINE#         445
  C:31C1H         LINE#         446
  C:31CBH         LINE#         447
  C:31CBH         LINE#         448
  C:31EEH         LINE#         449
  C:31F2H         LINE#         450
  C:31F2H         LINE#         451
  C:31F2H         LINE#         453
  C:31F5H         LINE#         454
  C:31F5H         LINE#         456
  C:31F5H         LINE#         457
  C:31FDH         LINE#         458
  C:320FH         LINE#         459
  C:3212H         LINE#         460
  C:3243H         LINE#         461
  C:3275H         LINE#         462
  C:32A7H         LINE#         463
  C:32D9H         LINE#         464
  C:32D9H         LINE#         465
BL51 BANKED LINKER/LOCATER V5.03             09/11/2014  20:19:53  PAGE 20


  C:32E5H         LINE#         466
  C:32E5H         LINE#         467
  C:32EEH         LINE#         468
  -------         ENDPROC       _DISPWAVE2
  -------         PROC          _DISPCHAR16
  D:001DH         SYMBOL        page
  D:001EH         SYMBOL        column
  D:001FH         SYMBOL        hz
  D:0020H         SYMBOL        n
  D:0021H         SYMBOL        p
  -------         DO            
  D:0024H         SYMBOL        i
  D:0025H         SYMBOL        j
  -------         ENDDO         
  C:3FF8H         LINE#         473
  C:3FFEH         LINE#         474
  C:3FFEH         LINE#         476
  C:400BH         LINE#         477
  C:400BH         LINE#         478
  C:4013H         LINE#         479
  C:4039H         LINE#         480
  C:404BH         LINE#         481
  C:4055H         LINE#         482
  C:4055H         LINE#         483
  C:4077H         LINE#         484
  C:407BH         LINE#         485
  C:4083H         LINE#         486
  C:40A9H         LINE#         487
  C:40BBH         LINE#         488
  C:40C5H         LINE#         489
  C:40C5H         LINE#         490
  C:40F0H         LINE#         491
  C:40F4H         LINE#         492
  C:40F9H         LINE#         493
  -------         ENDPROC       _DISPCHAR16
  -------         ENDMOD        LCD12864

  -------         MODULE        ADC
  C:0000H         SYMBOL        _ICE_DUMMY_
  C:44C1H         PUBLIC        ADCinit
  B:00A8H.7       PUBLIC        EA
  D:00A8H         PUBLIC        IE
  D:00BDH         PUBLIC        ADC_RES
  D:00B8H         PUBLIC        IP
  D:00D8H         PUBLIC        CCON
  D:00BCH         PUBLIC        ADC_CONTR
  D:0098H         PUBLIC        SCON
  D:008FH         PUBLIC        WAKE_CLKO
  D:0089H         PUBLIC        TMOD
  D:0088H         PUBLIC        TCON
  D:008EH         PUBLIC        AUXR
  B:00A8H.1       PUBLIC        ET0
  B:00A8H.3       PUBLIC        ET1
  D:008CH         PUBLIC        TH0
  D:008DH         PUBLIC        TH1
  D:008AH         PUBLIC        TL0
  D:008BH         PUBLIC        TL1
  B:0088H.4       PUBLIC        TR0
  B:0088H.6       PUBLIC        TR1
  C:3E6CH         PUBLIC        T0_interrupt
  C:43E1H         PUBLIC        timerinit
  D:009DH         PUBLIC        P1ASF
  D:009CH         PUBLIC        BRT
BL51 BANKED LINKER/LOCATER V5.03             09/11/2014  20:19:53  PAGE 21


  C:4486H         PUBLIC        _getADC
  D:00A2H         PUBLIC        AUXR1
  C:2191H         PUBLIC        fastADC
  D:00D0H         PUBLIC        PSW
  -------         PROC          ADCINIT
  C:44C1H         LINE#         13
  C:44C1H         LINE#         14
  C:44C1H         LINE#         16
  C:44C4H         LINE#         17
  C:44C7H         LINE#         18
  C:44C9H         LINE#         19
  C:44CCH         LINE#         21
  -------         ENDPROC       ADCINIT
  -------         PROC          _GETADC
  D:0007H         SYMBOL        ch
  C:4486H         LINE#         22
  C:4486H         LINE#         23
  C:4486H         LINE#         24
  C:448BH         LINE#         25
  C:448CH         LINE#         26
  C:448DH         LINE#         27
  C:448EH         LINE#         28
  C:448FH         LINE#         29
  C:4494H         LINE#         30
  C:4497H         LINE#         31
  C:4499H         LINE#         32
  -------         ENDPROC       _GETADC
  -------         PROC          TIMERINIT
  C:43E1H         LINE#         34
  C:43E1H         LINE#         35
  C:43E1H         LINE#         36
  C:43E4H         LINE#         37
  C:43E7H         LINE#         38
  C:43EAH         LINE#         40
  C:43EDH         LINE#         41
  C:43F1H         LINE#         42
  C:43F5H         LINE#         43
  C:43F8H         LINE#         44
  C:43FBH         LINE#         45
  C:43FDH         LINE#         46
  C:43FFH         LINE#         47
  C:4401H         LINE#         48
  C:4403H         LINE#         49
  C:4405H         LINE#         50
  -------         ENDPROC       TIMERINIT
  -------         PROC          T0_INTERRUPT
  C:3E6CH         LINE#         51
  C:3E7BH         LINE#         53
  C:3E7FH         LINE#         54
  C:3E83H         LINE#         55
  C:3E8BH         LINE#         56
  C:3EBAH         LINE#         57
  C:3EBAH         LINE#         58
  C:3EBAH         LINE#         59
  C:3EBAH         LINE#         60
  C:3EC8H         LINE#         61
  C:3EC8H         LINE#         62
  C:3EDBH         LINE#         63
  C:3EE3H         LINE#         64
  C:3EE3H         LINE#         65
  C:3EE3H         LINE#         66
  C:3EE6H         LINE#         67
  C:3EE6H         LINE#         68
BL51 BANKED LINKER/LOCATER V5.03             09/11/2014  20:19:53  PAGE 22


  C:3EE6H         LINE#         69
  C:3EE6H         LINE#         70
  C:3EF4H         LINE#         71
  C:3EF4H         LINE#         72
  C:3F07H         LINE#         73
  C:3F0FH         LINE#         74
  C:3F0FH         LINE#         75
  C:3F0FH         LINE#         76
  C:3F12H         LINE#         77
  C:3F12H         LINE#         78
  C:3F12H         LINE#         79
  C:3F12H         LINE#         80
  C:3F20H         LINE#         81
  C:3F20H         LINE#         82
  C:3F33H         LINE#         83
  C:3F3BH         LINE#         84
  C:3F3BH         LINE#         85
  C:3F3BH         LINE#         86
  C:3F3EH         LINE#         87
  C:3F3EH         LINE#         88
  C:3F3EH         LINE#         89
  C:3F3EH         LINE#         90
  C:3F4CH         LINE#         91
  C:3F4CH         LINE#         92
  C:3F5FH         LINE#         93
  C:3F67H         LINE#         94
  C:3F67H         LINE#         95
  C:3F67H         LINE#         96
  C:3F69H         LINE#         97
  C:3F69H         LINE#         98
  C:3F69H         LINE#         99
  C:3F69H         LINE#         100
  C:3F74H         LINE#         101
  C:3F74H         LINE#         102
  C:3F87H         LINE#         103
  C:3F8FH         LINE#         104
  C:3F8FH         LINE#         105
  C:3F8FH         LINE#         106
  C:3F91H         LINE#         107
  C:3F91H         LINE#         108
  C:3F91H         LINE#         109
  C:3F91H         LINE#         110
  C:3F9CH         LINE#         111
  C:3F9CH         LINE#         112
  C:3FAFH         LINE#         113
  C:3FB7H         LINE#         114
  C:3FB7H         LINE#         115
  C:3FB7H         LINE#         116
  C:3FB9H         LINE#         117
  C:3FB9H         LINE#         118
  C:3FB9H         LINE#         119
  C:3FB9H         LINE#         120
  C:3FCCH         LINE#         121
  C:3FD4H         LINE#         122
  C:3FDAH         LINE#         123
  C:3FDAH         LINE#         124
  C:3FDAH         LINE#         125
  C:3FDAH         LINE#         126
  C:3FE5H         LINE#         127
  C:3FE5H         LINE#         128
  C:3FEBH         LINE#         129
  C:3FEBH         LINE#         130
  -------         ENDPROC       T0_INTERRUPT
BL51 BANKED LINKER/LOCATER V5.03             09/11/2014  20:19:53  PAGE 23


  -------         PROC          FASTADC
  C:2191H         LINE#         132
  C:2191H         LINE#         133
  C:2191H         LINE#         134
  C:219DH         LINE#         135
  C:21A7H         LINE#         136
  C:21B1H         LINE#         137
  C:21BBH         LINE#         138
  C:21C5H         LINE#         139
  C:21CFH         LINE#         140
  C:21D9H         LINE#         141
  C:21E3H         LINE#         142
  C:21EDH         LINE#         143
  C:21F7H         LINE#         144
  C:2201H         LINE#         145
  C:220BH         LINE#         146
  C:2215H         LINE#         147
  C:221FH         LINE#         148
  C:2229H         LINE#         149
  C:2233H         LINE#         150
  C:223DH         LINE#         151
  C:2247H         LINE#         152
  C:2251H         LINE#         153
  C:225BH         LINE#         154
  C:2265H         LINE#         155
  C:226FH         LINE#         156
  C:2279H         LINE#         157
  C:2283H         LINE#         158
  C:228DH         LINE#         159
  C:2297H         LINE#         160
  C:22A1H         LINE#         161
  C:22ABH         LINE#         162
  C:22B5H         LINE#         163
  C:22BFH         LINE#         164
  C:22C9H         LINE#         165
  C:22D3H         LINE#         166
  C:22DDH         LINE#         167
  C:22E7H         LINE#         168
  C:22F1H         LINE#         169
  C:22FBH         LINE#         170
  C:2305H         LINE#         171
  C:230FH         LINE#         172
  C:2319H         LINE#         173
  C:2323H         LINE#         174
  C:232DH         LINE#         175
  C:2337H         LINE#         176
  C:2341H         LINE#         177
  C:234BH         LINE#         178
  C:2355H         LINE#         179
  C:235FH         LINE#         180
  C:2369H         LINE#         181
  C:2373H         LINE#         182
  C:237DH         LINE#         183
  C:2387H         LINE#         184
  C:2391H         LINE#         185
  C:239BH         LINE#         186
  C:23A5H         LINE#         187
  C:23AFH         LINE#         188
  C:23B9H         LINE#         189
  C:23C3H         LINE#         190
  C:23CDH         LINE#         191
  C:23D7H         LINE#         192
  C:23E1H         LINE#         193
BL51 BANKED LINKER/LOCATER V5.03             09/11/2014  20:19:53  PAGE 24


  C:23EBH         LINE#         194
  C:23F5H         LINE#         195
  C:23FFH         LINE#         196
  C:2409H         LINE#         197
  C:2413H         LINE#         198
  C:241DH         LINE#         199
  C:2427H         LINE#         200
  C:2431H         LINE#         201
  C:243BH         LINE#         202
  C:2445H         LINE#         203
  C:244FH         LINE#         204
  C:2459H         LINE#         205
  C:2463H         LINE#         206
  C:246DH         LINE#         207
  C:2477H         LINE#         208
  C:2481H         LINE#         209
  C:248BH         LINE#         210
  C:2495H         LINE#         211
  C:249FH         LINE#         212
  C:24A9H         LINE#         213
  C:24B3H         LINE#         214
  C:24BDH         LINE#         215
  C:24C7H         LINE#         216
  C:24D1H         LINE#         217
  C:24DBH         LINE#         218
  C:24E5H         LINE#         219
  C:24EFH         LINE#         220
  C:24F9H         LINE#         221
  C:2503H         LINE#         222
  C:250DH         LINE#         223
  C:2517H         LINE#         224
  C:2521H         LINE#         225
  C:252BH         LINE#         226
  C:2535H         LINE#         227
  C:253FH         LINE#         228
  C:2549H         LINE#         229
  C:2553H         LINE#         230
  C:255DH         LINE#         231
  C:2567H         LINE#         232
  C:2571H         LINE#         233
  C:257BH         LINE#         234
  C:2585H         LINE#         235
  C:258FH         LINE#         236
  C:2599H         LINE#         237
  C:25A3H         LINE#         238
  C:25ADH         LINE#         239
  C:25B7H         LINE#         240
  C:25C1H         LINE#         241
  C:25CBH         LINE#         242
  C:25D5H         LINE#         243
  C:25DFH         LINE#         244
  C:25E9H         LINE#         245
  C:25F3H         LINE#         246
  C:25FDH         LINE#         247
  C:2607H         LINE#         248
  C:2611H         LINE#         249
  C:261BH         LINE#         250
  C:2625H         LINE#         251
  C:262FH         LINE#         252
  C:2639H         LINE#         253
  C:2643H         LINE#         254
  C:264DH         LINE#         255
  C:2657H         LINE#         256
BL51 BANKED LINKER/LOCATER V5.03             09/11/2014  20:19:53  PAGE 25


  C:2661H         LINE#         257
  C:266BH         LINE#         258
  C:2675H         LINE#         259
  C:267FH         LINE#         260
  C:2689H         LINE#         261
  C:2693H         LINE#         262
  C:269DH         LINE#         263
  C:26A7H         LINE#         264
  C:26B1H         LINE#         265
  C:26BBH         LINE#         266
  C:26C5H         LINE#         267
  C:26CFH         LINE#         268
  C:26D9H         LINE#         269
  C:26E3H         LINE#         270
  C:26EDH         LINE#         271
  C:26F7H         LINE#         272
  C:2701H         LINE#         273
  C:270BH         LINE#         274
  C:2715H         LINE#         275
  C:271FH         LINE#         276
  C:2729H         LINE#         277
  C:2733H         LINE#         278
  C:273DH         LINE#         279
  C:2747H         LINE#         280
  C:2751H         LINE#         281
  C:275BH         LINE#         282
  C:2765H         LINE#         283
  C:276FH         LINE#         284
  C:2779H         LINE#         285
  C:2783H         LINE#         286
  C:278DH         LINE#         287
  C:2797H         LINE#         288
  C:27A1H         LINE#         289
  C:27ABH         LINE#         290
  C:27B5H         LINE#         291
  C:27BFH         LINE#         292
  C:27C9H         LINE#         293
  C:27D3H         LINE#         294
  C:27DDH         LINE#         295
  C:27E7H         LINE#         296
  C:27F1H         LINE#         297
  C:27FBH         LINE#         298
  C:2805H         LINE#         299
  C:280FH         LINE#         300
  C:2819H         LINE#         301
  C:2823H         LINE#         302
  C:282DH         LINE#         303
  C:2837H         LINE#         304
  C:2841H         LINE#         305
  C:284BH         LINE#         306
  C:2855H         LINE#         307
  C:285FH         LINE#         308
  C:2869H         LINE#         309
  C:2873H         LINE#         310
  C:287DH         LINE#         311
  C:2887H         LINE#         312
  C:2891H         LINE#         313
  C:289BH         LINE#         314
  C:28A5H         LINE#         315
  C:28AFH         LINE#         316
  C:28B9H         LINE#         317
  C:28C3H         LINE#         318
  C:28CDH         LINE#         319
BL51 BANKED LINKER/LOCATER V5.03             09/11/2014  20:19:53  PAGE 26


  C:28D7H         LINE#         320
  C:28E1H         LINE#         321
  C:28EBH         LINE#         322
  C:28F5H         LINE#         323
  C:28FFH         LINE#         324
  C:2909H         LINE#         325
  C:2913H         LINE#         326
  C:291DH         LINE#         327
  C:2927H         LINE#         328
  C:2931H         LINE#         329
  C:293BH         LINE#         330
  C:2945H         LINE#         331
  C:294FH         LINE#         332
  C:2959H         LINE#         333
  C:2963H         LINE#         334
  C:296DH         LINE#         335
  C:2977H         LINE#         336
  C:2981H         LINE#         337
  C:298BH         LINE#         338
  C:2995H         LINE#         339
  C:299FH         LINE#         340
  C:29A9H         LINE#         341
  C:29B3H         LINE#         342
  C:29BDH         LINE#         343
  C:29C7H         LINE#         344
  C:29D1H         LINE#         345
  C:29DBH         LINE#         346
  C:29E5H         LINE#         347
  C:29EFH         LINE#         348
  C:29F9H         LINE#         349
  C:2A03H         LINE#         350
  C:2A0DH         LINE#         351
  C:2A17H         LINE#         352
  C:2A21H         LINE#         353
  C:2A2BH         LINE#         354
  C:2A35H         LINE#         355
  C:2A3FH         LINE#         356
  C:2A49H         LINE#         357
  C:2A53H         LINE#         358
  C:2A5DH         LINE#         359
  C:2A67H         LINE#         360
  C:2A71H         LINE#         361
  C:2A7BH         LINE#         362
  C:2A85H         LINE#         363
  C:2A8FH         LINE#         364
  C:2A99H         LINE#         365
  C:2AA3H         LINE#         366
  C:2AADH         LINE#         367
  C:2AB7H         LINE#         368
  C:2AC1H         LINE#         369
  C:2ACBH         LINE#         370
  C:2AD5H         LINE#         371
  C:2ADFH         LINE#         372
  C:2AE9H         LINE#         373
  C:2AF3H         LINE#         374
  C:2AFDH         LINE#         375
  C:2B07H         LINE#         376
  C:2B11H         LINE#         377
  C:2B1BH         LINE#         378
  C:2B25H         LINE#         379
  C:2B2FH         LINE#         380
  C:2B39H         LINE#         381
  C:2B43H         LINE#         382
BL51 BANKED LINKER/LOCATER V5.03             09/11/2014  20:19:53  PAGE 27


  C:2B4DH         LINE#         383
  C:2B57H         LINE#         384
  C:2B61H         LINE#         385
  C:2B6BH         LINE#         386
  C:2B75H         LINE#         387
  C:2B7FH         LINE#         388
  C:2B89H         LINE#         389
  C:2B93H         LINE#         390
  C:2B9DH         LINE#         391
  C:2BA7H         LINE#         392
  -------         ENDPROC       FASTADC
  -------         ENDMOD        ADC

  -------         MODULE        PCA
  C:0000H         SYMBOL        _ICE_DUMMY_
  B:00D8H.7       PUBLIC        CF
  D:00F9H         PUBLIC        CH
  C:4406H         PUBLIC        PCAinit
  D:00A8H         PUBLIC        IE
  D:00E9H         PUBLIC        CL
  D:00FAH         PUBLIC        CCAP0H
  D:00FBH         PUBLIC        CCAP1H
  D:00EAH         PUBLIC        CCAP0L
  B:00D8H.6       PUBLIC        CR
  D:00EBH         PUBLIC        CCAP1L
  D:00DAH         PUBLIC        CCAPM0
  D:00B8H         PUBLIC        IP
  D:00D9H         PUBLIC        CMOD
  D:00D8H         PUBLIC        CCON
  D:0098H         PUBLIC        SCON
  D:0088H         PUBLIC        TCON
  C:40FAH         PUBLIC        PCAinterrupt
  B:00A8H.3       PUBLIC        ET1
  D:008DH         PUBLIC        TH1
  D:008BH         PUBLIC        TL1
  B:0088H.6       PUBLIC        TR1
  C:44AEH         PUBLIC        T1_interrupt
  D:00A2H         PUBLIC        AUXR1
  D:00D0H         PUBLIC        PSW
  B:00D8H.0       PUBLIC        CCF0
  B:00D8H.1       PUBLIC        CCF1
  -------         PROC          PCAINIT
  C:4406H         LINE#         12
  C:4406H         LINE#         13
  C:4406H         LINE#         14
  C:4409H         LINE#         16
  C:440CH         LINE#         17
  C:440FH         LINE#         19
  C:4413H         LINE#         20
  C:4416H         LINE#         21
  C:441AH         LINE#         22
  C:441DH         LINE#         23
  C:4421H         LINE#         24
  C:4423H         LINE#         25
  C:4425H         LINE#         26
  C:4427H         LINE#         27
  C:4429H         LINE#         28
  -------         ENDPROC       PCAINIT
  -------         PROC          T1_INTERRUPT
  C:44AEH         LINE#         30
  C:44B0H         LINE#         32
  C:44B3H         LINE#         33
  C:44B6H         LINE#         34
BL51 BANKED LINKER/LOCATER V5.03             09/11/2014  20:19:53  PAGE 28


  C:44BEH         LINE#         35
  -------         ENDPROC       T1_INTERRUPT
  -------         PROC          PCAINTERRUPT
  C:40FAH         LINE#         36
  C:4117H         LINE#         38
  C:411DH         LINE#         39
  C:411DH         LINE#         40
  C:411FH         LINE#         41
  C:412BH         LINE#         42
  C:412EH         LINE#         43
  C:4132H         LINE#         44
  C:413AH         LINE#         45
  C:4143H         LINE#         46
  C:4143H         LINE#         47
  C:4147H         LINE#         48
  C:418AH         LINE#         49
  C:418DH         LINE#         50
  C:4190H         LINE#         51
  C:4196H         LINE#         52
  C:419CH         LINE#         53
  C:41A0H         LINE#         54
  C:41A0H         LINE#         55
  C:41A0H         LINE#         63
  -------         ENDPROC       PCAINTERRUPT
  -------         ENDMOD        PCA

  -------         MODULE        EEPROM
  C:0000H         SYMBOL        _ICE_DUMMY_
  D:00A8H         PUBLIC        IE
  D:00C5H         PUBLIC        IAP_CMD
  D:00B8H         PUBLIC        IP
  D:00C3H         PUBLIC        IAP_ADDRH
  C:449AH         PUBLIC        _IAPEraseSector
  D:00C4H         PUBLIC        IAP_ADDRL
  D:00D8H         PUBLIC        CCON
  D:0098H         PUBLIC        SCON
  D:0088H         PUBLIC        TCON
  C:4389H         PUBLIC        _IAPReadData
  D:00C7H         PUBLIC        IAP_CONTR
  C:4352H         PUBLIC        _IAPWriteData
  C:001EH         PUBLIC        _IAPReadByte
  D:00C2H         PUBLIC        IAP_DATA
  C:000EH         PUBLIC        IAPIdle
  C:4470H         PUBLIC        _IAPWriteByte
  D:00C6H         PUBLIC        IAP_TRIG
  D:00D0H         PUBLIC        PSW
  -------         PROC          IAPIDLE
  C:000EH         LINE#         10
  C:000EH         LINE#         11
  C:000EH         LINE#         12
  C:0011H         LINE#         13
  C:0013H         LINE#         14
  C:0015H         LINE#         15
  C:0018H         LINE#         16
  C:001AH         LINE#         17
  -------         ENDPROC       IAPIDLE
  -------         PROC          _IAPREADBYTE
  D:0006H         SYMBOL        addr
  -------         DO            
  D:0007H         SYMBOL        dat
  -------         ENDDO         
  C:001EH         LINE#         26
  C:001EH         LINE#         27
BL51 BANKED LINKER/LOCATER V5.03             09/11/2014  20:19:53  PAGE 29


  C:001EH         LINE#         29
  C:0021H         LINE#         30
  C:0024H         LINE#         31
  C:0026H         LINE#         32
  C:0028H         LINE#         33
  C:002BH         LINE#         34
  C:002EH         LINE#         35
  C:002FH         LINE#         36
  C:0031H         LINE#         37
  C:0034H         LINE#         38
  C:0034H         LINE#         39
  -------         ENDPROC       _IAPREADBYTE
  -------         PROC          _IAPWRITEBYTE
  D:0006H         SYMBOL        addr
  D:0005H         SYMBOL        dat
  C:4470H         LINE#         48
  C:4470H         LINE#         49
  C:4470H         LINE#         50
  C:4473H         LINE#         51
  C:4476H         LINE#         52
  C:4478H         LINE#         53
  C:447AH         LINE#         54
  C:447CH         LINE#         55
  C:447FH         LINE#         56
  C:4482H         LINE#         57
  C:4483H         LINE#         58
  -------         ENDPROC       _IAPWRITEBYTE
  -------         PROC          _IAPERASESECTOR
  D:0006H         SYMBOL        addr
  C:449AH         LINE#         68
  C:449AH         LINE#         69
  C:449AH         LINE#         70
  C:449DH         LINE#         71
  C:44A0H         LINE#         72
  C:44A2H         LINE#         73
  C:44A4H         LINE#         74
  C:44A7H         LINE#         75
  C:44AAH         LINE#         76
  C:44ABH         LINE#         77
  -------         ENDPROC       _IAPERASESECTOR
  -------         PROC          _IAPWRITEDATA
  D:001DH         SYMBOL        addr
  D:001FH         SYMBOL        length
  D:0020H         SYMBOL        p
  -------         DO            
  D:0004H         SYMBOL        i
  -------         ENDDO         
  C:4352H         LINE#         87
  C:435EH         LINE#         88
  C:435EH         LINE#         90
  C:4361H         LINE#         91
  C:4369H         LINE#         92
  C:4369H         LINE#         93
  C:4385H         LINE#         94
  C:4388H         LINE#         95
  -------         ENDPROC       _IAPWRITEDATA
  -------         PROC          _IAPREADDATA
  D:001DH         SYMBOL        addr
  D:0005H         SYMBOL        length
  D:001FH         SYMBOL        p
  -------         DO            
  D:0004H         SYMBOL        i
  -------         ENDDO         
BL51 BANKED LINKER/LOCATER V5.03             09/11/2014  20:19:53  PAGE 30


  C:4389H         LINE#         104
  C:4393H         LINE#         105
  C:4393H         LINE#         107
  C:439AH         LINE#         108
  C:439AH         LINE#         109
  C:43B6H         LINE#         110
  C:43B9H         LINE#         111
  -------         ENDPROC       _IAPREADDATA
  -------         ENDMOD        EEPROM

  -------         MODULE        ?C?CLDPTR
  C:3A81H         PUBLIC        ?C?CLDPTR
  -------         ENDMOD        ?C?CLDPTR

  -------         MODULE        ?C?CLDOPTR
  C:3A9AH         PUBLIC        ?C?CLDOPTR
  -------         ENDMOD        ?C?CLDOPTR

  -------         MODULE        ?C?CSTOPTR
  C:3AC7H         PUBLIC        ?C?CSTOPTR
  -------         ENDMOD        ?C?CSTOPTR

  -------         MODULE        ?C?IMUL
  C:3AE9H         PUBLIC        ?C?IMUL
  -------         ENDMOD        ?C?IMUL

  -------         MODULE        ?C?UIDIV
  C:3AFBH         PUBLIC        ?C?UIDIV
  -------         ENDMOD        ?C?UIDIV

  -------         MODULE        ?C?LMUL
  C:3B50H         PUBLIC        ?C?LMUL
  -------         ENDMOD        ?C?LMUL

  -------         MODULE        ?C?ULDIV
  C:3BDBH         PUBLIC        ?C?ULDIV
  -------         ENDMOD        ?C?ULDIV

  -------         MODULE        ?C?ULCMP
  C:3C6DH         PUBLIC        ?C?ULCMP
  -------         ENDMOD        ?C?ULCMP

Program Size: data=220.0 xdata=1024 code=17611
LINK/LOCATE RUN COMPLETE.  0 WARNING(S),  0 ERROR(S)
