C51 COMPILER V8.02   点亮_豢臠ED                                                           08/03/2011 15:38:31 PAGE 1   


C51 COMPILER V8.02, COMPILATION OF MODULE 点亮_豢臠ED
OBJECT MODULE PLACED IN 点亮一颗LED.OBJ
COMPILER INVOKED BY: C:\Keil\C51\BIN\C51.EXE 点亮一颗LED.c BROWSE DEBUG OBJECTEXTEND

line level    source

   1          /*
   2          *点亮一颗LED*
   3          */
   4          #include <reg51.h>
   5          sbit LED = P0^0;
   6          
   7          void main()
   8          {
   9   1              while(1)
  10   1              {
  11   2                      LED = 
  12   2              }
*** ERROR C141 IN LINE 12 OF 点亮一颗LED.C: syntax error near '}'
  13   1      }

C51 COMPILATION COMPLETE.  0 WARNING(S),  1 ERROR(S)
