C51 COMPILER V9.55   DELAY                                                                 08/27/2019 19:52:12 PAGE 1   


C51 COMPILER V9.55, COMPILATION OF MODULE DELAY
OBJECT MODULE PLACED IN .\delay.obj
COMPILER INVOKED BY: D:\E\Keil5\C51\BIN\C51.EXE ..\C\delay.c OPTIMIZE(8,SPEED) BROWSE INCDIR(..\H) DEBUG OBJECTEXTEND PR
                    -INT(.\Listings\delay.lst) TABS(2) OBJECT(.\delay.obj)

line level    source

   1          #include <reg52.h>
   2          #include <intrins.h>  
   3          
   4          void Delay1ms()   //@11.0592MHz
   5          {
   6   1        unsigned char i, j;
   7   1        _nop_();
   8   1        i = 2;
   9   1        j = 199;
  10   1        do
  11   1        {
  12   2          while (--j);
  13   2        } while (--i);
  14   1      }
  15          
  16          void DelayMS(unsigned int t)//∫¡√Î—” ±∫Ø ˝
  17          {
  18   1        while(t--)
  19   1        {
  20   2          Delay1ms();
  21   2        }
  22   1      }


MODULE INFORMATION:   STATIC OVERLAYABLE
   CODE SIZE        =     30    ----
   CONSTANT SIZE    =   ----    ----
   XDATA SIZE       =   ----    ----
   PDATA SIZE       =   ----    ----
   DATA SIZE        =   ----    ----
   IDATA SIZE       =   ----    ----
   BIT SIZE         =   ----    ----
END OF MODULE INFORMATION.


C51 COMPILATION COMPLETE.  0 WARNING(S),  0 ERROR(S)
