C51 COMPILER V9.55   KEY                                                                   08/27/2019 19:52:12 PAGE 1   


C51 COMPILER V9.55, COMPILATION OF MODULE KEY
OBJECT MODULE PLACED IN .\key.obj
COMPILER INVOKED BY: D:\E\Keil5\C51\BIN\C51.EXE ..\C\key.c OPTIMIZE(8,SPEED) BROWSE INCDIR(..\H) DEBUG OBJECTEXTEND PRIN
                    -T(.\Listings\key.lst) TABS(2) OBJECT(.\key.obj)

line level    source

   1          #include <reg52.h>
   2          #include "delay.h"
   3          
   4          unsigned char keynum(void)
   5          {
   6   1         static unsigned char key;
   7   1         P3=0x7f;
   8   1         DelayMS(10);
   9   1         if(P1!=0xff)
  10   1         {
  11   2           key=1;
  12   2         }
  13   1         else
  14   1         {
  15   2           P3=0xbf;
  16   2           DelayMS(10);
  17   2           if(P1!=0xff)
  18   2           {
  19   3             key=2;
  20   3           }
  21   2           else
  22   2           {
  23   3             P3=0xdf;
  24   3             DelayMS(10);
  25   3             if(P1!=0xff)
  26   3             {
  27   4               key=3;
  28   4             }
  29   3             else key=0;
  30   3           }
  31   2         }
  32   1         switch(P1)
  33   1         {
  34   2           case 0xfe : key=key*10+1;break;
  35   2           case 0xfd : key=key*10+2;break;
  36   2           case 0xfb : key=key*10+3;break;
  37   2           case 0xf7 : key=key*10+4;break;
  38   2           case 0xef : key=key*10+5;break;
  39   2           case 0xdf : key=key*10+6;break;
  40   2           case 0xbf : key=key*10+7;break;
  41   2           case 0x7f : key=key*10+8;break;
  42   2           default : break;
  43   2         }
  44   1         return key;
  45   1      }


MODULE INFORMATION:   STATIC OVERLAYABLE
   CODE SIZE        =    193    ----
   CONSTANT SIZE    =   ----    ----
   XDATA SIZE       =   ----    ----
   PDATA SIZE       =   ----    ----
   DATA SIZE        =      1    ----
   IDATA SIZE       =   ----    ----
C51 COMPILER V9.55   KEY                                                                   08/27/2019 19:52:12 PAGE 2   

   BIT SIZE         =   ----    ----
END OF MODULE INFORMATION.


C51 COMPILATION COMPLETE.  0 WARNING(S),  0 ERROR(S)
