C51 COMPILER V9.55   MAIN                                                                  08/27/2019 19:52:11 PAGE 1   


C51 COMPILER V9.55, COMPILATION OF MODULE MAIN
OBJECT MODULE PLACED IN .\main.obj
COMPILER INVOKED BY: D:\E\Keil5\C51\BIN\C51.EXE ..\C\main.c OPTIMIZE(8,SPEED) BROWSE INCDIR(..\H) DEBUG OBJECTEXTEND PRI
                    -NT(.\Listings\main.lst) TABS(2) OBJECT(.\main.obj)

line level    source

   1          #include <reg52.h>
   2          #include "key.h"
   3          #include "delay.h"
   4          
   5          #define uint unsigned int
   6          #define uchar unsigned char
   7            
   8          sbit key1=P3^0;
   9          uint code shu[]={0xc0,0xf9,0xa4,0xb0,0x99,0x92,0x82,0xf8,0x80,0x90};      //共阳极段码          
  10          uint code wei[]={0x01,0x02,0x04,0x08,0x10,0x20,0x40,0x80}; //位选             
  11                          
  12          uchar mm,ss,pp;
  13          
  14          void Timer0Init(void)     //定时器初始化
  15          { 
  16   1        TMOD=0x01;
  17   1        TH0=(65536-18000)/256;
  18   1        TL0=(65536-18000)%256;          
  19   1        TR0=1;
  20   1        ET0=1;
  21   1        EA=1; 
  22   1      }
  23          void main()
  24          {
  25   1        uchar tt,i,j,aa=1;
  26   1        uchar num[30];
  27   1        P0=0x00;
  28   1        P2=0x00;
  29   1        Timer0Init();
  30   1        
  31   1        while(1)
  32   1        {
  33   2          tt = keynum();  
  34   2          if(tt!=num[i]&&tt!=0)
  35   2               num[++i] = tt;
  36   2          if(key1==0)
  37   2          {
  38   3            DelayMS(1);
  39   3            if(key1==0)
  40   3            {
  41   4               while(!key1);
  42   4               aa++;
  43   4               ss=0;
  44   4               mm=0;
  45   4            }       
  46   3          }
  47   2          if(num[aa]!=0)
  48   2          {
  49   3            TR0=1;
  50   3            P2 = wei[7];
  51   3            P0 = shu[num[aa]/10];
  52   3            DelayMS(1);
  53   3            P2 = wei[5];
  54   3            P0 = shu[num[aa]%10];
C51 COMPILER V9.55   MAIN                                                                  08/27/2019 19:52:11 PAGE 2   

  55   3            DelayMS(1);
  56   3            P2 = wei[2];
  57   3            P0 = shu[ss/10];
  58   3            DelayMS(1);
  59   3            P2 = wei[3];
  60   3            P0 = shu[ss%10];
  61   3            DelayMS(1);
  62   3            P2 = wei[0];
  63   3            P0 = shu[mm/10];
  64   3            DelayMS(1);
  65   3            P2 = wei[1];
  66   3            P0 = shu[mm%10];
  67   3            if(ss==60)
  68   3            {
  69   4              ss=0; 
  70   4              mm++;
  71   4            }
  72   3          }
  73   2          else
  74   2          {
  75   3            P2=0x00;
  76   3            ss=0;
  77   3            aa=1;
  78   3            for(j=0;j<i+1;j++)
  79   3              num[j]=0;
  80   3            i=0;
  81   3            TR0=0;
  82   3          }
  83   2        }
  84   1      }
  85          void T0_time() interrupt 1
  86          {
  87   1        TR0=0;
  88   1        TH0=(65536-18000)/256;
  89   1        TL0=(65536-18000)%256;
  90   1        pp++;
  91   1        if(pp==40) {ss++;pp=0;}
  92   1        TR0=1;
  93   1      }


MODULE INFORMATION:   STATIC OVERLAYABLE
   CODE SIZE        =    415    ----
   CONSTANT SIZE    =     36    ----
   XDATA SIZE       =   ----    ----
   PDATA SIZE       =   ----    ----
   DATA SIZE        =      3      32
   IDATA SIZE       =   ----    ----
   BIT SIZE         =   ----    ----
END OF MODULE INFORMATION.


C51 COMPILATION COMPLETE.  0 WARNING(S),  0 ERROR(S)
