C51 COMPILER V9.60.0.0   MAIN                                                              06/20/2020 16:58:34 PAGE 1   


C51 COMPILER V9.60.0.0, COMPILATION OF MODULE MAIN
OBJECT MODULE PLACED IN .\Objects\main.obj
COMPILER INVOKED BY: D:\keil5\C51\BIN\C51.EXE main.c OPTIMIZE(8,SPEED) BROWSE DEBUG OBJECTEXTEND PRINT(.\Listings\main.l
                    -st) TABS(2) OBJECT(.\Objects\main.obj)

line level    source

   1          #include<reg51.h>  //包含51单片机的库
   2          
   3          #define uchar unsigned char
   4          #define uint unsigned int   
   5          
   6          uint sdd=0,sdd1=0,sdd2=0;  //切换变量
   7          uchar data bianliang[4];        //秒显示的变量
   8          uchar data secdong=23;        //东西数默认
   9          uchar data secnan=20;     //南北默认值
  10          
  11          /*东西通行*/
  12          uchar data chuzhi_dx0=23;   //设置东西方向的时间
  13          uchar data chuzhi_nb0=20;   //设置南北方向的时间
  14          
  15          /*南北通行*/
  16          uchar data chuzhi_dx1=13;   //设置东西方向的时间
  17          uchar data chuzhi_nb1=10;   //设置南北方向的时间
  18          
  19          uchar data jishi;//定时器0中断次数
  20          
  21          
  22          uchar code bianliangle[12]={0x3f,0x06,0x5b,0x4f,0x66,0x6d,0x7d,0x07,0x7f,0x6f,0x00,0x71};//段码
  23          
  24          sbit zhi0 = P0^1; //南北方向个位显示
  25          sbit zhi1= P0^2; //南北方向十位显示
  26          sbit zhi2 = P0^3; //东西方向个位显示
  27          sbit zhi3= P0^4; //东西方向十位显示
  28          
  29          sbit dongdeng0=P2^6;    //南北方向红灯引脚定义
  30          sbit dongdeng1=P2^5;  //南北方向黄灯引脚定义
  31          sbit dongdeng2=P2^4;     //南北方向绿灯引脚定义
  32          
  33          sbit nandeng0=P2^3;   //东西红灯
  34          sbit nandeng1=P2^2; //东西黄灯
  35          sbit nandeng2=P2^1;   //东西绿灯
  36          
  37          
  38          bit kongzhi=0;      //东西南北控制位
  39          bit shuo=0;     //信号灯闪标志位
  40          
  41          sbit guan=P0^7; //定义紧急按键的管脚
  42          
  43          
  44          
  45          void delay(uint ms)   //延时程序
  46          {
  47   1          uint j,k;
  48   1          for(j=0;j<ms;j++)     //延时ms
  49   1          for(k=0;k<110;k++);   
  50   1      }
  51          
  52          void chushihua()  //时钟初始化
  53          {
  54   1          TMOD=0x01;          //定时器设置
C51 COMPILER V9.60.0.0   MAIN                                                              06/20/2020 16:58:34 PAGE 2   

  55   1          TH0=0x3C;             //重赋初值
  56   1          TL0=0xB0;             //12m晶振50ms//重赋初值
  57   1          EA=1;           //开总中断
  58   1          ET0=1;            //定时器0中断开启
  59   1          TR0=1;            //启动定时0
  60   1      
  61   1      }
  62          
  63          void display()   //数码管显示
  64          {
  65   1        switch(sdd2)
  66   1      {
  67   2          case 0:
  68   2          {
  69   3          bianliang[0]=secnan/10;     //第1位东西秒十位
  70   3          bianliang[1]=secnan%10;     //第2位东西秒个位
  71   3          bianliang[2]=secdong/10;    //第3位南北秒十位
  72   3          bianliang[3]=secdong%10;    //第4位南北秒个位
  73   3      
  74   3          zhi0=0;
  75   3          zhi1=1;
  76   3          zhi2=1;
  77   3          zhi3=1;             
  78   3          P3=bianliangle[bianliang[0]];   //送东西时间十位的数码管编码
  79   3          delay(1);       //延时
  80   3          zhi0=1;
  81   3          zhi1=0;
  82   3          zhi2=1;
  83   3          zhi3=1;       
  84   3          P3=bianliangle[bianliang[1]];    //送东西时间个位的数码管编码
  85   3          delay(1);        //延时
  86   3          zhi0=1;
  87   3          zhi1=1;
  88   3          zhi2=0;
  89   3          zhi3=1;         
  90   3          P3=bianliangle[bianliang[2]];   //送南北时间十位的数码管编码
  91   3          delay(1);       //延时
  92   3          zhi0=1;
  93   3          zhi1=1;
  94   3          zhi2=1;
  95   3          zhi3=0;            
  96   3          P3=bianliangle[bianliang[3]];   //送南北时间个位的数码管编码
  97   3          delay(1);       //延时
  98   3          };break;
  99   2          
 100   2          case 1:
 101   2          {
 102   3          zhi0=0;
 103   3          zhi1=1;
 104   3          zhi2=1;
 105   3          zhi3=1;         
 106   3          P3=bianliangle[11];   //送东西时间十位的数码管编码
 107   3          delay(1);       //延时
 108   3          zhi0=1;
 109   3          zhi1=0;
 110   3          zhi2=1;
 111   3          zhi3=1;     
 112   3          P3=bianliangle[11];    //送东西时间个位的数码管编码
 113   3          delay(1);        //延时
 114   3          zhi0=1;
 115   3          zhi1=1;
 116   3          zhi2=0;
C51 COMPILER V9.60.0.0   MAIN                                                              06/20/2020 16:58:34 PAGE 3   

 117   3          zhi3=1;         
 118   3          P3=bianliangle[11];   //送南北时间十位的数码管编码
 119   3          delay(1);       //延时
 120   3          zhi0=1;
 121   3          zhi1=1;
 122   3          zhi2=1;
 123   3          zhi3=0;         
 124   3          P3=bianliangle[11];   //送南北时间个位的数码管编码
 125   3          delay(1);       //延时
 126   3          };break;
 127   2          
 128   2          default :  break;
 129   2      }
 130   1        
 131   1      }
 132          
 133          
 134          
 135          
 136          void main()        //主程序
 137          {
 138   1          chushihua();  //初始化定时器
 139   1          guan=1;    //键初始
 140   1          nandeng2=0;    //初始化红绿灯的状态
 141   1          dongdeng2=1;
 142   1          dongdeng0=0;
 143   1          nandeng0=1;
 144   1          nandeng1=0;
 145   1          dongdeng1=0;
 146   1          while(1)            //主循环
 147   1          {
 148   2            display();
 149   2          }
 150   1      }
 151          
 152          void time0(void) interrupt 1    //定时中断子程序
 153          {
 154   1        TH0=0x3C;             //重赋初值
 155   1        TL0=0xB0;             //12m晶振  50ms
 156   1        TR0=1;                //重新启动定时器
 157   1        jishi++;              //软件计数加1
 158   1        
 159   1      /*判断开关是否闭合*/  
 160   1      if(guan==0)           //当开关闭合时
 161   1        {
 162   2          sdd2=1;
 163   2          sdd=0;
 164   2          nandeng2=0;   //定义小灯泡的状态
 165   2          dongdeng2=0;
 166   2          dongdeng0=1;
 167   2          nandeng0=1;
 168   2          nandeng1=0;
 169   2          dongdeng1=0;
 170   2          secdong=chuzhi_dx0;     //重赋南北方向的起始值
 171   2          secnan=chuzhi_nb0;    //重赋东西方向的起始值  
 172   2          jishi=0;   //停止计数
 173   2          sdd1=1;   
 174   2      } 
 175   1      
 176   1      if(guan==1)    //当开关未闭合时
 177   1      { 
 178   2        sdd2=0;
C51 COMPILER V9.60.0.0   MAIN                                                              06/20/2020 16:58:34 PAGE 4   

 179   2        if(sdd1==1)   //再次初始状态
 180   2        {
 181   3          nandeng2=0;   //重新定义小灯泡状态
 182   3          dongdeng2=1;
 183   3          dongdeng0=0;
 184   3          nandeng0=1;
 185   3          nandeng1=0;
 186   3          dongdeng1=0;
 187   3          sdd1--;    //执行一次后跳出
 188   3          jishi=0;
 189   3        }
 190   2        
 191   2        if(sdd==0)    //当主干道通行时
 192   2      {
 193   3        if(jishi==10)           //加到10也就是半秒
 194   3        {
 195   4          if((secnan<=3)&&(kongzhi==0)&&(shuo==1))      //东西黄灯闪
 196   4          {
 197   5            dongdeng2=0;
 198   5            dongdeng1=0;
 199   5          }
 200   4          if((secdong<=3)&&(kongzhi==1)&&(shuo==1))     //南北黄灯闪
 201   4          {
 202   5      
 203   5            nandeng2=0;
 204   5            nandeng1=0;
 205   5          }
 206   4        }
 207   3      if(jishi==20)   // 定时器中断次数=20时（即1秒时）
 208   3      {   jishi=0;            //清零计数器
 209   4          secdong--;            //东西时间减1
 210   4          secnan--;           //南北时间减1
 211   4      
 212   4        if((secnan<=3)&&(kongzhi==0)&&(shuo==1))      //东西黄灯闪
 213   4        {
 214   5          dongdeng2=0;
 215   5          dongdeng1=1;
 216   5        }
 217   4        if((secdong<=3)&&(kongzhi==1)&&(shuo==1))     //南北黄灯闪
 218   4        {
 219   5      
 220   5          
 221   5              nandeng2=0;
 222   5          nandeng1=1;
 223   5        }
 224   4        
 225   4        if(secdong==0&&secnan==3)     //当东西倒计时到0时，重置3秒，用于黄灯闪烁时间
 226   4        {
 227   5          secdong=3;
 228   5          shuo=1;
 229   5        }
 230   4          if(secdong==3&&secnan==0)     //当东西倒计时到0时，重置3秒，用于黄灯闪烁时间
 231   4        {
 232   5          secnan=3;
 233   5          shuo=1;
 234   5        }
 235   4          if(secnan==0&&secdong==0)     //当黄灯闪烁时间倒计时到0时，
 236   4        {
 237   5            P2=0x00;          //重置东西南背方向的红绿灯
 238   5            dongdeng2=0;
 239   5            nandeng0=0;
 240   5          
C51 COMPILER V9.60.0.0   MAIN                                                              06/20/2020 16:58:34 PAGE 5   

 241   5            dongdeng0=1;
 242   5            nandeng2=1;
 243   5          
 244   5            kongzhi=!kongzhi;
 245   5            shuo=0;
 246   5            secdong=chuzhi_dx1;     //重赋南北方向的起始值
 247   5            secnan=chuzhi_nb1;    //重赋东西方向的起始值
 248   5            sdd++;
 249   5        }
 250   4       }
 251   3      }
 252   2      if(sdd==1)   //当辅干道通行时
 253   2      {
 254   3        if(jishi==10)           //加到10也就是半秒
 255   3        {
 256   4          if((secnan<=3)&&(kongzhi==0)&&(shuo==1))      //东西黄灯闪
 257   4          {
 258   5            dongdeng2=0;
 259   5            dongdeng1=0;
 260   5          }
 261   4          if((secdong<=3)&&(kongzhi==1)&&(shuo==1))     //南北黄灯闪
 262   4          {
 263   5                  nandeng2=0;
 264   5            nandeng1=0;
 265   5            
 266   5      
 267   5          }
 268   4        }
 269   3      if(jishi==20)   // 定时器中断次数=20时（即1秒时）
 270   3      {   jishi=0;            //清零计数器
 271   4          secdong--;            //东西时间减1
 272   4          secnan--;           //南北时间减1
 273   4      
 274   4        if((secnan<=3)&&(kongzhi==0)&&(shuo==1))      //东西黄灯闪
 275   4        {
 276   5              dongdeng2=0;
 277   5          dongdeng1=1;
 278   5          
 279   5      
 280   5        }
 281   4        if((secdong<=3)&&(kongzhi==1)&&(shuo==1))     //南北黄灯闪
 282   4        {
 283   5          nandeng2=0;
 284   5          nandeng1=1;
 285   5        }
 286   4        
 287   4        if(secdong==0&&secnan==3)     //当东西倒计时到0时，重置3秒，用于黄灯闪烁时间
 288   4        {
 289   5          secdong=3;
 290   5          shuo=1;
 291   5        }
 292   4          if(secdong==3&&secnan==0)     //当东西倒计时到0时，重置3秒，用于黄灯闪烁时间
 293   4        {
 294   5          secnan=3;
 295   5          shuo=1;
 296   5        }
 297   4          if(secnan==0&&secdong==0)     //当黄灯闪烁时间倒计时到0时，
 298   4        {
 299   5            P2=0x00;          //重置东西南背方向的红绿灯
 300   5            dongdeng2=1;
 301   5            nandeng0=1;
 302   5            dongdeng0=0;
C51 COMPILER V9.60.0.0   MAIN                                                              06/20/2020 16:58:34 PAGE 6   

 303   5            nandeng2=0;
 304   5            kongzhi=!kongzhi;
 305   5            shuo=0;
 306   5            secdong=chuzhi_dx0;     //重赋南北方向的起始值
 307   5            secnan=chuzhi_nb0;    //重赋东西方向的起始值
 308   5            sdd--;  //类型切换
 309   5         }  
 310   4        }
 311   3       }
 312   2      }
 313   1        
 314   1      }
 315          


MODULE INFORMATION:   STATIC OVERLAYABLE
   CODE SIZE        =    758    ----
   CONSTANT SIZE    =     12    ----
   XDATA SIZE       =   ----    ----
   PDATA SIZE       =   ----    ----
   DATA SIZE        =     17    ----
   IDATA SIZE       =   ----    ----
   BIT SIZE         =      2    ----
END OF MODULE INFORMATION.


C51 COMPILATION COMPLETE.  0 WARNING(S),  0 ERROR(S)
