C51 COMPILER V9.52.0.0   MAIN                                                              05/27/2018 22:12:56 PAGE 1   


C51 COMPILER V9.52.0.0, COMPILATION OF MODULE MAIN
OBJECT MODULE PLACED IN main.OBJ
COMPILER INVOKED BY: C:\Keil\C51\BIN\C51.EXE main.c BROWSE DEBUG OBJECTEXTEND TABS(2)

line level    source

   1          #include <reg52.h>
   2          #include <intrins.h>
   3          
   4          #define uchar unsigned char   // 以后unsigned char就可以用uchar代替
   5          #define uint  unsigned int    // 以后unsigned int 就可以用uint 代替
   6          
   7          
   8          sbit ADC_CS     = P1^6;       // ADC0832的CS引脚
   9          sbit ADC_CLK    = P1^7;       // ADC0832的CLK引脚
  10          sbit ADC_DAT    = P3^2;       // ADC0832的DI/DO引脚
  11          sbit SCK_P      = P1^0;       // 时钟芯片DS1302的SCK管脚
  12          sbit SDA_P      = P1^1;       // 时钟芯片DS1302的SDA管脚
  13          sbit RST_P      = P1^2;       // 时钟芯片DS1302的RST管脚
  14          sbit LcdRs_P    = P1^3;       // 1602液晶的RS管脚       
  15          sbit LcdRw_P    = P1^4;       // 1602液晶的RW管脚 
  16          sbit LcdEn_P    = P1^5;       // 1602液晶的EN管脚
  17          sbit KeyMode_P  = P3^3;       // 模式切换
  18          sbit KeySet_P   = P3^4;       // 设置时间按键
  19          sbit KeySet2_P  = P3^5;       // 设置时间模式的开关时间和光照控制强度
  20          sbit KeyDown_P  = P3^6;       // 减按键
  21          sbit KeyUp_P    = P3^7;       // 加按键
  22          sbit Led_P      = P2^0;       // 指示灯
  23          
  24          uchar gMode=1;                // 1是手动模式，2是时间自动模式，3是亮度自动模式
  25          uchar OpenHour    = 18;       // 开启窗帘的小时
  26          uchar OpenMinute  = 20;       // 开启窗帘的分钟
  27          uchar CloseHour   = 10;       // 关闭窗帘的小时
  28          uchar CloseMinute = 30;       // 关闭窗帘的分钟
  29          uchar gLight      = 40;       // 窗帘开关的阈值
  30          
  31          uchar code Clock[]={0x10,0x90,0x80,0xc0};       // 步进电机顺时针旋转数组
  32          uchar code AntiClock[]={0x80,0x90,0x10,0x30};   // 步进电机逆时针旋转数组
  33          
  34          
  35          uchar code Clock1[]={0x10,0x90,0x80,0xc0};
  36          
  37          
  38          uchar TimeBuff[7]={17,9,1,6,18,30,40};          // 时间数组，默认2017年9月1日，星期五，18:30:40
  39          // TimeBuff[0] 代表年份，范围00-99
  40          // TimeBuff[1] 代表月份，范围1-12
  41          // TimeBuff[2] 代表日期，范围1-31
  42          // TimeBuff[3] 代表星期，范围1-7
  43          // TimeBuff[4] 代表小时，范围00-23
  44          // TimeBuff[5] 代表分钟，范围00-59
  45          // TimeBuff[6] 代表秒钟，范围00-59
  46          
  47          
  48          
  49          /*********************************************************/
  50          // 毫秒级的延时函数，time是要延时的毫秒数
  51          /*********************************************************/
  52          void DelayMs(uint time)
  53          {
  54   1        uint i,j;
  55   1        for(i=0;i<time;i++)
C51 COMPILER V9.52.0.0   MAIN                                                              05/27/2018 22:12:56 PAGE 2   

  56   1          for(j=0;j<112;j++);
  57   1      }
  58          
  59          
  60          /*********************************************************/
  61          // 1602液晶写命令函数，cmd就是要写入的命令
  62          /*********************************************************/
  63          void LcdWriteCmd(uchar cmd)
  64          { 
  65   1        LcdRs_P = 0;
  66   1        LcdRw_P = 0;
  67   1        LcdEn_P = 0;
  68   1        P0=cmd;
  69   1        DelayMs(2);
  70   1        LcdEn_P = 1;    
  71   1        DelayMs(2);
  72   1        LcdEn_P = 0;  
  73   1      }
  74          
  75          
  76          /*********************************************************/
  77          // 1602液晶写数据函数，dat就是要写入的数据
  78          /*********************************************************/
  79          void LcdWriteData(uchar dat)
  80          {
  81   1        LcdRs_P = 1; 
  82   1        LcdRw_P = 0;
  83   1        LcdEn_P = 0;
  84   1        P0=dat;
  85   1        DelayMs(2);
  86   1        LcdEn_P = 1;    
  87   1        DelayMs(2);
  88   1        LcdEn_P = 0;
  89   1      }
  90          
  91          
  92          /*********************************************************/
  93          // 1602液晶初始化函数
  94          /*********************************************************/
  95          void LcdInit()
  96          {
  97   1        LcdWriteCmd(0x38);        // 16*2显示，5*7点阵，8位数据口
  98   1        LcdWriteCmd(0x0C);        // 开显示，不显示光标
  99   1        LcdWriteCmd(0x06);        // 地址加1，当写入数据后光标右移
 100   1        LcdWriteCmd(0x01);        // 清屏
 101   1      }
 102          
 103          
 104          /*********************************************************/
 105          // 液晶光标定位函数
 106          /*********************************************************/
 107          void LcdGotoXY(uchar line,uchar column)
 108          {
 109   1        // 第一行
 110   1        if(line==0)        
 111   1          LcdWriteCmd(0x80+column); 
 112   1        // 第二行
 113   1        if(line==1)        
 114   1          LcdWriteCmd(0x80+0x40+column); 
 115   1      }
 116          
 117          
C51 COMPILER V9.52.0.0   MAIN                                                              05/27/2018 22:12:56 PAGE 3   

 118          /*********************************************************/
 119          // 液晶输出字符串函数
 120          /*********************************************************/
 121          void LcdPrintStr(uchar *str)
 122          {
 123   1        while(*str!='\0')
 124   1            LcdWriteData(*str++);
 125   1      }
 126          
 127          
 128          /*********************************************************/
 129          // 液晶输出数字(0-99)
 130          /*********************************************************/
 131          void LcdPrintNum(uchar num)
 132          {
 133   1        LcdWriteData(num/10+48);    // 十位
 134   1        LcdWriteData(num%10+48);    // 个位
 135   1      }
 136          
 137          
 138          /*********************************************************/
 139          // 显示模式
 140          /*********************************************************/
 141          void LcdPrintMode(uchar num)
 142          {
 143   1        switch(num)     
 144   1        {
 145   2          case 1: LcdPrintStr("Manual");  break;
 146   2          case 2: LcdPrintStr("Timing");  break;
 147   2          case 3: LcdPrintStr("Liging");  break;
 148   2          default:                        break;
 149   2        }
 150   1      }
 151          
 152          
 153          /*********************************************************/
 154          // 液晶显示内容的初始化
 155          /*********************************************************/
 156          void LcdShowInit()
 157          {
 158   1        LcdGotoXY(0,0);
 159   1        LcdPrintStr("20  -  -     :  ");
 160   1        LcdGotoXY(1,0);
 161   1        LcdPrintStr("           gz:  ");
 162   1        LcdGotoXY(1,0);
 163   1        LcdPrintMode(gMode);
 164   1      }
 165          
 166          
 167          /*********************************************************/
 168          // 刷新时间显示
 169          /*********************************************************/
 170          void FlashTime()
 171          {
 172   1        LcdGotoXY(0,2);                   // 年份
 173   1        LcdPrintNum(TimeBuff[0]);
 174   1        LcdGotoXY(0,5);                   // 月份
 175   1        LcdPrintNum(TimeBuff[1]);
 176   1        LcdGotoXY(0,8);                   // 日期
 177   1        LcdPrintNum(TimeBuff[2]);
 178   1        LcdGotoXY(0,11);                  // 小时
 179   1        LcdPrintNum(TimeBuff[4]);
C51 COMPILER V9.52.0.0   MAIN                                                              05/27/2018 22:12:56 PAGE 4   

 180   1        LcdGotoXY(0,14);                  // 分钟
 181   1        LcdPrintNum(TimeBuff[5]);
 182   1        LcdGotoXY(0,13);                  // 秒钟
 183   1        if(TimeBuff[6]%2==0)              // 秒钟是偶数显示冒号
 184   1          LcdWriteData(':');
 185   1        else                              // 秒钟是奇数显示空格
 186   1          LcdWriteData(' ');
 187   1      }
 188          
 189          
 190          /*********************************************************/
 191          // 初始化DS1302
 192          /*********************************************************/
 193          void DS1302_Init(void)
 194          {
 195   1        RST_P=0;      // RST脚置低
 196   1        SCK_P=0;      // SCK脚置低
 197   1        SDA_P=0;      // SDA脚置低        
 198   1      }
 199          
 200          
 201          /*********************************************************/
 202          // 从DS1302读出一字节数据
 203          /*********************************************************/
 204          uchar DS1302_Read_Byte(uchar addr) 
 205          {
 206   1        uchar i;
 207   1        uchar temp;
 208   1        
 209   1        RST_P=1;                
 210   1        
 211   1        /* 写入目标地址：addr*/
 212   1        for(i=0;i<8;i++) 
 213   1        {     
 214   2          if(addr&0x01) 
 215   2            SDA_P=1;
 216   2          else 
 217   2            SDA_P=0;
 218   2          
 219   2          SCK_P=1;
 220   2          _nop_();
 221   2          SCK_P=0;
 222   2          _nop_();
 223   2          
 224   2          addr=addr>> 1;
 225   2        }
 226   1        
 227   1        /* 读出该地址的数据 */
 228   1        for(i=0;i<8;i++) 
 229   1        {
 230   2          temp=temp>>1;
 231   2          
 232   2          if(SDA_P) 
 233   2            temp|= 0x80;
 234   2          else 
 235   2            temp&=0x7F;
 236   2          
 237   2          SCK_P=1;
 238   2          _nop_();
 239   2          SCK_P=0;
 240   2          _nop_();
 241   2        }
C51 COMPILER V9.52.0.0   MAIN                                                              05/27/2018 22:12:56 PAGE 5   

 242   1        
 243   1        RST_P=0;
 244   1        
 245   1        return temp;
 246   1      }
 247          
 248          
 249          /*********************************************************/
 250          // 向DS1302写入一字节数据
 251          /*********************************************************/
 252          void DS1302_Write_Byte(uchar addr, uchar dat)
 253          {
 254   1        uchar i;
 255   1        
 256   1        RST_P = 1;
 257   1        
 258   1        /* 写入目标地址：addr*/
 259   1        for(i=0;i<8;i++) 
 260   1        { 
 261   2          if(addr&0x01) 
 262   2            SDA_P=1;
 263   2          else 
 264   2            SDA_P=0;
 265   2      
 266   2          SCK_P=1;
 267   2          _nop_();
 268   2          SCK_P=0;
 269   2          _nop_();
 270   2          
 271   2          addr=addr>>1;
 272   2        }
 273   1        
 274   1        /* 写入数据：dat*/
 275   1        for(i=0;i<8;i++) 
 276   1        {
 277   2          if(dat&0x01) 
 278   2            SDA_P=1;
 279   2          else 
 280   2            SDA_P=0;
 281   2        
 282   2          SCK_P=1;
 283   2          _nop_();
 284   2          SCK_P=0;
 285   2          _nop_();
 286   2          
 287   2          dat=dat>>1;
 288   2        }
 289   1        
 290   1        RST_P=0;          
 291   1      }
 292          
 293          
 294          /*********************************************************/
 295          // 向DS1302写入时间数据
 296          /*********************************************************/
 297          void DS1302_Write_Time() 
 298          {
 299   1        uchar i;
 300   1        uchar temp1;
 301   1        uchar temp2;
 302   1        
 303   1        for(i=0;i<7;i++)      // 十进制转BCD码
C51 COMPILER V9.52.0.0   MAIN                                                              05/27/2018 22:12:56 PAGE 6   

 304   1        {
 305   2          temp1=(TimeBuff[i]/10)<<4;
 306   2          temp2=TimeBuff[i]%10;
 307   2          TimeBuff[i]=temp1+temp2;
 308   2        }
 309   1        
 310   1        DS1302_Write_Byte(0x8E,0x00);               // 关闭写保护 
 311   1        DS1302_Write_Byte(0x80,0x80);               // 暂停时钟 
 312   1        DS1302_Write_Byte(0x8C,TimeBuff[0]);        // 年 
 313   1        DS1302_Write_Byte(0x88,TimeBuff[1]);        // 月 
 314   1        DS1302_Write_Byte(0x86,TimeBuff[2]);        // 日 
 315   1        DS1302_Write_Byte(0x8A,TimeBuff[3]);        // 星期
 316   1        DS1302_Write_Byte(0x84,TimeBuff[4]);        // 时 
 317   1        DS1302_Write_Byte(0x82,TimeBuff[5]);        // 分
 318   1        DS1302_Write_Byte(0x80,TimeBuff[6]);        // 秒
 319   1        DS1302_Write_Byte(0x80,TimeBuff[6]&0x7F);   // 运行时钟
 320   1        DS1302_Write_Byte(0x8E,0x80);               // 打开写保护  
 321   1      }
 322          
 323          
 324          
 325          /*********************************************************/
 326          // 从DS1302读出时间数据
 327          /*********************************************************/
 328          void DS1302_Read_Time()  
 329          { 
 330   1        uchar i;
 331   1      
 332   1        TimeBuff[0]=DS1302_Read_Byte(0x8D);           // 年 
 333   1        TimeBuff[1]=DS1302_Read_Byte(0x89);           // 月 
 334   1        TimeBuff[2]=DS1302_Read_Byte(0x87);           // 日 
 335   1        TimeBuff[3]=DS1302_Read_Byte(0x8B);           // 星期
 336   1        TimeBuff[4]=DS1302_Read_Byte(0x85);           // 时 
 337   1        TimeBuff[5]=DS1302_Read_Byte(0x83);           // 分 
 338   1        TimeBuff[6]=(DS1302_Read_Byte(0x81))&0x7F;    // 秒 
 339   1      
 340   1        for(i=0;i<7;i++)    // BCD转十进制
 341   1        {           
 342   2          TimeBuff[i]=(TimeBuff[i]/16)*10+TimeBuff[i]%16;
 343   2        }
 344   1      }
 345          
 346          
 347          /*********************************************************/
 348          // ADC0832的时钟脉冲
 349          /*********************************************************/
 350          void WavePlus()
 351          {
 352   1        _nop_();
 353   1        ADC_CLK = 1;
 354   1        _nop_();
 355   1        ADC_CLK = 0;
 356   1      }
 357          
 358          
 359          /*********************************************************/
 360          // 获取指定通道的A/D转换结果
 361          /*********************************************************/
 362          uchar Get_ADC0832()
 363          { 
 364   1        uchar i;
 365   1        uchar dat1=0;
C51 COMPILER V9.52.0.0   MAIN                                                              05/27/2018 22:12:56 PAGE 7   

 366   1        uchar dat2=0;
 367   1        
 368   1        ADC_CLK = 0;        // 电平初始化
 369   1        ADC_DAT = 1;
 370   1        _nop_();
 371   1        ADC_CS = 0;
 372   1        WavePlus();         // 起始信号 
 373   1        ADC_DAT = 1;
 374   1        WavePlus();         // 通道选择的第一位
 375   1        ADC_DAT = 0;      
 376   1        WavePlus();         // 通道选择的第二位
 377   1        ADC_DAT = 1;
 378   1        
 379   1        for(i=0;i<8;i++)    // 第一次读取
 380   1        {
 381   2          dat1<<=1;
 382   2          WavePlus();
 383   2          if(ADC_DAT)
 384   2            dat1=dat1|0x01;
 385   2          else
 386   2            dat1=dat1|0x00;
 387   2        }
 388   1        
 389   1        for(i=0;i<8;i++)    // 第二次读取
 390   1        {
 391   2          dat2>>= 1;
 392   2          if(ADC_DAT)
 393   2            dat2=dat2|0x80;
 394   2          else
 395   2            dat2=dat2|0x00;
 396   2          WavePlus();
 397   2        }
 398   1        
 399   1        _nop_();            // 结束此次传输
 400   1        ADC_DAT = 1;
 401   1        ADC_CLK = 1;
 402   1        ADC_CS  = 1;   
 403   1      
 404   1        if(dat1==dat2)      // 返回采集结果
 405   1          return dat1;
 406   1        else
 407   1          return 0;
 408   1      } 
 409          
 410          
 411          /*********************************************************/
 412          // 按键扫描(设置当前时间)
 413          /*********************************************************/
 414          void KeyScanf1()
 415          {
 416   1        if(KeySet_P==0)
 417   1        {
 418   2          LcdGotoXY(0,13);        // 显示秒钟的冒号
 419   2          LcdWriteData(':');
 420   2          LcdWriteCmd(0x0f);      // 启动光标闪烁
 421   2          LcdGotoXY(0,3);         // 定位光标到年份闪烁
 422   2          DelayMs(10);            // 延时等待，消除按键按下的抖动
 423   2          while(!KeySet_P);       // 等待按键释放
 424   2          DelayMs(10);            // 延时等待，消除按键松开的抖动
 425   2          
 426   2          /* 调整年份 */
 427   2          while(1)
C51 COMPILER V9.52.0.0   MAIN                                                              05/27/2018 22:12:56 PAGE 8   

 428   2          {
 429   3            if(KeyDown_P==0)              // 如果减按键被下去
 430   3            {
 431   4              if(TimeBuff[0]>0)           // 判断年份是否大于0    
 432   4                TimeBuff[0]--;            // 是的话就减去1
 433   4              LcdGotoXY(0,2);             // 光标定位到年份的位置
 434   4              LcdPrintNum(TimeBuff[0]);   // 刷新显示改变后的年份
 435   4              LcdGotoXY(0,3);             // 定位光标到年份闪烁
 436   4              DelayMs(300);               // 延时0.3秒左右
 437   4            }
 438   3            
 439   3            if(KeyUp_P==0)                // 如果加按键被下去
 440   3            {
 441   4              if(TimeBuff[0]<99)          // 判断年份是否小于99
 442   4                TimeBuff[0]++;            // 是的话就加上1
 443   4              LcdGotoXY(0,2);             // 光标定位到年份的位置
 444   4              LcdPrintNum(TimeBuff[0]);   // 刷新显示改变后的年份
 445   4              LcdGotoXY(0,3);             // 定位光标到年份闪烁
 446   4              DelayMs(300);               // 延时0.3秒左右
 447   4            }
 448   3            
 449   3            if(KeySet_P==0)
 450   3            {
 451   4              break;
 452   4            }
 453   3          }
 454   2          
 455   2          LcdGotoXY(0,6);         // 定位光标到月份闪烁
 456   2          DelayMs(10);            // 延时等待，消除按键按下的抖动
 457   2          while(!KeySet_P);       // 等待按键释放
 458   2          DelayMs(10);            // 延时等待，消除按键松开的抖动
 459   2            
 460   2          /* 调整月份 */
 461   2          while(1)
 462   2          {
 463   3            if(KeyDown_P==0)              // 如果减按键被下去
 464   3            {
 465   4              if(TimeBuff[1]>1)           // 判断月份是否大于1    
 466   4                TimeBuff[1]--;            // 是的话就减去1
 467   4              LcdGotoXY(0,5);             // 光标定位到月份的位置
 468   4              LcdPrintNum(TimeBuff[1]);   // 刷新显示改变后的月份
 469   4              LcdGotoXY(0,6);             // 定位光标到月份闪烁
 470   4              DelayMs(300);               // 延时0.3秒左右
 471   4            }
 472   3            
 473   3            if(KeyUp_P==0)                // 如果加按键被下去
 474   3            {
 475   4              if(TimeBuff[1]<12)          // 判断月份是否小于12
 476   4                TimeBuff[1]++;            // 是的话就加上1
 477   4              LcdGotoXY(0,5);             // 光标定位到月份的位置
 478   4              LcdPrintNum(TimeBuff[1]);   // 刷新显示改变后的月份
 479   4              LcdGotoXY(0,6);             // 定位光标到月份闪烁
 480   4              DelayMs(300);               // 延时0.3秒左右
 481   4            }
 482   3            
 483   3            if(KeySet_P==0)
 484   3            {
 485   4              break;
 486   4            }
 487   3          }
 488   2          
 489   2          LcdGotoXY(0,9);         // 定位光标到日期闪烁
C51 COMPILER V9.52.0.0   MAIN                                                              05/27/2018 22:12:56 PAGE 9   

 490   2          DelayMs(10);            // 延时等待，消除按键按下的抖动
 491   2          while(!KeySet_P);       // 等待按键释放
 492   2          DelayMs(10);            // 延时等待，消除按键松开的抖动
 493   2          
 494   2          /* 调整日期 */
 495   2          while(1)
 496   2          {
 497   3            if(KeyDown_P==0)              // 如果减按键被下去
 498   3            {
 499   4              if(TimeBuff[2]>1)           // 判断日期是否大于1    
 500   4                TimeBuff[2]--;            // 是的话就减去1
 501   4              LcdGotoXY(0,8);             // 光标定位到日期的位置
 502   4              LcdPrintNum(TimeBuff[2]);   // 刷新显示改变后的日期
 503   4              LcdGotoXY(0,9);             // 定位光标到日期闪烁
 504   4              DelayMs(300);               // 延时0.3秒左右
 505   4            }
 506   3            
 507   3            if(KeyUp_P==0)                // 如果加按键被下去
 508   3            {
 509   4              if(TimeBuff[2]<31)          // 判断日期是否小于31
 510   4                TimeBuff[2]++;            // 是的话就加上1
 511   4              LcdGotoXY(0,8);             // 光标定位到日期的位置
 512   4              LcdPrintNum(TimeBuff[2]);   // 刷新显示改变后的日期
 513   4              LcdGotoXY(0,9);             // 定位光标到日期闪烁
 514   4              DelayMs(300);               // 延时0.3秒左右
 515   4            }
 516   3            
 517   3            if(KeySet_P==0)
 518   3            {
 519   4              break;
 520   4            }
 521   3          }
 522   2          
 523   2          LcdGotoXY(0,12);        // 定位光标到小时闪烁
 524   2          DelayMs(10);            // 延时等待，消除按键按下的抖动
 525   2          while(!KeySet_P);       // 等待按键释放
 526   2          DelayMs(10);            // 延时等待，消除按键松开的抖动
 527   2          
 528   2          
 529   2          /* 调整小时 */
 530   2          while(1)
 531   2          {
 532   3            if(KeyDown_P==0)              // 如果减按键被下去
 533   3            {
 534   4              if(TimeBuff[4]>0)           // 判断小时是否大于0
 535   4                TimeBuff[4]--;            // 是的话就减去1
 536   4              LcdGotoXY(0,11);            // 光标定位到小时的位置
 537   4              LcdPrintNum(TimeBuff[4]);   // 刷新显示改变后的小时
 538   4              LcdGotoXY(0,12);            // 定位光标到小时闪烁
 539   4              DelayMs(300);               // 延时0.3秒左右
 540   4            }
 541   3            
 542   3            if(KeyUp_P==0)                // 如果加按键被下去
 543   3            {
 544   4              if(TimeBuff[4]<23)          // 判断小时是否小于23
 545   4                TimeBuff[4]++;            // 是的话就加上1
 546   4              LcdGotoXY(0,11);            // 光标定位到小时的位置
 547   4              LcdPrintNum(TimeBuff[4]);   // 刷新显示改变后的小时
 548   4              LcdGotoXY(0,12);            // 定位光标到小时闪烁
 549   4              DelayMs(300);               // 延时0.3秒左右
 550   4            }
 551   3            
C51 COMPILER V9.52.0.0   MAIN                                                              05/27/2018 22:12:56 PAGE 10  

 552   3            if(KeySet_P==0)
 553   3            {
 554   4              break;
 555   4            }
 556   3          }
 557   2          
 558   2          LcdGotoXY(0,15);        // 定位光标到分钟闪烁
 559   2          DelayMs(10);            // 延时等待，消除按键按下的抖动
 560   2          while(!KeySet_P);       // 等待按键释放
 561   2          DelayMs(10);            // 延时等待，消除按键松开的抖动
 562   2          
 563   2          /* 调整分钟 */
 564   2          while(1)
 565   2          {
 566   3            if(KeyDown_P==0)              // 如果减按键被下去
 567   3            {
 568   4              if(TimeBuff[5]>0)           // 判断分钟是否大于0
 569   4                TimeBuff[5]--;            // 是的话就减去1
 570   4              LcdGotoXY(0,14);            // 光标定位到分钟的位置
 571   4              LcdPrintNum(TimeBuff[5]);   // 刷新显示改变后的分钟
 572   4              LcdGotoXY(0,15);            // 定位光标到分钟闪烁
 573   4              DelayMs(300);               // 延时0.3秒左右
 574   4            }
 575   3            
 576   3            if(KeyUp_P==0)                // 如果加按键被下去
 577   3            {
 578   4              if(TimeBuff[5]<59)          // 判断分钟是否小于59
 579   4                TimeBuff[5]++;            // 是的话就加上1
 580   4              LcdGotoXY(0,14);            // 光标定位到分钟的位置
 581   4              LcdPrintNum(TimeBuff[5]);   // 刷新显示改变后的分钟
 582   4              LcdGotoXY(0,15);            // 定位光标到分钟闪烁
 583   4              DelayMs(300);               // 延时0.3秒左右
 584   4            }
 585   3            
 586   3            if(KeySet_P==0)
 587   3            {
 588   4              break;
 589   4            }
 590   3          }
 591   2          
 592   2          /* 退出前的设置 */
 593   2          LcdWriteCmd(0x0C);      // 关闭光标闪烁
 594   2          DS1302_Write_Time();    // 把新设置的时间值存入DS1302芯片
 595   2          DelayMs(10);            // 延时等待，消除按键按下的抖动
 596   2          while(!KeySet_P);       // 等待按键释放
 597   2          DelayMs(10);            // 延时等待，消除按键松开的抖动
 598   2        }
 599   1      }
 600          
 601          
 602          /*********************************************************/
 603          // 按键扫描(设置窗帘的动作)
 604          /*********************************************************/
 605          void KeyScanf2()
 606          {
 607   1        if(KeySet2_P==0)
 608   1        {
 609   2          LcdGotoXY(0,0);                   // 光标定位
 610   2          LcdPrintStr(" OpenTime   :   ");  // 显示第1行内容
 611   2          LcdGotoXY(1,0);                   // 光标定位
 612   2          LcdPrintStr("CloseTime   :   ");  // 显示第2行内容
 613   2          LcdGotoXY(0,10);                  // 光标定位
C51 COMPILER V9.52.0.0   MAIN                                                              05/27/2018 22:12:56 PAGE 11  

 614   2          LcdPrintNum(OpenHour);            // 显示开启窗帘的小时
 615   2          LcdGotoXY(0,13);                  // 光标定位
 616   2          LcdPrintNum(OpenMinute);          // 显示开启窗帘的分钟
 617   2          LcdGotoXY(1,10);                  // 光标定位
 618   2          LcdPrintNum(CloseHour);           // 显示关闭窗帘的小时
 619   2          LcdGotoXY(1,13);                  // 光标定位
 620   2          LcdPrintNum(CloseMinute);         // 显示关闭窗帘的分钟   
 621   2          
 622   2          LcdWriteCmd(0x0f);              // 启动光标闪烁
 623   2          LcdGotoXY(0,11);                // 定位光标
 624   2          DelayMs(10);                    // 延时等待，消除按键按下的抖动
 625   2          while(!KeySet2_P);              // 等待按键释放
 626   2          DelayMs(10);                    // 延时等待，消除按键松开的抖动
 627   2          
 628   2          /* 调整开启的小时 */
 629   2          while(1)
 630   2          {
 631   3            if(KeyDown_P==0)              // 如果减按键被下去
 632   3            {
 633   4              if(OpenHour>0)              // 判断小时是否大于0    
 634   4                OpenHour--;               // 是的话就减去1
 635   4              LcdGotoXY(0,10);            // 光标定位
 636   4              LcdPrintNum(OpenHour);      // 刷新显示改变后的小时
 637   4              LcdGotoXY(0,11);            // 定位光标
 638   4              DelayMs(300);               // 延时0.3秒左右
 639   4            }
 640   3            
 641   3            if(KeyUp_P==0)                // 如果加按键被下去
 642   3            {
 643   4              if(OpenHour<23)             // 判断小时是否小于23
 644   4                OpenHour++;               // 是的话就加上1
 645   4              LcdGotoXY(0,10);            // 光标定位
 646   4              LcdPrintNum(OpenHour);      // 刷新显示改变后的小时
 647   4              LcdGotoXY(0,11);            // 定位光标
 648   4              DelayMs(300);               // 延时0.3秒左右
 649   4            }
 650   3            
 651   3            if(KeySet2_P==0)
 652   3            {
 653   4              break;
 654   4            }
 655   3          }
 656   2          
 657   2          LcdGotoXY(0,14);                // 定位光标
 658   2          DelayMs(10);                    // 延时等待，消除按键按下的抖动
 659   2          while(!KeySet2_P);              // 等待按键释放
 660   2          DelayMs(10);                    // 延时等待，消除按键松开的抖动
 661   2          
 662   2          /* 调整开启的分钟 */
 663   2          while(1)
 664   2          {
 665   3            if(KeyDown_P==0)              // 如果减按键被下去
 666   3            {
 667   4              if(OpenMinute>0)            // 判断分钟是否大于0
 668   4                OpenMinute--;             // 是的话就减去1
 669   4              LcdGotoXY(0,13);            // 光标定位
 670   4              LcdPrintNum(OpenMinute);    // 刷新显示改变后的分钟
 671   4              LcdGotoXY(0,14);            // 定位光标
 672   4              DelayMs(300);               // 延时0.3秒左右
 673   4            }
 674   3            
 675   3            if(KeyUp_P==0)                // 如果加按键被下去
C51 COMPILER V9.52.0.0   MAIN                                                              05/27/2018 22:12:56 PAGE 12  

 676   3            {
 677   4              if(OpenMinute<59)           // 判断分钟是否小于59
 678   4                OpenMinute++;             // 是的话就加上1
 679   4              LcdGotoXY(0,13);            // 光标定位
 680   4              LcdPrintNum(OpenMinute);    // 刷新显示改变后的分钟
 681   4              LcdGotoXY(0,14);            // 定位光标
 682   4              DelayMs(300);               // 延时0.3秒左右
 683   4            }
 684   3            
 685   3            if(KeySet2_P==0)
 686   3            {
 687   4              break;
 688   4            }
 689   3          }
 690   2          
 691   2          LcdGotoXY(1,11);                // 定位光标
 692   2          DelayMs(10);                    // 延时等待，消除按键按下的抖动
 693   2          while(!KeySet2_P);              // 等待按键释放
 694   2          DelayMs(10);                    // 延时等待，消除按键松开的抖动
 695   2          
 696   2          /* 调整关闭的小时 */
 697   2          while(1)
 698   2          {
 699   3            if(KeyDown_P==0)              // 如果减按键被下去
 700   3            {
 701   4              if(CloseHour>0)             // 判断小时是否大于0    
 702   4                CloseHour--;              // 是的话就减去1
 703   4              LcdGotoXY(1,10);            // 光标定位
 704   4              LcdPrintNum(CloseHour);     // 刷新显示改变后的小时
 705   4              LcdGotoXY(1,11);            // 定位光标
 706   4              DelayMs(300);               // 延时0.3秒左右
 707   4            }
 708   3            
 709   3            if(KeyUp_P==0)                // 如果加按键被下去
 710   3            {
 711   4              if(CloseHour<23)            // 判断小时是否小于23
 712   4                CloseHour++;              // 是的话就加上1
 713   4              LcdGotoXY(1,10);            // 光标定位
 714   4              LcdPrintNum(CloseHour);     // 刷新显示改变后的小时
 715   4              LcdGotoXY(1,11);            // 定位光标
 716   4              DelayMs(300);               // 延时0.3秒左右
 717   4            }
 718   3            
 719   3            if(KeySet2_P==0)
 720   3            {
 721   4              break;
 722   4            }
 723   3          }
 724   2          
 725   2          LcdGotoXY(1,14);                // 定位光标
 726   2          DelayMs(10);                    // 延时等待，消除按键按下的抖动
 727   2          while(!KeySet2_P);              // 等待按键释放
 728   2          DelayMs(10);                    // 延时等待，消除按键松开的抖动
 729   2          
 730   2          /* 调整关闭的分钟 */
 731   2          while(1)
 732   2          {
 733   3            if(KeyDown_P==0)              // 如果减按键被下去
 734   3            {
 735   4              if(CloseMinute>0)           // 判断分钟是否大于0
 736   4                CloseMinute--;            // 是的话就减去1
 737   4              LcdGotoXY(1,13);            // 光标定位
C51 COMPILER V9.52.0.0   MAIN                                                              05/27/2018 22:12:56 PAGE 13  

 738   4              LcdPrintNum(CloseMinute);   // 刷新显示改变后的分钟
 739   4              LcdGotoXY(1,14);            // 定位光标
 740   4              DelayMs(300);               // 延时0.3秒左右
 741   4            }
 742   3            
 743   3            if(KeyUp_P==0)                // 如果加按键被下去
 744   3            {
 745   4              if(CloseMinute<59)          // 判断分钟是否小于59
 746   4                CloseMinute++;            // 是的话就加上1
 747   4              LcdGotoXY(1,13);            // 光标定位
 748   4              LcdPrintNum(CloseMinute);   // 刷新显示改变后的分钟
 749   4              LcdGotoXY(1,14);            // 定位光标
 750   4              DelayMs(300);               // 延时0.3秒左右
 751   4            }
 752   3            
 753   3            if(KeySet2_P==0)
 754   3            {
 755   4              break;
 756   4            }
 757   3          }
 758   2          
 759   2          DelayMs(10);                    // 延时等待，消除按键按下的抖动
 760   2          while(!KeySet2_P);              // 等待按键释放
 761   2          DelayMs(10);                    // 延时等待，消除按键松开的抖动
 762   2          
 763   2          /* 光照强度的设置 */
 764   2          LcdWriteCmd(0x0C);                // 关闭光标闪烁
 765   2          LcdGotoXY(0,0);                   // 光标定位
 766   2          LcdPrintStr("   Light Set    ");  // 显示第1行内容
 767   2          LcdGotoXY(1,0);                   // 光标定位
 768   2          LcdPrintStr("                ");  // 显示第2行内容
 769   2          LcdGotoXY(1,7);                   // 光标定位
 770   2          LcdPrintNum(gLight);              // 显示窗帘的光线控制强度阈值
 771   2          
 772   2          while(1)
 773   2          {
 774   3            if(KeyDown_P==0)              // 如果减按键被下去
 775   3            {
 776   4              if(gLight>0)                // 判断光线阈值是否大于0
 777   4                gLight--;                 // 是的话就减去1
 778   4              LcdGotoXY(1,7);             // 光标定位
 779   4              LcdPrintNum(gLight);        // 刷新显示改变后的光线阈值
 780   4              DelayMs(300);               // 延时0.3秒左右
 781   4            }
 782   3            
 783   3            if(KeyUp_P==0)                // 如果加按键被下去
 784   3            {
 785   4              if(gLight<99)               // 判断光线阈值是否小于59
 786   4                gLight++;                 // 是的话就加上1
 787   4              LcdGotoXY(1,7);             // 光标定位
 788   4              LcdPrintNum(gLight);        // 刷新显示改变后的光线阈值
 789   4              DelayMs(300);               // 延时0.3秒左右
 790   4            }
 791   3            
 792   3            if(KeySet2_P==0)
 793   3            {
 794   4              break;
 795   4            }
 796   3          }
 797   2          
 798   2          /* 退出前的设置 */
 799   2          LcdShowInit();          // 液晶显示内容初始化
C51 COMPILER V9.52.0.0   MAIN                                                              05/27/2018 22:12:56 PAGE 14  

 800   2          DelayMs(10);            // 延时等待，消除按键按下的抖动
 801   2          while(!KeySet2_P);      // 等待按键释放
 802   2          DelayMs(10);            // 延时等待，消除按键松开的抖动
 803   2        }
 804   1      }
 805          
 806          
 807          /*********************************************************/
 808          // 按键扫描(模式切换)
 809          /*********************************************************/
 810          void KeyScanf3()
 811          {
 812   1        if(KeyMode_P==0)
 813   1        {
 814   2          gMode++;              // 切换到下一模式
 815   2          if(gMode==4)          // 如果到尽头了
 816   2            gMode=1;            // 回到第一种模式
 817   2          LcdGotoXY(1,0);       // 光标定位
 818   2          LcdPrintMode(gMode);  // 显示模式
 819   2          DelayMs(10);          // 去除按键按下的抖动
 820   2          while(!KeyMode_P);    // 等待按键是否
 821   2          DelayMs(10);          // 去除按键松开的抖动
 822   2        }
 823   1      }
 824          
 825          
 826          /*********************************************************/
 827          // 开窗
 828          /*********************************************************/
 829          void Open()
 830          {
 831   1        uint i;
 832   1        for(i=0;i<4;i++)
 833   1        {
 834   2          P2=Clock[i];
 835   2          DelayMs(250);
 836   2        }
 837   1        Led_P=0;
 838   1      }
 839          
 840          
 841          
 842          /*********************************************************/
 843          // 关窗
 844          /*********************************************************/
 845          void Close()
 846          {
 847   1        uint i;
 848   1        for(i=0;i<4;i++)
 849   1        {
 850   2          P2=AntiClock[i];
 851   2          DelayMs(250);
 852   2        }
 853   1        Led_P=1;
 854   1      }
 855          
 856          
 857          
 858          /*********************************************************/
 859          // 主函数
 860          /*********************************************************/
 861          void main()
C51 COMPILER V9.52.0.0   MAIN                                                              05/27/2018 22:12:56 PAGE 15  

 862          {
 863   1        uchar light;
 864   1        
 865   1        LcdInit();      // 执行液晶初始化 
 866   1        DS1302_Init();  // 时钟芯片的初始化
 867   1        LcdShowInit();  // 液晶显示内容的初始化
 868   1        
 869   1        if(DS1302_Read_Byte(0x81)>=128)     // 判断时钟芯片是否正在运行
 870   1        {
 871   2          DS1302_Write_Time();              // 如果没有，则初始化一个时间
 872   2        }
 873   1        
 874   1        while(1)
 875   1        {
 876   2          DS1302_Read_Time();       // 获取当前时钟芯片的时间，存在数组time_buf中
 877   2          FlashTime();              // 刷新时间显示
 878   2      
 879   2          light=Get_ADC0832();      // 读取光照强度
 880   2          light=light/2.5;          // 缩小光照检测结果(在0-99)
 881   2          if(light>99)              // 如果大于99
 882   2            light=99;               // 则依然保持99
 883   2          LcdGotoXY(1,14);          // 光标定位
 884   2          LcdPrintNum(light);       // 显示光照强度
 885   2          
 886   2          KeyScanf1();              // 按键扫描(时间的设置)
 887   2          KeyScanf2();              // 按键扫描(阈值的设置)
 888   2          KeyScanf3();              // 按键扫描(模式切换)
 889   2        
 890   2          /*手动控制模式*/
 891   2          if(gMode==1)
 892   2          {
 893   3            if(KeyDown_P==0)    // 如果关窗帘键按下了 
 894   3            {
 895   4              if(Led_P==0)      // 如果窗帘当前是打开的
 896   4              {
 897   5                Close();        // 则关闭窗帘
 898   5              }
 899   4            }
 900   3            if(KeyUp_P==0)      // 如果开窗帘键按下了
 901   3            {
 902   4              if(Led_P==1)      // 如果窗帘当前是关闭的
 903   4              {
 904   5                Open();         // 则打开窗帘
 905   5              }
 906   4            } 
 907   3          }
 908   2          
 909   2          /*时间控制模式*/
 910   2          if(gMode==2)
 911   2          {
 912   3            if((TimeBuff[4]==CloseHour)&&(TimeBuff[5]==CloseMinute)&&(TimeBuff[6]==0))  // 如果到了关窗帘的时间 
 913   3            {
 914   4              if(Led_P==0)      // 如果窗帘当前是打开的
 915   4              {
 916   5                Close();        // 则关闭窗帘
 917   5              }
 918   4            }
 919   3            if((TimeBuff[4]==OpenHour)&&(TimeBuff[5]==OpenMinute)&&(TimeBuff[6]==0))    // 如果到了开窗帘的时间 
 920   3            {
 921   4              if(Led_P==1)      // 如果窗帘当前是关闭的
 922   4              {
 923   5                Open();         // 则打开窗帘
C51 COMPILER V9.52.0.0   MAIN                                                              05/27/2018 22:12:56 PAGE 16  

 924   5              }
 925   4            } 
 926   3          }
 927   2          
 928   2          /*光线控制模式*/
 929   2          if(gMode==3)
 930   2          {
 931   3            if(light<gLight)    // 当前光线小于设置的阈值
 932   3            {
 933   4              if(Led_P==0)      // 如果窗帘当前是打开的
 934   4              {
 935   5                Close();        // 则关闭窗帘
 936   5              }
 937   4            }
 938   3            else                // 当前光线大于或等于设置的阈值
 939   3            {
 940   4              if(Led_P==1)      // 如果窗帘当前是关闭的
 941   4              {
 942   5                Open();         // 则打开窗帘
 943   5              }
 944   4            } 
 945   3          }
 946   2          
 947   2          DelayMs(100);             // 延时0.1秒
 948   2        }
 949   1      }
 950          


MODULE INFORMATION:   STATIC OVERLAYABLE
   CODE SIZE        =   2183    ----
   CONSTANT SIZE    =    135    ----
   XDATA SIZE       =   ----    ----
   PDATA SIZE       =   ----    ----
   DATA SIZE        =     13       9
   IDATA SIZE       =   ----    ----
   BIT SIZE         =   ----    ----
END OF MODULE INFORMATION.


C51 COMPILATION COMPLETE.  0 WARNING(S),  0 ERROR(S)
