BL51 BANKED LINKER/LOCATER V6.22                                                        03/15/2017  19:49:58  PAGE 1


BL51 BANKED LINKER/LOCATER V6.22, INVOKED BY:
G:\KEIL 4\NEW\C51\BIN\BL51.EXE STARTUP.obj, DS1302.obj TO DS1302 RAMSIZE (256)


MEMORY MODEL: SMALL WITH FLOATING POINT ARITHMETIC


INPUT MODULES INCLUDED:
  STARTUP.obj (?C_STARTUP)
  DS1302.obj (DS1302)
  G:\KEIL 4\NEW\C51\LIB\C51FPS.LIB (?C?FPADD)
  G:\KEIL 4\NEW\C51\LIB\C51FPS.LIB (?C?FPMUL)
  G:\KEIL 4\NEW\C51\LIB\C51FPS.LIB (?C?FPDIV)
  G:\KEIL 4\NEW\C51\LIB\C51FPS.LIB (?C?FPCMP)
  G:\KEIL 4\NEW\C51\LIB\C51FPS.LIB (?C?FCAST)
  G:\KEIL 4\NEW\C51\LIB\C51FPS.LIB (?C?CASTF)
  G:\KEIL 4\NEW\C51\LIB\C51FPS.LIB (?C?FPGETOPN)
  G:\KEIL 4\NEW\C51\LIB\C51S.LIB (?C_INIT)
  G:\KEIL 4\NEW\C51\LIB\C51S.LIB (?C?SCDIV)
  G:\KEIL 4\NEW\C51\LIB\C51S.LIB (?C?CLDOPTR)
  G:\KEIL 4\NEW\C51\LIB\C51S.LIB (?C?LNEG)


LINK MAP OF MODULE:  DS1302 (?C_STARTUP)


            TYPE    BASE      LENGTH    RELOCATION   SEGMENT NAME
            -----------------------------------------------------

            * * * * * * *   D A T A   M E M O R Y   * * * * * * *
            REG     0000H     0008H     ABSOLUTE     "REG BANK 0"
            DATA    0008H     000CH     UNIT         _DATA_GROUP_
                    0014H     000CH                  *** GAP ***
            BIT     0020H.0   0000H.2   UNIT         ?BI?DS1302
                    0020H.2   0000H.6                *** GAP ***
            DATA    0021H     0044H     UNIT         ?DT?DS1302
            IDATA   0065H     0001H     UNIT         ?STACK

            * * * * * * *   C O D E   M E M O R Y   * * * * * * *
            CODE    0000H     0003H     ABSOLUTE     
            CODE    0003H     0007H     UNIT         ?C_INITSEG
                    000AH     0001H                  *** GAP ***
            CODE    000BH     0003H     ABSOLUTE     
            CODE    000EH     0B62H     UNIT         ?PR?KEYSCAN?DS1302
            CODE    0B70H     0427H     UNIT         ?C?LIB_CODE
            CODE    0F97H     0234H     UNIT         ?PR?OPEN?DS1302
            CODE    11CBH     00B9H     UNIT         ?PR?INIT?DS1302
            CODE    1284H     00B8H     UNIT         ?CO?DS1302
            CODE    133CH     00AAH     UNIT         ?PR?READTEMPERATURE?DS1302
            CODE    13E6H     009BH     UNIT         ?PR?TIME_DISPLAY?DS1302
            CODE    1481H     008DH     UNIT         ?PR?COUNT_VALUE?DS1302
            CODE    150EH     008CH     UNIT         ?C_C51STARTUP
            CODE    159AH     0057H     UNIT         ?PR?_LCD_DISPLAY_STRING?DS1302
            CODE    15F1H     0047H     UNIT         ?PR?SET_RTC?DS1302
            CODE    1638H     0046H     UNIT         ?PR?_LCD_CLEAN?DS1302
            CODE    167EH     0039H     UNIT         ?PR?TIMER0?DS1302
            CODE    16B7H     0035H     UNIT         ?PR?MAIN?DS1302
            CODE    16ECH     0034H     UNIT         ?PR?_DELAY1?DS1302
BL51 BANKED LINKER/LOCATER V6.22                                                      03/15/2017  19:49:58  PAGE 2


            CODE    1720H     002EH     UNIT         ?PR?_WRITE_COM?DS1302
            CODE    174EH     002DH     UNIT         ?PR?_READ_DS1302?DS1302
            CODE    177BH     002CH     UNIT         ?PR?_WRITE_BYTE?DS1302
            CODE    17A7H     0026H     UNIT         ?PR?_SETTIME_DISPALY?DS1302
            CODE    17CDH     0024H     UNIT         ?PR?_DELAY?DS1302
            CODE    17F1H     0021H     UNIT         ?PR?READ_BYTE?DS1302
            CODE    1812H     0020H     UNIT         ?PR?_TEMPERATURE_DISPALY?DS1302
            CODE    1832H     001FH     UNIT         ?PR?DS18B20_INIT?DS1302
            CODE    1851H     001DH     UNIT         ?PR?_WRITE_DATE?DS1302
            CODE    186EH     0019H     UNIT         ?PR?_WRITE_DS1302?DS1302
            CODE    1887H     0016H     UNIT         ?PR?_DATE_DISPALY?DS1302
            CODE    189DH     0016H     UNIT         ?PR?READ_RTC?DS1302
            CODE    18B3H     0013H     UNIT         ?PR?_WRITE_DS1302_BYTE?DS1302
            CODE    18C6H     0010H     UNIT         ?PR?_WEEK_DISPALY?DS1302
            CODE    18D6H     000EH     UNIT         ?PR?T0_INIT?DS1302



OVERLAY MAP OF MODULE:   DS1302 (?C_STARTUP)


SEGMENT                                   DATA_GROUP 
  +--> CALLED SEGMENT                   START    LENGTH
-------------------------------------------------------
?C_C51STARTUP                           -----    -----
  +--> ?PR?MAIN?DS1302
  +--> ?C_INITSEG

?PR?MAIN?DS1302                         -----    -----
  +--> ?PR?READTEMPERATURE?DS1302
  +--> ?PR?INIT?DS1302
  +--> ?PR?T0_INIT?DS1302
  +--> ?PR?_DELAY1?DS1302
  +--> ?PR?_TEMPERATURE_DISPALY?DS1302
  +--> ?PR?TIME_DISPLAY?DS1302
  +--> ?PR?OPEN?DS1302
  +--> ?PR?COUNT_VALUE?DS1302
  +--> ?PR?KEYSCAN?DS1302

?PR?READTEMPERATURE?DS1302              0008H    0002H
  +--> ?PR?DS18B20_INIT?DS1302
  +--> ?PR?_WRITE_BYTE?DS1302
  +--> ?PR?_DELAY?DS1302
  +--> ?PR?READ_BYTE?DS1302
  +--> ?PR?_WRITE_COM?DS1302
  +--> ?PR?_WRITE_DATE?DS1302

?PR?DS18B20_INIT?DS1302                 000AH    0002H
  +--> ?PR?_DELAY?DS1302

?PR?_WRITE_BYTE?DS1302                  000AH    0002H
  +--> ?PR?_DELAY?DS1302

?PR?READ_BYTE?DS1302                    -----    -----
  +--> ?PR?_DELAY?DS1302

?PR?_WRITE_COM?DS1302                   -----    -----
BL51 BANKED LINKER/LOCATER V6.22                                                      03/15/2017  19:49:58  PAGE 3


  +--> ?PR?_SETTIME_DISPALY?DS1302
  +--> ?PR?_DELAY1?DS1302

?PR?_SETTIME_DISPALY?DS1302             -----    -----
  +--> ?PR?_WRITE_DATE?DS1302

?PR?_WRITE_DATE?DS1302                  -----    -----
  +--> ?PR?_DELAY1?DS1302

?PR?INIT?DS1302                         -----    -----
  +--> ?PR?_WRITE_COM?DS1302
  +--> ?CO?DS1302
  +--> ?PR?_WRITE_DATE?DS1302
  +--> ?PR?_DELAY1?DS1302

?PR?_TEMPERATURE_DISPALY?DS1302         -----    -----
  +--> ?PR?_WRITE_DATE?DS1302

?PR?TIME_DISPLAY?DS1302                 -----    -----
  +--> ?PR?READ_RTC?DS1302
  +--> ?PR?_DATE_DISPALY?DS1302
  +--> ?PR?_WEEK_DISPALY?DS1302

?PR?READ_RTC?DS1302                     -----    -----
  +--> ?CO?DS1302
  +--> ?PR?_READ_DS1302?DS1302

?PR?_READ_DS1302?DS1302                 -----    -----
  +--> ?PR?_WRITE_DS1302_BYTE?DS1302

?PR?_DATE_DISPALY?DS1302                -----    -----
  +--> ?PR?_WRITE_DATE?DS1302

?PR?_WEEK_DISPALY?DS1302                -----    -----
  +--> ?PR?_WRITE_COM?DS1302
  +--> ?PR?_WRITE_DATE?DS1302

?PR?OPEN?DS1302                         0008H    000CH

?PR?COUNT_VALUE?DS1302                  -----    -----
  +--> ?PR?_SETTIME_DISPALY?DS1302
  +--> ?PR?_DELAY1?DS1302

?PR?KEYSCAN?DS1302                      -----    -----
  +--> ?PR?_DELAY1?DS1302
  +--> ?PR?_LCD_CLEAN?DS1302
  +--> ?CO?DS1302
  +--> ?PR?_LCD_DISPLAY_STRING?DS1302
  +--> ?PR?_WRITE_COM?DS1302
  +--> ?PR?_WRITE_DATE?DS1302
  +--> ?PR?_SETTIME_DISPALY?DS1302
  +--> ?PR?_WEEK_DISPALY?DS1302
  +--> ?PR?SET_RTC?DS1302

?PR?_LCD_CLEAN?DS1302                   -----    -----
  +--> ?PR?_WRITE_COM?DS1302
  +--> ?CO?DS1302
BL51 BANKED LINKER/LOCATER V6.22                                                      03/15/2017  19:49:58  PAGE 4


  +--> ?PR?_WRITE_DATE?DS1302
  +--> ?PR?_DELAY1?DS1302

?PR?_LCD_DISPLAY_STRING?DS1302          0008H    0005H
  +--> ?PR?_WRITE_COM?DS1302
  +--> ?PR?_LCD_CLEAN?DS1302
  +--> ?CO?DS1302
  +--> ?PR?_WRITE_DATE?DS1302

?PR?SET_RTC?DS1302                      -----    -----
  +--> ?PR?_WRITE_DS1302?DS1302
  +--> ?CO?DS1302

?PR?_WRITE_DS1302?DS1302                -----    -----
  +--> ?PR?_WRITE_DS1302_BYTE?DS1302



SYMBOL TABLE OF MODULE:  DS1302 (?C_STARTUP)

  VALUE           TYPE          NAME
  ----------------------------------

  -------         MODULE        ?C_STARTUP
  C:150EH         SEGMENT       ?C_C51STARTUP
  I:0065H         SEGMENT       ?STACK
  C:0000H         PUBLIC        ?C_STARTUP
  D:00E0H         SYMBOL        ACC
  D:00F0H         SYMBOL        B
  D:0083H         SYMBOL        DPH
  D:0082H         SYMBOL        DPL
  N:0000H         SYMBOL        IBPSTACK
  N:0100H         SYMBOL        IBPSTACKTOP
  N:0080H         SYMBOL        IDATALEN
  C:1511H         SYMBOL        IDATALOOP
  N:0000H         SYMBOL        PBPSTACK
  N:0100H         SYMBOL        PBPSTACKTOP
  N:0000H         SYMBOL        PDATALEN
  N:0000H         SYMBOL        PDATASTART
  N:0000H         SYMBOL        PPAGE
  N:0000H         SYMBOL        PPAGEENABLE
  D:00A0H         SYMBOL        PPAGE_SFR
  D:0081H         SYMBOL        SP
  C:150EH         SYMBOL        STARTUP1
  N:0000H         SYMBOL        XBPSTACK
  N:0000H         SYMBOL        XBPSTACKTOP
  N:0000H         SYMBOL        XDATALEN
  N:0000H         SYMBOL        XDATASTART
  C:0000H         LINE#         126
  C:150EH         LINE#         133
  C:1510H         LINE#         134
  C:1511H         LINE#         135
  C:1512H         LINE#         136
  C:1514H         LINE#         185
  C:1517H         LINE#         196
  -------         ENDMOD        ?C_STARTUP

BL51 BANKED LINKER/LOCATER V6.22                                                      03/15/2017  19:49:58  PAGE 5


  -------         MODULE        DS1302
  C:0000H         SYMBOL        _ICE_DUMMY_
  B:0090H.7       PUBLIC        ENTER
  D:0080H         PUBLIC        P0
  D:0090H         PUBLIC        P1
  D:00A0H         PUBLIC        P2
  D:00B0H         PUBLIC        P3
  B:00A8H.7       PUBLIC        EA
  D:0021H         PUBLIC        Miao
  D:0022H         PUBLIC        Second_H
  D:0026H         PUBLIC        Month
  D:002AH         PUBLIC        Count
  D:002CH         PUBLIC        Second_L
  D:0030H         PUBLIC        Week
  C:1812H         PUBLIC        _temperature_dispaly
  C:17D3H         PUBLIC        _delay
  D:0031H         PUBLIC        Year
  C:0F97H         PUBLIC        Open
  B:0090H.5       PUBLIC        DQ
  D:0035H         PUBLIC        Select_num
  C:163FH         PUBLIC        _LCD_Clean
  C:18D6H         PUBLIC        T0_init
  C:17B6H         PUBLIC        _SetTime_dispaly
  C:1832H         PUBLIC        ds18b20_init
  C:174EH         PUBLIC        _read_ds1302
  D:0036H         PUBLIC        Minute_H
  D:003AH         PUBLIC        Day
  D:003EH         PUBLIC        Hour
  D:0042H         PUBLIC        Minute_L
  B:00B0H.0       PUBLIC        UP
  B:00B0H.2       PUBLIC        MODE
  C:16B7H         PUBLIC        main
  D:0046H         PUBLIC        OUT1_flag
  D:0047H         PUBLIC        Switch_num
  C:128BH         PUBLIC        read_add
  B:00A0H.1       PUBLIC        OUT1
  B:00A0H.0       PUBLIC        LIGHT1
  C:186EH         PUBLIC        _write_ds1302
  D:0048H         PUBLIC        time_data
  C:1859H         PUBLIC        _write_date
  D:004FH         PUBLIC        Value1
  D:0051H         PUBLIC        Enter_num
  C:167EH         PUBLIC        Timer0
  C:17F1H         PUBLIC        read_byte
  D:0089H         PUBLIC        TMOD
  C:11CBH         PUBLIC        init
  D:0052H         PUBLIC        temperature
  B:0020H.0       PUBLIC        Auto_flg
  B:00B0H.1       PUBLIC        DOWN
  B:0090H.6       PUBLIC        SELT
  C:1284H         PUBLIC        write_add
  C:132BH         PUBLIC        table0
  C:1292H         PUBLIC        table1
  C:12A3H         PUBLIC        table2
  C:12B4H         PUBLIC        table3
  C:12C5H         PUBLIC        table4
  C:12D6H         PUBLIC        table5
BL51 BANKED LINKER/LOCATER V6.22                                                      03/15/2017  19:49:58  PAGE 6


  C:12E7H         PUBLIC        table6
  B:00A0H.5       PUBLIC        sck
  C:12F8H         PUBLIC        table7
  C:1702H         PUBLIC        _delay1
  C:1309H         PUBLIC        table8
  C:131AH         PUBLIC        table9
  C:177BH         PUBLIC        _write_byte
  C:18B3H         PUBLIC        _write_ds1302_byte
  D:0054H         PUBLIC        IN1_flag
  D:0055H         PUBLIC        Hour_H
  B:00A0H.2       PUBLIC        IN1
  C:189DH         PUBLIC        read_rtc
  B:00A8H.1       PUBLIC        ET0
  C:13E6H         PUBLIC        Time_Display
  D:0059H         PUBLIC        Hour_L
  D:008CH         PUBLIC        TH0
  C:1739H         PUBLIC        _write_com
  D:008AH         PUBLIC        TL0
  C:000EH         PUBLIC        Keyscan
  B:0090H.4       PUBLIC        HAND_LED
  B:00B0H.3       PUBLIC        SWITCH
  C:133CH         PUBLIC        readtemperature
  B:0088H.4       PUBLIC        TR0
  B:00A0H.6       PUBLIC        io
  B:00A0H.7       PUBLIC        rst
  C:1887H         PUBLIC        _Date_dispaly
  B:00B0H.4       PUBLIC        LAMP1
  B:00B0H.5       PUBLIC        LAMP2
  B:00B0H.6       PUBLIC        LAMP3
  D:005DH         PUBLIC        Second
  B:00B0H.7       PUBLIC        LAMP4
  B:0090H.2       PUBLIC        e
  B:0090H.0       PUBLIC        rs
  C:18CAH         PUBLIC        _Week_dispaly
  B:0090H.1       PUBLIC        rw
  C:15B3H         PUBLIC        _LCD_Display_String
  C:1481H         PUBLIC        Count_Value
  B:0020H.1       PUBLIC        Adjust
  B:0090H.3       PUBLIC        AUTO_LED
  D:0061H         PUBLIC        Minute
  C:15F1H         PUBLIC        set_rtc
  C:16FEH         SYMBOL        L?0258
  -------         PROC          L?0257
  -------         ENDPROC       L?0257
  C:16FEH         SYMBOL        L?0258
  -------         PROC          _DELAY1
  D:0006H         SYMBOL        z
  -------         DO            
  D:0006H         SYMBOL        x
  D:0004H         SYMBOL        y
  -------         ENDDO         
  C:1702H         LINE#         63
  C:1702H         LINE#         64
  C:1702H         LINE#         66
  C:170BH         LINE#         67
  C:171FH         LINE#         68
  -------         ENDPROC       _DELAY1
BL51 BANKED LINKER/LOCATER V6.22                                                      03/15/2017  19:49:58  PAGE 7


  C:1728H         SYMBOL        L?0251
  C:172FH         SYMBOL        L?0252
  C:1734H         SYMBOL        L?0253
  -------         PROC          L?0250
  -------         ENDPROC       L?0250
  C:1728H         SYMBOL        L?0251
  C:172FH         SYMBOL        L?0252
  C:1734H         SYMBOL        L?0253
  -------         PROC          _WRITE_COM
  D:0003H         SYMBOL        com
  C:1739H         LINE#         70
  C:173BH         LINE#         71
  C:173BH         LINE#         72
  C:173DH         LINE#         73
  C:1740H         LINE#         74
  C:1742H         LINE#         75
  C:1742H         LINE#         76
  C:1742H         LINE#         77
  C:1742H         LINE#         78
  C:1742H         LINE#         79
  C:1745H         LINE#         80
  C:1747H         LINE#         81
  -------         ENDPROC       _WRITE_COM
  C:1852H         SYMBOL        L?0265
  -------         PROC          L?0264
  -------         ENDPROC       L?0264
  C:1852H         SYMBOL        L?0265
  -------         PROC          _WRITE_DATE
  D:0003H         SYMBOL        date
  C:1859H         LINE#         84
  C:185BH         LINE#         85
  C:185BH         LINE#         86
  C:185DH         LINE#         87
  C:1860H         LINE#         88
  C:1862H         LINE#         89
  C:1862H         LINE#         90
  C:1862H         LINE#         91
  C:1862H         LINE#         92
  C:1862H         LINE#         93
  C:1865H         LINE#         94
  C:1867H         LINE#         95
  -------         ENDPROC       _WRITE_DATE
  -------         PROC          INIT
  -------         DO            
  D:0002H         SYMBOL        num
  -------         ENDDO         
  C:11CBH         LINE#         98
  C:11CBH         LINE#         99
  C:11CBH         LINE#         101
  C:11D6H         LINE#         102
  C:11E0H         LINE#         103
  C:11EAH         LINE#         104
  C:11F4H         LINE#         105
  C:11FEH         LINE#         106
  C:1208H         LINE#         107
  C:120BH         LINE#         108
  C:1215H         LINE#         109
BL51 BANKED LINKER/LOCATER V6.22                                                      03/15/2017  19:49:58  PAGE 8


  C:121DH         LINE#         110
  C:1225H         LINE#         111
  C:122FH         LINE#         112
  C:1237H         LINE#         113
  C:123FH         LINE#         114
  C:1241H         LINE#         115
  C:1246H         LINE#         116
  C:124BH         LINE#         117
  C:1250H         LINE#         118
  C:1255H         LINE#         119
  C:125AH         LINE#         120
  C:125CH         LINE#         121
  C:125CH         LINE#         122
  C:1265H         LINE#         123
  C:1268H         LINE#         124
  C:126CH         LINE#         125
  C:1271H         LINE#         126
  C:1273H         LINE#         127
  C:1273H         LINE#         128
  C:127CH         LINE#         129
  C:127FH         LINE#         130
  C:1283H         LINE#         131
  -------         ENDPROC       INIT
  C:17A7H         SYMBOL        L?0260
  C:17AFH         SYMBOL        L?0261
  -------         PROC          L?0259
  -------         ENDPROC       L?0259
  C:17A7H         SYMBOL        L?0260
  C:17AFH         SYMBOL        L?0261
  -------         PROC          _SETTIME_DISPALY
  D:0007H         SYMBOL        add
  D:0005H         SYMBOL        dat
  -------         DO            
  D:0001H         SYMBOL        shi
  D:0002H         SYMBOL        ge
  -------         ENDDO         
  C:17B6H         LINE#         133
  C:17B6H         LINE#         134
  C:17B6H         LINE#         136
  C:17BCH         LINE#         137
  C:17C3H         LINE#         138
  C:17C3H         LINE#         139
  C:17C6H         LINE#         140
  -------         ENDPROC       _SETTIME_DISPALY
  C:18C6H         SYMBOL        L?0267
  -------         PROC          L?0266
  -------         ENDPROC       L?0266
  C:18C6H         SYMBOL        L?0267
  -------         PROC          _WEEK_DISPALY
  D:0007H         SYMBOL        add
  D:0002H         SYMBOL        dat
  C:18CAH         LINE#         143
  C:18CCH         LINE#         144
  C:18CCH         LINE#         145
  C:18CFH         LINE#         146
  -------         ENDPROC       _WEEK_DISPALY
  -------         PROC          _DATE_DISPALY
BL51 BANKED LINKER/LOCATER V6.22                                                      03/15/2017  19:49:58  PAGE 9


  D:0007H         SYMBOL        add
  D:0005H         SYMBOL        dat
  -------         DO            
  D:0001H         SYMBOL        shi
  D:0002H         SYMBOL        ge
  -------         ENDDO         
  C:1887H         LINE#         148
  C:1887H         LINE#         149
  C:1887H         LINE#         151
  C:188CH         LINE#         152
  C:1890H         LINE#         153
  C:1893H         LINE#         154
  C:1896H         LINE#         155
  -------         ENDPROC       _DATE_DISPALY
  C:1638H         SYMBOL        L?0263
  -------         PROC          L?0262
  -------         ENDPROC       L?0262
  C:1638H         SYMBOL        L?0263
  -------         PROC          _LCD_CLEAN
  D:0001H         SYMBOL        i
  -------         DO            
  D:0002H         SYMBOL        num
  -------         ENDDO         
  C:163FH         LINE#         158
  C:1641H         LINE#         159
  C:1641H         LINE#         161
  C:1644H         LINE#         162
  C:1644H         LINE#         163
  C:1649H         LINE#         164
  C:164BH         LINE#         165
  C:164BH         LINE#         166
  C:1654H         LINE#         167
  C:165BH         LINE#         168
  C:165FH         LINE#         169
  C:165FH         LINE#         170
  C:1662H         LINE#         171
  C:1662H         LINE#         172
  C:1667H         LINE#         173
  C:1669H         LINE#         174
  C:1669H         LINE#         175
  C:1672H         LINE#         176
  C:1679H         LINE#         177
  C:167DH         LINE#         178
  C:167DH         LINE#         179
  -------         ENDPROC       _LCD_CLEAN
  C:15A1H         SYMBOL        L?0255
  C:15AFH         SYMBOL        L?0256
  -------         PROC          L?0254
  -------         ENDPROC       L?0254
  C:15A1H         SYMBOL        L?0255
  C:15AFH         SYMBOL        L?0256
  -------         PROC          _LCD_DISPLAY_STRING
  D:0007H         SYMBOL        line
  D:0008H         SYMBOL        string
  -------         DO            
  D:000BH         SYMBOL        i
  D:000CH         SYMBOL        address
BL51 BANKED LINKER/LOCATER V6.22                                                      03/15/2017  19:49:58  PAGE 10


  -------         ENDDO         
  C:15B3H         LINE#         181
  C:15B9H         LINE#         182
  C:15B9H         LINE#         184
  C:15BCH         LINE#         185
  C:15BFH         LINE#         186
  C:15BFH         LINE#         187
  C:15C2H         LINE#         188
  C:15C4H         LINE#         189
  C:15C7H         LINE#         190
  C:15C7H         LINE#         191
  C:15CAH         LINE#         192
  C:15CAH         LINE#         194
  C:15CDH         LINE#         195
  C:15CDH         LINE#         196
  C:15D2H         LINE#         197
  C:15E5H         LINE#         198
  C:15E7H         LINE#         199
  C:15F0H         LINE#         200
  -------         ENDPROC       _LCD_DISPLAY_STRING
  -------         PROC          TIME_DISPLAY
  C:13E6H         LINE#         202
  C:13E6H         LINE#         203
  C:13E6H         LINE#         204
  C:13E9H         LINE#         205
  C:13F0H         LINE#         206
  C:13F7H         LINE#         207
  C:13FEH         LINE#         208
  C:1405H         LINE#         209
  C:140CH         LINE#         210
  C:1413H         LINE#         211
  C:141AH         LINE#         213
  C:143CH         LINE#         214
  C:145EH         LINE#         215
  C:1480H         LINE#         216
  -------         ENDPROC       TIME_DISPLAY
  -------         PROC          _WRITE_DS1302_BYTE
  D:0007H         SYMBOL        dat
  -------         DO            
  D:0006H         SYMBOL        i
  -------         ENDDO         
  C:18B3H         LINE#         219
  C:18B3H         LINE#         220
  C:18B3H         LINE#         222
  C:18B5H         LINE#         223
  C:18B5H         LINE#         224
  C:18B7H         LINE#         225
  C:18BBH         LINE#         226
  C:18BFH         LINE#         227
  C:18C1H         LINE#         228
  C:18C5H         LINE#         229
  -------         ENDPROC       _WRITE_DS1302_BYTE
  -------         PROC          _WRITE_DS1302
  D:0007H         SYMBOL        add
  D:0005H         SYMBOL        dat
  C:186EH         LINE#         231
  C:186EH         LINE#         232
BL51 BANKED LINKER/LOCATER V6.22                                                      03/15/2017  19:49:58  PAGE 11


  C:186EH         LINE#         233
  C:1870H         LINE#         234
  C:1871H         LINE#         235
  C:1873H         LINE#         236
  C:1874H         LINE#         237
  C:1876H         LINE#         238
  C:1877H         LINE#         239
  C:187AH         LINE#         240
  C:187FH         LINE#         241
  C:1881H         LINE#         242
  C:1882H         LINE#         243
  C:1884H         LINE#         244
  C:1886H         LINE#         245
  -------         ENDPROC       _WRITE_DS1302
  -------         PROC          _READ_DS1302
  D:0007H         SYMBOL        add
  -------         DO            
  D:0007H         SYMBOL        i
  D:0005H         SYMBOL        value
  -------         ENDDO         
  C:174EH         LINE#         247
  C:174EH         LINE#         248
  C:174EH         LINE#         250
  C:1750H         LINE#         251
  C:1751H         LINE#         252
  C:1753H         LINE#         253
  C:1754H         LINE#         254
  C:1756H         LINE#         255
  C:1757H         LINE#         256
  C:175AH         LINE#         257
  C:175CH         LINE#         258
  C:175CH         LINE#         259
  C:1760H         LINE#         260
  C:1762H         LINE#         261
  C:1765H         LINE#         262
  C:1768H         LINE#         263
  C:176AH         LINE#         264
  C:176EH         LINE#         265
  C:1770H         LINE#         266
  C:1771H         LINE#         267
  C:1773H         LINE#         268
  C:1774H         LINE#         269
  C:1776H         LINE#         270
  C:1778H         LINE#         271
  C:177AH         LINE#         272
  -------         ENDPROC       _READ_DS1302
  -------         PROC          SET_RTC
  -------         DO            
  D:0004H         SYMBOL        i
  D:0006H         SYMBOL        j
  -------         ENDDO         
  C:15F1H         LINE#         274
  C:15F1H         LINE#         275
  C:15F1H         LINE#         277
  C:15F3H         LINE#         278
  C:15F3H         LINE#         279
  C:15FEH         LINE#         280
BL51 BANKED LINKER/LOCATER V6.22                                                      03/15/2017  19:49:58  PAGE 12


  C:1605H         LINE#         281
  C:1611H         LINE#         282
  C:1615H         LINE#         283
  C:161CH         LINE#         284
  C:161EH         LINE#         285
  C:161EH         LINE#         286
  C:162DH         LINE#         287
  C:1631H         LINE#         288
  -------         ENDPROC       SET_RTC
  -------         PROC          READ_RTC
  -------         DO            
  D:0004H         SYMBOL        i
  -------         ENDDO         
  C:189DH         LINE#         291
  C:189DH         LINE#         292
  C:189DH         LINE#         294
  C:189FH         LINE#         295
  C:189FH         LINE#         296
  C:18AEH         LINE#         297
  C:18B2H         LINE#         298
  -------         ENDPROC       READ_RTC
  -------         PROC          KEYSCAN
  C:000EH         LINE#         301
  C:000EH         LINE#         302
  C:000EH         LINE#         303
  C:0014H         LINE#         304
  C:0014H         LINE#         305
  C:001BH         LINE#         306
  C:001EH         LINE#         307
  C:001EH         LINE#         308
  C:0021H         LINE#         309
  C:0023H         LINE#         310
  C:0025H         LINE#         311
  C:0025H         LINE#         312
  C:002BH         LINE#         313
  C:002BH         LINE#         314
  C:002BH         LINE#         315
  C:002EH         LINE#         316
  C:0035H         LINE#         317
  C:0040H         LINE#         318
  C:0045H         LINE#         319
  C:004AH         LINE#         320
  C:004FH         LINE#         321
  C:0054H         LINE#         322
  C:0057H         LINE#         323
  C:0057H         LINE#         324
  C:005DH         LINE#         325
  C:005DH         LINE#         326
  C:005DH         LINE#         327
  C:0060H         LINE#         328
  C:006BH         LINE#         329
  C:0076H         LINE#         330
  C:007BH         LINE#         331
  C:0080H         LINE#         332
  C:0085H         LINE#         333
  C:008AH         LINE#         334
  C:008DH         LINE#         335
BL51 BANKED LINKER/LOCATER V6.22                                                      03/15/2017  19:49:58  PAGE 13


  C:008DH         LINE#         336
  C:0093H         LINE#         337
  C:0093H         LINE#         338
  C:0093H         LINE#         339
  C:0093H         LINE#         340
  C:0096H         LINE#         341
  C:00A1H         LINE#         342
  C:00A4H         LINE#         343
  C:00A6H         LINE#         344
  C:00A8H         LINE#         345
  C:00A8H         LINE#         346
  C:00ADH         LINE#         347
  C:00B0H         LINE#         348
  C:00B0H         LINE#         350
  C:00B6H         LINE#         351
  C:00B6H         LINE#         352
  C:00BDH         LINE#         353
  C:00C0H         LINE#         354
  C:00C0H         LINE#         355
  C:00C3H         LINE#         356
  C:00C5H         LINE#         357
  C:00C5H         LINE#         358
  C:00CEH         LINE#         359
  C:00CEH         LINE#         360
  C:00D7H         LINE#         361
  C:00D7H         LINE#         362
  C:00D7H         LINE#         363
  C:00DAH         LINE#         364
  C:00E5H         LINE#         365
  C:00F0H         LINE#         366
  C:0102H         LINE#         367
  C:0114H         LINE#         368
  C:0126H         LINE#         369
  C:0138H         LINE#         370
  C:014AH         LINE#         371
  C:015CH         LINE#         372
  C:015FH         LINE#         373
  C:0161H         LINE#         374
  C:0164H         LINE#         375
  C:0164H         LINE#         376
  C:0169H         LINE#         377
  C:0169H         LINE#         378
  C:016BH         LINE#         379
  C:016EH         LINE#         380
  C:016EH         LINE#         381
  C:0173H         LINE#         382
  C:0173H         LINE#         383
  C:0175H         LINE#         384
  C:0178H         LINE#         385
  C:0178H         LINE#         386
  C:017DH         LINE#         387
  C:017DH         LINE#         388
  C:017FH         LINE#         389
  C:0182H         LINE#         390
  C:0182H         LINE#         391
  C:0187H         LINE#         392
  C:0187H         LINE#         393
BL51 BANKED LINKER/LOCATER V6.22                                                      03/15/2017  19:49:58  PAGE 14


  C:0189H         LINE#         394
  C:018CH         LINE#         395
  C:018CH         LINE#         396
  C:0191H         LINE#         397
  C:0191H         LINE#         398
  C:0193H         LINE#         399
  C:0196H         LINE#         400
  C:0196H         LINE#         401
  C:019BH         LINE#         402
  C:019BH         LINE#         403
  C:019DH         LINE#         404
  C:01A0H         LINE#         405
  C:01A0H         LINE#         406
  C:01A6H         LINE#         407
  C:01A6H         LINE#         408
  C:01A6H         LINE#         409
  C:01A6H         LINE#         410
  C:01A6H         LINE#         411
  C:01A6H         LINE#         412
  C:01A9H         LINE#         413
  C:01B4H         LINE#         414
  C:01C1H         LINE#         415
  C:01C4H         LINE#         416
  C:01D1H         LINE#         417
  C:01DEH         LINE#         418
  C:01EBH         LINE#         419
  C:01F8H         LINE#         420
  C:0205H         LINE#         421
  C:0208H         LINE#         422
  C:020BH         LINE#         423
  C:020DH         LINE#         424
  C:020DH         LINE#         425
  C:020DH         LINE#         427
  C:0216H         LINE#         428
  C:0216H         LINE#         429
  C:021CH         LINE#         430
  C:021CH         LINE#         431
  C:021CH         LINE#         432
  C:021FH         LINE#         433
  C:022AH         LINE#         434
  C:0235H         LINE#         435
  C:0247H         LINE#         436
  C:024AH         LINE#         437
  C:0259H         LINE#         438
  C:0259H         LINE#         439
  C:025CH         LINE#         440
  C:025CH         LINE#         441
  C:0261H         LINE#         442
  C:0261H         LINE#         443
  C:0263H         LINE#         444
  C:0266H         LINE#         445
  C:0266H         LINE#         446
  C:026BH         LINE#         447
  C:026BH         LINE#         448
  C:026DH         LINE#         449
  C:0270H         LINE#         450
  C:0270H         LINE#         451
BL51 BANKED LINKER/LOCATER V6.22                                                      03/15/2017  19:49:58  PAGE 15


  C:0276H         LINE#         452
  C:0276H         LINE#         453
  C:027BH         LINE#         454
  C:027BH         LINE#         455
  C:027EH         LINE#         456
  C:0289H         LINE#         457
  C:0294H         LINE#         458
  C:02A6H         LINE#         459
  C:02B1H         LINE#         460
  C:02C0H         LINE#         461
  C:02C0H         LINE#         462
  C:02C3H         LINE#         463
  C:02C3H         LINE#         464
  C:02C8H         LINE#         465
  C:02C8H         LINE#         466
  C:02CAH         LINE#         467
  C:02CDH         LINE#         468
  C:02CDH         LINE#         469
  C:02D2H         LINE#         470
  C:02D2H         LINE#         471
  C:02D4H         LINE#         472
  C:02D7H         LINE#         473
  C:02D7H         LINE#         474
  C:02DDH         LINE#         475
  C:02DDH         LINE#         476
  C:02DDH         LINE#         477
  C:02DDH         LINE#         478
  C:02DDH         LINE#         479
  C:02DDH         LINE#         480
  C:02E0H         LINE#         481
  C:02EBH         LINE#         482
  C:02EEH         LINE#         483
  C:02F0H         LINE#         484
  C:02F0H         LINE#         485
  C:02F0H         LINE#         487
  C:02F0H         LINE#         488
  C:02F6H         LINE#         489
  C:02F6H         LINE#         490
  C:02FDH         LINE#         491
  C:0303H         LINE#         492
  C:0303H         LINE#         493
  C:0306H         LINE#         494
  C:030FH         LINE#         495
  C:030FH         LINE#         496
  C:0315H         LINE#         497
  C:0315H         LINE#         498
  C:032EH         LINE#         499
  C:0344H         LINE#         500
  C:034DH         LINE#         501
  C:035FH         LINE#         502
  C:0361H         LINE#         503
  C:0364H         LINE#         504
  C:0364H         LINE#         505
  C:036AH         LINE#         506
  C:036AH         LINE#         507
  C:0383H         LINE#         508
  C:0399H         LINE#         509
BL51 BANKED LINKER/LOCATER V6.22                                                      03/15/2017  19:49:58  PAGE 16


  C:03A4H         LINE#         510
  C:03B6H         LINE#         511
  C:03B8H         LINE#         512
  C:03BBH         LINE#         513
  C:03BBH         LINE#         514
  C:03C1H         LINE#         515
  C:03C1H         LINE#         516
  C:03DAH         LINE#         517
  C:03F0H         LINE#         518
  C:03FBH         LINE#         519
  C:040DH         LINE#         520
  C:040FH         LINE#         521
  C:0412H         LINE#         522
  C:0412H         LINE#         523
  C:0418H         LINE#         524
  C:0418H         LINE#         525
  C:0431H         LINE#         526
  C:0447H         LINE#         527
  C:0450H         LINE#         528
  C:0462H         LINE#         529
  C:0464H         LINE#         530
  C:0467H         LINE#         531
  C:0467H         LINE#         532
  C:046DH         LINE#         533
  C:046DH         LINE#         534
  C:0486H         LINE#         535
  C:049CH         LINE#         536
  C:04A5H         LINE#         537
  C:04B7H         LINE#         538
  C:04B9H         LINE#         539
  C:04BCH         LINE#         540
  C:04BCH         LINE#         541
  C:04C2H         LINE#         542
  C:04C2H         LINE#         543
  C:04DBH         LINE#         544
  C:04F1H         LINE#         545
  C:04FAH         LINE#         546
  C:050CH         LINE#         547
  C:050EH         LINE#         548
  C:0511H         LINE#         549
  C:0511H         LINE#         550
  C:0516H         LINE#         551
  C:0516H         LINE#         552
  C:0518H         LINE#         553
  C:051FH         LINE#         554
  C:0522H         LINE#         555
  C:0525H         LINE#         556
  C:0527H         LINE#         557
  C:052AH         LINE#         558
  C:052AH         LINE#         559
  C:052AH         LINE#         560
  C:0533H         LINE#         561
  C:0533H         LINE#         562
  C:0539H         LINE#         563
  C:0539H         LINE#         564
  C:0552H         LINE#         565
  C:0568H         LINE#         566
BL51 BANKED LINKER/LOCATER V6.22                                                      03/15/2017  19:49:58  PAGE 17


  C:0571H         LINE#         567
  C:0571H         LINE#         568
  C:0571H         LINE#         569
  C:0574H         LINE#         570
  C:0574H         LINE#         571
  C:057AH         LINE#         572
  C:057AH         LINE#         573
  C:0593H         LINE#         574
  C:05A9H         LINE#         575
  C:05B2H         LINE#         576
  C:05B5H         LINE#         577
  C:05B7H         LINE#         578
  C:05BAH         LINE#         579
  C:05BAH         LINE#         581
  C:05C0H         LINE#         582
  C:05C0H         LINE#         583
  C:05D9H         LINE#         584
  C:05EFH         LINE#         585
  C:05F8H         LINE#         586
  C:060AH         LINE#         587
  C:060CH         LINE#         588
  C:060FH         LINE#         589
  C:060FH         LINE#         590
  C:0615H         LINE#         591
  C:0615H         LINE#         592
  C:062EH         LINE#         593
  C:0644H         LINE#         594
  C:064DH         LINE#         595
  C:0655H         LINE#         596
  C:0655H         LINE#         597
  C:0658H         LINE#         598
  C:0658H         LINE#         599
  C:065EH         LINE#         600
  C:065EH         LINE#         601
  C:0677H         LINE#         602
  C:068DH         LINE#         603
  C:0696H         LINE#         604
  C:06A1H         LINE#         605
  C:06A3H         LINE#         606
  C:06A6H         LINE#         607
  C:06A6H         LINE#         609
  C:06ACH         LINE#         610
  C:06ACH         LINE#         611
  C:06C5H         LINE#         612
  C:06DBH         LINE#         613
  C:06E4H         LINE#         614
  C:06F6H         LINE#         615
  C:06F8H         LINE#         616
  C:06FBH         LINE#         617
  C:06FBH         LINE#         618
  C:06FBH         LINE#         619
  C:06FBH         LINE#         620
  C:06FBH         LINE#         621
  C:0701H         LINE#         622
  C:0701H         LINE#         623
  C:0708H         LINE#         624
  C:070EH         LINE#         625
BL51 BANKED LINKER/LOCATER V6.22                                                      03/15/2017  19:49:58  PAGE 18


  C:070EH         LINE#         626
  C:0711H         LINE#         627
  C:071AH         LINE#         628
  C:071AH         LINE#         629
  C:0720H         LINE#         630
  C:0720H         LINE#         631
  C:0739H         LINE#         632
  C:074BH         LINE#         633
  C:0756H         LINE#         634
  C:0768H         LINE#         635
  C:076AH         LINE#         636
  C:076DH         LINE#         637
  C:076DH         LINE#         638
  C:0773H         LINE#         639
  C:0773H         LINE#         640
  C:078CH         LINE#         641
  C:07A0H         LINE#         642
  C:07ABH         LINE#         643
  C:07BDH         LINE#         644
  C:07BFH         LINE#         645
  C:07C2H         LINE#         646
  C:07C2H         LINE#         647
  C:07C8H         LINE#         648
  C:07C8H         LINE#         649
  C:07E1H         LINE#         650
  C:07F5H         LINE#         651
  C:0800H         LINE#         652
  C:0812H         LINE#         653
  C:0814H         LINE#         654
  C:0817H         LINE#         655
  C:0817H         LINE#         656
  C:081DH         LINE#         657
  C:081DH         LINE#         658
  C:0836H         LINE#         659
  C:0848H         LINE#         660
  C:0853H         LINE#         661
  C:0865H         LINE#         662
  C:0867H         LINE#         663
  C:086AH         LINE#         664
  C:086AH         LINE#         665
  C:0870H         LINE#         666
  C:0870H         LINE#         667
  C:0889H         LINE#         668
  C:089BH         LINE#         669
  C:08A6H         LINE#         670
  C:08B8H         LINE#         671
  C:08BAH         LINE#         672
  C:08BDH         LINE#         673
  C:08BDH         LINE#         674
  C:08C3H         LINE#         675
  C:08C3H         LINE#         676
  C:08DCH         LINE#         677
  C:08EEH         LINE#         678
  C:08F9H         LINE#         679
  C:090BH         LINE#         680
  C:090DH         LINE#         681
  C:0910H         LINE#         682
BL51 BANKED LINKER/LOCATER V6.22                                                      03/15/2017  19:49:58  PAGE 19


  C:0910H         LINE#         683
  C:0915H         LINE#         684
  C:0915H         LINE#         685
  C:0917H         LINE#         686
  C:091EH         LINE#         687
  C:0921H         LINE#         688
  C:0924H         LINE#         689
  C:0926H         LINE#         690
  C:0929H         LINE#         691
  C:0929H         LINE#         692
  C:0929H         LINE#         694
  C:0932H         LINE#         695
  C:0932H         LINE#         696
  C:0938H         LINE#         697
  C:0938H         LINE#         698
  C:0951H         LINE#         699
  C:0963H         LINE#         700
  C:096EH         LINE#         701
  C:096EH         LINE#         702
  C:096EH         LINE#         703
  C:0971H         LINE#         704
  C:0971H         LINE#         705
  C:0977H         LINE#         706
  C:0977H         LINE#         707
  C:0990H         LINE#         708
  C:09A2H         LINE#         709
  C:09ADH         LINE#         710
  C:09B0H         LINE#         711
  C:09B2H         LINE#         712
  C:09B5H         LINE#         713
  C:09B5H         LINE#         714
  C:09BBH         LINE#         715
  C:09BBH         LINE#         716
  C:09D4H         LINE#         717
  C:09E6H         LINE#         718
  C:09F1H         LINE#         719
  C:0A03H         LINE#         720
  C:0A05H         LINE#         721
  C:0A08H         LINE#         722
  C:0A08H         LINE#         724
  C:0A0EH         LINE#         725
  C:0A0EH         LINE#         726
  C:0A27H         LINE#         727
  C:0A39H         LINE#         728
  C:0A44H         LINE#         729
  C:0A4CH         LINE#         730
  C:0A4CH         LINE#         731
  C:0A4FH         LINE#         732
  C:0A4FH         LINE#         733
  C:0A55H         LINE#         734
  C:0A55H         LINE#         735
  C:0A6EH         LINE#         736
  C:0A80H         LINE#         737
  C:0A8BH         LINE#         738
  C:0A96H         LINE#         739
  C:0A98H         LINE#         740
  C:0A9BH         LINE#         741
BL51 BANKED LINKER/LOCATER V6.22                                                      03/15/2017  19:49:58  PAGE 20


  C:0A9BH         LINE#         742
  C:0AA1H         LINE#         743
  C:0AA1H         LINE#         744
  C:0ABAH         LINE#         745
  C:0ACCH         LINE#         746
  C:0AD7H         LINE#         747
  C:0AE9H         LINE#         748
  C:0AEBH         LINE#         749
  C:0AEEH         LINE#         750
  C:0AEEH         LINE#         751
  C:0AEEH         LINE#         752
  C:0AEEH         LINE#         753
  C:0AEEH         LINE#         755
  C:0AF1H         LINE#         756
  C:0AF1H         LINE#         757
  C:0AF8H         LINE#         758
  C:0AFBH         LINE#         759
  C:0AFBH         LINE#         760
  C:0AFEH         LINE#         761
  C:0B00H         LINE#         762
  C:0B03H         LINE#         763
  C:0B03H         LINE#         764
  C:0B05H         LINE#         765
  C:0B07H         LINE#         766
  C:0B07H         LINE#         767
  C:0B0AH         LINE#         768
  C:0B0AH         LINE#         769
  C:0B0CH         LINE#         770
  C:0B0EH         LINE#         771
  C:0B10H         LINE#         772
  C:0B12H         LINE#         773
  C:0B14H         LINE#         774
  C:0B16H         LINE#         775
  C:0B16H         LINE#         776
  C:0B16H         LINE#         777
  C:0B16H         LINE#         778
  C:0B19H         LINE#         779
  C:0B19H         LINE#         780
  C:0B1CH         LINE#         781
  C:0B1CH         LINE#         782
  C:0B23H         LINE#         783
  C:0B26H         LINE#         784
  C:0B26H         LINE#         785
  C:0B29H         LINE#         786
  C:0B2BH         LINE#         787
  C:0B30H         LINE#         788
  C:0B30H         LINE#         789
  C:0B32H         LINE#         790
  C:0B34H         LINE#         791
  C:0B36H         LINE#         792
  C:0B38H         LINE#         793
  C:0B38H         LINE#         794
  C:0B3DH         LINE#         795
  C:0B3DH         LINE#         796
  C:0B3FH         LINE#         797
  C:0B41H         LINE#         798
  C:0B43H         LINE#         799
BL51 BANKED LINKER/LOCATER V6.22                                                      03/15/2017  19:49:58  PAGE 21


  C:0B45H         LINE#         800
  C:0B45H         LINE#         801
  C:0B4AH         LINE#         802
  C:0B4AH         LINE#         803
  C:0B4CH         LINE#         804
  C:0B4EH         LINE#         805
  C:0B50H         LINE#         806
  C:0B52H         LINE#         807
  C:0B52H         LINE#         808
  C:0B57H         LINE#         809
  C:0B57H         LINE#         810
  C:0B59H         LINE#         811
  C:0B5BH         LINE#         812
  C:0B5DH         LINE#         813
  C:0B5FH         LINE#         814
  C:0B5FH         LINE#         815
  C:0B64H         LINE#         816
  C:0B64H         LINE#         817
  C:0B66H         LINE#         818
  C:0B68H         LINE#         819
  C:0B6AH         LINE#         820
  C:0B6CH         LINE#         821
  C:0B6FH         LINE#         822
  C:0B6FH         LINE#         823
  C:0B6FH         LINE#         824
  C:0B6FH         LINE#         825
  C:0B6FH         LINE#         826
  -------         ENDPROC       KEYSCAN
  -------         PROC          OPEN
  -------         DO            
  D:0008H         SYMBOL        Now
  D:000CH         SYMBOL        Set_L
  D:0010H         SYMBOL        Set_H
  -------         ENDDO         
  C:0F97H         LINE#         828
  C:0F97H         LINE#         829
  C:0F97H         LINE#         832
  C:0FE1H         LINE#         833
  C:102BH         LINE#         834
  C:1075H         LINE#         835
  C:107BH         LINE#         836
  C:107BH         LINE#         837
  C:10B7H         LINE#         838
  C:10B7H         LINE#         839
  C:10BDH         LINE#         840
  C:10BDH         LINE#         841
  C:10C3H         LINE#         842
  C:10C3H         LINE#         843
  C:10C5H         LINE#         844
  C:10C7H         LINE#         845
  C:10C9H         LINE#         846
  C:10CBH         LINE#         847
  C:10CBH         LINE#         848
  C:10F5H         LINE#         849
  C:10F5H         LINE#         850
  C:10F7H         LINE#         851
  C:10F9H         LINE#         852
BL51 BANKED LINKER/LOCATER V6.22                                                      03/15/2017  19:49:58  PAGE 22


  C:10FBH         LINE#         853
  C:10FDH         LINE#         854
  C:10FDH         LINE#         855
  C:1127H         LINE#         856
  C:1127H         LINE#         857
  C:1129H         LINE#         858
  C:112BH         LINE#         859
  C:112DH         LINE#         860
  C:112FH         LINE#         861
  C:112FH         LINE#         862
  C:1159H         LINE#         863
  C:1159H         LINE#         864
  C:115BH         LINE#         865
  C:115DH         LINE#         866
  C:115FH         LINE#         867
  C:1161H         LINE#         868
  C:1161H         LINE#         869
  C:116EH         LINE#         870
  C:116EH         LINE#         871
  C:1170H         LINE#         872
  C:1172H         LINE#         873
  C:1174H         LINE#         874
  C:1176H         LINE#         875
  C:1176H         LINE#         876
  C:1176H         LINE#         877
  C:1179H         LINE#         878
  C:1179H         LINE#         879
  C:117BH         LINE#         880
  C:117DH         LINE#         881
  C:117FH         LINE#         882
  C:1181H         LINE#         883
  C:1181H         LINE#         884
  C:1181H         LINE#         886
  C:11C2H         LINE#         887
  C:11C2H         LINE#         888
  C:11C4H         LINE#         889
  C:11C6H         LINE#         890
  C:11C8H         LINE#         891
  C:11CAH         LINE#         892
  C:11CAH         LINE#         893
  C:11CAH         LINE#         894
  -------         ENDPROC       OPEN
  -------         PROC          COUNT_VALUE
  C:1481H         LINE#         897
  C:1481H         LINE#         898
  C:1481H         LINE#         899
  C:1488H         LINE#         900
  C:148BH         LINE#         901
  C:148BH         LINE#         902
  C:1492H         LINE#         903
  C:1495H         LINE#         904
  C:1495H         LINE#         905
  C:1498H         LINE#         906
  C:149CH         LINE#         907
  C:149CH         LINE#         908
  C:149FH         LINE#         909
  C:14A1H         LINE#         910
BL51 BANKED LINKER/LOCATER V6.22                                                      03/15/2017  19:49:58  PAGE 23


  C:14A1H         LINE#         911
  C:14A6H         LINE#         912
  C:14A6H         LINE#         914
  C:14AEH         LINE#         915
  C:14B9H         LINE#         916
  C:14BFH         LINE#         917
  C:14C2H         LINE#         918
  C:14C4H         LINE#         919
  C:14C6H         LINE#         920
  C:14CAH         LINE#         921
  C:14CCH         LINE#         922
  C:14CCH         LINE#         923
  C:14CCH         LINE#         924
  C:14CCH         LINE#         925
  C:14CFH         LINE#         926
  C:14CFH         LINE#         927
  C:14D6H         LINE#         928
  C:14D9H         LINE#         929
  C:14D9H         LINE#         930
  C:14DCH         LINE#         931
  C:14E0H         LINE#         932
  C:14E0H         LINE#         933
  C:14E3H         LINE#         934
  C:14E5H         LINE#         935
  C:14E5H         LINE#         936
  C:14EAH         LINE#         937
  C:14EAH         LINE#         938
  C:14F2H         LINE#         939
  C:14FBH         LINE#         940
  C:1500H         LINE#         941
  C:1503H         LINE#         942
  C:1505H         LINE#         943
  C:1507H         LINE#         944
  C:150BH         LINE#         945
  C:150DH         LINE#         946
  C:150DH         LINE#         947
  C:150DH         LINE#         948
  C:150DH         LINE#         949
  -------         ENDPROC       COUNT_VALUE
  -------         PROC          L?0268
  -------         ENDPROC       L?0268
  -------         PROC          _DELAY
  D:0006H         SYMBOL        z
  -------         DO            
  D:0006H         SYMBOL        x
  D:0004H         SYMBOL        y
  -------         ENDDO         
  C:17D3H         LINE#         956
  C:17D3H         LINE#         957
  C:17D3H         LINE#         959
  C:17DCH         LINE#         960
  C:17F0H         LINE#         961
  -------         ENDPROC       _DELAY
  -------         PROC          _WRITE_BYTE
  D:000AH         SYMBOL        dat
  -------         DO            
  D:0003H         SYMBOL        i
BL51 BANKED LINKER/LOCATER V6.22                                                      03/15/2017  19:49:58  PAGE 24


  -------         ENDDO         
  C:177BH         LINE#         963
  C:177FH         LINE#         964
  C:177FH         LINE#         966
  C:1781H         LINE#         967
  C:1781H         LINE#         968
  C:1783H         LINE#         969
  C:1788H         LINE#         970
  C:178FH         LINE#         971
  C:1791H         LINE#         972
  C:179CH         LINE#         973
  C:17A0H         LINE#         974
  -------         ENDPROC       _WRITE_BYTE
  -------         PROC          READ_BYTE
  -------         DO            
  D:0001H         SYMBOL        i
  D:0002H         SYMBOL        value
  -------         ENDDO         
  C:17F1H         LINE#         977
  C:17F1H         LINE#         978
  C:17F1H         LINE#         981
  C:17F3H         LINE#         982
  C:17F3H         LINE#         983
  C:17F5H         LINE#         984
  C:17FCH         LINE#         985
  C:17FEH         LINE#         986
  C:1801H         LINE#         987
  C:1804H         LINE#         988
  C:180BH         LINE#         989
  C:180FH         LINE#         990
  C:1811H         LINE#         991
  -------         ENDPROC       READ_BYTE
  -------         PROC          DS18B20_INIT
  -------         DO            
  D:000AH         SYMBOL        n
  -------         ENDDO         
  C:1832H         LINE#         993
  C:1832H         LINE#         994
  C:1832H         LINE#         996
  C:1832H         LINE#         997
  C:1835H         LINE#         998
  C:1837H         LINE#         999
  C:183EH         LINE#         1000
  C:183EH         LINE#         1001
  C:1841H         LINE#         1002
  C:184AH         LINE#         1003
  -------         ENDPROC       DS18B20_INIT
  -------         PROC          READTEMPERATURE
  -------         DO            
  D:0008H         SYMBOL        a
  D:0082H         SYMBOL        b
  -------         ENDDO         
  C:133CH         LINE#         1006
  C:133CH         LINE#         1007
  C:133CH         LINE#         1009
  C:133FH         LINE#         1010
  C:1346H         LINE#         1011
BL51 BANKED LINKER/LOCATER V6.22                                                      03/15/2017  19:49:58  PAGE 25


  C:134DH         LINE#         1012
  C:1354H         LINE#         1013
  C:1357H         LINE#         1014
  C:135EH         LINE#         1015
  C:1365H         LINE#         1016
  C:136DH         LINE#         1017
  C:1375H         LINE#         1018
  C:137CH         LINE#         1019
  C:1384H         LINE#         1020
  C:138DH         LINE#         1021
  C:138DH         LINE#         1022
  C:13A6H         LINE#         1023
  C:13ABH         LINE#         1024
  C:13ADH         LINE#         1025
  C:13AFH         LINE#         1027
  C:13AFH         LINE#         1028
  C:13C0H         LINE#         1029
  C:13D7H         LINE#         1030
  C:13DCH         LINE#         1031
  C:13E1H         LINE#         1032
  C:13E1H         LINE#         1033
  C:13E5H         LINE#         1034
  -------         ENDPROC       READTEMPERATURE
  -------         PROC          _TEMPERATURE_DISPALY
  D:0007H         SYMBOL        add
  D:0005H         SYMBOL        dat
  -------         DO            
  D:0001H         SYMBOL        shi
  D:0002H         SYMBOL        ge
  -------         ENDDO         
  C:1812H         LINE#         1035
  C:1812H         LINE#         1036
  C:1812H         LINE#         1038
  C:181AH         LINE#         1039
  C:1825H         LINE#         1040
  C:1828H         LINE#         1041
  C:182BH         LINE#         1042
  -------         ENDPROC       _TEMPERATURE_DISPALY
  -------         PROC          T0_INIT
  C:18D6H         LINE#         1045
  C:18D6H         LINE#         1046
  C:18D6H         LINE#         1047
  C:18D9H         LINE#         1048
  C:18DCH         LINE#         1049
  C:18DFH         LINE#         1050
  C:18E1H         LINE#         1051
  C:18E3H         LINE#         1053
  -------         ENDPROC       T0_INIT
  -------         PROC          MAIN
  C:16B7H         LINE#         1054
  C:16B7H         LINE#         1055
  C:16B7H         LINE#         1056
  C:16B9H         LINE#         1057
  C:16C0H         LINE#         1058
  C:16C3H         LINE#         1059
  C:16C6H         LINE#         1060
  C:16CDH         LINE#         1061
BL51 BANKED LINKER/LOCATER V6.22                                                      03/15/2017  19:49:58  PAGE 26


  C:16CDH         LINE#         1062
  C:16CDH         LINE#         1063
  C:16D0H         LINE#         1064
  C:16D0H         LINE#         1065
  C:16D7H         LINE#         1066
  C:16DEH         LINE#         1067
  C:16E1H         LINE#         1068
  C:16E4H         LINE#         1069
  C:16E7H         LINE#         1070
  C:16E7H         LINE#         1071
  C:16EAH         LINE#         1072
  -------         ENDPROC       MAIN
  -------         PROC          TIMER0
  C:167EH         LINE#         1074
  C:1682H         LINE#         1076
  C:1685H         LINE#         1077
  C:1688H         LINE#         1078
  C:1690H         LINE#         1079
  C:1699H         LINE#         1080
  C:1699H         LINE#         1081
  C:169FH         LINE#         1082
  C:16A1H         LINE#         1083
  C:16A7H         LINE#         1084
  C:16A7H         LINE#         1085
  C:16AAH         LINE#         1086
  C:16ADH         LINE#         1087
  C:16B0H         LINE#         1088
  C:16B2H         LINE#         1089
  C:16B2H         LINE#         1090
  C:16B2H         LINE#         1092
  -------         ENDPROC       TIMER0
  -------         ENDMOD        DS1302

  -------         MODULE        ?C?FPADD
  C:0B77H         PUBLIC        ?C?FPADD
  C:0B73H         PUBLIC        ?C?FPSUB
  -------         ENDMOD        ?C?FPADD

  -------         MODULE        ?C?FPMUL
  C:0C68H         PUBLIC        ?C?FPMUL
  -------         ENDMOD        ?C?FPMUL

  -------         MODULE        ?C?FPDIV
  C:0D71H         PUBLIC        ?C?FPDIV
  -------         ENDMOD        ?C?FPDIV

  -------         MODULE        ?C?FPCMP
  C:0E10H         PUBLIC        ?C?FPCMP
  C:0E0EH         PUBLIC        ?C?FPCMP3
  -------         ENDMOD        ?C?FPCMP

  -------         MODULE        ?C?FCAST
  C:0E85H         PUBLIC        ?C?FCASTC
  C:0E80H         PUBLIC        ?C?FCASTI
  C:0E7BH         PUBLIC        ?C?FCASTL
  -------         ENDMOD        ?C?FCAST

BL51 BANKED LINKER/LOCATER V6.22                                                      03/15/2017  19:49:58  PAGE 27


  -------         MODULE        ?C?CASTF
  C:0EB9H         PUBLIC        ?C?CASTF
  -------         ENDMOD        ?C?CASTF

  -------         MODULE        ?C?SCDIV
  C:0F3AH         PUBLIC        ?C?SCDIV
  -------         ENDMOD        ?C?SCDIV

  -------         MODULE        ?C?CLDOPTR
  C:0F5CH         PUBLIC        ?C?CLDOPTR
  -------         ENDMOD        ?C?CLDOPTR

  -------         MODULE        ?C?LNEG
  C:0F89H         PUBLIC        ?C?LNEG
  -------         ENDMOD        ?C?LNEG

Program Size: data=89.2 xdata=0 code=6371
LINK/LOCATE RUN COMPLETE.  0 WARNING(S),  0 ERROR(S)
