C51 COMPILER V9.01   计算器                                                                06/07/2020 13:42:15 PAGE 1   


C51 COMPILER V9.01, COMPILATION OF MODULE 计算器
OBJECT MODULE PLACED IN 计算器.OBJ
COMPILER INVOKED BY: C:\Keil\C51\BIN\C51.EXE 计算器.c BROWSE DEBUG OBJECTEXTEND

line level    source

   1                     #include<reg52.h>
   2          #define uint unsigned int
   3          #define uchar unsigned char
   4          sbit rs = P2 ^ 4;
   5          sbit rw = P2 ^ 5;
   6          sbit en = P2 ^ 6;
   7          sbit L = P2 ^ 0;                                  //按键扫描标志灯
   8          sbit L2 = P2 ^ 1;                                 //消抖展示灯
   9          uchar m[] = { "ABCDEF0123456789+-*/HDOB*. " };
  10          uchar b, d, q, h, v, jg;
  11          void shuju(uchar dat);
  12          void weizhi(uchar X, uchar Y);
  13          uchar zifu[32];                           //存储字符，存储器
  14          uchar xiezhu[8];                          //协助存储字符，中继器
  15          uchar O, flag, shu, jishu, qw;   // O 按键按下标志  
  16                                                                    // flag 光标发生移动标志 
  17                                                                    // shu  记录字符数数
  18                                                                    // jishu 记录光标移动次数  
  19                                                                    // qw 中间变量;               
  20          //++++++++++++++++++++++++++++++++++++++++++++                          
  21          void delayms(uint xms)            //延时
  22          {
  23   1              uint i, j;
  24   1              for (i = xms; i > 0; i--)
  25   1                      for (j = 110; j > 0; j--);
  26   1      }
  27          void panduan()
  28          {
  29   1              if (zifu[b] == '+') {
  30   2                      jg = q + h;
  31   2              }
  32   1              if (zifu[b] == '-') {
  33   2                      jg = q - h;
  34   2              }
  35   1              if (zifu[b] == '*') {
  36   2                      jg = q * h;
  37   2              }
  38   1              if (zifu[b] == '/') {
  39   2                      jg = q / h;
  40   2              }
  41   1      }
  42          //++++++++++++++++++++++++++++++++++++++++++++
  43          
  44          //++++++++++++++++++++++++++++++++++++++++++++ 
  45          void zhiling(uchar com)       //指令控制
  46          {
  47   1              rs = 0; rw = 0; en = 0; P0 = com;
  48   1              delayms(5);
  49   1              en = 1;
  50   1              delayms(5);
  51   1              en = 0;
  52   1      }
  53          //++++++++++++++++++++++++++++++++++++++++++++ 
  54          void shuju(uchar dat)         //输出
  55          {
C51 COMPILER V9.01   计算器                                                                06/07/2020 13:42:15 PAGE 2   

  56   1              rs = 1; rw = 0; en = 0; P0 = dat;
  57   1              delayms(5);
  58   1              en = 1;
  59   1              delayms(5);
  60   1              en = 0;
  61   1      }
  62          void xsjg()     //显示结果函数
  63          {
  64   1              
  65   1                      while(jg!=0)
  66   1                      { shuju(jg%10);           //显值
  67   2                       zhiling(0x10); }  //左移
  68   1                
  69   1                      
  70   1                
  71   1      
  72   1      
  73   1      }
  74          //++++++++++++++++++++++++++++++++++++++++++++ 
  75          void weizhi(uchar X, uchar Y)  //选起始位置
  76          {
  77   1              uchar wz;
  78   1              if (X == 0)
  79   1              {
  80   2                      X = 0x80;
  81   2              }
  82   1              else if (X == 1)
  83   1              {
  84   2                      X = 0x80 + 0x40;
  85   2              }
  86   1              wz = X + Y;
  87   1              zhiling(wz);     //把位置送给指令
  88   1      }
  89          
  90          
  91          //++++++++++++++++++++++++++++++++++++++++++++ 
  92          void init()                                   //初始化
  93          {
  94   1              zhiling(0x38);
  95   1              delayms(5);
  96   1              zhiling(0x0f);
  97   1              delayms(5);
  98   1              zhiling(0x01);
  99   1              delayms(5);
 100   1      }
 101          //++++++++++++++++++++++++++++++++++++++++++++ 
 102                                                                  //分别识别出前面的结果，和后面的结果
 103          void swich()
 104          {       
 105   1              if (b == 2) {
 106   2                      q = zifu[0];
 107   2              }
 108   1              if (b == 3) {
 109   2                      q = 10 * zifu[0] +  zifu[1];
 110   2              }
 111   1              if (b == 4) {
 112   2                      q = 100*zifu[0] + 10 * zifu[1] +  zifu[2];
 113   2              }
 114   1              if (b == 5) {
 115   2                      q = 1000* zifu[0] + 100 * zifu[1] + 10 * zifu[2] +  zifu[3];
 116   2              }
 117   1              v = d - b;
C51 COMPILER V9.01   计算器                                                                06/07/2020 13:42:15 PAGE 3   

 118   1              if (v == 1) {
 119   2                      h =zifu[b+1];
 120   2              }
 121   1              if (v == 2) {
 122   2                      h = 10 * zifu[b+1] +  zifu[b + 2];
 123   2              }
 124   1              if (v == 3) {
 125   2                      h = 100 * zifu[b+1] + 10 * zifu[b + 2] +  zifu[b + 3];
 126   2              }
 127   1              if (v == 4) {
 128   2                      h = 1000 * zifu[b +1] + 100 * zifu[b +2] + 10 * zifu[b +3] + zifu[b +4];
 129   2              }
 130   1      }
 131          //++++++++++++++++++++++++++++++++++++++++++++++++++++++++++++++ 
 132          void display(uchar num)           //对按键进行处理
 133          {
 134   1      
 135   1              if (O == 1)
 136   1              {
 137   2                      //--------------------------------------------------------------------- 
 138   2                      if (num < 16)                       //26个字母
 139   2                      {
 140   3                              shuju(m[num]);            //写字
 141   3                              zifu[shu] = m[num];       //存字
 142   3                              shu++; O = 0;                     //字符数+1
 143   3                      }
 144   2                      //---------------------------------------------------------------------
 145   2                      else if (num < 20)                          //26个字母
 146   2                      {
 147   3                              shuju(m[num]);            //写字
 148   3                              zifu[shu] = m[num];       //存字
 149   3                              shu++; O = 0; b = shu;
 150   3                              //字符数+1   
 151   3                      }
 152   2                      else if (num == 26)               //空格
 153   2                      {
 154   3                              if (flag == 0)
 155   3                              {
 156   4                                      shuju(m[26]);
 157   4                                      zifu[shu] = m[num];
 158   4                                      shu++; O = 0;
 159   4                              }
 160   3                              else                                     //flag不等于0
 161   3                              {
 162   4                                      shuju(m[26]);
 163   4                                      for (qw = shu - jishu; qw < shu; qw++)
 164   4                                      {
 165   5                                              shuju(zifu[qw]);
 166   5                                              xiezhu[qw] = zifu[qw];                  //将显示内容存入中继器
 167   5                                      }
 168   4                                      for (qw = shu - jishu; qw < shu; qw++)      //-处理存储器
 169   4                                      {                                                                       //-
 170   5                                              zifu[qw + 1] = xiezhu[qw];                      //-
 171   5                                      }                                                                       //-
 172   4                                      zifu[shu - jishu] = m[26];                  //-
 173   4                                      shu++; flag = 0; jishu = 0; O = 0;
 174   4      
 175   4                              }
 176   3                      }
 177   2                      //---------------------------------------------------------------------                  
 178   2                      else if (num == 27)                      //回车
 179   2                      {
C51 COMPILER V9.01   计算器                                                                06/07/2020 13:42:15 PAGE 4   

 180   3                              d = shu;
 181   3                              swich();
 182   3                              panduan();
 183   3                                weizhi(1,10);
 184   3                              xsjg();
 185   3                              O = 0;
 186   3      
 187   3                      }
 188   2                      //--------------------------------------------------------------------- 
 189   2                      else if (num == 28)                          //删除
 190   2                      {
 191   3                              if (flag == 0)
 192   3                              {
 193   4                                      zhiling(0x10);
 194   4                                      shuju(m[26]);
 195   4                                      zhiling(0x10);
 196   4                                      O = 0; shu--;
 197   4                              }
 198   3                              else                                         //flag不等于0
 199   3                              {
 200   4                                      for (qw = shu - jishu + 1; qw < shu; qw++)
 201   4                                      {
 202   5                                              shuju(zifu[qw]);                         //处理显示器
 203   5                                              zifu[qw - 1] = zifu[qw];                 //处理存储器
 204   5                                      }
 205   4                                      shuju(m[26]);
 206   4                                      zhiling(0x10);
 207   4                                      O = 0; shu--; flag = 0; jishu = 0;
 208   4                              }
 209   3                      }
 210   2                      //--------------------------------------------------------------------- 
 211   2                      else if (num == 29)                             //清空
 212   2                      {
 213   3                              zhiling(0x01);
 214   3                              O = 0;
 215   3                      }
 216   2                      //---------------------------------------------------------------------         
 217   2                      else if (num == 30)                             //左移
 218   2                      {
 219   3                              zhiling(0x10);
 220   3                              O = 0;
 221   3                              flag = 1;
 222   3                              jishu++;
 223   3                      }
 224   2                      //--------------------------------------------------------------------- 
 225   2                      else                                                    //右移
 226   2                      {
 227   3                              zhiling(0x14);
 228   3                              O = 0;
 229   3                      }
 230   2                      //--------------------------------------------------------------------- 
 231   2              }
 232   1      }
 233          //+++++++++++++++++++++++++++++++++++++++++++++++++++++++++++++++++++++++++++++++
 234          void juzhenanjian()                       //扫描按键状态
 235          {
 236   1              uchar temp, key;
 237   1              //========================================================================= 
 238   1              //                            | P1 |
 239   1              //========================================================================= 
 240   1              P1 = 0xfe;                                                   //第一行  fe    1111 1110
 241   1              temp = P1;                                                       //读取按键状态
C51 COMPILER V9.01   计算器                                                                06/07/2020 13:42:15 PAGE 5   

 242   1              switch (temp)
 243   1              {
 244   2              case 0xee: key = 0; O = 1; break;                // 1110 1110     A
 245   2              case 0xde: key = 1; O = 1; break;                // 1101 1110     B
 246   2              case 0xbe: key = 2; O = 1; break;                // 1011 1110     C
 247   2              case 0x7e: key = 3; O = 1; break;                // 0111 1110     D
 248   2              }
 249   1              while (temp != 0xf0)                                 //等待按键恢复
 250   1              {
 251   2                      temp = P1;
 252   2                      temp = temp & 0xf0;
 253   2              }
 254   1              display(key);
 255   1              //------------------------------------------------------------------- 
 256   1              P1 = 0xfd;                                                   //第二行   fd    1111 1101
 257   1              temp = P1;                                                       //读取按键状态
 258   1              switch (temp)
 259   1              {
 260   2              case 0xed: key = 4; O = 1; break;                // 1110 1101     E
 261   2              case 0xdd: key = 5; O = 1; break;                // 1101 1101     F
 262   2              case 0xbd: key = 6; O = 1; break;                // 1011 1101     G
 263   2              case 0x7d: key = 7; O = 1; break;                // 0111 1101     H
 264   2              }
 265   1              while (temp != 0xf0)                                 //等待按键恢复
 266   1              {
 267   2                      temp = P1;
 268   2                      temp = temp & 0xf0;
 269   2              }
 270   1              display(key);
 271   1              //-------------------------------------------------------------------
 272   1              P1 = 0xfb;                                              //第三行   fb   11111 1011
 273   1              temp = P1;                                                      //读取按键状态
 274   1              switch (temp)
 275   1              {
 276   2              case 0xeb: key = 8; O = 1; break;               // 1110 1011       I
 277   2              case 0xdb: key = 9; O = 1; break;               // 1101 1011       J
 278   2              case 0xbb: key = 10; O = 1; break;      // 1011 1011       K
 279   2              case 0x7b: key = 11; O = 1; break;      // 0111 1011       L
 280   2              }
 281   1              while (temp != 0xf0)                                //等待按键恢复
 282   1              {
 283   2                      temp = P1;
 284   2                      temp = temp & 0xf0;
 285   2              }
 286   1              display(key);
 287   1              //---------------------------------------------------------------------  
 288   1              P1 = 0xf7;                                                      //第四行        f7   1111 0111
 289   1              temp = P1;                                                      //读取按键状态
 290   1              switch (temp)
 291   1              {
 292   2              case 0xe7: key = 12; O = 1; break;      // 1110 0111            M
 293   2              case 0xd7: key = 13; O = 1; break;      // 1101 0111            N
 294   2              case 0xb7: key = 14; O = 1; break;      // 1011 0111            O
 295   2              case 0x77: key = 15; O = 1; break;      // 0111 0111            P
 296   2              }
 297   1              while (temp != 0xf0)                            //等待按键恢复
 298   1              {
 299   2                      temp = P1;
 300   2                      temp = temp & 0xf0;
 301   2              }
 302   1              display(key);
 303   1              //========================================================================= 
C51 COMPILER V9.01   计算器                                                                06/07/2020 13:42:15 PAGE 6   

 304   1              //                            | P3 |
 305   1              //=========================================================================
 306   1              P3 = 0xfe;                                                   //第一行  fe    1111 1110
 307   1              temp = P3;                                                       //读取按键状态
 308   1              switch (temp)
 309   1              {
 310   2              case 0xee: key = 16; O = 1; break;       // 1110 1110   Q
 311   2              case 0xde: key = 17; O = 1; break;       // 1101 1110   R
 312   2              case 0xbe: key = 18; O = 1; break;       // 1011 1110   S
 313   2              case 0x7e: key = 19; O = 1; break;       // 0111 1110   T
 314   2              }
 315   1              while (temp != 0xf0)                                 //等待按键恢复
 316   1              {
 317   2                      temp = P3;
 318   2                      temp = temp & 0xf0;
 319   2              }
 320   1              display(key);
 321   1              //---------------------------------------------------------------------   
 322   1              P3 = 0xfd;                                                   //第二行   fd    1111 1101
 323   1              temp = P3;                                                       //读取按键状态
 324   1              switch (temp)
 325   1              {
 326   2              case 0xed: key = 20; O = 1; break;       // 1110 1101    U
 327   2              case 0xdd: key = 21; O = 1; break;       // 1101 1101    V
 328   2              case 0xbd: key = 22; O = 1; break;       // 1011 1101    W
 329   2              case 0x7d: key = 23; O = 1; break;       // 0111 1101    X
 330   2              }
 331   1              while (temp != 0xf0)                                 //等待按键恢复
 332   1              {
 333   2                      temp = P3;
 334   2                      temp = temp & 0xf0;
 335   2              }
 336   1              display(key);
 337   1              //--------------------------------------------------------------------- 
 338   1              P3 = 0xfb;                                                  //第三行   fb   11111 1011
 339   1              temp = P3;                                                      //读取按键状态
 340   1              switch (temp)
 341   1              {
 342   2              case 0xeb: key = 24; O = 1; break;      // 1110 1011     Y
 343   2              case 0xdb: key = 25; O = 1; break;      // 1101 1011     Z
 344   2              case 0xbb: key = 26; O = 1; break;      // 1011 1011     空格
 345   2              case 0x7b: key = 27; O = 1; break;      // 0111 1011     回车
 346   2              }
 347   1              while (temp != 0xf0)                                //等待按键恢复
 348   1              {
 349   2                      temp = P3;
 350   2                      temp = temp & 0xf0;
 351   2              }
 352   1              display(key);
 353   1              //--------------------------------------------------------------------- 
 354   1              P3 = 0xf7;                                                      //第四行        f7   1111 0111
 355   1              temp = P3;                                                      //读取按键状态
 356   1              switch (temp)
 357   1              {
 358   2              case 0xe7: key = 28; O = 1; break;      // 1110 0111            删除
 359   2              case 0xd7: key = 29; O = 1; break;      // 1101 0111            清屏
 360   2              case 0xb7: key = 30; O = 1; break;      // 1011 0111            左移
 361   2              case 0x77: key = 31; O = 1; break;      // 0111 0111            右移
 362   2              }
 363   1              while (temp != 0xf0)                            //等待按键恢复
 364   1              {
 365   2                      temp = P3;
C51 COMPILER V9.01   计算器                                                                06/07/2020 13:42:15 PAGE 7   

 366   2                      temp = temp & 0xf0;
 367   2              }
 368   1              display(key);
 369   1              //--------------------------------------------------------------------- 
 370   1      }
 371          //++++++++++++++++++++++++++++++++++++++++++++                          
 372          void main()
 373          {
 374   1              init();                                   //初始化
 375   1              weizhi(0, 0);                     //位置
 376   1              while (1)
 377   1              {
 378   2                      juzhenanjian();
 379   2              }
 380   1      }


MODULE INFORMATION:   STATIC OVERLAYABLE
   CODE SIZE        =   1246    ----
   CONSTANT SIZE    =   ----    ----
   XDATA SIZE       =   ----    ----
   PDATA SIZE       =   ----    ----
   DATA SIZE        =     79       2
   IDATA SIZE       =   ----    ----
   BIT SIZE         =   ----    ----
END OF MODULE INFORMATION.


C51 COMPILATION COMPLETE.  0 WARNING(S),  0 ERROR(S)
