C51 COMPILER V8.02   计算芲                                                                01/06/2012 00:45:55 PAGE 1   


C51 COMPILER V8.02, COMPILATION OF MODULE 计算芲
OBJECT MODULE PLACED IN 计算器.OBJ
COMPILER INVOKED BY: F:\Program Files\keil\C51\BIN\C51.EXE 计算器.c BROWSE DEBUG OBJECTEXTEND

line level    source

   1          /*    最终成果版
   2          5*8键盘输入，lcd1602显示
   3          功能：运算均为单精度浮点数
   4                          共 19 钟运算功能 
   5                          加，减，乘，除，平方，开方，N次方，
   6                          开N次方，正弦函数，余弦函数，正切函数，
   7                          反正弦，反余弦，反正切，对数运算，
   8                          阶乘（N<=34），排列，组合，累加！
   9          功能键有，复位键，回删键，确定键，第二功能键，背光灯按键。
  10                                                                                  ——上天如一 
  11                                                                                  zhongpanpan@163.com
  12                                                                                  2011年12月31日
  13          */
  14          
  15          #include"intrins.h"
  16          #include"AT89X52.h"
  17          #include"stdio.h"
  18          #include"stdlib.h"
  19          #include"math.h"
  20          #include"yanshi.h"
  21          #include"lcd1602.h"
  22          #include"JP.h"
  23          
  24          #define uchar unsigned char
  25          #define uint unsigned int
  26          
  27          uchar code  welcome[]={"     welcome    "};     //显示缓存
  28          uchar code welcome2[]={"   calculator   "};
  29          
  30          void init()//显示和系统初始化函数
  31          {
  32   1              uchar i;
  33   1              EA=1;                           //开总中断
  34   1              ET1=1;                          //T1开
  35   1              TMOD=0X10;                      //设置T1工作方式1
  36   1              TH1=0X3C;TL1=0XB0;      //设置计数初置（晶振为12M，计50000个脉冲，50ms）
  37   1      
  38   1              P2_3=1;                         //背光灯控制引脚，默认开背光
  39   1              P3_6=0;                         //第二功能键指示灯
  40   1              lcd_init();                     //液晶显示初始化函数
  41   1              write_1602com(0x01);  //显示“welcom calaulator ”
  42   1              write_1602com(yh);
  43   1              for(i=0;i<16;i++)
  44   1              {
  45   2                      write_1602dat(welcome[i]);
  46   2                      delay(100);
  47   2              }
  48   1              write_1602com(er);
  49   1              for(i=0;i<16;i++)
  50   1              {
  51   2                      write_1602dat(welcome2[i]);
  52   2                      delay(100);
  53   2              }
  54   1              write_1602com(0x01);    //清屏
  55   1              write_1602com(0x80);    //显示指针初始化
C51 COMPILER V8.02   计算芲                                                                01/06/2012 00:45:55 PAGE 2   

  56   1              TR1=1;                                  //T0开始工作
  57   1      }
  58          
  59          void main()
  60          {
  61   1              init();                 //调用初始化函数
  62   1              while(1)                //等待中断
  63   1              {
  64   2                PCON=0X01;    //设置为待机模式
  65   2              }
  66   1              
  67   1      }
  68          
  69          t1() interrupt 3
  70          {
  71   1              TH1=0X3C;TL1=0XB0;      //计数初值重新载入
  72   1              keypad();                       //键盘检测
  73   1      }


MODULE INFORMATION:   STATIC OVERLAYABLE
   CODE SIZE        =   2366    ----
   CONSTANT SIZE    =     77    ----
   XDATA SIZE       =   ----    ----
   PDATA SIZE       =   ----    ----
   DATA SIZE        =     60      32
   IDATA SIZE       =   ----    ----
   BIT SIZE         =      1    ----
END OF MODULE INFORMATION.


C51 COMPILATION COMPLETE.  0 WARNING(S),  0 ERROR(S)
