BL51 BANKED LINKER/LOCATER V4.13                                                        01/13/2015  23:02:50  PAGE 1


BL51 BANKED LINKER/LOCATER V4.13, INVOKED BY:
C:\KEIL\C51\BIN\BL51.EXE .\output\qiangda.obj TO .\output\qiangdaqi PRINT (.\qiangdaqi.m51)


MEMORY MODEL: SMALL


INPUT MODULES INCLUDED:
  .\output\qiangda.obj (QIANGDA)
  C:\KEIL\C51\LIB\C51S.LIB (?C_STARTUP)
  C:\KEIL\C51\LIB\C51S.LIB (?C_INIT)


LINK MAP OF MODULE:  .\output\qiangdaqi (QIANGDA)


            TYPE    BASE      LENGTH    RELOCATION   SEGMENT NAME
            -----------------------------------------------------

            * * * * * * *   D A T A   M E M O R Y   * * * * * * *
            REG     0000H     0008H     ABSOLUTE     "REG BANK 0"
            DATA    0008H     000EH     UNIT         ?DT?QIANGDA
            DATA    0016H     0001H     UNIT         _DATA_GROUP_
            IDATA   0017H     0001H     UNIT         ?STACK

            * * * * * * *   C O D E   M E M O R Y   * * * * * * *
            CODE    0000H     0003H     ABSOLUTE     
            CODE    0003H     0005H     UNIT         ?PR?END_TIMER0?QIANGDA
                    0008H     0003H                  *** GAP ***
            CODE    000BH     0003H     ABSOLUTE     
            CODE    000EH     0096H     UNIT         ?PR?WAIT_QD_STATUS?QIANGDA
            CODE    00A4H     008CH     UNIT         ?C_C51STARTUP
            CODE    0130H     003DH     UNIT         ?PR?_DISPLAY?QIANGDA
            CODE    016DH     0030H     UNIT         ?PR?ACK_QD_STATUS?QIANGDA
            CODE    019DH     0025H     UNIT         ?PR?MAIN?QIANGDA
            CODE    01C2H     001BH     UNIT         ?PR?TIMER0INTERRUPT?QIANGDA
            CODE    01DDH     0019H     UNIT         ?C_INITSEG
            CODE    01F6H     0016H     UNIT         ?PR?INITTIMER0?QIANGDA
            CODE    020CH     0015H     UNIT         ?PR?_DELAY50MS?QIANGDA
            CODE    0221H     0012H     UNIT         ?PR?START_QD_STATUS?QIANGDA
            CODE    0233H     000AH     UNIT         ?PR?DELAY2MS?QIANGDA
            CODE    023DH     0009H     UNIT         ?PR?INIT?QIANGDA



OVERLAY MAP OF MODULE:   .\output\qiangdaqi (QIANGDA)


SEGMENT                               DATA_GROUP 
  +--> CALLED SEGMENT               START    LENGTH
---------------------------------------------------
?C_C51STARTUP                       -----    -----
  +--> ?PR?MAIN?QIANGDA
  +--> ?C_INITSEG

?PR?MAIN?QIANGDA                    -----    -----
  +--> ?PR?INIT?QIANGDA
  +--> ?PR?START_QD_STATUS?QIANGDA
BL51 BANKED LINKER/LOCATER V4.13                                                      01/13/2015  23:02:50  PAGE 2


  +--> ?PR?WAIT_QD_STATUS?QIANGDA
  +--> ?PR?ACK_QD_STATUS?QIANGDA
  +--> ?PR?_DISPLAY?QIANGDA

?PR?START_QD_STATUS?QIANGDA         -----    -----
  +--> ?PR?INITTIMER0?QIANGDA

?PR?WAIT_QD_STATUS?QIANGDA          0016H    0001H
  +--> ?PR?END_TIMER0?QIANGDA
  +--> ?PR?_DELAY50MS?QIANGDA
  +--> ?PR?INITTIMER0?QIANGDA

?PR?ACK_QD_STATUS?QIANGDA           -----    -----
  +--> ?PR?END_TIMER0?QIANGDA
  +--> ?PR?_DELAY50MS?QIANGDA

?PR?_DISPLAY?QIANGDA                -----    -----
  +--> ?PR?DELAY2MS?QIANGDA



SYMBOL TABLE OF MODULE:  .\output\qiangdaqi (QIANGDA)

  VALUE           TYPE          NAME
  ----------------------------------

  -------         MODULE        QIANGDA
  C:0000H         SYMBOL        _ICE_DUMMY_
  D:0080H         PUBLIC        P0
  D:0090H         PUBLIC        P1
  D:00A0H         PUBLIC        P2
  D:00B0H         PUBLIC        P3
  B:00B0H.4       PUBLIC        T0
  B:00D0H.6       PUBLIC        AC
  B:00B0H.5       PUBLIC        T1
  D:0008H         PUBLIC        weixuan
  B:00A8H.7       PUBLIC        EA
  D:0012H         PUBLIC        qd_num
  C:01C2H         PUBLIC        Timer0Interrupt
  B:00B0H.7       PUBLIC        start_qd_pin
  B:00B0H.7       PUBLIC        RD
  B:00B0H.5       PUBLIC        end_qd_pin
  B:00A8H.4       PUBLIC        ES
  B:0098H.0       PUBLIC        RI
  B:00B0H.2       PUBLIC        INT0
  B:00D0H.7       PUBLIC        CY
  B:0098H.1       PUBLIC        TI
  B:00B0H.3       PUBLIC        INT1
  B:00B0H.3       PUBLIC        beep
  B:00B8H.4       PUBLIC        PS
  B:00D0H.2       PUBLIC        OV
  C:0233H         PUBLIC        delay2ms
  C:019DH         PUBLIC        main
  B:00B0H.6       PUBLIC        WR
  D:0089H         PUBLIC        TMOD
  C:023DH         PUBLIC        init
  C:020CH         PUBLIC        _delay50ms
BL51 BANKED LINKER/LOCATER V4.13                                                      01/13/2015  23:02:50  PAGE 3


  B:0080H.0       PUBLIC        DG1
  B:0080H.1       PUBLIC        DG2
  D:0013H         PUBLIC        timeout_num
  B:0080H.3       PUBLIC        DG3
  B:0088H.1       PUBLIC        IE0
  B:0088H.3       PUBLIC        IE1
  B:00A8H.1       PUBLIC        ET0
  B:00A8H.3       PUBLIC        ET1
  B:0088H.5       PUBLIC        TF0
  C:01FCH         PUBLIC        InitTimer0
  B:0088H.7       PUBLIC        TF1
  B:0098H.2       PUBLIC        RB8
  D:008CH         PUBLIC        TH0
  C:0003H         PUBLIC        end_Timer0
  B:00A8H.0       PUBLIC        EX0
  B:0088H.0       PUBLIC        IT0
  D:0014H         PUBLIC        work_status
  B:0098H.3       PUBLIC        TB8
  B:00A8H.2       PUBLIC        EX1
  B:0088H.2       PUBLIC        IT1
  B:00D0H.0       PUBLIC        P
  B:0098H.7       PUBLIC        SM0
  D:008AH         PUBLIC        TL0
  B:0098H.6       PUBLIC        SM1
  B:0098H.5       PUBLIC        SM2
  B:00B8H.1       PUBLIC        PT0
  B:00B8H.3       PUBLIC        PT1
  B:00D0H.3       PUBLIC        RS0
  B:0088H.4       PUBLIC        TR0
  B:00D0H.4       PUBLIC        RS1
  B:0088H.6       PUBLIC        TR1
  B:00B8H.0       PUBLIC        PX0
  B:00B8H.2       PUBLIC        PX1
  C:0130H         PUBLIC        _display
  B:0098H.4       PUBLIC        REN
  D:0015H         PUBLIC        qd_time
  B:00B0H.0       PUBLIC        RXD
  C:016DH         PUBLIC        ack_qd_status
  C:0221H         PUBLIC        start_qd_status
  B:00B0H.1       PUBLIC        TXD
  B:00D0H.5       PUBLIC        F0
  C:000EH         PUBLIC        wait_qd_status
  -------         PROC          DELAY2MS
  -------         DO            DELAY2MS
  D:0006H         SYMBOL        a
  D:0007H         SYMBOL        b
  -------         ENDDO         b
  C:0233H         LINE#         31
  C:0233H         LINE#         32
  C:0233H         LINE#         34
  C:0235H         LINE#         35
  C:023BH         LINE#         36
  C:023CH         LINE#         37
  -------         ENDPROC       DELAY2MS
  -------         PROC          _DELAY50MS
  D:0006H         SYMBOL        num
  -------         DO            num
BL51 BANKED LINKER/LOCATER V4.13                                                      01/13/2015  23:02:50  PAGE 4


  D:0003H         SYMBOL        a
  D:0004H         SYMBOL        b
  D:0005H         SYMBOL        i
  -------         ENDDO         i
  C:020CH         LINE#         39
  C:020CH         LINE#         40
  C:020CH         LINE#         42
  C:020EH         LINE#         44
  C:0215H         LINE#         45
  C:0215H         LINE#         46
  C:0217H         LINE#         47
  C:021DH         LINE#         48
  C:0220H         LINE#         49
  -------         ENDPROC       _DELAY50MS
  C:01F6H         SYMBOL        L?0054
  -------         PROC          L?0053
  -------         ENDPROC       L?0053
  C:01F6H         SYMBOL        L?0054
  -------         PROC          INITTIMER0
  C:01FCH         LINE#         52
  C:01FCH         LINE#         53
  C:01FCH         LINE#         54
  C:01FFH         LINE#         55
  C:0202H         LINE#         56
  C:0205H         LINE#         57
  C:0207H         LINE#         58
  C:0209H         LINE#         59
  C:020BH         LINE#         60
  -------         ENDPROC       INITTIMER0
  -------         PROC          END_TIMER0
  C:0003H         LINE#         62
  C:0003H         LINE#         63
  C:0003H         LINE#         64
  C:0005H         LINE#         65
  C:0007H         LINE#         66
  -------         ENDPROC       END_TIMER0
  -------         PROC          INIT
  C:023DH         LINE#         68
  C:023DH         LINE#         69
  C:023DH         LINE#         70
  C:023FH         LINE#         71
  C:0241H         LINE#         72
  C:0243H         LINE#         74
  C:0245H         LINE#         75
  -------         ENDPROC       INIT
  -------         PROC          START_QD_STATUS
  C:0221H         LINE#         80
  C:0221H         LINE#         81
  C:0221H         LINE#         82
  C:0224H         LINE#         83
  C:0224H         LINE#         84
  C:0227H         LINE#         85
  C:022AH         LINE#         86
  C:022DH         LINE#         87
  C:022FH         LINE#         88
  C:0232H         LINE#         89
  C:0232H         LINE#         90
BL51 BANKED LINKER/LOCATER V4.13                                                      01/13/2015  23:02:50  PAGE 5


  -------         ENDPROC       START_QD_STATUS
  -------         PROC          WAIT_QD_STATUS
  -------         DO            WAIT_QD_STATUS
  D:0016H         SYMBOL        i
  -------         ENDDO         i
  C:000EH         LINE#         92
  C:000EH         LINE#         93
  C:000EH         LINE#         94
  C:0011H         LINE#         95
  C:0015H         LINE#         96
  C:0015H         LINE#         97
  C:0018H         LINE#         100
  C:001AH         LINE#         101
  C:0020H         LINE#         102
  C:0022H         LINE#         104
  C:0025H         LINE#         105
  C:0025H         LINE#         106
  C:0028H         LINE#         107
  C:0028H         LINE#         108
  C:002BH         LINE#         109
  C:002EH         LINE#         110
  C:0030H         LINE#         111
  C:0032H         LINE#         112
  C:0032H         LINE#         113
  C:0054H         LINE#         114
  C:0054H         LINE#         115
  C:0054H         LINE#         116
  C:0057H         LINE#         117
  C:0057H         LINE#         118
  C:0057H         LINE#         119
  C:005AH         LINE#         120
  C:005DH         LINE#         121
  C:005EH         LINE#         122
  C:005EH         LINE#         123
  C:0061H         LINE#         124
  C:0061H         LINE#         125
  C:0061H         LINE#         126
  C:0064H         LINE#         127
  C:0067H         LINE#         128
  C:0068H         LINE#         129
  C:0068H         LINE#         130
  C:006BH         LINE#         131
  C:006BH         LINE#         132
  C:006BH         LINE#         133
  C:006EH         LINE#         134
  C:0071H         LINE#         135
  C:0072H         LINE#         136
  C:0072H         LINE#         137
  C:0075H         LINE#         138
  C:0075H         LINE#         139
  C:0075H         LINE#         140
  C:0078H         LINE#         141
  C:007BH         LINE#         142
  C:007CH         LINE#         143
  C:007CH         LINE#         144
  C:007FH         LINE#         145
  C:007FH         LINE#         146
BL51 BANKED LINKER/LOCATER V4.13                                                      01/13/2015  23:02:50  PAGE 6


  C:007FH         LINE#         147
  C:0082H         LINE#         148
  C:0085H         LINE#         149
  C:0086H         LINE#         150
  C:0086H         LINE#         151
  C:0089H         LINE#         152
  C:0089H         LINE#         153
  C:0089H         LINE#         154
  C:008CH         LINE#         155
  C:008FH         LINE#         156
  C:0090H         LINE#         157
  C:0090H         LINE#         158
  C:0093H         LINE#         159
  C:0093H         LINE#         160
  C:0093H         LINE#         161
  C:0096H         LINE#         162
  C:0099H         LINE#         163
  C:009AH         LINE#         164
  C:009AH         LINE#         165
  C:009DH         LINE#         166
  C:009DH         LINE#         167
  C:009DH         LINE#         168
  C:00A0H         LINE#         169
  C:00A3H         LINE#         170
  C:00A3H         LINE#         171
  C:00A3H         LINE#         172
  C:00A3H         LINE#         173
  C:00A3H         LINE#         174
  -------         ENDPROC       WAIT_QD_STATUS
  -------         PROC          ACK_QD_STATUS
  -------         DO            ACK_QD_STATUS
  D:0002H         SYMBOL        i
  -------         ENDDO         i
  C:016DH         LINE#         176
  C:016DH         LINE#         177
  C:016DH         LINE#         178
  C:016FH         LINE#         179
  C:0173H         LINE#         180
  C:0173H         LINE#         181
  C:0176H         LINE#         182
  C:0178H         LINE#         183
  C:017AH         LINE#         185
  C:017AH         LINE#         186
  C:017AH         LINE#         187
  C:017CH         LINE#         188
  C:0183H         LINE#         189
  C:0185H         LINE#         190
  C:0188H         LINE#         191
  C:018CH         LINE#         193
  C:018FH         LINE#         194
  C:018FH         LINE#         195
  C:0192H         LINE#         196
  C:0192H         LINE#         197
  C:0195H         LINE#         198
  C:0198H         LINE#         199
  C:019AH         LINE#         200
  C:019CH         LINE#         201
BL51 BANKED LINKER/LOCATER V4.13                                                      01/13/2015  23:02:50  PAGE 7


  C:019CH         LINE#         202
  -------         ENDPROC       ACK_QD_STATUS
  -------         PROC          _DISPLAY
  D:0004H         SYMBOL        qd_time
  D:0005H         SYMBOL        qd_num
  C:0130H         LINE#         207
  C:0132H         LINE#         208
  C:0132H         LINE#         209
  C:013DH         LINE#         210
  C:013FH         LINE#         211
  C:0142H         LINE#         212
  C:0144H         LINE#         214
  C:0151H         LINE#         215
  C:0153H         LINE#         216
  C:0156H         LINE#         217
  C:0158H         LINE#         219
  C:0165H         LINE#         220
  C:0167H         LINE#         221
  C:016AH         LINE#         222
  C:016CH         LINE#         223
  -------         ENDPROC       _DISPLAY
  -------         PROC          MAIN
  C:019DH         LINE#         226
  C:019DH         LINE#         227
  C:019DH         LINE#         228
  C:01A0H         LINE#         230
  C:01A0H         LINE#         231
  C:01A0H         LINE#         232
  C:01ACH         LINE#         233
  C:01ACH         LINE#         234
  C:01ACH         LINE#         235
  C:01AFH         LINE#         236
  C:01B1H         LINE#         237
  C:01B1H         LINE#         238
  C:01B4H         LINE#         239
  C:01B6H         LINE#         240
  C:01B6H         LINE#         241
  C:01B9H         LINE#         242
  C:01B9H         LINE#         243
  C:01B9H         LINE#         244
  C:01B9H         LINE#         245
  C:01B9H         LINE#         246
  C:01C0H         LINE#         247
  -------         ENDPROC       MAIN
  -------         PROC          TIMER0INTERRUPT
  C:01C2H         LINE#         251
  C:01C6H         LINE#         253
  C:01C8H         LINE#         254
  C:01CBH         LINE#         255
  C:01CEH         LINE#         257
  C:01D3H         LINE#         258
  C:01D3H         LINE#         259
  C:01D6H         LINE#         260
  C:01D8H         LINE#         261
  C:01D8H         LINE#         262
  -------         ENDPROC       TIMER0INTERRUPT
  -------         ENDMOD        QIANGDA
BL51 BANKED LINKER/LOCATER V4.13                                                      01/13/2015  23:02:50  PAGE 8



******************************************************************************
* RESTRICTED VERSION WITH FFFFH BYTE CODE SIZE LIMIT; USED: 01C5H BYTE ( 0%) *
******************************************************************************

LINK/LOCATE RUN COMPLETE.  0 WARNING(S),  0 ERROR(S)
