C51 COMPILER V9.60.0.0   MAIN                                                              06/20/2020 16:21:01 PAGE 1   


C51 COMPILER V9.60.0.0, COMPILATION OF MODULE MAIN
OBJECT MODULE PLACED IN .\Objects\main.obj
COMPILER INVOKED BY: D:\keil5\C51\BIN\C51.EXE main.c OPTIMIZE(8,SPEED) BROWSE DEBUG OBJECTEXTEND PRINT(.\Listings\main.l
                    -st) TABS(2) OBJECT(.\Objects\main.obj)

line level    source

   1          #include<reg52.h>  //包含52单片机的库
   2          #define uchar unsigned char
   3          #define uint unsigned int   //宏定义
   4          
   5          
   6          bit biao=0;     //两干道控制引脚定义
   7          bit shan=0;     //闪烁标志位
   8          sbit kaiguan=P3^2; //定义按键的管脚
   9          
  10          
  11          //初始时定义南北为主干道，东西方向为次干道//
  12          
  13          sbit shu0 = P3^1; //次干道个位
  14          sbit shu1= P2^7; //次干道十位
  15          sbit shu2 = P3^6; //主干道个位
  16          sbit shu3= P3^7; //主干道十位
  17          
  18          sbit LED0=P2^6;   //南北方向红灯定义
  19          sbit LED1=P2^5; //南北方向黄灯定义
  20          sbit LED2=P2^4;     //南北方向绿灯定义
  21          
  22          sbit LED3=P2^3;   //东西方向红灯定义
  23          sbit LED4=P2^2; //东西方向黄灯定义
  24          sbit LED5=P2^1;   //东西方向绿灯定义
  25          
  26          
  27          
  28          uint xing=0,xing1=0,xing2=0,xing3;  //类型切换变量
  29          
  30          uchar data xianshi[4];        //秒显示数组
  31          uchar data sec_zhu=23;        //东西数默认
  32          uchar data sec_ci=20;     //南北默认值
  33          
  34          uchar data chuzhi0=23;    //设置东西方向的时间
  35          uchar data chuzhi1=20;    //设置南北方向的时间
  36          
  37          uchar data chuzhi01=13;   //设置东西方向的时间
  38          uchar data chuzhi11=10;   //设置南北方向的时间
  39          
  40          uchar data jishu;//定时器0中断次数计数
  41          
  42          uchar code zu[12]={0x3f,0x06,0x5b,0x4f,0x66,0x6d,0x7d,0x07,0x7f,0x6f,0x00,0x71};//段码
  43          
  44          
  45          void delay(uint ms)   //延时函数
  46          {
  47   1          uint j,k;
  48   1          for(j=0;j<ms;j++)     //延时ms
  49   1          for(k=0;k<110;k++);   //大约1毫秒的延时
  50   1      }
  51          
  52          void panduan()  //判断函数
  53          {
  54   1          if(kaiguan==0)
C51 COMPILER V9.60.0.0   MAIN                                                              06/20/2020 16:21:01 PAGE 2   

  55   1          {
  56   2          xing3=0;
  57   2          }
  58   1          if(kaiguan==1)
  59   1          {
  60   2          xing3=1;
  61   2          }
  62   1      }
  63            
  64          
  65          
  66          //主程序
  67          void main()
  68          {
  69   1          TMOD=0x01;          //定时器设置
  70   1          TH0=0x3C;             //重赋初值
  71   1          TL0=0xB0;             //重赋初值50ms
  72   1          EA=1;           //开总中断
  73   1          ET0=1;            //定时器0中断开启
  74   1          TR0=1;
  75   1          kaiguan=1;   //初始开关
  76   1          LED5=0;    //初始化让南北绿灯亮
  77   1          LED2=1;    //东西红灯亮
  78   1          LED0=0;
  79   1          LED3=1;
  80   1          LED4=0;
  81   1          LED1=0;
  82   1        
  83   1          while(1)            //主循环
  84   1          {
  85   2           panduan();//判断函数
  86   2            
  87   2       if(xing2==0)   //显示判断 输入xing2
  88   2        {
  89   3          xianshi[0]=sec_ci/10;     //东西秒十位
  90   3          xianshi[1]=sec_ci%10;     //东西秒个位
  91   3          xianshi[2]=sec_zhu/10;    //南北秒十位
  92   3          xianshi[3]=sec_zhu%10;    //南北秒个位
  93   3      
  94   3          shu0=0;
  95   3          shu1=1;
  96   3          shu2=1;
  97   3          shu3=1;  
  98   3      
  99   3          P0=zu[xianshi[0]];    //送东西时间十位的数码管编码
 100   3          delay(1);       //延时
 101   3          shu0=1;
 102   3          shu1=0;
 103   3          shu2=1;
 104   3          shu3=1;       
 105   3          P0=zu[xianshi[1]];     //送东西时间个位的数码管编码
 106   3          delay(1);        //延时
 107   3          shu0=1;
 108   3          shu1=1;
 109   3          shu2=0;
 110   3          shu3=1;         
 111   3          P0=zu[xianshi[2]];    //送南北时间十位的数码管编码
 112   3          delay(1);       //延时
 113   3          shu0=1;
 114   3          shu1=1;
 115   3          shu2=1;
 116   3          shu3=0;            
C51 COMPILER V9.60.0.0   MAIN                                                              06/20/2020 16:21:01 PAGE 3   

 117   3          P0=zu[xianshi[3]];    //送南北时间个位的数码管编码
 118   3          delay(1);       //延时
 119   3        }
 120   2        
 121   2        if(xing2==1)    //当按键按下xing=1
 122   2        {
 123   3          shu0=0;
 124   3          shu1=1;
 125   3          shu2=1;
 126   3          shu3=1;             
 127   3          P0=zu[11];    //显示F值
 128   3          delay(1);       //延时
 129   3          shu0=1;
 130   3          shu1=0;
 131   3          shu2=1;
 132   3          shu3=1;       
 133   3          P0=zu[11];     //显示F值
 134   3          delay(1);        //延时
 135   3          shu0=1;
 136   3          shu1=1;
 137   3          shu2=0;
 138   3          shu3=1;         
 139   3          P0=zu[11];    //显示F值
 140   3          delay(1);       //延时
 141   3          shu0=1;
 142   3          shu1=1;
 143   3          shu2=1;
 144   3          shu3=0;         
 145   3          P0=zu[11];    //显示F值
 146   3          delay(1);       //延时
 147   3          }
 148   2        }
 149   1      }
 150          
 151          
 152          
 153          void time0(void) interrupt 1    //定时中断子程序
 154          {
 155   1        TH0=0x3C;             //重赋初值
 156   1        TL0=0xB0;             //12m晶振50ms//重赋初值
 157   1        TR0=1;                //重新启动定时器
 158   1        jishu++;              //软件计数加1 //20个计数周期为1秒
 159   1      
 160   1      switch(xing3)
 161   1      {
 162   2        case 0:
 163   2        {
 164   3          xing2=1;       //定义为类型一为1
 165   3          xing=0;
 166   3          LED5=0;   //两通道都亮红灯
 167   3          LED2=0;
 168   3          LED0=1;
 169   3          LED3=1;
 170   3          LED4=0;
 171   3          LED1=0;
 172   3          sec_zhu=chuzhi0;      //重赋南北方向的起始值
 173   3          sec_ci=chuzhi1;   //重赋东西方向的起始值  
 174   3          
 175   3          jishu=0;   //暂停计数
 176   3          xing1=1;    //数码管显示标志位
 177   3         }; break;
 178   2        
C51 COMPILER V9.60.0.0   MAIN                                                              06/20/2020 16:21:01 PAGE 4   

 179   2         
 180   2        case 1:
 181   2        { 
 182   3         xing2=0;
 183   3        if(xing1==1)   //再次初始状态
 184   3        {
 185   4          LED5=0;
 186   4          LED2=1;
 187   4          LED0=0;
 188   4          LED3=1;
 189   4          LED4=0;
 190   4          LED1=0;
 191   4          xing1--;
 192   4          jishu=0;
 193   4        }
 194   3        
 195   3        if(xing==0)    //当主干道通行时
 196   3      {
 197   4        if(jishu==10)           //加到10也就是半秒
 198   4        {
 199   5          if((sec_ci<=3)&&(biao==0)&&(shan==1))     //东西黄灯闪
 200   5          {
 201   6            LED5=0;
 202   6            LED4=0;
 203   6          }
 204   5          if((sec_zhu<=3)&&(biao==1)&&(shan==1))      //南北黄灯闪
 205   5          {
 206   6            LED2=0;
 207   6            LED1=0;
 208   6          }
 209   5        }
 210   4      if(jishu==20)   // 定时器中断次数=20时（即1秒时）
 211   4      {   jishu=0;            //清零计数器
 212   5          sec_zhu--;            //东西时间减1
 213   5          sec_ci--;           //南北时间减1
 214   5      
 215   5        if((sec_ci<=3)&&(biao==0)&&(shan==1))     //东西黄灯闪
 216   5        {
 217   6              LED2=0;
 218   6          LED1=1;
 219   6          
 220   6      
 221   6        }
 222   5        if((sec_zhu<=3)&&(biao==1)&&(shan==1))      //南北黄灯闪
 223   5        {
 224   6          LED5=0;
 225   6          LED4=1;
 226   6        }
 227   5        
 228   5        if(sec_zhu==0&&sec_ci==3)     //当东西倒计时到0时，重置3秒，用于黄灯闪烁时间
 229   5        {
 230   6          sec_zhu=3;
 231   6          shan=1;
 232   6        }
 233   5          if(sec_zhu==3&&sec_ci==0)     //当东西倒计时到0时，重置3秒，用于黄灯闪烁时间
 234   5        {
 235   6          sec_ci=3;
 236   6          shan=1;
 237   6        }
 238   5          if(sec_ci==0&&sec_zhu==0)     //当黄灯闪烁时间倒计时到0时，
 239   5        {
 240   6            P2=0x00;          //重置东西南背方向的红绿灯
C51 COMPILER V9.60.0.0   MAIN                                                              06/20/2020 16:21:01 PAGE 5   

 241   6            LED0=1;
 242   6            LED5=1;
 243   6            biao=!biao;
 244   6            shan=0;
 245   6            sec_zhu=chuzhi01;     //重赋南北方向的起始值
 246   6            sec_ci=chuzhi11;    //重赋东西方向的起始值
 247   6            xing++;
 248   6        }
 249   5       }
 250   4      }
 251   3      if(xing==1)   //当次干道通行时
 252   3      {
 253   4        if(jishu==10)           //加到10也就是半秒
 254   4        {
 255   5          if((sec_ci<=3)&&(biao==0)&&(shan==1))     //东西黄灯闪
 256   5          {
 257   6            LED2=0;
 258   6            LED1=0;
 259   6          }
 260   5          if((sec_zhu<=3)&&(biao==1)&&(shan==1))      //南北黄灯闪
 261   5          {
 262   6      
 263   6            LED5=0;
 264   6            LED4=0;
 265   6          }
 266   5        }
 267   4      if(jishu==20)   // 定时器中断次数=20时（即1秒时）
 268   4      {  
 269   5          jishu=0;            //清零计数器
 270   5          sec_zhu--;            //东西时间减1
 271   5          sec_ci--;           //南北时间减1
 272   5      
 273   5        if((sec_ci<=3)&&(biao==0)&&(shan==1))     //东西黄灯闪
 274   5        {
 275   6              LED2=0;
 276   6          LED1=1;
 277   6          
 278   6      
 279   6        }
 280   5        if((sec_zhu<=3)&&(biao==1)&&(shan==1))      //南北黄灯闪
 281   5        {
 282   6          LED5=0;
 283   6          LED4=1;
 284   6        }
 285   5        
 286   5        if(sec_zhu==0&&sec_ci==3)     //当东西倒计时到0时，重置3秒，用于黄灯闪烁时间
 287   5        {
 288   6          sec_zhu=3;
 289   6          shan=1;
 290   6        }
 291   5          if(sec_zhu==3&&sec_ci==0)     //当东西倒计时到0时，重置3秒，用于黄灯闪烁时间
 292   5        {
 293   6          sec_ci=3;
 294   6          shan=1;
 295   6        }
 296   5          if(sec_ci==0&&sec_zhu==0)     //当黄灯闪烁时间倒计时到0时，
 297   5        {
 298   6            P2=0x00;          //重置东西南背方向的红绿灯
 299   6            LED2=1;
 300   6            LED3=1;
 301   6            biao=!biao;
 302   6            shan=0;
C51 COMPILER V9.60.0.0   MAIN                                                              06/20/2020 16:21:01 PAGE 6   

 303   6            sec_zhu=chuzhi0;      //重赋南北方向的起始值
 304   6            sec_ci=chuzhi1;   //重赋东西方向的起始值
 305   6            xing--;
 306   6        }
 307   5        }
 308   4        }
 309   3       };break;
 310   2        
 311   2        default : break;
 312   2      
 313   2      }
 314   1      
 315   1      }
 316          


MODULE INFORMATION:   STATIC OVERLAYABLE
   CODE SIZE        =    769    ----
   CONSTANT SIZE    =     12    ----
   XDATA SIZE       =   ----    ----
   PDATA SIZE       =   ----    ----
   DATA SIZE        =     19    ----
   IDATA SIZE       =   ----    ----
   BIT SIZE         =      2    ----
END OF MODULE INFORMATION.


C51 COMPILATION COMPLETE.  0 WARNING(S),  0 ERROR(S)
