C51 COMPILER V9.01   CARGADOR                                                              06/13/2020 22:19:53 PAGE 1   


C51 COMPILER V9.01, COMPILATION OF MODULE CARGADOR
OBJECT MODULE PLACED IN Cargador.OBJ
COMPILER INVOKED BY: C:\Keil\C51\BIN\C51.EXE Cargador.c BROWSE DEBUG OBJECTEXTEND

line level    source

   1          #include <reg51.h>
   2          #include "data.h"
   3          #include "order.h"
   4          #include "lcdinit.c"
   5          #include "function.c"
   6          
   7          void int1(void) interrupt 2
   8          {
   9   1              keyboard();
  10   1      }
  11          
  12          int main(){
  13   1              uchar i=1;
  14   1              error0=0;
  15   1              error1=0;
  16   1              error2=0;
  17   1              delay(50);
  18   1              EA=1;
  19   1              IT1=1;
  20   1              EX1=1;
  21   1      //      wirte_bg();
  22   1              /*液晶初始化函数(文本区首地址D1,文本区首地址D2, 文本区宽度,  图形区首地址D1, 图形区首地址D2, 图形区宽度, 
             -  光标形状,  显示方式,  显示开关)*/
  23   1              lcd_init(0x00,0x00,0x14,0x50,0x01,0x14,0x00,MOD_XOR,0x0c);
  24   1      //      wirte_bg();
  25   1              set_cgram();
  26   1              wirte_cgrom();
  27   1              cls();
  28   1              start();
  29   1              cls();
  30   1              pushbox();
  31   1              guan();
  32   1              while(1){
  33   2              }
  34   1              return(0);
  35   1      }


MODULE INFORMATION:   STATIC OVERLAYABLE
   CODE SIZE        =   4652    ----
   CONSTANT SIZE    =   3984    ----
   XDATA SIZE       =   ----    ----
   PDATA SIZE       =   ----    ----
   DATA SIZE        =     67      18
   IDATA SIZE       =   ----    ----
   BIT SIZE         =   ----    ----
END OF MODULE INFORMATION.


C51 COMPILATION COMPLETE.  0 WARNING(S),  0 ERROR(S)
