Added Component: Designator=C1(CAP-100)
Added Component: Designator=C2(CAP)
Added Component: Designator=C3(CAP)
Added Component: Designator=C4(CAP)
Added Component: Designator=D1(LED)
Added Component: Designator=D2(LED)
Added Component: Designator=J1(POWER)
Added Component: Designator=L1(SWITCH)
Added Component: Designator=LS1(SPEAK)
Added Component: Designator=P1(lcd1602)
Added Component: Designator=P2(HDR1X4)
Added Component: Designator=P3(HDR1X3)
Added Component: Designator=Q1(TO-92A)
Added Component: Designator=R1(RES)
Added Component: Designator=R2(RES)
Added Component: Designator=R3(RES)
Added Component: Designator=R4(RES)
Added Component: Designator=R5(RES)
Added Component: Designator=S1(KEY)
Added Component: Designator=S2(KEY)
Added Component: Designator=S3(KEY)
Added Component: Designator=U1(DIP40)
Added Component: Designator=Y1(XTAL200)
Added Pin To Net: NetName=ECHO Pin=P2-2
Added Pin To Net: NetName=ECHO Pin=U1-16
Added Net: Name=ECHO
Added Pin To Net: NetName=GND Pin=C1-2
Added Pin To Net: NetName=GND Pin=C2-1
Added Pin To Net: NetName=GND Pin=C3-1
Added Pin To Net: NetName=GND Pin=C4-1
Added Pin To Net: NetName=GND Pin=J1-2
Added Pin To Net: NetName=GND Pin=J1-3
Added Pin To Net: NetName=GND Pin=LS1-2
Added Pin To Net: NetName=GND Pin=P1-1
Added Pin To Net: NetName=GND Pin=P1-16
Added Pin To Net: NetName=GND Pin=P2-1
Added Pin To Net: NetName=GND Pin=P3-1
Added Pin To Net: NetName=GND Pin=R1-1
Added Pin To Net: NetName=GND Pin=R2-1
Added Pin To Net: NetName=GND Pin=S1-1
Added Pin To Net: NetName=GND Pin=S1-1
Added Pin To Net: NetName=GND Pin=S2-1
Added Pin To Net: NetName=GND Pin=S2-1
Added Pin To Net: NetName=GND Pin=S3-1
Added Pin To Net: NetName=GND Pin=S3-1
Added Pin To Net: NetName=GND Pin=U1-20
Added Net: Name=GND
Added Pin To Net: NetName=NetD1_2 Pin=D1-2
Added Pin To Net: NetName=NetD1_2 Pin=R2-2
Added Net: Name=NetD1_2
Added Pin To Net: NetName=NetD2_2 Pin=D2-2
Added Pin To Net: NetName=NetD2_2 Pin=R3-2
Added Net: Name=NetD2_2
Added Pin To Net: NetName=NetJ1_1 Pin=J1-1
Added Pin To Net: NetName=NetJ1_1 Pin=L1-2
Added Net: Name=NetJ1_1
Added Pin To Net: NetName=NetLS1_1 Pin=LS1-1
Added Pin To Net: NetName=NetLS1_1 Pin=Q1-3
Added Net: Name=NetLS1_1
Added Pin To Net: NetName=NetP1_3 Pin=P1-3
Added Pin To Net: NetName=NetP1_3 Pin=R1-2
Added Net: Name=NetP1_3
Added Pin To Net: NetName=NetQ1_2 Pin=Q1-2
Added Pin To Net: NetName=NetQ1_2 Pin=R5-2
Added Net: Name=NetQ1_2
Added Pin To Net: NetName=P00 Pin=P1-7
Added Pin To Net: NetName=P00 Pin=U1-39
Added Net: Name=P00
Added Pin To Net: NetName=P01 Pin=P1-8
Added Pin To Net: NetName=P01 Pin=U1-38
Added Net: Name=P01
Added Pin To Net: NetName=P02 Pin=P1-9
Added Pin To Net: NetName=P02 Pin=U1-37
Added Net: Name=P02
Added Pin To Net: NetName=P03 Pin=P1-10
Added Pin To Net: NetName=P03 Pin=U1-36
Added Net: Name=P03
Added Pin To Net: NetName=P04 Pin=P1-11
Added Pin To Net: NetName=P04 Pin=U1-35
Added Net: Name=P04
Added Pin To Net: NetName=P05 Pin=P1-12
Added Pin To Net: NetName=P05 Pin=U1-34
Added Net: Name=P05
Added Pin To Net: NetName=P06 Pin=P1-13
Added Pin To Net: NetName=P06 Pin=U1-33
Added Net: Name=P06
Added Pin To Net: NetName=P07 Pin=P1-14
Added Pin To Net: NetName=P07 Pin=U1-32
Added Net: Name=P07
Added Pin To Net: NetName=P10 Pin=P1-4
Added Pin To Net: NetName=P10 Pin=U1-1
Added Net: Name=P10
Added Pin To Net: NetName=P11 Pin=P1-5
Added Pin To Net: NetName=P11 Pin=U1-2
Added Net: Name=P11
Added Pin To Net: NetName=P12 Pin=P1-6
Added Pin To Net: NetName=P12 Pin=U1-3
Added Net: Name=P12
Added Pin To Net: NetName=P13 Pin=S1-2
Added Pin To Net: NetName=P13 Pin=S1-2
Added Pin To Net: NetName=P13 Pin=U1-4
Added Net: Name=P13
Added Pin To Net: NetName=P14 Pin=S2-2
Added Pin To Net: NetName=P14 Pin=S2-2
Added Pin To Net: NetName=P14 Pin=U1-5
Added Net: Name=P14
Added Pin To Net: NetName=P15 Pin=S3-2
Added Pin To Net: NetName=P15 Pin=S3-2
Added Pin To Net: NetName=P15 Pin=U1-6
Added Net: Name=P15
Added Pin To Net: NetName=P20 Pin=R3-1
Added Pin To Net: NetName=P20 Pin=U1-21
Added Net: Name=P20
Added Pin To Net: NetName=P21 Pin=R4-1
Added Pin To Net: NetName=P21 Pin=R5-1
Added Pin To Net: NetName=P21 Pin=U1-22
Added Net: Name=P21
Added Pin To Net: NetName=RX Pin=P3-3
Added Pin To Net: NetName=RX Pin=U1-10
Added Net: Name=RX
Added Pin To Net: NetName=TRIG Pin=P2-3
Added Pin To Net: NetName=TRIG Pin=U1-17
Added Net: Name=TRIG
Added Pin To Net: NetName=TX Pin=P3-2
Added Pin To Net: NetName=TX Pin=U1-11
Added Net: Name=TX
Added Pin To Net: NetName=VCC Pin=C1-1
Added Pin To Net: NetName=VCC Pin=C2-2
Added Pin To Net: NetName=VCC Pin=D1-1
Added Pin To Net: NetName=VCC Pin=D2-1
Added Pin To Net: NetName=VCC Pin=L1-4
Added Pin To Net: NetName=VCC Pin=P1-2
Added Pin To Net: NetName=VCC Pin=P1-15
Added Pin To Net: NetName=VCC Pin=P2-4
Added Pin To Net: NetName=VCC Pin=Q1-1
Added Pin To Net: NetName=VCC Pin=R4-2
Added Pin To Net: NetName=VCC Pin=U1-40
Added Net: Name=VCC
Added Pin To Net: NetName=X1 Pin=C3-2
Added Pin To Net: NetName=X1 Pin=U1-19
Added Pin To Net: NetName=X1 Pin=Y1-1
Added Net: Name=X1
Added Pin To Net: NetName=X2 Pin=C4-2
Added Pin To Net: NetName=X2 Pin=U1-18
Added Pin To Net: NetName=X2 Pin=Y1-2
Added Net: Name=X2
Added Class: Name=基于51单片机超声波测距系统
Added Room: Name=基于51单片机超声波测距系统
