Added Component: Designator=P?(HDR1X16)
Added Pin To Net: NetName=GND Pin=P?-1
Added Pin To Net: NetName=VCC Pin=P?-2
Added Pin To Net: NetName=P2.5 Pin=P?-4
Added Pin To Net: NetName=P2.6 Pin=P?-5
Added Pin To Net: NetName=P2.7 Pin=P?-6
Added Pin To Net: NetName=P0.0 Pin=P?-7
Added Pin To Net: NetName=P0.1 Pin=P?-8
Added Pin To Net: NetName=P0.2 Pin=P?-9
Added Pin To Net: NetName=P0.3 Pin=P?-10
Added Pin To Net: NetName=P0.4 Pin=P?-11
Added Pin To Net: NetName=P0.5 Pin=P?-12
Added Pin To Net: NetName=P0.6 Pin=P?-13
Added Pin To Net: NetName=P0.7 Pin=P?-14
Added Pin To Net: NetName=VCC Pin=P?-15
Added Pin To Net: NetName=GND Pin=P?-16
Added Pin To Net: NetName=NetP?_3 Pin=P?-3
Added Pin To Net: NetName=NetP?_3 Pin=R1-2
Added Net: Name=NetP?_3
Added Member To Class: ClassName=Sheet1 Member=Component P? Header 16
