BL51 BANKED LINKER/LOCATER V6.00                                                        03/07/2012  14:52:13  PAGE 1


BL51 BANKED LINKER/LOCATER V6.00, INVOKED BY:
C:\KEIL\C51\BIN\BL51.EXE STARTUP.obj, MCU.obj TO 电子琴 RAMSIZE (256)


MEMORY MODEL: SMALL


INPUT MODULES INCLUDED:
  STARTUP.obj (?C_STARTUP)
  MCU.obj (MCU)


LINK MAP OF MODULE:  电子琴 (?C_STARTUP)


            TYPE    BASE      LENGTH    RELOCATION   SEGMENT NAME
            -----------------------------------------------------

            * * * * * * *   D A T A   M E M O R Y   * * * * * * *
            REG     0000H     0008H     ABSOLUTE     "REG BANK 0"
            DATA    0008H     0003H     UNIT         ?DT?MCU
            DATA    000BH     0001H     UNIT         _DATA_GROUP_
            IDATA   000CH     0001H     UNIT         ?STACK

            * * * * * * *   C O D E   M E M O R Y   * * * * * * *
            CODE    0000H     0003H     ABSOLUTE     
            CODE    0003H     0008H     UNIT         ?PR?INIT_TIMER0?MCU
            CODE    000BH     0003H     ABSOLUTE     
            CODE    000EH     00E0H     UNIT         ?PR?MAIN?MCU
            CODE    00EEH     00B7H     UNIT         ?CO?MCU
            CODE    01A5H     0015H     UNIT         ?PR?_DELAYMS?MCU
            CODE    01BAH     0014H     UNIT         ?PR?_DELAYTIPS?MCU
            CODE    01CEH     000DH     UNIT         ?PR?PLAYSONG?MCU
            CODE    01DBH     000CH     UNIT         ?C_C51STARTUP
            CODE    01E7H     0009H     UNIT         ?PR?TIMER0_ISR?MCU
            CODE    01F0H     0007H     UNIT         ?PR?_DELAY2XUS?MCU



OVERLAY MAP OF MODULE:   电子琴 (?C_STARTUP)


SEGMENT                          DATA_GROUP 
  +--> CALLED SEGMENT          START    LENGTH
----------------------------------------------
?C_C51STARTUP                  -----    -----
  +--> ?PR?MAIN?MCU

?PR?MAIN?MCU                   000BH    0001H
  +--> ?PR?INIT_TIMER0?MCU
  +--> ?CO?MCU
  +--> ?PR?_DELAYMS?MCU
  +--> ?PR?PLAYSONG?MCU

?PR?_DELAYMS?MCU               -----    -----
  +--> ?PR?_DELAY2XUS?MCU

?PR?PLAYSONG?MCU               -----    -----
BL51 BANKED LINKER/LOCATER V6.00                                                      03/07/2012  14:52:13  PAGE 2


  +--> ?PR?_DELAYTIPS?MCU

?PR?_DELAYTIPS?MCU             -----    -----
  +--> ?PR?_DELAYMS?MCU



SYMBOL TABLE OF MODULE:  电子琴 (?C_STARTUP)

  VALUE           TYPE          NAME
  ----------------------------------

  -------         MODULE        ?C_STARTUP
  C:01DBH         SEGMENT       ?C_C51STARTUP
  I:000CH         SEGMENT       ?STACK
  C:0000H         PUBLIC        ?C_STARTUP
  D:00E0H         SYMBOL        ACC
  D:00F0H         SYMBOL        B
  D:0083H         SYMBOL        DPH
  D:0082H         SYMBOL        DPL
  N:0000H         SYMBOL        IBPSTACK
  N:0100H         SYMBOL        IBPSTACKTOP
  N:0080H         SYMBOL        IDATALEN
  C:01DEH         SYMBOL        IDATALOOP
  N:0000H         SYMBOL        PBPSTACK
  N:0100H         SYMBOL        PBPSTACKTOP
  N:0000H         SYMBOL        PDATALEN
  N:0000H         SYMBOL        PDATASTART
  N:0000H         SYMBOL        PPAGE
  N:0000H         SYMBOL        PPAGEENABLE
  D:00A0H         SYMBOL        PPAGE_SFR
  D:0081H         SYMBOL        SP
  C:01DBH         SYMBOL        STARTUP1
  N:0000H         SYMBOL        XBPSTACK
  N:0000H         SYMBOL        XBPSTACKTOP
  N:0000H         SYMBOL        XDATALEN
  N:0000H         SYMBOL        XDATASTART
  C:0000H         LINE#         126
  C:01DBH         LINE#         133
  C:01DDH         LINE#         134
  C:01DEH         LINE#         135
  C:01DFH         LINE#         136
  C:01E1H         LINE#         185
  C:01E4H         LINE#         196
  -------         ENDMOD        ?C_STARTUP

  -------         MODULE        MCU
  C:0000H         SYMBOL        _ICE_DUMMY_
  D:0080H         PUBLIC        P0
  D:0090H         PUBLIC        P1
  D:0008H         PUBLIC        High
  D:00A0H         PUBLIC        P2
  C:0107H         PUBLIC        MUSIC
  D:00B0H         PUBLIC        P3
  B:00A8H.7       PUBLIC        EA
  C:01F0H         PUBLIC        _delay2xus
  C:00FEH         PUBLIC        YINFU
BL51 BANKED LINKER/LOCATER V6.00                                                      03/07/2012  14:52:13  PAGE 3


  D:0009H         PUBLIC        Time
  C:01BAH         PUBLIC        _delayTips
  C:000EH         PUBLIC        main
  C:0003H         PUBLIC        Init_Timer0
  C:00EEH         PUBLIC        freq
  C:01CEH         PUBLIC        PlaySong
  D:000AH         PUBLIC        Low
  D:0089H         PUBLIC        TMOD
  B:00A8H.1       PUBLIC        ET0
  D:008CH         PUBLIC        TH0
  D:008AH         PUBLIC        TL0
  C:01A5H         PUBLIC        _delayms
  B:0088H.4       PUBLIC        TR0
  C:01E7H         PUBLIC        Timer0_isr
  B:00B0H.7       PUBLIC        SPK
  C:016DH         PUBLIC        FREQH
  C:0189H         PUBLIC        FREQL
  B:0080H.0       PUBLIC        playSongKey
  -------         PROC          _DELAY2XUS
  D:0007H         SYMBOL        z
  C:01F0H         LINE#         53
  C:01F0H         LINE#         54
  C:01F0H         LINE#         55
  C:01F6H         LINE#         56
  -------         ENDPROC       _DELAY2XUS
  -------         PROC          _DELAYMS
  D:0005H         SYMBOL        x
  C:01A5H         LINE#         58
  C:01A7H         LINE#         59
  C:01A7H         LINE#         60
  C:01ADH         LINE#         61
  C:01ADH         LINE#         62
  C:01B2H         LINE#         63
  C:01B7H         LINE#         64
  C:01B9H         LINE#         65
  -------         ENDPROC       _DELAYMS
  -------         PROC          _DELAYTIPS
  D:0004H         SYMBOL        t
  -------         DO            
  D:0003H         SYMBOL        i
  -------         ENDDO         
  C:01BAH         LINE#         75
  C:01BCH         LINE#         76
  C:01BCH         LINE#         78
  C:01C3H         LINE#         79
  C:01C3H         LINE#         80
  C:01C8H         LINE#         81
  C:01CBH         LINE#         82
  C:01CDH         LINE#         83
  -------         ENDPROC       _DELAYTIPS
  -------         PROC          PLAYSONG
  C:01CEH         LINE#         85
  C:01CEH         LINE#         86
  C:01CEH         LINE#         87
  C:01D1H         LINE#         88
  C:01D4H         LINE#         89
  C:01D6H         LINE#         90
BL51 BANKED LINKER/LOCATER V6.00                                                      03/07/2012  14:52:13  PAGE 4


  -------         ENDPROC       PLAYSONG
  -------         PROC          INIT_TIMER0
  C:0003H         LINE#         94
  C:0003H         LINE#         95
  C:0003H         LINE#         96
  C:0006H         LINE#         97
  C:0008H         LINE#         98
  C:000AH         LINE#         99
  -------         ENDPROC       INIT_TIMER0
  -------         PROC          TIMER0_ISR
  C:01E7H         LINE#         101
  C:01E7H         LINE#         103
  C:01EAH         LINE#         104
  C:01EDH         LINE#         105
  C:01EFH         LINE#         106
  -------         ENDPROC       TIMER0_ISR
  -------         PROC          MAIN
  -------         DO            
  D:000BH         SYMBOL        num
  D:0007H         SYMBOL        k
  D:0002H         SYMBOL        i
  -------         ENDDO         
  C:000EH         LINE#         108
  C:000EH         LINE#         109
  C:000EH         LINE#         111
  C:0011H         LINE#         112
  C:0013H         LINE#         113
  C:0013H         LINE#         114
  C:0013H         LINE#         115
  C:0035H         LINE#         116
  C:0035H         LINE#         117
  C:003AH         LINE#         118
  C:003FH         LINE#         119
  C:0044H         LINE#         120
  C:0049H         LINE#         121
  C:004EH         LINE#         122
  C:0053H         LINE#         123
  C:0058H         LINE#         124
  C:005DH         LINE#         125
  C:0060H         LINE#         126
  C:0060H         LINE#         127
  C:0063H         LINE#         128
  C:0067H         LINE#         129
  C:0067H         LINE#         130
  C:0069H         LINE#         131
  C:006BH         LINE#         132
  C:006DH         LINE#         134
  C:006DH         LINE#         135
  C:007EH         LINE#         136
  C:008FH         LINE#         137
  C:0091H         LINE#         138
  C:0091H         LINE#         139
  C:0097H         LINE#         140
  C:0097H         LINE#         141
  C:009CH         LINE#         142
  C:00A2H         LINE#         143
  C:00A2H         LINE#         144
BL51 BANKED LINKER/LOCATER V6.00                                                      03/07/2012  14:52:13  PAGE 5


  C:00A4H         LINE#         145
  C:00AAH         LINE#         146
  C:00AAH         LINE#         147
  C:00BCH         LINE#         148
  C:00C2H         LINE#         149
  C:00C9H         LINE#         150
  C:00D0H         LINE#         151
  C:00D3H         LINE#         152
  C:00D8H         LINE#         153
  C:00D8H         LINE#         154
  C:00DDH         LINE#         155
  C:00E2H         LINE#         156
  C:00E4H         LINE#         157
  C:00E4H         LINE#         158
  C:00E7H         LINE#         159
  C:00E9H         LINE#         160
  C:00EBH         LINE#         161
  C:00EBH         LINE#         162
  C:00EBH         LINE#         164
  -------         ENDPROC       MAIN
  -------         ENDMOD        MCU

Program Size: data=13.0 xdata=0 code=503
LINK/LOCATE RUN COMPLETE.  0 WARNING(S),  0 ERROR(S)
