C51 COMPILER V9.54   ________                                                              04/23/2018 21:58:19 PAGE 1   


C51 COMPILER V9.54, COMPILATION OF MODULE ________
OBJECT MODULE PLACED IN 小车前进.OBJ
COMPILER INVOKED BY: D:\keil5\C51\BIN\C51.EXE 小车前进.c OPTIMIZE(8,SPEED) BROWSE DEBUG OBJECTEXTEND TABS(2)

line level    source

   1          #include<AT89x51.H>
   2          //p10;p11接in1,in2      p12,p13接in3,in4
   3          
   4          
   5          #define Left_moto_pwm   P1_1   
   6          #define Left_moto_pwm1    P1_3
   7          #define Left_moto_go      {P1_0=1,P1_1=0,P1_2=1,P1_3=0;}    
   8          #define Left_moto_Stop    {P1_0=0,P1_1=0,P1_2=0,P1_3=0;}                       
   9          
  10          sbit K1=P3^0;//低速
  11          sbit K2=P3^1;//中速
  12          sbit K3=P3^2;
  13          typedef unsigned char uint8;
  14            unsigned char pwm_val_left=0 ;//变量定义
  15            unsigned char push_val_left=0;// 电机占空比N/10
  16            bit Left_moto_stop =1;
  17            unsigned  int  time=0;
  18            uint8 temp,i;
  19          
  20          void delay(unsigned int k)
  21          {    
  22   1           unsigned int x,y;
  23   1         for(x=k;x>0;x--) 
  24   1           for(y=110;y>0;y--);
  25   1      }
  26          
  27          void  run(void)
  28          {  
  29   1        if(K1==0)
  30   1        {
  31   2          delay(10);
  32   2          if(K1==0)
  33   2            push_val_left=8;
  34   2        }
  35   1        else if(K2==0)
  36   1        {
  37   2              delay(10);
  38   2              if(K2==0)
  39   2              push_val_left=5;
  40   2        }  
  41   1        else if(K3==0)
  42   1        {
  43   2          delay(10);
  44   2          if(K3==0)
  45   2          push_val_left=0;
  46   2        }
  47   1        
  48   1      }  
  49          
  50          
  51          void pwm_out_left_moto(void)
  52          {  
  53   1      
  54   1          if(pwm_val_left<=push_val_left)
  55   1          {
C51 COMPILER V9.54   ________                                                              04/23/2018 21:58:19 PAGE 2   

  56   2               Left_moto_pwm=1; 
  57   2               Left_moto_pwm1=1; 
  58   2           }
  59   1          else 
  60   1            {
  61   2                 Left_moto_pwm=0;
  62   2               Left_moto_pwm1=0; 
  63   2             }
  64   1          if(pwm_val_left>=10)
  65   1               pwm_val_left=0;
  66   1         
  67   1      
  68   1      }
  69          
  70          
  71           void timer0()interrupt 1   using 2
  72          {
  73   1         TH0=0XFc;    
  74   1         TL0=0X18;
  75   1      
  76   1        pwm_val_left++;
  77   1         pwm_out_left_moto();
  78   1      
  79   1       }  
  80          
  81          void main(void)
  82          {
  83   1      
  84   1        TMOD=0X01;
  85   1        TH0= 0XFc;      //1ms定时
  86   1        TL0= 0X18;
  87   1        TR0= 1;
  88   1        ET0= 1;
  89   1        EA = 1;
  90   1        //run();   //PWM调速前进
  91   1       Left_moto_go ;   //电机开始转动。
  92   1        while(1)              /*无限循环*/
  93   1        { 
  94   2      
  95   2            run();
  96   2                 
  97   2         }
  98   1      }
  99            


MODULE INFORMATION:   STATIC OVERLAYABLE
   CODE SIZE        =    149    ----
   CONSTANT SIZE    =   ----    ----
   XDATA SIZE       =   ----    ----
   PDATA SIZE       =   ----    ----
   DATA SIZE        =      6    ----
   IDATA SIZE       =   ----    ----
   BIT SIZE         =      1    ----
END OF MODULE INFORMATION.


C51 COMPILATION COMPLETE.  0 WARNING(S),  0 ERROR(S)
