C51 COMPILER V9.01   DISPLAY_DRIVER                                                        06/17/2020 21:36:37 PAGE 1   


C51 COMPILER V9.01, COMPILATION OF MODULE DISPLAY_DRIVER
OBJECT MODULE PLACED IN .\Objects\display_driver.obj
COMPILER INVOKED BY: C:\Keil\C51\BIN\C51.EXE display_driver.c OPTIMIZE(9,SPEED) BROWSE DEBUG OBJECTEXTEND PRINT(.\Listin
                    -gs\display_driver.lst) OBJECT(.\Objects\display_driver.obj)

line level    source

   1          #include "display_driver.h"
   2          #include "LCD1602.h"
   3          extern int tempw[6];
   4          extern bit Edit_state;
   5          extern unsigned char idata cursor_position;
   6          extern unsigned int Add,idata Add_backup;
   7          
   8          void initialize_LCD1602(){//初始化1602
   9   1              unsigned char a;
  10   1              Edit_state=Add=Add_backup=cursor_position=0;
  11   1              LCD1602_Write_Reg(0x80);
  12   1              for(a=0;a<16;a++)
  13   1        LCD1602_Write_Data(0x20);
  14   1              LCD1602_Write_Reg(0xC6);
  15   1              for(a=0;a<9;a++)
  16   1        LCD1602_Write_Data(0x20);
  17   1              LCD1602_Write_Data('0');
  18   1      }
  19          
  20          void refresh_str(unsigned char*str,unsigned int Addr){//刷新用户输入
  21   1              unsigned char a,b;
  22   1              if(Addr<=16){
  23   2                      LCD1602_Write_Reg(0x80);
  24   2                      for(a=0;a<16;a++)
  25   2                      LCD1602_Write_Data(Addr>a?str[a]:0x20);
  26   2              }
  27   1              else{
  28   2                      for(a=Addr-1,b=0x8F;a>=Addr-16;a--,b--){
  29   3                              LCD1602_Write_Reg(b);
  30   3                              LCD1602_Write_Data(str[a]);
  31   3                      }
  32   2              }
  33   1      }
  34          
  35          void display_result(double*num,unsigned char*p,unsigned int add){//显示结果
  36   1              char str[10];
  37   1              unsigned char a,b,c,d,sign=0;
  38   1              unsigned long num1;
  39   1              for(a=0;a<10;a++)str[a]=0x20;
  40   1              if(*num<0){
  41   2                      sign=1;
  42   2                      str[9]='-';
  43   2                      *num=-*num;
  44   2              }
  45   1              num1=(unsigned long)*num;
  46   1              if(num1<10)b=1;
  47   1              else if(num1<100)b=2;
  48   1              else if(num1<1000)b=3;
  49   1              else if(num1<10000)b=4;
  50   1              else if(num1<100000)b=5;
  51   1              else if(num1<1000000)b=6;
  52   1              else if(num1<10000000)b=7;
  53   1              else if(num1<100000000)b=8;
  54   1              else if(num1<1000000000)b=9;
C51 COMPILER V9.01   DISPLAY_DRIVER                                                        06/17/2020 21:36:37 PAGE 2   

  55   1              for(c=b;c>0;c--){
  56   2                      for(a=0;a<9;a++)str[a]=str[a+1];
  57   2                      switch(c){
  58   3                              case 9:str[9]=num1/100000000%10+'0';break;
  59   3                              case 8:str[9]=num1/10000000%10+'0';break;
  60   3                              case 7:str[9]=num1/1000000%10+'0';break;
  61   3                              case 6:str[9]=num1/100000%10+'0';break;
  62   3                              case 5:str[9]=num1/10000%10+'0';break;
  63   3                              case 4:str[9]=num1/1000%10+'0';break;
  64   3                              case 3:str[9]=num1/100%10+'0';break;
  65   3                              case 2:str[9]=num1/10%10+'0';break;
  66   3                              case 1:str[9]=num1%10+'0';break;
  67   3                      }
  68   2              }
  69   1              if(*num!=(unsigned long)*num){//小数
  70   2                      b=++b+sign;
  71   2                      for(a=0;a<9;a++)str[a]=str[a+1];
  72   2                      str[9]='.';
  73   2          *num-=(unsigned long)*num;
  74   2                      for(d=0;b+d<8;d++){
  75   3                              for(a=0;a<9;a++)str[a]=str[a+1];
  76   3                              str[9]=(unsigned long)(*num*=10)%10+'0';
  77   3                      }
  78   2                      for(a=9;a>0&&str[9]=='0';a--){
  79   3                              for(d=9;d>0;d--)str[d]=str[d-1];
  80   3                              str[0]=0x20;
  81   3                      }
  82   2              }
  83   1              LCD1602_Write_Reg(0x80);
  84   1              for(a=0;a<16;a++)
  85   1              LCD1602_Write_Data(add>a?p[a]:0x20);
  86   1              LCD1602_Write_Reg(0xC0);
  87   1              for(a=0;str[a]!='\0';a++)
  88   1              LCD1602_Write_Data(str[a]);
  89   1              for(b=0;a<16;a++,b++)
  90   1              LCD1602_Write_Data(tempw[b]);
  91   1      }


MODULE INFORMATION:   STATIC OVERLAYABLE
   CODE SIZE        =    958    ----
   CONSTANT SIZE    =   ----    ----
   XDATA SIZE       =   ----    ----
   PDATA SIZE       =   ----    ----
   DATA SIZE        =   ----      35
   IDATA SIZE       =   ----    ----
   BIT SIZE         =   ----    ----
END OF MODULE INFORMATION.


C51 COMPILATION COMPLETE.  0 WARNING(S),  0 ERROR(S)
