C51 COMPILER V9.01   INSERT_EDIT                                                           06/17/2020 21:36:38 PAGE 1   


C51 COMPILER V9.01, COMPILATION OF MODULE INSERT_EDIT
OBJECT MODULE PLACED IN .\Objects\insert_edit.obj
COMPILER INVOKED BY: C:\Keil\C51\BIN\C51.EXE insert_edit.c OPTIMIZE(9,SPEED) BROWSE DEBUG OBJECTEXTEND PRINT(.\Listings\
                    -insert_edit.lst) OBJECT(.\Objects\insert_edit.obj)

line level    source

   1          #include "insert_edit.h"
   2          #include "LCD1602.h"
   3          
   4          unsigned int idata Edit_location,Insert_node;//显示编辑当前位置,插入节点
   5          extern bit Edit_state;
   6          extern unsigned char idata cursor_position;
   7          extern unsigned int Add,idata Add_backup;
   8          
   9          void backspace(unsigned char*str){//退格
  10   1              unsigned int a;
  11   1              if(Edit_state){
  12   2                      for(a=Insert_node;a<=Add;a++)str[a-1]=str[a];
  13   2                      refresh_str(str,--Add<16?Add:Edit_location==Add+1?cursor_position++,--Edit_location:Edit_location);
  14   2                      LCD1602_Write_Reg(cursor_position);
  15   2                      if(!Add||Insert_node==Add){
  16   3                              Edit_state=0;
  17   3                              LCD1602_Write_Reg(0x0C);
  18   3                      }
  19   2              }
  20   1              else{
  21   2                      if(!Add&&!Add_backup)return;
  22   2                      if(!Add)Add=Add_backup;
  23   2                      if(Add>0)if(!--Add)Add_backup=0;
  24   2                      refresh_str(str,Add);
  25   2              }
  26   1      }
  27          
  28          void cursor_left_shift(unsigned char*str){//光标左移
  29   1              if(cursor_position==0x80)return;
  30   1              if(Edit_state&&Add){
  31   2                      if(cursor_position>0x88){
  32   3                              Insert_node--;
  33   3                              LCD1602_Write_Reg(--cursor_position);
  34   3                      }
  35   2                      else if(cursor_position==0x88&&Edit_location>16){
  36   3                              Insert_node--;
  37   3                              refresh_str(str,--Edit_location);
  38   3                              LCD1602_Write_Reg(cursor_position);
  39   3                      }
  40   2                      else{
  41   3                              Insert_node--;
  42   3                              LCD1602_Write_Reg(--cursor_position);
  43   3                      }
  44   2              }
  45   1              else{
  46   2                      if(!Add&&!Add_backup)return;
  47   2                      Edit_state=1;
  48   2                      if(!Add)Add=Add_backup;
  49   2                      Edit_location=Insert_node=Add;
  50   2                      LCD1602_Write_Reg(0x0E);
  51   2                      if(Add<16)LCD1602_Write_Reg(cursor_position=0x80+Add-1);
  52   2                      else LCD1602_Write_Reg(cursor_position=0x8F);
  53   2              }
  54   1      }
C51 COMPILER V9.01   INSERT_EDIT                                                           06/17/2020 21:36:38 PAGE 2   

  55          
  56          void Exit_editor(){//退出编辑
  57   1              Edit_state=0;
  58   1              LCD1602_Write_Reg(0x0C);
  59   1      }
  60          
  61          void cursor_right_shift(unsigned char*str){//光标右移
  62   1              if(Edit_state){
  63   2                      if(Insert_node==Add){
  64   3                              Edit_state=0;
  65   3                              LCD1602_Write_Reg(0x0C);
  66   3                      }
  67   2                      else if(cursor_position<0x88){
  68   3                              if(cursor_position==Add+127){
  69   4                                      Exit_editor();
  70   4                                      return;
  71   4                              }
  72   3                              Insert_node++;
  73   3                              LCD1602_Write_Reg(++cursor_position);
  74   3                      }
  75   2                      else if(cursor_position==0x88&&Edit_location<Add){
  76   3                              if(cursor_position==Add+127){
  77   4                                      Exit_editor();
  78   4                                      return;
  79   4                              }
  80   3                              Insert_node++;
  81   3                              refresh_str(str,++Edit_location);
  82   3                              LCD1602_Write_Reg(cursor_position);
  83   3                      }
  84   2                      else{
  85   3                              if(cursor_position==Add+127){
  86   4                                      Exit_editor();
  87   4                                      return;
  88   4                              }
  89   3                              Insert_node++;
  90   3                              LCD1602_Write_Reg(++cursor_position);
  91   3                      }
  92   2              }
  93   1              else{
  94   2                      if(!Add&&!Add_backup)return;
  95   2                      Edit_state=1;
  96   2                      if(!Add)Add=Add_backup;
  97   2                      Edit_location=Add<16?Add:16;
  98   2                      Insert_node=1;
  99   2                      LCD1602_Write_Reg(0x0E);
 100   2                      LCD1602_Write_Reg(cursor_position=0x80);
 101   2              }
 102   1      }


MODULE INFORMATION:   STATIC OVERLAYABLE
   CODE SIZE        =    714    ----
   CONSTANT SIZE    =   ----    ----
   XDATA SIZE       =   ----    ----
   PDATA SIZE       =   ----    ----
   DATA SIZE        =   ----      11
   IDATA SIZE       =      4    ----
   BIT SIZE         =   ----    ----
END OF MODULE INFORMATION.


C51 COMPILATION COMPLETE.  0 WARNING(S),  0 ERROR(S)
