C51 COMPILER V9.01   OPERATION                                                             06/17/2020 21:36:37 PAGE 1   


C51 COMPILER V9.01, COMPILATION OF MODULE OPERATION
OBJECT MODULE PLACED IN .\Objects\operation.obj
COMPILER INVOKED BY: C:\Keil\C51\BIN\C51.EXE operation.c OPTIMIZE(9,SPEED) BROWSE DEBUG OBJECTEXTEND PRINT(.\Listings\op
                    -eration.lst) OBJECT(.\Objects\operation.obj)

line level    source

   1          #include "operation.h"
   2          #include <stdlib.h>
   3          #include "display_driver.h"
   4          #include <math.h>
   5          
   6          #define PI 3.14159265
   7          
   8          bit sign;
   9          int tempw[6];
  10          
  11          //#include "LCD1602.h"
  12          //void xxx(){//检错
  13          //      unsigned char a;
  14          //      unsigned char*p=(unsigned char xdata*)0;
  15          //      LCD1602_Write_Reg(0x80);
  16          //      for(a=0;a<16;a++)
  17          //      LCD1602_Write_Data(p[a]);
  18          //      LCD1602_Write_Reg(0xC0);
  19          //      for(;a<32;a++)
  20          //      LCD1602_Write_Data(p[a]);
  21          //}
  22          
  23          double change_number(unsigned char*str){//转化成数字类型
  24   1              unsigned char a=0,b=0;
  25   1              double num;
  26   1              sign=0;
  27   1              while(str[a++]){
  28   2                      if(str[a]==0x6F){
  29   3                              sign=1;
  30   3                              str[a]=0;
  31   3                              num=atof(str);
  32   3                              b=a;
  33   3                              continue;
  34   3                      }
  35   2                      else if(str[a]=='\''){
  36   3                              sign=1;
  37   3                              str[a]=0;
  38   3                              num+=atof(&str[b])/60;
  39   3                              b=a;
  40   3                              continue;
  41   3                      }
  42   2                      else if(str[a]=='\"'){
  43   3                              sign=1;
  44   3                              str[a]=0;
  45   3                              num+=atof(&str[b])/3600;
  46   3                      }
  47   2              }
  48   1              if(sign)return num;
  49   1              return atof(str);
  50   1      }
  51          
  52          bit determine_scope(unsigned char str){//确认数值范围
  53   1              if(str=='0'||str=='1'||str=='2'||str=='3'||str=='4'||str=='5'||
  54   1                       str=='6'||str=='7'||str=='8'||str=='9'||str=='.'||str=='-'||
C51 COMPILER V9.01   OPERATION                                                             06/17/2020 21:36:37 PAGE 2   

  55   1                 str==0x6F||str=='\''||str=='\"')return 1;
  56   1              else return 0;
  57   1      }
  58          
  59          double calculate(double a,double b,unsigned char s){//计算
  60   1              switch(s){
  61   2                      case '+':
  62   2                              return a+b;
  63   2                      case '_':
  64   2                              return a-b;
  65   2                      case 'x':
  66   2                              return a*b;
  67   2                      case 253:
  68   2                      tempw[0]=(long int)(a*10000000/b)%10;
  69   2                      if(tempw[0]>4)return a/b-(0.000001);else        return a/b;
  70   2      tempw[1]=(long int)(a*100000000/b)%10;
  71   2      tempw[2]=(long int)(a*1000000000/b)%10;
  72   2      tempw[3]=(long int)(a*10000000000/b)%10;
  73   2      tempw[4]=(long int)(a*100000000000/b)%10;
  74   2      tempw[5]=(long int)(a*1000000000000/b)%10;
  75   2                      case 's':
  76   2                              return sign?sin((b/180)*PI):sin(b);
  77   2                      case 'c':
  78   2                              return sign?cos((b/180)*PI):cos(b);
  79   2                      case 't':
  80   2                              return sign?tan((b/180)*PI):tan(b);
  81   2              }
  82   1              return 0;
  83   1      }
  84          
  85          double*multiplication(unsigned char*str,const unsigned int add,double*addr,unsigned char s){//运算
  86   1              bit sign1,sign2;
  87   1              unsigned char backup1;
  88   1              unsigned int a,backup=add-1;
  89   1              unsigned int backup3=add+1;
  90   1              unsigned int sign;
  91   1              double num1,num2;
  92   1              double*PN1,*PN2;
  93   1              str[add]=0;
  94   1              if(s=='s'||s=='c'||s=='t')str[add+1]=str[add+2]=0;
  95   1              while(!str[backup])backup--;
  96   1              if(add>=4&&str[backup-2]=='p'){
  97   2                      sign1=1;
  98   2                      PN1=(double xdata*)(unsigned int)(str[backup-1]<<8|str[backup]);
  99   2              }
 100   1              else if(add>=4&&str[backup-1]=='p'){
 101   2                      sign1=1;
 102   2                      PN1=(double xdata*)(unsigned int)(str[backup]<<8|str[backup+1]);
 103   2              }
 104   1              else{
 105   2                      sign1=0;
 106   2                      while(determine_scope(str[backup]))backup--;
 107   2                      num1=change_number(&str[backup+1]);
 108   2              }
 109   1              while(!str[backup3])backup3++;
 110   1              sign=backup3;
 111   1              if(str[backup3]=='p'){
 112   2                      sign2=1;
 113   2                      PN2=(double xdata*)(unsigned int)(str[backup3+1]<<8|str[backup3+2]);
 114   2              }
 115   1              else{
 116   2                      sign2=0;
C51 COMPILER V9.01   OPERATION                                                             06/17/2020 21:36:37 PAGE 3   

 117   2                      while(determine_scope(str[backup3]))backup3++;
 118   2                backup1=str[backup3];
 119   2          str[backup3]=0;
 120   2                num2=change_number(&str[sign]);
 121   2                str[backup3]=backup1;
 122   2              }
 123   1              if(s=='s'||s=='c'||s=='t'){
 124   2                      if(sign2){
 125   3                        *PN2=calculate(0,*PN2,s);
 126   3                      }
 127   2                      else{
 128   3                              *addr=calculate(0,num2,s);
 129   3                              for(a=add,backup1=0;a<backup3;a++,backup1++){
 130   4                                      switch(backup1){
 131   5                                              case 0:str[a]='p';break;
 132   5                                              case 1:str[a]=(unsigned int)addr>>8;break;
 133   5                                              case 2:str[a]=(unsigned int)addr;break;
 134   5                                              default:str[a]=0;
 135   5                                      }
 136   4                              }
 137   3                              addr++;
 138   3                      }
 139   2              }
 140   1              else if(!sign1&&!sign2){
 141   2                      *addr=calculate(num1,num2,s);
 142   2                      for(a=backup+1,backup1=0;a<backup3;a++,backup1++){
 143   3                              switch(backup1){
 144   4                                      case 0:str[a]='p';break;
 145   4                                      case 1:str[a]=(unsigned int)addr>>8;break;
 146   4                                      case 2:str[a]=(unsigned int)addr;break;
 147   4                                      default:str[a]=0;
 148   4                              }
 149   3                      }
 150   2                      addr++;
 151   2              }
 152   1              else if(sign1&&sign2){
 153   2                      *PN1=calculate(*PN1,*PN2,s);
 154   2                      str[backup3]=str[backup3+1]=str[backup3+2]=0;
 155   2              }
 156   1              else if(sign1&&!sign2){
 157   2                      *PN1=calculate(*PN1,num2,s);
 158   2                      for(a=add+1;a<backup3;a++)str[a]=0;
 159   2              }
 160   1              else{
 161   2                      *PN2=calculate(num1,*PN2,s);
 162   2                      for(a=backup+1;a<add;a++)str[a]=0;
 163   2              }
 164   1              return addr;
 165   1      }
 166          
 167          double*priority_operation(const unsigned char*addr,const unsigned int offset,double*addn){//优先级运算
 168   1              unsigned int a;
 169   1              for(a=1;a<=offset;a++){
 170   2                      if(addr[a]=='p')a+=2;
 171   2                      else if(addr[a]=='s')addn=multiplication(addr,a,addn,'s');
 172   2                      else if(addr[a]=='c')addn=multiplication(addr,a,addn,'c');
 173   2                      else if(addr[a]=='t')addn=multiplication(addr,a,addn,'t');
 174   2              }
 175   1              for(a=1;a<=offset;a++){
 176   2                      if(addr[a]=='p')a+=2;
 177   2                      else if(addr[a]=='x')addn=multiplication(addr,a,addn,'x');
 178   2                      else if(addr[a]==253)addn=multiplication(addr,a,addn,253);
C51 COMPILER V9.01   OPERATION                                                             06/17/2020 21:36:37 PAGE 4   

 179   2              }
 180   1              for(a=1;a<=offset;a++){
 181   2                      if(addr[a]=='p')a+=2;
 182   2                      else if(addr[a]=='+')addn=multiplication(addr,a,addn,'+');
 183   2                      else if(addr[a]=='_')addn=multiplication(addr,a,addn,'_');
 184   2              }
 185   1              return addn;
 186   1      }
 187          
 188          void Ready_operation(unsigned char*str,unsigned int add){//运算准备
 189   1              bit sign;
 190   1              unsigned char*p=(unsigned char xdata*)add;
 191   1              unsigned int a,b;
 192   1              double*addr=(double xdata*)(add*2+2);
 193   1              for(a=0,p[a]=0;a<=add;a++)p[a+1]=str[a];
 194   1              for(a=1;a<=add;a++)if(p[a]=='-')
 195   1              if(p[a+1]!='0'&&p[a+1]!='1'&&p[a+1]!='2'&&p[a+1]!='3'&&p[a+1]!='4'&&
 196   1                       p[a+1]!='5'&&p[a+1]!='6'&&p[a+1]!='7'&&p[a+1]!='8'&&p[a+1]!='9')p[a]='_';
 197   1              else if(p[a-1]=='0'||p[a-1]=='1'||p[a-1]=='2'||p[a-1]=='3'||p[a-1]=='4'||p[a-1]=='5'||
 198   1                            p[a-1]=='6'||p[a-1]=='7'||p[a-1]=='8'||p[a-1]=='9'||p[a-1]==')')p[a]='_';
 199   1              do{
 200   2                      sign=0;
 201   2                      for(a=1;a<=add;a++){
 202   3                              if(p[a]=='p')a+=2;
 203   3                              else if(p[a]=='('){
 204   4                                      sign=1;
 205   4                                      for(b=a+1;b<=add;b++){
 206   5                                              if(p[b]=='(')break;
 207   5                                              else if(p[b]=='p')b+=2;
 208   5                                              else if(p[b]==')'){
 209   6                                                      p[a]=p[b]=0;
 210   6                                                      addr=priority_operation(&p[a],b-a,addr);
 211   6                                                      break;
 212   6                                              }
 213   5                                              else if(b==add){
 214   6                                                      p[a]=0;
 215   6                                                      addr=priority_operation(&p[a],b-a,addr);
 216   6                                              }
 217   5                                      }
 218   4                              }
 219   3                      }
 220   2              }while(sign);
 221   1              for(a=1;a<=add;a++){
 222   2                      if(p[a]=='p')a+=2;
 223   2                      else if(p[a]==')'){
 224   3                              p[a]=0;
 225   3                              addr=priority_operation(p,a,addr);
 226   3                      }
 227   2              }
 228   1              priority_operation(p,add,addr);
 229   1              for(a=1;a<=add;a++)if(p[a]=='p'){
 230   2                      display_result((double xdata*)(unsigned int)(p[a+1]<<8|p[a+2]),str,add);
 231   2                      return;
 232   2              }
 233   1      }


MODULE INFORMATION:   STATIC OVERLAYABLE
   CODE SIZE        =   2502    ----
   CONSTANT SIZE    =   ----    ----
   XDATA SIZE       =   ----    ----
   PDATA SIZE       =   ----    ----
C51 COMPILER V9.01   OPERATION                                                             06/17/2020 21:36:37 PAGE 5   

   DATA SIZE        =     12      75
   IDATA SIZE       =   ----    ----
   BIT SIZE         =      1       3
END OF MODULE INFORMATION.


C51 COMPILATION COMPLETE.  0 WARNING(S),  0 ERROR(S)
