C51 COMPILER V9.52.0.0   EDOOR                                                             03/25/2015 15:02:01 PAGE 1   


C51 COMPILER V9.52.0.0, COMPILATION OF MODULE EDOOR
OBJECT MODULE PLACED IN edoor.OBJ
COMPILER INVOKED BY: C:\Keil\C51\BIN\C51.EXE edoor.c BROWSE DEBUG OBJECTEXTEND TABS(2)

line level    source

   1          //********************************************************************************************************
             -****************************
   2          //库调用.宏类型定义.位定义//
   3          //********************************************************************************************************
             -****************************
   4          #include <reg52.h>                  
   5          #include <intrins.h>
   6          #define uchar unsigned char
   7          #define uint unsigned int
   8          #define ushort unsigned short
   9          
  10          #define GPIO_KEY P1                 //矩阵键盘烧扫描端口
  11          sbit RS = P2^2;                     //液晶显示器控制端口
  12          sbit RW = P2^3; 
  13          sbit E = P3^7;
  14          sbit shuchu=P2^0;                   //继电器控制端口
  15          sbit beep=P2^1;                     //报警器端口
  16          sbit DoorBell=P3^6;                 //门铃端口
  17          sbit SCL = P2^6;                    //AT24C04的时钟
  18          sbit SDA = P2^7;                    //AT24C04的数据
  19          
  20          uchar idata upxs[16]={"Password:"}; //上排存放数组
  21          uchar idata dwxs[16]={""};          //下排存放数组
  22          uint idata tempword[6]={0};         //临时密码数组
  23          uint idata password[6]={1,1,1,1,1,1};//初始密码
  24          uint idata now=0;                   //数组伪指针
  25          uint idata key=0;                   //密钥
  26          uint idata keyboard=0;              //键盘锁定标志
  27          uint idata key1=0;                  //用于密码修改
  28          uint idata KeyValue=16;             //用来存放读取到的键值
  29          uint idata warn=0;                  //错误累计
  30          uint idata time=0;                  //用于定时
  31          uint idata time1=0;                 //用于定时
  32          uint idata time2=0;                 //用于定时
  33          uint idata moshi=0;                 //定时器内部模式
  34          uchar idata BUF[8];                 //掉电数据缓存区
  35          uchar idata TESTDATA[8]={0};        //掉电新密码存储
  36          uint idata menu=0;                  //menu用于密码修改
  37          uint idata tempword1[8]={0};        //用于密码修改
  38          //********************************************************************************************************
             -*************************
  39          //函数声明//
  40          //********************************************************************************************************
             -*************************
  41          void delete(void);
  42          //********************************************************************************************************
             -*************************
  43          /*模块名称：液晶驱动显示模块*/
  44          /*模块功能：驱动LCD1602的显示，并时时显示按键值*/
  45          //********************************************************************************************************
             -*************************
  46          void delay(uint dell)//毫秒延时//
  47          {
  48   1           uchar x;
  49   1           for(dell;dell>0;dell--)
C51 COMPILER V9.52.0.0   EDOOR                                                             03/25/2015 15:02:01 PAGE 2   

  50   1           for(x=110;x>0;x--);
  51   1      }
  52          void wr_com(uchar temp)//写指令//
  53          {
  54   1           RS=0;
  55   1           RW=0;
  56   1           P0=temp;
  57   1           E=1;
  58   1           E=0;
  59   1      }
  60          void wr_data(uchar num)//写数据//
  61          {
  62   1           RS=1;
  63   1           RW=0;
  64   1           P0=num;
  65   1           E=1;
  66   1           E=0;
  67   1      }
  68          void disp_lcd(uchar addr,char *templ)//显示函数//
  69          {
  70   1           uchar i;
  71   1           wr_com(addr);
  72   1           delay(50);
  73   1           for(i=0;i<16;i++)
  74   1          {
  75   2           wr_data(templ[i]);
  76   2           delay(50);
  77   2          }  
  78   1      }
  79          void lcd_init()//初始化液晶//
  80          {
  81   1           wr_com(0x30);
  82   1            delay(50);
  83   1           wr_com(0x38);
  84   1            delay(50);
  85   1           wr_com(0x01);
  86   1            delay(50);
  87   1           wr_com(0x06);
  88   1            delay(50);
  89   1           wr_com(0x0c);
  90   1            delay(50);
  91   1      }
  92          void lcdxianshi(void)//液晶总显示//
  93          {
  94   1           disp_lcd(0x80,upxs);
  95   1           disp_lcd(0xc0,dwxs);
  96   1      }
  97          //********************************************************************************************************
             -*************************
  98          /*模块名称：矩阵键盘扫描模块*/
  99          /*模块功能：时时扫描按键值*/
 100          //********************************************************************************************************
             -*************************
 101          void Delay10ms(void)//延时函数//
 102          {
 103   1          unsigned char a,b,c;
 104   1          for(c=1;c>0;c--)
 105   1              for(b=38;b>0;b--)
 106   1                  for(a=130;a>0;a--);
 107   1      }
 108          void KeyDown(void)//键盘检测函数//
 109          {
C51 COMPILER V9.52.0.0   EDOOR                                                             03/25/2015 15:02:01 PAGE 3   

 110   1        char a=0;
 111   1        GPIO_KEY=0x0f;
 112   1        if(GPIO_KEY!=0x0f)     //读取按键是否按下
 113   1        {
 114   2          Delay10ms();         //延时10ms进行消抖
 115   2          if(GPIO_KEY!=0x0f)   //再次检测键盘是否按下
 116   2          {
 117   3            
 118   3            //扫描列
 119   3            GPIO_KEY=0X0F;
 120   3            switch(GPIO_KEY)
 121   3            {
 122   4              case(0X07): KeyValue=0;break;
 123   4              case(0X0b): KeyValue=1;break;
 124   4              case(0X0d): KeyValue=2;break;
 125   4              case(0X0e): KeyValue=3;break;
 126   4            }
 127   3            //扫描行
 128   3            GPIO_KEY=0XF0;
 129   3            switch(GPIO_KEY)
 130   3            {
 131   4              case(0X70): KeyValue=KeyValue;break;
 132   4              case(0Xb0): KeyValue=KeyValue+4;break;
 133   4              case(0Xd0): KeyValue=KeyValue+8;break;
 134   4              case(0Xe0): KeyValue=KeyValue+12;break;
 135   4            }
 136   3            while((a<10)&&(GPIO_KEY!=0xf0))//按键松手检测
 137   3            {
 138   4              Delay10ms();
 139   4              a++;
 140   4            }
 141   3          }
 142   2        }
 143   1      }
 144          //********************************************************************************************************
             -***********************
 145          /*模块名称：数据处理模块*/
 146          /*模块功能：（1）将按键值传递给各种缓存数祝（2）包含数据清除函数*/
 147          //********************************************************************************************************
             -***********************
 148          void keysend(void)//键值传递//
 149          {
 150   1           switch(KeyValue)
 151   1           {
 152   2             case 0:{dwxs[now]='0';tempword[now]=0;TESTDATA[now]=0;now++;break;}
 153   2             case 1:{dwxs[now]='1';tempword[now]=1;TESTDATA[now]=1;now++;break;}
 154   2             case 2:{dwxs[now]='2';tempword[now]=2;TESTDATA[now]=2;now++;break;}
 155   2             case 3:{dwxs[now]='3';tempword[now]=3;TESTDATA[now]=3;now++;break;}
 156   2             case 4:{dwxs[now]='4';tempword[now]=4;TESTDATA[now]=4;now++;break;}
 157   2             case 5:{dwxs[now]='5';tempword[now]=5;TESTDATA[now]=5;now++;break;}
 158   2             case 6:{dwxs[now]='6';tempword[now]=6;TESTDATA[now]=6;now++;break;}
 159   2             case 7:{dwxs[now]='7';tempword[now]=7;TESTDATA[now]=7;now++;break;}
 160   2             case 8:{dwxs[now]='8';tempword[now]=8;TESTDATA[now]=8;now++;break;}
 161   2             case 9:{dwxs[now]='9';tempword[now]=9;TESTDATA[now]=9;now++;break;}
 162   2             case 11:{
 163   3                     upxs[12]='S';
 164   3                     upxs[13]='U';
 165   3                     upxs[14]='R';
 166   3                     upxs[15]='E'; break;
 167   3             }
 168   2             case 14:{
 169   3                     menu++;       //密码修改模式启动模式一
C51 COMPILER V9.52.0.0   EDOOR                                                             03/25/2015 15:02:01 PAGE 4   

 170   3                if(menu>1)         //再次按下跳出密码修改模式
 171   3                {
 172   4                   upxs[0]='P';    //显示“password”
 173   4                       upxs[1]='a';
 174   4                       upxs[2]='s';
 175   4                       upxs[3]='s';
 176   4                       upxs[4]='w';
 177   4                       upxs[5]='o';
 178   4                       upxs[6]='r';
 179   4                       upxs[7]='d';
 180   4                     upxs[8]=':';
 181   4                 delete();
 182   4                 menu=0;
 183   4                }
 184   3                break;
 185   3             }
 186   2             case 15:{
 187   3                    TR0=1;         //定时器0打开
 188   3                  moshi=1;         //模式1为门铃模式
 189   3                KeyValue=16; break;//键值缓存清零
 190   3             }
 191   2            }
 192   1            if(now==6) now=0;      //只存储8位，只显示八位
 193   1      }
 194          void delete(void)//清除函数//
 195          {
 196   1           uchar i;
 197   1             for(i=0;i<16;i++)
 198   1           {
 199   2              dwxs[i]=0x20;     //密码字符清零
 200   2           }
 201   1           for(i=0;i<6;i++)
 202   1           {
 203   2              tempword[i]=0;   //密码缓存数组清零
 204   2           }
 205   1            upxs[11]=0x20;
 206   1            upxs[12]=0x20;   //SURE显示清零
 207   1            upxs[13]=0x20;
 208   1            upxs[14]=0x20;
 209   1            upxs[15]=0x20;
 210   1           now=0;              //伪指针复位
 211   1           key=0;              //密钥清零
 212   1           KeyValue=16;        //键值缓存初始
 213   1      }
 214          void condition_delete(void) //条件清除
 215          {
 216   1           if(KeyValue==10)
 217   1         {
 218   2          delete();            //按下DELE键清除数据
 219   2         }
 220   1         KeyValue=16;          //键值缓存清零
 221   1      }
 222          //********************************************************************************************************
             -*************************
 223          /*模块名称：定时器模块*/
 224          /*模块功能：定时器0用于产生门铃效果，定时器1用于各种倒计时*/
 225          //********************************************************************************************************
             -*************************
 226          void timer0() interrupt 1    //定时器0用于门铃
 227          {
 228   1          switch(moshi)
 229   1         {
C51 COMPILER V9.52.0.0   EDOOR                                                             03/25/2015 15:02:01 PAGE 5   

 230   2            case 1:{
 231   3                DoorBell=~DoorBell;
 232   3                  time++;
 233   3                   if(time<400)             //若需要拖长声音，可以调整 400 和 800
 234   3                  {
 235   4                     TH0=(8192-700)/32;     //700us 定时
 236   4                     TL0=(8192-700)%32;
 237   4                  }
 238   3                   else if(time<800)
 239   3                  {
 240   4                     TH0=(8192-1000)/32;    //1ms 定时
 241   4                     TL0=(8192-1000)%32;
 242   4                  }
 243   3                   else
 244   3                  {
 245   4                     time=0;          //计数清零
 246   4                     TR0=0;         //关闭定时器
 247   4               moshi=0;            //跳出模式1
 248   4                  }
 249   3            break;
 250   3          }
 251   2          case 2:{
 252   3               beep=~beep;
 253   3             time++;
 254   3             if(time<400)             //若需要拖长声音，调整 400
 255   3                  {
 256   4                     TH0=(8192-700)/32;     //700us 定时
 257   4                     TL0=(8192-700)%32;
 258   4                  }
 259   3            else
 260   3            {
 261   4               time=0;          //计数清零
 262   4            }
 263   3            break;
 264   3          }
 265   2         }
 266   1      }
 267          void timer1() interrupt 3    //定时器1用于自动关门
 268          {  
 269   1          TH0=(65536-50000)/256;  
 270   1          TL0=(65536-50000)%256;  
 271   1          time1++;   
 272   1          if(time1==20)//一秒  
 273   1          {      
 274   2            time2++;
 275   2            time1=0;  
 276   2          } 
 277   1      }
 278          //********************************************************************************************************
             -**************************
 279          /*模块名称帜：掉电模块*/
 280          /*模块功能：支持门锁掉电后密码可保存而不丢失*/
 281          //********************************************************************************************************
             -**************************
 282          //延时5微秒(STC90C52RC@12M)，此延时对于12M晶振
 283          void Delay5us()
 284          {
 285   1          _nop_();
 286   1          _nop_();
 287   1      }
 288          //延时5毫秒(STC90C52RC@12M)
 289          void Delay5ms()
C51 COMPILER V9.52.0.0   EDOOR                                                             03/25/2015 15:02:01 PAGE 6   

 290          {
 291   1          ushort n = 560;
 292   1          while (n--);
 293   1      }
 294          //起始信号
 295          void AT24C04_Start()
 296          {
 297   1          SDA = 1;                    //拉高数据线
 298   1          SCL = 1;                    //拉高时钟线
 299   1          Delay5us();                 //延时
 300   1          SDA = 0;                    //产生下降沿
 301   1          Delay5us();                 //延时
 302   1          SCL = 0;                    //拉低时钟线
 303   1      }
 304          //停止信号
 305          void AT24C04_Stop()
 306          {
 307   1          SDA = 0;                    //拉低数据线
 308   1          SCL = 1;                    //拉高时钟线
 309   1          Delay5us();                 //延时
 310   1          SDA = 1;                    //产生上升沿
 311   1          Delay5us();                 //延时
 312   1      }
 313          //发送应答信号
 314          void AT24C04_SendACK(bit ack)
 315          {
 316   1          SDA = ack;                  //写应答信号
 317   1          SCL = 1;                    //拉高时钟线
 318   1          Delay5us();                 //延时
 319   1          SCL = 0;                    //拉低时钟线
 320   1          Delay5us();                 //延时
 321   1      }
 322          //接收应答信号
 323          bit AT24C04_RecvACK()
 324          {
 325   1          SCL = 1;                    //拉高时钟线
 326   1          Delay5us();                 //延时
 327   1          CY = SDA;                   //读应答信号
 328   1          SCL = 0;                    //拉低时钟线
 329   1          Delay5us();                 //延时
 330   1      
 331   1          return CY;
 332   1      }
 333          //向IIC总线发送一个字节数据
 334          void AT24C04_SendByte(uchar dat)
 335          {
 336   1          uchar i;
 337   1      
 338   1          for (i=0; i<8; i++)         //8位计数器
 339   1          {
 340   2              dat <<= 1;              //移出数据的最高位
 341   2              SDA = CY;               //送数据口
 342   2              SCL = 1;                //拉高时钟线
 343   2              Delay5us();             //延时
 344   2              SCL = 0;                //拉低时钟线
 345   2              Delay5us();             //延时
 346   2          }
 347   1          AT24C04_RecvACK();
 348   1      }
 349          //向AT24C04写1页(16字节)数据,将TESTDATA开始的16个测试数据写如设备的00~0F地址中
 350          void AT24C04_WritePage()
 351          {
C51 COMPILER V9.52.0.0   EDOOR                                                             03/25/2015 15:02:01 PAGE 7   

 352   1          uchar i;
 353   1      
 354   1          AT24C04_Start();            //起始信号
 355   1          AT24C04_SendByte(0xa0);     //发送设备地址+写信号
 356   1          AT24C04_SendByte(0x00);     //发送存储单元地址
 357   1          for (i=0; i<16; i++)
 358   1          {
 359   2              AT24C04_SendByte(TESTDATA[i]);
 360   2          }
 361   1          AT24C04_Stop();             //停止信号
 362   1      }
 363          //从IIC总线接收一个字节数据
 364          uchar AT24C04_RecvByte()
 365          {
 366   1          uchar i;
 367   1          uchar dat = 0;
 368   1      
 369   1          SDA = 1;                    //使能内部上拉,准备读取数据
 370   1          for (i=0; i<8; i++)         //8位计数器
 371   1          {
 372   2              dat <<= 1;
 373   2              SCL = 1;                //拉高时钟线
 374   2              Delay5us();             //延时
 375   2              dat |= SDA;             //读数据
 376   2              SCL = 0;                //拉低时钟线
 377   2              Delay5us();             //延时
 378   2          }
 379   1      
 380   1          return dat;
 381   1      }
 382          //从AT24C04读取1页(16字节)数据,将设备的00~0F地址中的数据读出存放在DATA区的BUF中
 383          void AT24C04_ReadPage()
 384          {
 385   1          uchar i;
 386   1      
 387   1          AT24C04_Start();            //起始信号
 388   1          AT24C04_SendByte(0xa0);     //发送设备地址+写信号
 389   1          AT24C04_SendByte(0x00);     //发送存储单元地址
 390   1          AT24C04_Start();            //起始信号
 391   1          AT24C04_SendByte(0xa1);     //发送设备地址+读信号
 392   1          for (i=0; i<8; i++)
 393   1          {
 394   2              BUF[i] = AT24C04_RecvByte();
 395   2              if (i == 7)
 396   2              {
 397   3                  AT24C04_SendACK(1); //最后一个数据需要会NAK
 398   3              }
 399   2              else
 400   2              {
 401   3                  AT24C04_SendACK(0); //回应ACK
 402   3              }
 403   2          }
 404   1          AT24C04_Stop();             //停止信号
 405   1      }
 406          //********************************************************************************************************
             -************************
 407          /*模块名称：菜单模块*/
 408          /*模块功能：用于密码修改，先输入旧密码，密码正确两次输入新密码*/
 409          //********************************************************************************************************
             -************************
 410          void new_password(void)//密码修改函数
 411          {
C51 COMPILER V9.52.0.0   EDOOR                                                             03/25/2015 15:02:01 PAGE 8   

 412   1           uchar i,j;
 413   1           uchar tempxs1[]={"old mima   MENUi"};//提示：输入旧密码
 414   1           uchar tempxs2[]={"new mima   FIRST"};//提示：输入新密码一次
 415   1           uchar tempxs3[]={"new mima   AGAIN"};//提示：输入新密码二次
 416   1           uchar tempxs4[]={"password:       "};//password显示
 417   1           uchar tempxs5[]={"success  change "};//修改成功显示
 418   1           switch(menu)
 419   1         {
 420   2          case 1:{
 421   3          for(j=0;j<16;j++){
 422   4          upxs[j]=tempxs1[j];
 423   4         }
 424   3          if(tempword[5]!=0)
 425   3          {
 426   4            AT24C04_ReadPage();//读取密码
 427   4            for(i=0;i<8;i++)
 428   4            {
 429   5            if(BUF[i]!=0)//对比密码,判断是不是第一次使用
 430   5            {
 431   6                key1++;
 432   6            }
 433   5            }
 434   4            if(key1==0)//如果是第一次使用
 435   4            {
 436   5               for(i=0;i<6;i++)
 437   5              {
 438   6                if(password[i]!=tempword[i])//对比初始密码
 439   6               {
 440   7                key++;
 441   7               }
 442   6              }
 443   5            if(key==0)//密码正确进入菜单二输入新密码
 444   5              {
 445   6                 delete();
 446   6               for(i=0;i<8;i++)
 447   6               {
 448   7                  tempword[i]=0;//清空缓存数组
 449   7               }
 450   6               key=0;
 451   6               key1=0;
 452   6                 menu=2;
 453   6              }
 454   5            }
 455   4            if(key1!=0)//如果不是第一次使用
 456   4            {
 457   5              for(i=0;i<8;i++)
 458   5              {
 459   6                password[i]=BUF[i];
 460   6                if(password[i]!=tempword[i])//对比密码
 461   6                {
 462   7                   key++;
 463   7                }
 464   6              }
 465   5            if(key==0)//密码正确进入菜单二输入新密码
 466   5              {
 467   6                 delete();
 468   6               for(i=0;i<8;i++)
 469   6               {
 470   7                  tempword[i]=0;//清空缓存数组
 471   7               }
 472   6               key=0;
 473   6               key1=0;
C51 COMPILER V9.52.0.0   EDOOR                                                             03/25/2015 15:02:01 PAGE 9   

 474   6                 menu=2;
 475   6              }
 476   5            }
 477   4          }
 478   3          break;
 479   3          }
 480   2          case 2:{
 481   3          for(j=0;j<16;j++){
 482   4          upxs[j]=tempxs2[j];
 483   4         }
 484   3          if(tempword[5]!=0)
 485   3          {
 486   4             for(i=0;i<8;i++)
 487   4             {
 488   5                 tempword1[i]=tempword[i];
 489   5             }
 490   4             delete();
 491   4               for(i=0;i<8;i++)
 492   4               {
 493   5                  tempword[i]=0;//清空缓存数组
 494   5               }
 495   4                 menu=3;      //进入菜单三再次输入新密码
 496   4          }
 497   3          break;
 498   3          }
 499   2          case 3:{
 500   3          for(j=0;j<16;j++){
 501   4          upxs[j]=tempxs3[j];
 502   4         }
 503   3          if(tempword[5]!=0)
 504   3          {
 505   4             for(i=0;i<8;i++)
 506   4             {
 507   5                if(tempword1[i]!=tempword[i])//对比密码
 508   5             {
 509   6                 key++;
 510   6             }
 511   5             }
 512   4             if(key==0)//如果第二次输入的密码与第一次相同
 513   4             {
 514   5                 AT24C04_WritePage();  //写入新密码
 515   5               for(i=0;i<8;i++)
 516   5               {
 517   6                  tempword[i]=0;//清空缓存数组
 518   6                tempword1[i]=0;//清空缓存数组
 519   6               }
 520   5              for(j=0;j<16;j++){
 521   6          upxs[j]=tempxs4[j];
 522   6          dwxs[j]=tempxs5[j];
 523   6         }
 524   5            key=0;
 525   5            menu=0;      //跳出密码修改菜单
 526   5            TR1=1;
 527   5            if(time2==2)           //显示2秒
 528   5           {
 529   6             delete();
 530   6             TR1=0;              //关闭定时器1
 531   6           }  
 532   5             }
 533   4             if(key!=0)//如果第二次输入的密码与第一次不同
 534   4             {
 535   5                 for(i=0;i<8;i++)
C51 COMPILER V9.52.0.0   EDOOR                                                             03/25/2015 15:02:01 PAGE 10  

 536   5               {
 537   6                  tempword[i]=0;//清空缓存数组
 538   6                tempword1[i]=0;//清空缓存数组
 539   6               }
 540   5               dwxs[15]='n';
 541   5               dwxs[14]='i';
 542   5                 dwxs[13]='a';
 543   5               dwxs[12]='g';
 544   5               dwxs[11]='a';
 545   5              key=0;
 546   5              menu=2;             //跳转到菜单2
 547   5             }
 548   4          }
 549   3          }
 550   2         }
 551   1         KeyValue=16;             //键值初始
 552   1      }
 553          //********************************************************************************************************
             -************************
 554          /*模块名称：单函数区*/
 555          /*模块功能：一些单独功能的函数*/
 556          //********************************************************************************************************
             -************************
 557          void sure(void)//密码认证函数//
 558          {
 559   1           uchar i;
 560   1          if(KeyValue==11)
 561   1         {    
 562   2         AT24C04_ReadPage();
 563   2             for(i=0;i<6;i++)
 564   2           {  password[i]=BUF[i];
 565   3            if(password[i]!=tempword[i])//对比密码
 566   3            {
 567   4                key++;
 568   4            }
 569   3           }      
 570   2           if(key==0)                //密码正确，输出OK 
 571   2               {
 572   3              dwxs[13]='O';
 573   3              dwxs[14]='K';
 574   3              shuchu=1;       //开门
 575   3              TR1=1;            //定时器1打开，启动倒计时
 576   3              moshi=0;          //输入正确密码可关闭报警模式
 577   3              beep=0;           //蜂鸣器复位
 578   3              TR0=0;            //并且关闭定时器0
 579   3               }
 580   2           if(key!=0)           //密码错误，次数累加
 581   2            {
 582   3              dwxs[12]='E';
 583   3              dwxs[13]='R';
 584   3              dwxs[14]='O';
 585   3              dwxs[15]='R';
 586   3              warn++;
 587   3              if(warn==3)       //输入错误3次，报警
 588   3              {
 589   4                 keyboard=1;    //三次错误则键盘锁住
 590   4                 TR0=1;         //定时器0启动
 591   4                 moshi=2;       //模式2启动蜂鸣器报警
 592   4                 warn=0;        //累计清零
 593   4                 TR1=1;         //启动键盘锁定倒计时
 594   4              }
 595   3            }
C51 COMPILER V9.52.0.0   EDOOR                                                             03/25/2015 15:02:01 PAGE 11  

 596   2         }
 597   1      }
 598          //********************************************************************************************************
             -****************************
 599          //附功能函数//
 600          //********************************************************************************************************
             -****************************
 601          void Add_Function(void)
 602          {
 603   1          switch(time2)
 604   1        {
 605   2          case 4:{               //门锁打开后4秒关闭
 606   3             shuchu=0;           //关闭门锁电源
 607   3             delete();           //自动清除
 608   3             if(keyboard==0)     //如果不是密码错误开启的定时器则关闭定时器1
 609   3            {
 610   4               time2 =0;         //time2复位
 611   4               TR1=0;            //定时器1关闭
 612   4            }
 613   3            break;      
 614   3          }
 615   2          case 60:{              //键盘锁定一分钟
 616   3             keyboard=0;         //键盘解锁
 617   3             time2 =0;           //time2复位
 618   3             TR1=0;              //定时器1关闭
 619   3            break;
 620   3          }
 621   2        }
 622   1      }
 623          //********************************************************************************************************
             -****************************
 624          //系统初始化函数//
 625          //********************************************************************************************************
             -****************************
 626          void System_init(void)
 627          {
 628   1          TMOD=0x10;              //0001 0000//定时器1方式1，定时器0方式0
 629   1          TH0=(8192-700)/32;      //定时器0 700us 定时
 630   1          TL0=(8192-700)%32;
 631   1          TH1=(65536-50000)/256;  //定时器1 50ms
 632   1          TL1=(65536-50000)%256;  
 633   1          EA=1;  
 634   1          ET0=1;
 635   1          ET1=1;
 636   1          shuchu=0;              //门锁初始化
 637   1          beep=0;                //警报初始化
 638   1          DoorBell=0;            //门铃初始化
 639   1          lcd_init();            //液晶初始化
 640   1      }
 641          //********************************************************************************************************
             -****************************
 642          /*模块名称：主函数*/
 643          /*模块功能：程序入口*/
 644          //********************************************************************************************************
             -****************************
 645          void main(void)//主函数
 646          {
 647   1          
 648   1        //AT24C04_WritePage();   //密码初始化（只需使用一次写入初始密码）
 649   1        System_init();           //系统初始化
 650   1        while(1)
 651   1        {     
C51 COMPILER V9.52.0.0   EDOOR                                                             03/25/2015 15:02:01 PAGE 12  

 652   2          if(keyboard==0)        //如果密码错误三次则锁定键盘
 653   2         {
 654   3            KeyDown();           //按键检测
 655   3         }
 656   2          keysend();             //数据传递
 657   2          lcdxianshi();          //输入显示
 658   2          sure();                //密码认证
 659   2          condition_delete();    //按键清除
 660   2          new_password();        //密码修改
 661   2          Add_Function();        //附功能函数
 662   2        }       
 663   1      }
 664          //********************************************************************************************************
             -****************************
 665          //结束
 666          //********************************************************************************************************
             -****************************


MODULE INFORMATION:   STATIC OVERLAYABLE
   CODE SIZE        =   2361    ----
   CONSTANT SIZE    =     85    ----
   XDATA SIZE       =   ----    ----
   PDATA SIZE       =   ----    ----
   DATA SIZE        =   ----      91
   IDATA SIZE       =    110    ----
   BIT SIZE         =   ----       1
END OF MODULE INFORMATION.


C51 COMPILATION COMPLETE.  0 WARNING(S),  0 ERROR(S)
