BL51 BANKED LINKER/LOCATER V6.22.2.0                                                    06/16/2020  16:14:23  PAGE 1


BL51 BANKED LINKER/LOCATER V6.22.2.0, INVOKED BY:
D:\KEIL5\C51\BIN\BL51.EXE .\Objects\main.obj TO .\Objects\traffic PRINT (.\Listings\traffic.m51)


MEMORY MODEL: SMALL


INPUT MODULES INCLUDED:
  .\Objects\main.obj (MAIN)
  D:\KEIL5\C51\LIB\C51S.LIB (?C_STARTUP)
  D:\KEIL5\C51\LIB\C51S.LIB (?C_INIT)


LINK MAP OF MODULE:  .\Objects\traffic (MAIN)


            TYPE    BASE      LENGTH    RELOCATION   SEGMENT NAME
            -----------------------------------------------------

            * * * * * * *   D A T A   M E M O R Y   * * * * * * *
            REG     0000H     0008H     ABSOLUTE     "REG BANK 0"
            DATA    0008H     0009H     UNIT         ?DT?MAIN
                    0011H     000FH                  *** GAP ***
            BIT     0020H.0   0000H.2   UNIT         ?BI?MAIN
                    0020H.2   0000H.6                *** GAP ***
            IDATA   0021H     0001H     UNIT         ?STACK

            * * * * * * *   C O D E   M E M O R Y   * * * * * * *
            CODE    0000H     0003H     ABSOLUTE     
                    0003H     0008H                  *** GAP ***
            CODE    000BH     0003H     ABSOLUTE     
            CODE    000EH     00D7H     UNIT         ?PR?TIME0?MAIN
            CODE    00E5H     008CH     UNIT         ?C_C51STARTUP
            CODE    0171H     006FH     UNIT         ?PR?DISPLAY?MAIN
            CODE    01E0H     0020H     UNIT         ?PR?_DELAY?MAIN
            CODE    0200H     0020H     UNIT         ?PR?MAIN?MAIN
            CODE    0220H     0011H     UNIT         ?C_INITSEG
            CODE    0231H     000BH     UNIT         ?CO?MAIN



OVERLAY MAP OF MODULE:   .\Objects\traffic (MAIN)


SEGMENT
  +--> CALLED SEGMENT
---------------------
?C_C51STARTUP
  +--> ?PR?MAIN?MAIN
  +--> ?C_INITSEG

?PR?MAIN?MAIN
  +--> ?PR?DISPLAY?MAIN

?PR?DISPLAY?MAIN
  +--> ?CO?MAIN
  +--> ?PR?_DELAY?MAIN

BL51 BANKED LINKER/LOCATER V6.22.2.0                                                  06/16/2020  16:14:23  PAGE 2




SYMBOL TABLE OF MODULE:  .\Objects\traffic (MAIN)

  VALUE           TYPE          NAME
  ----------------------------------

  -------         MODULE        MAIN
  C:0000H         SYMBOL        _ICE_DUMMY_
  D:0080H         PUBLIC        P0
  D:0090H         PUBLIC        P1
  D:00A0H         PUBLIC        P2
  B:00B0H.7       PUBLIC        dx_shi
  D:00B0H         PUBLIC        P3
  B:0020H.0       PUBLIC        shanruo
  B:00A8H.7       PUBLIC        EA
  B:00B0H.6       PUBLIC        dx_ge
  C:0231H         PUBLIC        table
  B:0020H.1       PUBLIC        dx_nb
  D:00A8H         PUBLIC        IE
  C:01E0H         PUBLIC        _delay
  D:00B8H         PUBLIC        IP
  B:00A0H.4       PUBLIC        Green_nb
  C:0200H         PUBLIC        main
  B:00A0H.1       PUBLIC        Green_dx
  B:00A0H.5       PUBLIC        Yellow_nb
  D:0008H         PUBLIC        set_timenb
  D:0098H         PUBLIC        SCON
  D:0089H         PUBLIC        TMOD
  D:0088H         PUBLIC        TCON
  B:00A0H.2       PUBLIC        Yellow_dx
  D:0009H         PUBLIC        set_timedx
  D:000AH         PUBLIC        buf
  B:00A8H.1       PUBLIC        ET0
  D:008CH         PUBLIC        TH0
  B:00A0H.6       PUBLIC        Red_nb
  D:008AH         PUBLIC        TL0
  D:000EH         PUBLIC        countt0
  B:0088H.4       PUBLIC        TR0
  B:00A0H.3       PUBLIC        Red_dx
  C:000EH         PUBLIC        time0
  D:00C8H         PUBLIC        T2CON
  D:000FH         PUBLIC        sec_nb
  B:00A0H.7       PUBLIC        nb_shi
  D:0010H         PUBLIC        sec_dx
  C:0171H         PUBLIC        display
  D:00D0H         PUBLIC        PSW
  B:00B0H.1       PUBLIC        nb_ge
  -------         PROC          _DELAY
  D:0006H         SYMBOL        ms
  -------         DO            
  D:0004H         SYMBOL        j
  D:0002H         SYMBOL        k
  -------         ENDDO         
  C:01E0H         LINE#         5
  C:01E0H         LINE#         6
  C:01E0H         LINE#         8
BL51 BANKED LINKER/LOCATER V6.22.2.0                                                  06/16/2020  16:14:23  PAGE 3


  C:01EAH         LINE#         9
  C:01FFH         LINE#         10
  -------         ENDPROC       _DELAY
  -------         PROC          MAIN
  C:0200H         LINE#         39
  C:0200H         LINE#         40
  C:0200H         LINE#         41
  C:0203H         LINE#         42
  C:0206H         LINE#         43
  C:0209H         LINE#         44
  C:020BH         LINE#         45
  C:020DH         LINE#         46
  C:020FH         LINE#         48
  C:0211H         LINE#         49
  C:0213H         LINE#         50
  C:0215H         LINE#         51
  C:0217H         LINE#         52
  C:0219H         LINE#         53
  C:021BH         LINE#         55
  C:021BH         LINE#         56
  C:021BH         LINE#         57
  C:021EH         LINE#         59
  -------         ENDPROC       MAIN
  -------         PROC          DISPLAY
  C:0171H         LINE#         61
  C:0171H         LINE#         62
  C:0171H         LINE#         64
  C:0179H         LINE#         65
  C:0182H         LINE#         66
  C:018AH         LINE#         67
  C:0193H         LINE#         69
  C:0195H         LINE#         70
  C:0197H         LINE#         71
  C:0199H         LINE#         72
  C:019BH         LINE#         73
  C:01A3H         LINE#         74
  C:01AAH         LINE#         75
  C:01ACH         LINE#         76
  C:01AEH         LINE#         77
  C:01B0H         LINE#         78
  C:01B2H         LINE#         79
  C:01B7H         LINE#         80
  C:01BCH         LINE#         81
  C:01BEH         LINE#         82
  C:01C0H         LINE#         83
  C:01C2H         LINE#         84
  C:01C4H         LINE#         85
  C:01C9H         LINE#         86
  C:01CEH         LINE#         87
  C:01D0H         LINE#         88
  C:01D2H         LINE#         89
  C:01D4H         LINE#         90
  C:01D6H         LINE#         91
  C:01DBH         LINE#         92
  -------         ENDPROC       DISPLAY
  -------         PROC          TIME0
  C:000EH         LINE#         95
BL51 BANKED LINKER/LOCATER V6.22.2.0                                                  06/16/2020  16:14:23  PAGE 4


  C:001DH         LINE#         97
  C:0020H         LINE#         98
  C:0023H         LINE#         99
  C:0025H         LINE#         100
  C:0027H         LINE#         102
  C:0030H         LINE#         103
  C:0030H         LINE#         104
  C:0041H         LINE#         105
  C:0041H         LINE#         106
  C:0043H         LINE#         107
  C:0045H         LINE#         108
  C:0047H         LINE#         109
  C:0049H         LINE#         110
  C:0049H         LINE#         111
  C:005AH         LINE#         112
  C:005AH         LINE#         113
  C:005CH         LINE#         114
  C:005EH         LINE#         115
  C:0060H         LINE#         116
  C:0062H         LINE#         117
  C:0062H         LINE#         118
  C:0062H         LINE#         122
  C:0068H         LINE#         123
  C:0068H         LINE#         124
  C:006AH         LINE#         125
  C:006CH         LINE#         126
  C:006EH         LINE#         128
  C:0081H         LINE#         129
  C:0081H         LINE#         130
  C:0083H         LINE#         131
  C:0085H         LINE#         132
  C:0087H         LINE#         133
  C:0089H         LINE#         135
  C:0089H         LINE#         136
  C:009DH         LINE#         137
  C:009DH         LINE#         138
  C:009FH         LINE#         139
  C:00A1H         LINE#         140
  C:00A3H         LINE#         141
  C:00A5H         LINE#         142
  C:00A5H         LINE#         143
  C:00B1H         LINE#         144
  C:00B1H         LINE#         146
  C:00B3H         LINE#         147
  C:00B3H         LINE#         148
  C:00BFH         LINE#         149
  C:00BFH         LINE#         151
  C:00C1H         LINE#         152
  C:00C1H         LINE#         156
  C:00C8H         LINE#         157
  C:00C8H         LINE#         158
  C:00CAH         LINE#         159
  C:00CCH         LINE#         160
  C:00CEH         LINE#         161
  C:00D0H         LINE#         162
  C:00D2H         LINE#         163
  C:00D5H         LINE#         164
BL51 BANKED LINKER/LOCATER V6.22.2.0                                                  06/16/2020  16:14:23  PAGE 5


  C:00D8H         LINE#         165
  C:00D8H         LINE#         176
  C:00D8H         LINE#         179
  -------         ENDPROC       TIME0
  -------         ENDMOD        MAIN

Program Size: data=18.2 xdata=0 code=564
LINK/LOCATE RUN COMPLETE.  0 WARNING(S),  0 ERROR(S)
