BL51 BANKED LINKER/LOCATER V6.00                                                        07/29/2011  00:55:44  PAGE 1


BL51 BANKED LINKER/LOCATER V6.00, INVOKED BY:
C:\KEIL\C51\BIN\BL51.EXE LED…¡À∏.obj TO LED…¡À∏ RAMSIZE (256)


MEMORY MODEL: SMALL


INPUT MODULES INCLUDED:
  LED…¡À∏.obj (LED…¡À∏)
  C:\KEIL\C51\LIB\C51S.LIB (?C_STARTUP)


LINK MAP OF MODULE:  LED…¡À∏ (LED…¡À∏)


            TYPE    BASE      LENGTH    RELOCATION   SEGMENT NAME
            -----------------------------------------------------

            * * * * * * *   D A T A   M E M O R Y   * * * * * * *
            REG     0000H     0008H     ABSOLUTE     "REG BANK 0"
            IDATA   0008H     0001H     UNIT         ?STACK

            * * * * * * *   C O D E   M E M O R Y   * * * * * * *
            CODE    0000H     0003H     ABSOLUTE     
            CODE    0003H     0027H     UNIT         ?PR?MAIN?LED…¡À∏
            CODE    002AH     000CH     UNIT         ?C_C51STARTUP



OVERLAY MAP OF MODULE:   LED…¡À∏ (LED…¡À∏)


SEGMENT
  +--> CALLED SEGMENT
---------------------
?C_C51STARTUP
  +--> ?PR?MAIN?LED…¡À∏



SYMBOL TABLE OF MODULE:  LED…¡À∏ (LED…¡À∏)

  VALUE           TYPE          NAME
  ----------------------------------

  -------         MODULE        LED…¡À∏
  C:0000H         SYMBOL        _ICE_DUMMY_
  D:0080H         PUBLIC        P0
  C:0003H         PUBLIC        main
  -------         PROC          MAIN
  -------         DO            
  D:0006H         SYMBOL        i
  -------         ENDDO         
  C:0003H         LINE#         8
  C:0003H         LINE#         9
  C:0003H         LINE#         11
  C:0003H         LINE#         12
  C:0003H         LINE#         13
BL51 BANKED LINKER/LOCATER V6.00                                                      07/29/2011  00:55:44  PAGE 2


  C:0006H         LINE#         14
  C:0014H         LINE#         15
  C:0020H         LINE#         16
  -------         ENDPROC       MAIN
  -------         ENDMOD        LED…¡À∏

Program Size: data=9.0 xdata=0 code=54
LINK/LOCATE RUN COMPLETE.  0 WARNING(S),  0 ERROR(S)
