C51 COMPILER V8.02   LED…¡À∏                                                               07/29/2011 00:55:44 PAGE 1   


C51 COMPILER V8.02, COMPILATION OF MODULE LED…¡À∏
OBJECT MODULE PLACED IN LED…¡À∏.OBJ
COMPILER INVOKED BY: C:\Keil\C51\BIN\C51.EXE LED…¡À∏.c BROWSE DEBUG OBJECTEXTEND

line level    source

   1          /*
   2          *LED…¡À∏*
   3          */
   4          #include <reg51.h>
   5          typedef unsigned char uint8;
   6          typedef unsigned int uint16;
   7          
   8          void main()
   9          {
  10   1              uint16 i;
  11   1              while(1)
  12   1              {
  13   2                      for(i = 0; i < 20000; i ++)
  14   2                      P0 = 0xFE;
  15   2                      for(i = 0; i < 20000; i ++)
  16   2                      P0 = 0xFF;
  17   2              }
  18   1      }


MODULE INFORMATION:   STATIC OVERLAYABLE
   CODE SIZE        =     39    ----
   CONSTANT SIZE    =   ----    ----
   XDATA SIZE       =   ----    ----
   PDATA SIZE       =   ----    ----
   DATA SIZE        =   ----    ----
   IDATA SIZE       =   ----    ----
   BIT SIZE         =   ----    ----
END OF MODULE INFORMATION.


C51 COMPILATION COMPLETE.  0 WARNING(S),  0 ERROR(S)
