Added Component: Designator=C1(D104)
Added Component: Designator=C2(D104)
Added Component: Designator=C3(RAD-0.3)
Added Component: Designator=C4(RAD-0.3)
Added Component: Designator=D1(LED-1)
Added Component: Designator=P1(HDR1X9)
Added Component: Designator=P2(HDR1X2H)
Added Component: Designator=R1(VR-4)
Added Component: Designator=R1yjr(AXIAL-0.4)
Added Component: Designator=R2(AXIAL-0.4)
Added Component: Designator=R3(AXIAL-0.4)
Added Component: Designator=S1(6X6X?)
Added Component: Designator=S2(6X6X?)
Added Component: Designator=S3(6X6X?)
Added Component: Designator=S4(6X6X?)
Added Component: Designator=S5(6X6X?)
Added Component: Designator=S6(6X6X?)
Added Component: Designator=S7(6X6X?)
Added Component: Designator=S8(6X6X?)
Added Component: Designator=S9(6X6X?)
Added Component: Designator=S10(6X6X?)
Added Component: Designator=S11(6X6X?)
Added Component: Designator=S12(6X6X?)
Added Component: Designator=S13(6X6X?)
Added Component: Designator=S14(6X6X?)
Added Component: Designator=S15(6X6X?)
Added Component: Designator=S16(6X6X?)
Added Component: Designator=S17(6X6X?)
Added Component: Designator=S18(6X6X?)
Added Component: Designator=S19(6X6X?)
Added Component: Designator=S20(6X6X?)
Added Component: Designator=S21(6X6X?)
Added Component: Designator=U1(DIP40C)
Added Component: Designator=Y1(晶振)
Added Component: Designator=电源插座1(DIANYUAN)
Added Pin To Net: NetName=GND Pin=C1-2
Added Pin To Net: NetName=GND Pin=C3-1
Added Pin To Net: NetName=GND Pin=C4-2
Added Pin To Net: NetName=GND Pin=D1-2
Added Pin To Net: NetName=GND Pin=R1-3
Added Pin To Net: NetName=GND Pin=R3-1
Added Pin To Net: NetName=GND Pin=U1-20
Added Pin To Net: NetName=GND Pin=电源插座1-2
Added Pin To Net: NetName=GND Pin=电源插座1-3
Added Net: Name=GND
Added Pin To Net: NetName=Net_3 Pin=R1-2
Added Net: Name=Net_3
Added Pin To Net: NetName=NetC2_2 Pin=C2-2
Added Pin To Net: NetName=NetC2_2 Pin=R2-2
Added Net: Name=NetC2_2
Added Pin To Net: NetName=NetC3_2 Pin=C3-2
Added Pin To Net: NetName=NetC3_2 Pin=U1-18
Added Pin To Net: NetName=NetC3_2 Pin=Y1-2
Added Net: Name=NetC3_2
Added Pin To Net: NetName=NetC4_1 Pin=C4-1
Added Pin To Net: NetName=NetC4_1 Pin=U1-19
Added Pin To Net: NetName=NetC4_1 Pin=Y1-1
Added Net: Name=NetC4_1
Added Pin To Net: NetName=NetD1_1 Pin=D1-1
Added Pin To Net: NetName=NetD1_1 Pin=R1yjr-2
Added Net: Name=NetD1_1
Added Pin To Net: NetName=NetP2_1 Pin=P2-1
Added Pin To Net: NetName=NetP2_1 Pin=U1-11
Added Net: Name=NetP2_1
Added Pin To Net: NetName=NetP2_2 Pin=P2-2
Added Pin To Net: NetName=NetP2_2 Pin=U1-10
Added Net: Name=NetP2_2
Added Pin To Net: NetName=NetR2_1 Pin=R2-1
Added Pin To Net: NetName=NetR2_1 Pin=S1-2
Added Net: Name=NetR2_1
Added Pin To Net: NetName=NetS2_2 Pin=S2-2
Added Pin To Net: NetName=NetS2_2 Pin=S6-2
Added Pin To Net: NetName=NetS2_2 Pin=S10-2
Added Pin To Net: NetName=NetS2_2 Pin=S14-2
Added Pin To Net: NetName=NetS2_2 Pin=S18-2
Added Net: Name=NetS2_2
Added Pin To Net: NetName=NetS3_2 Pin=S3-2
Added Pin To Net: NetName=NetS3_2 Pin=S7-2
Added Pin To Net: NetName=NetS3_2 Pin=S11-2
Added Pin To Net: NetName=NetS3_2 Pin=S15-2
Added Pin To Net: NetName=NetS3_2 Pin=S19-2
Added Net: Name=NetS3_2
Added Pin To Net: NetName=NetS4_2 Pin=S4-2
Added Pin To Net: NetName=NetS4_2 Pin=S8-2
Added Pin To Net: NetName=NetS4_2 Pin=S12-2
Added Pin To Net: NetName=NetS4_2 Pin=S16-2
Added Pin To Net: NetName=NetS4_2 Pin=S20-2
Added Net: Name=NetS4_2
Added Pin To Net: NetName=NetS5_2 Pin=S5-2
Added Pin To Net: NetName=NetS5_2 Pin=S9-2
Added Pin To Net: NetName=NetS5_2 Pin=S13-2
Added Pin To Net: NetName=NetS5_2 Pin=S17-2
Added Pin To Net: NetName=NetS5_2 Pin=S21-2
Added Net: Name=NetS5_2
Added Pin To Net: NetName=P0.0 Pin=P1-2
Added Pin To Net: NetName=P0.0 Pin=U1-39
Added Net: Name=P0.0
Added Pin To Net: NetName=P0.1 Pin=P1-3
Added Pin To Net: NetName=P0.1 Pin=U1-38
Added Net: Name=P0.1
Added Pin To Net: NetName=P0.2 Pin=P1-4
Added Pin To Net: NetName=P0.2 Pin=U1-37
Added Net: Name=P0.2
Added Pin To Net: NetName=P0.3 Pin=P1-5
Added Pin To Net: NetName=P0.3 Pin=U1-36
Added Net: Name=P0.3
Added Pin To Net: NetName=P0.4 Pin=P1-6
Added Pin To Net: NetName=P0.4 Pin=U1-35
Added Net: Name=P0.4
Added Pin To Net: NetName=P0.5 Pin=P1-7
Added Pin To Net: NetName=P0.5 Pin=U1-34
Added Net: Name=P0.5
Added Pin To Net: NetName=P0.6 Pin=P1-8
Added Pin To Net: NetName=P0.6 Pin=U1-33
Added Net: Name=P0.6
Added Pin To Net: NetName=P0.7 Pin=P1-9
Added Pin To Net: NetName=P0.7 Pin=U1-32
Added Net: Name=P0.7
Added Pin To Net: NetName=P2.0 Pin=S18-1
Added Pin To Net: NetName=P2.0 Pin=S19-1
Added Pin To Net: NetName=P2.0 Pin=S20-1
Added Pin To Net: NetName=P2.0 Pin=S21-1
Added Pin To Net: NetName=P2.0 Pin=U1-21
Added Net: Name=P2.0
Added Pin To Net: NetName=P2.1 Pin=S14-1
Added Pin To Net: NetName=P2.1 Pin=S15-1
Added Pin To Net: NetName=P2.1 Pin=S16-1
Added Pin To Net: NetName=P2.1 Pin=S17-1
Added Pin To Net: NetName=P2.1 Pin=U1-22
Added Net: Name=P2.1
Added Pin To Net: NetName=P2.2 Pin=S10-1
Added Pin To Net: NetName=P2.2 Pin=S11-1
Added Pin To Net: NetName=P2.2 Pin=S12-1
Added Pin To Net: NetName=P2.2 Pin=S13-1
Added Pin To Net: NetName=P2.2 Pin=U1-23
Added Net: Name=P2.2
Added Pin To Net: NetName=P2.3 Pin=S6-1
Added Pin To Net: NetName=P2.3 Pin=S7-1
Added Pin To Net: NetName=P2.3 Pin=S8-1
Added Pin To Net: NetName=P2.3 Pin=S9-1
Added Pin To Net: NetName=P2.3 Pin=U1-24
Added Net: Name=P2.3
Added Pin To Net: NetName=P2.4 Pin=S2-1
Added Pin To Net: NetName=P2.4 Pin=S3-1
Added Pin To Net: NetName=P2.4 Pin=S4-1
Added Pin To Net: NetName=P2.4 Pin=S5-1
Added Pin To Net: NetName=P2.4 Pin=U1-25
Added Net: Name=P2.4
Added Pin To Net: NetName=P2.5 Pin=U1-26
Added Net: Name=P2.5
Added Pin To Net: NetName=P2.6 Pin=U1-27
Added Net: Name=P2.6
Added Pin To Net: NetName=P2.7 Pin=U1-28
Added Net: Name=P2.7
Added Pin To Net: NetName=P3.2 Pin=U1-12
Added Net: Name=P3.2
Added Pin To Net: NetName=RST Pin=R3-2
Added Pin To Net: NetName=RST Pin=U1-9
Added Net: Name=RST
Added Pin To Net: NetName=VCC Pin=C1-1
Added Pin To Net: NetName=VCC Pin=C2-1
Added Pin To Net: NetName=VCC Pin=P1-1
Added Pin To Net: NetName=VCC Pin=R1yjr-1
Added Pin To Net: NetName=VCC Pin=S1-1
Added Pin To Net: NetName=VCC Pin=U1-40
Added Pin To Net: NetName=VCC Pin=电源插座1-1
Added Net: Name=VCC
Added Class: Name=Sheet1
Added Room: Name=Sheet1
