Change Component Footprint: Designator=C1 Old Footprint=CAP-100 New Footprint=电解电容
Change Component Footprint: Designator=C2 Old Footprint=CAP New Footprint=瓷片电容
Change Component Footprint: Designator=C3 Old Footprint=CAP New Footprint=瓷片电容
Change Component Footprint: Designator=C4 Old Footprint=CAP New Footprint=瓷片电容
Change Component Footprint: Designator=U1 Old Footprint=DIP40 New Footprint=51单片机
Change Component Footprint: Designator=P3 Old Footprint=HDR1X3 New Footprint=下载器
Change Component Footprint: Designator=P2 Old Footprint=HDR1X4 New Footprint=4P座
Change Component Footprint: Designator=S1 Old Footprint=KEY New Footprint=按键
Change Component Footprint: Designator=S2 Old Footprint=KEY New Footprint=按键
Change Component Footprint: Designator=S3 Old Footprint=KEY New Footprint=按键
Change Component Footprint: Designator=P1 Old Footprint=lcd1602 New Footprint=LCD1602液晶
Change Component Footprint: Designator=D1 Old Footprint=LED New Footprint=发光二极管
Change Component Footprint: Designator=D2 Old Footprint=LED New Footprint=发光二极管
Change Component Footprint: Designator=R1 Old Footprint=RES New Footprint=电阻
Change Component Footprint: Designator=R2 Old Footprint=RES New Footprint=电阻
Change Component Footprint: Designator=R3 Old Footprint=RES New Footprint=电阻
Change Component Footprint: Designator=R4 Old Footprint=RES New Footprint=电阻
Change Component Footprint: Designator=LS1 Old Footprint=SPEAK New Footprint=蜂鸣器
Change Component Footprint: Designator=L1 Old Footprint=SWITCH New Footprint=开关
Change Component Footprint: Designator=Q1 Old Footprint=TO-92A New Footprint=三极管
Change Component Footprint: Designator=Y1 Old Footprint=XTAL200 New Footprint=晶振
Added Pin To Net: NetName=GND Pin=S3-1
Added Pin To Net: NetName=GND Pin=S3-1
Added Pin To Net: NetName=P15 Pin=S3-2
Added Pin To Net: NetName=P15 Pin=S3-2
Added Room: Name=基于51单片机超声波测距系统
