Change Component Designator: Old Designator=C1 New Designator=C5
Change Component Designator: Old Designator=C2 New Designator=C6
Change Component Designator: Old Designator=C3 New Designator=C7
Change Component Designator: Old Designator=C4 New Designator=C8
Change Component Designator: Old Designator=D1 New Designator=D3
Change Component Designator: Old Designator=D2 New Designator=D4
Change Component Designator: Old Designator=J1 New Designator=J2
Change Component Designator: Old Designator=L1 New Designator=L2
Change Component Designator: Old Designator=LS1 New Designator=LS2
Change Component Designator: Old Designator=P1 New Designator=P4
Change Component Designator: Old Designator=P2 New Designator=P6
Change Component Designator: Old Designator=P3 New Designator=P5
Change Component Designator: Old Designator=Q1 New Designator=Q2
Change Component Designator: Old Designator=R1 New Designator=R6
Change Component Designator: Old Designator=R2 New Designator=R5
Change Component Designator: Old Designator=R3 New Designator=R7
Change Component Designator: Old Designator=R4 New Designator=R8
Change Component Designator: Old Designator=S1 New Designator=S4
Change Component Designator: Old Designator=S2 New Designator=S5
Change Component Designator: Old Designator=S3 New Designator=S6
Change Component Designator: Old Designator=U1 New Designator=U2
Change Component Designator: Old Designator=Y1 New Designator=Y2
