Added Component: Designator=D2(LED)
Added Component: Designator=LS1(SPEAK)
Added Component: Designator=Q1(TO-92A)
Added Component: Designator=R3(RES)
Added Component: Designator=R4(RES)
Added Pin To Net: NetName=VCC Pin=D2-1
Added Pin To Net: NetName=NetD2_2 Pin=D2-2
Added Pin To Net: NetName=NetLS1_1 Pin=LS1-1
Added Pin To Net: NetName=GND Pin=LS1-2
Added Pin To Net: NetName=VCC Pin=Q1-1
Added Pin To Net: NetName=NetQ1_2 Pin=Q1-2
Added Pin To Net: NetName=NetLS1_1 Pin=Q1-3
Added Pin To Net: NetName=P20 Pin=R3-1
Added Pin To Net: NetName=NetD2_2 Pin=R3-2
Added Pin To Net: NetName=P21 Pin=R4-1
Added Pin To Net: NetName=NetQ1_2 Pin=R4-2
Added Member To Class: ClassName=基于51单片机超声波测距系统 Member=Component D2 LED
Added Member To Class: ClassName=基于51单片机超声波测距系统 Member=Component LS1 Speaker
Added Member To Class: ClassName=基于51单片机超声波测距系统 Member=Component Q1 8550
Added Member To Class: ClassName=基于51单片机超声波测距系统 Member=Component R3 1K
Added Member To Class: ClassName=基于51单片机超声波测距系统 Member=Component R4 100
Added Room: Name=基于51单片机超声波测距系统
