C51 COMPILER V9.00   MAIN                                                                  03/11/2014 13:48:13 PAGE 1   


C51 COMPILER V9.00, COMPILATION OF MODULE MAIN
OBJECT MODULE PLACED IN main.OBJ
COMPILER INVOKED BY: C:\Keil\C51\BIN\C51.EXE main.c BROWSE DEBUG OBJECTEXTEND

line level    source

   1          #include<reg52.h>
   2          #include<intrins.h>
   3          #define uchar unsigned char 
   4          #define uint unsigned int
   5          #define     LCDIO      P0
   6          sbit rs=P2^0;  
   7          sbit rd=P2^1;
   8          sbit lcden=P2^2;
   9          sbit acc0=ACC^0;             //移位时的第0位
  10          sbit acc7=ACC^7;             //移位时用的第7位
  11          sbit ct=P2^3;
  12          sbit speaker=P3^5;
  13          sbit DQ=P2^5;//ds18b20与单片机连接口
  14          int djs11=0,js,dsmin=0,dshour=0;
  15          
  16          uchar second,minute,hour,day,month,year,week,count=0;    
  17          uchar ReadValue,num,time;    
  18          uint tvalue;//温度值
  19          uchar tflag;
  20          uchar code      table[]={" 2000-00-00 FRI"};
  21          uchar code table1[]={" 00:00:00       "};
  22          uchar code table2[]= "THUFRISATSUNMONTUEWES";
  23          char szdata[8];
  24          char szdata1[8];
  25          uchar data disdata[5];
  26          sbit DATA=P3^3;   //时钟数据接口
  27          sbit RST=P3^4;    
  28          sbit SCLK=P3^2;   
  29          sbit menu=P2^7;              //菜单
  30          sbit add=P2^6;               //加一
  31          sbit dec=P2^4;
  32          sbit set=P2^3 ;              //减一
  33          sbit djs=P3^6;
  34          void miaobiao();
  35          void yx();
  36          void delayms(int x)
  37          {
  38   1      char i;
  39   1      while(x--)
  40   1       {
  41   2        for(i=150;i>0;i--); 
  42   2       }
  43   1      }
  44          void delay(uint z)
  45          {
  46   1              uint x,y;
  47   1              for(x=z;x>0;x--)
  48   1                      for(y=110;y>0;y--);
  49   1      }
  50          void delay1(uint z)
  51          {
  52   1              for(;z>0;z--);
  53   1      }
  54          void write_com(uchar com)
  55          {
C51 COMPILER V9.00   MAIN                                                                  03/11/2014 13:48:13 PAGE 2   

  56   1              rs=0;
  57   1              rd=0;
  58   1              lcden=0;
  59   1              LCDIO=com;
  60   1              delay(5);
  61   1              lcden=1;
  62   1              delay(5);
  63   1              lcden=0;        
  64   1      }
  65          
  66          void write_date(uchar date)
  67          {
  68   1              rs=1;
  69   1              rd=0;
  70   1              lcden=0;
  71   1              LCDIO=date;
  72   1              delay(5);
  73   1              lcden=1;
  74   1              delay(5);
  75   1              lcden=0;        
  76   1      }
  77          
  78          void init()
  79          {
  80   1              uchar num;
  81   1              lcden=0;
  82   1      
  83   1              write_com(0x38);
  84   1              write_com(0x0c);
  85   1              write_com(0x06);
  86   1              write_com(0x01);
  87   1              write_com(0x80);
  88   1              delay(5);
  89   1              write_com(0x80);
  90   1              for(num=0;num<15;num++)
  91   1                      {
  92   2                              write_date(table[num]);
  93   2                              delay(5);
  94   2                      }
  95   1              write_com(0x80+0x40);
  96   1              for(num=0;num<15;num++)
  97   1                      {
  98   2                              write_date(table1[num]);
  99   2                              delay(5);
 100   2                      }       
 101   1              
 102   1      
 103   1      }
 104          
 105          void Write1302(uchar dat)
 106          {
 107   1        uchar i; 
 108   1        SCLK=0;           //拉低SCLK，为脉冲上升沿写入数据做好准备
 109   1        delay1(2);       //稍微等待，使硬件做好准备
 110   1        for(i=0;i<8;i++)      //连续写8个二进制位数据
 111   1          {
 112   2           DATA=dat&0x01;    //取出dat的第0位数据写入1302
 113   2        delay(2);       //稍微等待，使硬件做好准备
 114   2         SCLK=1;           //上升沿写入数据
 115   2         delay1(2);      //稍微等待，使硬件做好准备
 116   2         SCLK=0;           //重新拉低SCLK，形成脉冲
 117   2         dat>>=1;          //将dat的各数据位右移1位，准备写入下一个数据位
C51 COMPILER V9.00   MAIN                                                                  03/11/2014 13:48:13 PAGE 3   

 118   2         }
 119   1       }
 120          
 121           void WriteSet1302(uchar Cmd,uchar dat)
 122           {
 123   1         RST=0;           //禁止数据传递
 124   1         SCLK=0;          //确保写数居前SCLK被拉低
 125   1         RST=1;           //启动数据传输
 126   1         delay1(2);     //稍微等待，使硬件做好准备
 127   1         Write1302(Cmd);  //写入命令字
 128   1         Write1302(dat);  //写数据
 129   1         SCLK=1;          //将时钟电平置于已知状态
 130   1         RST=0;           //禁止数据传递
 131   1       }
 132          
 133          uchar Read1302(void)
 134           {
 135   1         uchar i,dat;
 136   1         delay(2);       //稍微等待，使硬件做好准备
 137   1         for(i=0;i<8;i++)   //连续读8个二进制位数据
 138   1         {
 139   2          dat>>=1;       //将dat的各数据位右移1位，因为先读出的是字节的最低位
 140   2          if(DATA==1)    //如果读出的数据是1
 141   2          dat|=0x80;    //将1取出，写在dat的最高位
 142   2          SCLK=1;       //将SCLK置于高电平，为下降沿读出
 143   2          delay1(2);  //稍微等待
 144   2          SCLK=0;       //拉低SCLK，形成脉冲下降沿
 145   2          delay1(2);  //稍微等待
 146   2          }  
 147   1        return dat;        //将读出的数据返回
 148   1        }
 149          
 150          uchar  ReadSet1302(uchar Cmd)
 151           {
 152   1        uchar dat;
 153   1        RST=0;                 //拉低RST
 154   1        SCLK=0;                //确保写数居前SCLK被拉低
 155   1        RST=1;                 //启动数据传输
 156   1        Write1302(Cmd);       //写入命令字
 157   1        dat=Read1302();       //读出数据
 158   1        SCLK=1;              //将时钟电平置于已知状态
 159   1        RST=0;               //禁止数据传递
 160   1        return dat;          //将读出的数据返回
 161   1      }
 162          void Init_DS1302(void)
 163          { 
 164   1       WriteSet1302(0x8E,0x00);                 //根据写状态寄存器命令字，写入不保护指令 
 165   1       WriteSet1302(0x80,((0/10)<<4|(0%10)));   //根据写秒寄存器命令字，写入秒的初始值
 166   1       WriteSet1302(0x82,((12/10)<<4|(12%10)));   //根据写分寄存器命令字，写入分的初始值
 167   1       WriteSet1302(0x84,((11/10)<<4|(11%10))); //根据写小时寄存器命令字，写入小时的初始值
 168   1       WriteSet1302(0x86,((25/10)<<4|(25%10))); //根据写日寄存器命令字，写入日的初始值
 169   1       WriteSet1302(0x88,((1/10)<<4|(1%10))); //根据写月寄存器命令字，写入月的初始值
 170   1       WriteSet1302(0x8c,((13/10)<<4|(13%10)));   //nian
 171   1       WriteSet1302(0x8a,((1/10)<<4|(1%10)));
 172   1      }
 173          
 174          void DisplaySecond(uchar x)
 175          {
 176   1       uchar i,j;    
 177   1       i=x/10;
 178   1       j=x%10;
 179   1       write_com(0xc7);   
C51 COMPILER V9.00   MAIN                                                                  03/11/2014 13:48:13 PAGE 4   

 180   1       write_date(0x30+i);   
 181   1       write_date(0x30+j);      
 182   1       }
 183          void DisplayMinute(uchar x)
 184          {
 185   1       uchar i,j;    
 186   1       i=x/10;
 187   1       j=x%10; 
 188   1       write_com(0xc4);    
 189   1       write_date(0x30+i);  
 190   1       write_date(0x30+j);        
 191   1       }
 192           void DisplayHour(uchar x)
 193          {
 194   1       uchar i,j;   
 195   1       i=x/10;
 196   1       j=x%10;
 197   1       write_com(0xc1);    
 198   1       write_date(0x30+i);  
 199   1       write_date(0x30+j);        
 200   1       }
 201           
 202          void DisplayDay(uchar x)
 203          {
 204   1       uchar i,j;   
 205   1       i=x/10;
 206   1       j=x%10;    
 207   1       write_com(0x89);    
 208   1       write_date(0x30+i);  
 209   1       write_date(0x30+j);      
 210   1       }
 211          
 212          void DisplayMonth(uchar x)
 213          {
 214   1       uchar i,j;     
 215   1       i=x/10;
 216   1       j=x%10;  
 217   1       write_com(0x86);    
 218   1       write_date(0x30+i);  
 219   1       write_date(0x30+j);  
 220   1       }
 221          
 222          void DisplayYear(uchar x)
 223          {
 224   1       uchar i,j;  
 225   1        i=x/10;
 226   1       j=x%10; 
 227   1       write_com(0x83);    
 228   1       write_date(0x30+i);
 229   1       write_date(0x30+j);  
 230   1       }   
 231          void DisplayWeek(uchar x)
 232          { uchar i;
 233   1         x=x*3;
 234   1       write_com(0x8c);    
 235   1       for(i=0;i<3;i++)
 236   1         {
 237   2              write_date(table2[x]);
 238   2              x++;  
 239   2         }
 240   1       }   
 241          
C51 COMPILER V9.00   MAIN                                                                  03/11/2014 13:48:13 PAGE 5   

 242          void  read_date(void)
 243          {
 244   1           ReadValue = ReadSet1302(0x81);   
 245   1           second=((ReadValue&0x70)>>4)*10 + (ReadValue&0x0F);
 246   1           ReadValue = ReadSet1302(0x83);  
 247   1           minute=((ReadValue&0x70)>>4)*10 + (ReadValue&0x0F); 
 248   1           ReadValue = ReadSet1302(0x85);  
 249   1           hour=((ReadValue&0x70)>>4)*10 + (ReadValue&0x0F); 
 250   1           ReadValue = ReadSet1302(0x87);  
 251   1           day=((ReadValue&0x70)>>4)*10 + (ReadValue&0x0F); 
 252   1           ReadValue = ReadSet1302(0x89);  
 253   1           month=((ReadValue&0x70)>>4)*10 + (ReadValue&0x0F); 
 254   1           ReadValue = ReadSet1302(0x8d);  
 255   1           year=((ReadValue&0x70)>>4)*10 + (ReadValue&0x0F); 
 256   1               ReadValue=ReadSet1302(0x8b);                     //读星期
 257   1           week=ReadValue&0x07;
 258   1               if((year==szdata[1])&&(month==szdata[2])&&(day==szdata[3])&&(week==szdata[4])&&(hour==szdata[5])&&(minut
             -e==szdata[6])&&(second==szdata[7]))             speaker=0;
 259   1               DisplaySecond(second);           
 260   1           DisplayMinute(minute);        
 261   1           DisplayHour(hour);             
 262   1           DisplayDay(day);                
 263   1           DisplayMonth(month);            
 264   1           DisplayYear(year);          
 265   1               DisplayWeek(week);  
 266   1      }
 267          
 268          void turn_val(char newval,uchar flag,uchar  newaddr,uchar s1num)
 269              {
 270   1                         newval=ReadSet1302(newaddr);                     //读取当前时间
 271   1                         newval=((newval&0x70)>>4)*10+(newval&0x0f);    //将bcd码转换成十进制
 272   1                         if(flag)                  //判断是加一还是减一
 273   1                         { 
 274   2                                           newval++;
 275   2                           switch(s1num)
 276   2                             { case 1: if(newval>99) newval=0;
 277   3                                                            DisplayYear(newval);      
 278   3                                                                        break;
 279   3                                                   case 2: if(newval>12) newval=1;
 280   3                                                                        DisplayMonth(newval); 
 281   3                                                                        break;
 282   3                                                   case 3: if(newval>31) newval=1;
 283   3                                                                DisplayDay(newval);  
 284   3                                                                        break;
 285   3                                                   case 4: if(newval>6) newval=0;
 286   3                                                                DisplayWeek(newval); 
 287   3                                                                        break;
 288   3                               case 5: if(newval>23) newval=0;
 289   3                                                                DisplayHour(newval); 
 290   3                                                                        break;
 291   3                               case 6: if(newval>59) newval=0;
 292   3                                                                DisplayMinute(newval); 
 293   3                                                                        break;
 294   3                               case 7: if(newval>59) newval=0;
 295   3                                                                DisplaySecond(newval); 
 296   3                                                                        break;
 297   3                               default:break;
 298   3                             } 
 299   2                                               }   
 300   1                                      else
 301   1                         {
 302   2                                          newval--;
C51 COMPILER V9.00   MAIN                                                                  03/11/2014 13:48:13 PAGE 6   

 303   2                                              switch(s1num)
 304   2                             { case 1: if(newval<0) newval=99;
 305   3                                                            DisplayYear(newval); 
 306   3                                                                        break;
 307   3                                                   case 2: if(newval<0) newval=12;
 308   3                                                                        DisplayMonth(newval); 
 309   3                                                                break;
 310   3                                                   case 3: if(newval<0) newval=31;
 311   3                                                                        DisplayDay(newval); 
 312   3                                                                break;
 313   3                                                   case 4: if(newval<0) newval=6;
 314   3                                                                DisplayWeek(newval); 
 315   3                                                                        break;
 316   3                               case 5: if(newval<0) newval=23;
 317   3                                                                DisplayHour(newval); 
 318   3                                                                        break;
 319   3                               case 6: if(newval<0) newval=59;
 320   3                                                                DisplayMinute(newval); 
 321   3                                                                        break;
 322   3                               case 7: if(newval<0) newval=59;
 323   3                                                                DisplaySecond(newval);
 324   3                                                                        break;
 325   3                                                       default:break;
 326   3                                             }
 327   2                                               }
 328   1                      WriteSet1302((newaddr-1),((newval/10)<<4)|(newval%10));  //将新数据写入寄存器
 329   1                 
 330   1              }   
 331          
 332          
 333          void turn_val11(char newval,uchar flag,uchar  newaddr,uchar s1num)
 334              {
 335   1                         newval=szdata[s1num];                     //读取当前时间
 336   1                         //newval=((newval&0x70)>>4)*10+(newval&0x0f);    //将bcd码转换成十进制
 337   1                         if(flag)                  //判断是加一还是减一
 338   1                         { 
 339   2                                           newval++;
 340   2                           switch(s1num)
 341   2                             { case 1: if(newval>99) newval=0;
 342   3                                                            DisplayYear(newval);      
 343   3                                                                        break;
 344   3                                                   case 2: if(newval>12) newval=1;
 345   3                                                                        DisplayMonth(newval); 
 346   3                                                                        break;
 347   3                                                   case 3: if(newval>31) newval=1;
 348   3                                                                DisplayDay(newval);  
 349   3                                                                        break;
 350   3                                                   case 4: if(newval>6) newval=0;
 351   3                                                                DisplayWeek(newval); 
 352   3                                                                        break;
 353   3                               case 5: if(newval>23) newval=0;
 354   3                                                                DisplayHour(newval); 
 355   3                                                                        break;
 356   3                               case 6: if(newval>59) newval=0;
 357   3                                                                DisplayMinute(newval); 
 358   3                                                                        break;
 359   3                               case 7: if(newval>59) newval=0;
 360   3                                                                DisplaySecond(newval); 
 361   3                                                                        break;
 362   3                               default:break;
 363   3                             } 
 364   2                                               }   
C51 COMPILER V9.00   MAIN                                                                  03/11/2014 13:48:13 PAGE 7   

 365   1                                      else
 366   1                         {
 367   2                                          newval--;
 368   2                                              switch(s1num)
 369   2                             { case 1: if(newval<0) newval=99;
 370   3                                                            DisplayYear(newval); 
 371   3                                                                        break;
 372   3                                                   case 2: if(newval<0) newval=12;
 373   3                                                                        DisplayMonth(newval); 
 374   3                                                                break;
 375   3                                                   case 3: if(newval<0) newval=31;
 376   3                                                                        DisplayDay(newval); 
 377   3                                                                break;
 378   3                                                   case 4: if(newval<0) newval=6;
 379   3                                                                DisplayWeek(newval); 
 380   3                                                                        break;
 381   3                               case 5: if(newval<0) newval=23;
 382   3                                                                DisplayHour(newval); 
 383   3                                                                        break;
 384   3                               case 6: if(newval<0) newval=59;
 385   3                                                                DisplayMinute(newval); 
 386   3                                                                        break;
 387   3                               case 7: if(newval<0) newval=59;
 388   3                                                                DisplaySecond(newval);
 389   3                                                                        break;
 390   3                                                       default:break;
 391   3                                             }
 392   2                                               }
 393   1                       szdata[s1num]= newval;
 394   1                                       szdata1[s1num]=newval;
 395   1                                      //WriteSet1302((newaddr-1),((newval/10)<<4)|(newval%10));  //将新数据写入寄存器
 396   1                 
 397   1              }   
*** WARNING C280 IN LINE 333 OF MAIN.C: 'newaddr': unreferenced local variable
 398          
 399          //键盘扫描程序
 400          //*******************************************
 401          void key_scan(void)
 402          {       uchar miao,s1num=0;     
 403   1      
 404   1              if(menu==0)
 405   1           { 
 406   2             delay(5);
 407   2                 if(menu==0)
 408   2                 {
 409   3                   while(!menu);        
 410   3                        s1num++;
 411   3                                                     write_com(0xc9);
 412   3                 write_date(' ');//显示符号位
 413   3                 write_com(0xca);
 414   3                 write_date(' ');//显示百位
 415   3                 write_com(0xcb);
 416   3                 write_date('T');//显示十位   
 417   3                 write_com(0xcc);
 418   3                 write_date('-');//显示个位   
 419   3                 write_com(0xcd);
 420   3                 write_date('S');//显示小数点         
 421   3                 write_com(0xce);
 422   3                 write_date('E');//显示小数位
 423   3                 write_com(0xcf);
 424   3                 write_date('T');
 425   3                      while(1)
C51 COMPILER V9.00   MAIN                                                                  03/11/2014 13:48:13 PAGE 8   

 426   3                  {
 427   4      
 428   4                          if(menu==0)
 429   4                   { 
 430   5                      delay(5);
 431   5                          if(menu==0)
 432   5                            { 
 433   6                                           while(!menu);
 434   6                               s1num++;
 435   6                                }
 436   5                       }
 437   4      
 438   4                      rd=0;
 439   4                              miao=ReadSet1302(0x81);
 440   4                              second=miao;
 441   4                              WriteSet1302(0x80,miao|0x80);
 442   4                          write_com(0x0f);//光标闪射
 443   4                              
 444   4                              if(s1num==1)
 445   4                              {       year=ReadSet1302(0x8d);          
 446   5                                      write_com(0x80+4);      //年光标
 447   5      
 448   5                                  if(add==0)
 449   5                                   {
 450   6                                     delay(3);
 451   6                                     if(add==0)
 452   6                                       {      while(!add);
 453   7                                     turn_val(year,1,0x8d,1);                 
 454   7                     
 455   7                                       }
 456   6                                    }
 457   5                          if(dec==0)
 458   5                               {
 459   6                                      delay(3);
 460   6                                      if(dec==0)
 461   6                                       {      while(!dec);
 462   7                                         turn_val(year,0,0x8d,1);                                   
 463   7                                       }
 464   6                                    }
 465   5                               }
 466   4                              if(s1num==2)
 467   4                              {
 468   5                                month=ReadSet1302(0x89);
 469   5                                      write_com(0x80+7);      //月光标
 470   5                                       if(add==0)
 471   5                              {
 472   6                                delay(3);
 473   6                                if(add==0)
 474   6                                 {  while(!add);
 475   7                                    turn_val(month,1,0x89,2);
 476   7                                  }
 477   6                              }
 478   5                              if(dec==0)
 479   5                              {
 480   6                                 delay(3);
 481   6                                 if(dec==0)
 482   6                                 {  while(!dec);
 483   7                                    turn_val(month,0,0x89,2);
 484   7                                 }
 485   6                              }
 486   5                              }
 487   4                              if(s1num==3)
C51 COMPILER V9.00   MAIN                                                                  03/11/2014 13:48:13 PAGE 9   

 488   4                              {       day=ReadSet1302(0x87);
 489   5                                      write_com(0x80+10);//日光标
 490   5                                      if(add==0)
 491   5                                {
 492   6                                delay(3);
 493   6                                if(add==0)
 494   6                                 { while(!add);
 495   7                               turn_val(day,1,0x87,3);
 496   7                                  }
 497   6                              }
 498   5                              if(dec==0)
 499   5                              {
 500   6                                 delay(3);
 501   6                                 if(dec==0)
 502   6                                 { while(!dec);
 503   7                                   turn_val(day,0,0x87,3);                            //写入日寄存器
 504   7                                 }
 505   6                              }
 506   5                              }
 507   4                              if(s1num==4)
 508   4                              {  week=ReadSet1302(0x8b);
 509   5                                      write_com(0x80+14);     //星期光标
 510   5                                        if(add==0)
 511   5                              {
 512   6                                delay(3);
 513   6                                if(add==0)
 514   6                                 { while(!add);
 515   7                                   turn_val(week,1,0x8b,4);
 516   7                                  }
 517   6                              }
 518   5                              if(dec==0)
 519   5                              {
 520   6                                 delay(3);
 521   6                                 if(dec==0)
 522   6                                 { while(!dec);
 523   7                           turn_val(week,0,0x8b,4);
 524   7                                 }
 525   6                              }
 526   5                              }
 527   4                              if(s1num==5)
 528   4                              {       hour=ReadSet1302(0x85);
 529   5                                      write_com(0x80+0x40+2); //时光标
 530   5                                       if(add==0)
 531   5                              {
 532   6                                delay(3);
 533   6                                if(add==0)
 534   6                                 { while(!add);
 535   7                       turn_val(hour,1,0x85,5);
 536   7                                  }
 537   6                              }
 538   5                              if(dec==0)
 539   5                              {
 540   6                                 delay(3);
 541   6                                 if(dec==0)
 542   6                                 { while(!dec);
 543   7                               turn_val(hour,0,0x85,5);
 544   7                                 }
 545   6                              }
 546   5                              }
 547   4                              if(s1num==6)//调时间分
 548   4                              {  minute=ReadSet1302(0x83);
 549   5                                      write_com(0x80+0x40+5);
C51 COMPILER V9.00   MAIN                                                                  03/11/2014 13:48:13 PAGE 10  

 550   5                                      if(add==0)
 551   5                              {
 552   6                                delay(5);
 553   6                                if(add==0)
 554   6                                 { while(!add);
 555   7                               turn_val(minute,1,0x83,6);                             //写入分寄存器   
 556   7                                  }
 557   6                              }
 558   5                              if(dec==0)
 559   5                              {
 560   6                                 delay(3);
 561   6                                 if(dec==0)
 562   6                                 { while(!dec);
 563   7                               turn_val(minute,0,0x83,6);                             //写入分寄存器
 564   7                                 }
 565   6                              }
 566   5                              }
 567   4                              if(s1num==7)//调时间秒
 568   4                              {       second=ReadSet1302(0x81);
 569   5                                      write_com(0x80+0x40+8);//秒光标
 570   5                                      if(add==0)
 571   5                              {
 572   6                                delay(3);
 573   6                                if(add==0)
 574   6                                 { while(!add);
 575   7                       if(second==0x60)
 576   7                          second=0x00;
 577   7                                      turn_val(second,1,0x81,7);      
 578   7                                  }
 579   6                              }
 580   5                              if(dec==0)
 581   5                              {
 582   6                                 delay(3);
 583   6                                 if(dec==0)
 584   6                                 { while(!dec);
 585   7                               turn_val(second,0,0x81,7);                             
 586   7                                 }
 587   6                              }
 588   5                              }
 589   4                  
 590   4      
 591   4                              if(s1num==8)
 592   4                              {       miao=ReadSet1302(0x81);
 593   5                                      second=miao;
 594   5                                      WriteSet1302(0x80,second&0x7f);
 595   5                                      s1num=0;//s1num清零//
 596   5                                      write_com(0x0c);//光标不闪烁//
 597   5                                      break;
 598   5                              }
 599   4                      }
 600   3              }
 601   2              }
 602   1      
 603   1        if(ct==0)
 604   1           { 
 605   2             delay(5);
 606   2                 if(ct==0)
 607   2                 {
 608   3                   while(!ct);          
 609   3                        s1num++;
 610   3             write_com(0xc9);
 611   3                 write_date(' ');//显示符号位
C51 COMPILER V9.00   MAIN                                                                  03/11/2014 13:48:13 PAGE 11  

 612   3                 write_com(0xca);
 613   3                 write_date(' ');//显示百位
 614   3                 write_com(0xcb);
 615   3                 write_date('C');//显示十位   
 616   3                 write_com(0xcc);
 617   3                 write_date('-');//显示个位   
 618   3                 write_com(0xcd);
 619   3                 write_date('S');//显示小数点         
 620   3                 write_com(0xce);
 621   3                 write_date('E');//显示小数位
 622   3                 write_com(0xcf);
 623   3                 write_date('T');
 624   3               DisplaySecond(szdata1[7]);           
 625   3           DisplayMinute(szdata1[6]);        
 626   3           DisplayHour(szdata1[5]);             
 627   3           DisplayDay(szdata1[3]);                
 628   3           DisplayMonth(szdata1[2]);            
 629   3           DisplayYear(szdata1[1]);          
 630   3               DisplayWeek(szdata1[4]); 
 631   3                      while(1)
 632   3                  {
 633   4      
 634   4                          if(ct==0)
 635   4                   { 
 636   5                      delay(5);
 637   5                          if(ct==0)
 638   5                            { 
 639   6                                           while(!ct);
 640   6                               s1num++;
 641   6                                }
 642   5                       }
 643   4      
 644   4                      rd=0;
 645   4                              miao=ReadSet1302(0x81);
 646   4                              second=miao;
 647   4                              WriteSet1302(0x80,miao|0x80);
 648   4                          write_com(0x0f);//光标闪射
 649   4                              
 650   4                              if(s1num==1)
 651   4                              {       year=0x00;               
 652   5                                      write_com(0x80+4);      //年光标
 653   5      
 654   5                                  if(add==0)
 655   5                                   {
 656   6                                     delay(3);
 657   6                                     if(add==0)
 658   6                                       {      while(!add);
 659   7                                     turn_val11(year,1,0x8d,1);                       
 660   7                     
 661   7                                       }
 662   6                                    }
 663   5                          if(dec==0)
 664   5                               {
 665   6                                      delay(3);
 666   6                                      if(dec==0)
 667   6                                       {      while(!dec);
 668   7                                         turn_val11(year,0,0x8d,1);                                 
 669   7                                       }
 670   6                                    }
 671   5                               }
 672   4                              if(s1num==2)
 673   4                              {
C51 COMPILER V9.00   MAIN                                                                  03/11/2014 13:48:13 PAGE 12  

 674   5                                month=0x00;   
 675   5                                      write_com(0x80+7);      //月光标
 676   5                                       if(add==0)
 677   5                              {
 678   6                                delay(3);
 679   6                                if(add==0)
 680   6                                 {  while(!add);
 681   7                                    turn_val11(month,1,0x89,2);
 682   7                                  }
 683   6                              }
 684   5                              if(dec==0)
 685   5                              {
 686   6                                 delay(3);
 687   6                                 if(dec==0)
 688   6                                 {  while(!dec);
 689   7                                    turn_val11(month,0,0x89,2);
 690   7                                 }
 691   6                              }
 692   5                              }
 693   4                              if(s1num==3)
 694   4                              {       day=0x00;       
 695   5                                      write_com(0x80+10);//日光标
 696   5                                      if(add==0)
 697   5                                {
 698   6                                delay(3);
 699   6                                if(add==0)
 700   6                                 { while(!add);
 701   7                               turn_val11(day,1,0x87,3);
 702   7                                  }
 703   6                              }
 704   5                              if(dec==0)
 705   5                              {
 706   6                                 delay(3);
 707   6                                 if(dec==0)
 708   6                                 { while(!dec);
 709   7                                   turn_val11(day,0,0x87,3);                          //写入日寄存器
 710   7                                 }
 711   6                              }
 712   5                              }
 713   4                              if(s1num==4)
 714   4                              {  week=0x00;   
 715   5                                      write_com(0x80+14);     //星期光标
 716   5                                        if(add==0)
 717   5                              {
 718   6                                delay(3);
 719   6                                if(add==0)
 720   6                                 { while(!add);
 721   7                                   turn_val11(week,1,0x8b,4);
 722   7                                  }
 723   6                              }
 724   5                              if(dec==0)
 725   5                              {
 726   6                                 delay(3);
 727   6                                 if(dec==0)
 728   6                                 { while(!dec);
 729   7                           turn_val11(week,0,0x8b,4);
 730   7                                 }
 731   6                              }
 732   5                              }
 733   4                              if(s1num==5)
 734   4                              {       hour=0x00;      
 735   5                                      write_com(0x80+0x40+2); //时光标
C51 COMPILER V9.00   MAIN                                                                  03/11/2014 13:48:13 PAGE 13  

 736   5                                       if(add==0)
 737   5                              {
 738   6                                delay(3);
 739   6                                if(add==0)
 740   6                                 { while(!add);
 741   7                       turn_val11(hour,1,0x85,5);
 742   7                                  }
 743   6                              }
 744   5                              if(dec==0)
 745   5                              {
 746   6                                 delay(3);
 747   6                                 if(dec==0)
 748   6                                 { while(!dec);
 749   7                               turn_val11(hour,0,0x85,5);
 750   7                                 }
 751   6                              }
 752   5                              }
 753   4                              if(s1num==6)//调时间分
 754   4                              {  minute=0x00; 
 755   5                                      write_com(0x80+0x40+5);
 756   5                                      if(add==0)
 757   5                              {
 758   6                                delay(5);
 759   6                                if(add==0)
 760   6                                 { while(!add);
 761   7                               turn_val11(minute,1,0x83,6);                           //写入分寄存器   
 762   7                                  }
 763   6                              }
 764   5                              if(dec==0)
 765   5                              {
 766   6                                 delay(3);
 767   6                                 if(dec==0)
 768   6                                 { while(!dec);
 769   7                               turn_val11(minute,0,0x83,6);                           //写入分寄存器
 770   7                                 }
 771   6                              }
 772   5                              }
 773   4                              if(s1num==7)//调时间秒
 774   4                              {       second=0x00;    
 775   5                                      write_com(0x80+0x40+8);//秒光标
 776   5                                      if(add==0)
 777   5                              {
 778   6                                delay(3);
 779   6                                if(add==0)
 780   6                                 { while(!add);
 781   7                       if(second==0x60)
 782   7                          second=0x00;
 783   7                                      turn_val11(second,1,0x81,7);    
 784   7                                  }
 785   6                              }
 786   5                              if(dec==0)
 787   5                              {
 788   6                                 delay(3);
 789   6                                 if(dec==0)
 790   6                                 { while(!dec);
 791   7                               turn_val11(second,0,0x81,7);                           
 792   7                                 }
 793   6                              }
 794   5                              }
 795   4                  
 796   4      
 797   4                              if(s1num==8)
C51 COMPILER V9.00   MAIN                                                                  03/11/2014 13:48:13 PAGE 14  

 798   4                              {       miao=ReadSet1302(0x81); 
 799   5                                      second=miao;
 800   5                                      WriteSet1302(0x80,second&0x7f);
 801   5                                      s1num=0;//s1num清零//
 802   5                                      write_com(0x0c);//光标不闪烁//
 803   5                                      break;
 804   5                              }
 805   4                      }
 806   3              }
 807   2              }
 808   1      }
 809           
 810          void Timer0_init()
 811          {
 812   1            js=0;
 813   1                TMOD=0x01;                            //T0为定时器方式1
 814   1            TH0=0x4c;
 815   1                TL0=0x00;                     
 816   1           //IT1=1;
 817   1                ET0=1;//EX1=1;
 818   1                EA=1; 
 819   1      }
 820          
 821          void timer0() interrupt 1 using 1       
 822          {
 823   1                  TF0=0;
 824   1                      //TH0=0x4c;
 825   1                      //TL0=0x00;
 826   1                      TH0=0xb3;
 827   1                      TL0=0x4c;
 828   1                      js++;
 829   1                      if(js==1) 
 830   1                        { js=0;
 831   2                          djs11++;
 832   2                              //led1=~led1;
 833   2                              if(djs11>59) 
 834   2                                {
 835   3                                  djs11=0;
 836   3                                      dsmin=dsmin+1;
 837   3                                      if(dsmin>59) 
 838   3                                       { 
 839   4                                         dsmin=0;
 840   4                                         dshour=dshour+1;
 841   4                                         if(dshour>24) dshour=0;
 842   4                                       }
 843   3                              }
 844   2                         }
 845   1      }
 846          void miaobiao()
 847          {               int i,j;
 848   1      
 849   1                  write_com(0x80);write_date(' '); 
 850   1                              write_com(0x81);write_date(' ');
 851   1                              write_com(0x82);write_date(' ');
 852   1                              write_com(0x83);write_date(' ');
 853   1                              write_com(0x84);write_date(' ');
 854   1                              write_com(0x85);write_date(' ');
 855   1                              write_com(0x86);write_date(' ');
 856   1                              write_com(0x87);write_date(' ');
 857   1                          write_com(0x88);write_date(' '); 
 858   1                              write_com(0x89);write_date(' ');
 859   1                              write_com(0x8a);write_date(' ');
C51 COMPILER V9.00   MAIN                                                                  03/11/2014 13:48:13 PAGE 15  

 860   1                              write_com(0x8b);write_date(' ');
 861   1                              write_com(0x8c);write_date(' ');
 862   1                              write_com(0x8d);write_date(' ');
 863   1                              write_com(0x8e);write_date(' ');
 864   1                              write_com(0x8f);write_date(' ');
 865   1                              write_com(0xc0);write_date(' '); 
 866   1                              write_com(0xc1);write_date(' ');
 867   1                              write_com(0xc2);write_date(' ');
 868   1                              write_com(0xc3);write_date(' ');
 869   1                              write_com(0xc4);write_date(' ');
 870   1                              write_com(0xc5);write_date(' ');
 871   1                              write_com(0xc6);write_date(' ');
 872   1                              write_com(0xc7);write_date(' ');
 873   1                          write_com(0xc8);write_date(' '); 
 874   1                              write_com(0xc9);write_date(' ');
 875   1                              write_com(0xca);write_date(' ');
 876   1                              write_com(0xcb);write_date(' ');
 877   1                              write_com(0xcc);write_date(' ');
 878   1                              write_com(0xcd);write_date(' ');
 879   1                              write_com(0xce);write_date(' ');
 880   1                              write_com(0xcf);write_date(' ');
 881   1                         while(1)
 882   1                          {   if(add==0)
 883   2                                    {
 884   3                                        delayms(30);
 885   3                                          if(add==0)
 886   3                                                {
 887   4                                                  TR0=1;
 888   4                                                }
 889   3      
 890   3                                        }
 891   2                                      if(dec==0)
 892   2                                    {
 893   3                                        delayms(30);
 894   3                                          if(dec==0)
 895   3                                                {
 896   4                                                  TR0=0;
 897   4                                                }
 898   3                                                }
 899   2                                      if(set==0)
 900   2                                    {
 901   3                                        delayms(30);
 902   3                                          if(set==0)
 903   3                                                {
 904   4                                                  djs11=0;
 905   4                                                      TR0=0;
 906   4                                                                                                      dsmin=0;
 907   4                                                      dshour=0;
 908   4                                                }
 909   3                                                }
 910   2                                      if(djs==0)
 911   2                                    {
 912   3                                        delayms(30);
 913   3                                          if(djs==0)
 914   3                                                {
 915   4                                                      yx();
 916   4                                                }
 917   3                                                }
 918   2                              write_com(0xc4); 
 919   2                                                       i=dshour/10;
 920   2                   j=dshour%10;    
 921   2                   write_date(0x30+i);  
C51 COMPILER V9.00   MAIN                                                                  03/11/2014 13:48:13 PAGE 16  

 922   2                   write_date(0x30+j); 
 923   2      
 924   2                               write_date(':');  
 925   2                               i=dsmin/10;
 926   2                   j=dsmin%10;    
 927   2                   write_date(0x30+i);  
 928   2                   write_date(0x30+j);
 929   2                               write_date(':');   
 930   2      
 931   2                                                       i=djs11/10;
 932   2                   j=djs11%10; 
 933   2                   write_date(0x30+i);  
 934   2                   write_date(0x30+j);
 935   2                              }
 936   1      }
 937          void delay_18B20(unsigned int i)//延时1微秒
 938          {
 939   1              while(i--);
 940   1      }
 941          void ds1820rst()/*ds1820复位*/
 942           {  unsigned char x=0;
 943   1               DQ = 1;          //DQ复位
 944   1               delay_18B20(4);  //延时
 945   1               DQ = 0;          //DQ拉低
 946   1               delay_18B20(100); //精确延时大于480us
 947   1               DQ = 1;          //拉高
 948   1               delay_18B20(40);        
 949   1         }  
 950            
 951             uchar ds1820rd()/*读数据*/
 952            { unsigned char i=0;
 953   1               unsigned char dat = 0;
 954   1               for (i=8;i>0;i--)
 955   1               {   DQ = 0; //给脉冲信号
 956   2                        dat>>=1;
 957   2                        DQ = 1; //给脉冲信号
 958   2                        if(DQ)
 959   2                        dat|=0x80;
 960   2                        delay_18B20(10);
 961   2               }
 962   1              return(dat);
 963   1        }
 964          
 965            void ds1820wr(uchar wdata)/*写数据*/
 966            {unsigned char i=0;
 967   1          for (i=8; i>0; i--)
 968   1         { DQ = 0;
 969   2           DQ = wdata&0x01;
 970   2           delay_18B20(10);
 971   2           DQ = 1;
 972   2           wdata>>=1;
 973   2         }
 974   1       }
 975          read_temp()/*读取温度值并转换*/
 976           {uchar a,b;
 977   1        ds1820rst();    
 978   1        ds1820wr(0xcc);//*跳过读序列号*/
 979   1        ds1820wr(0x44);//*启动温度转换*/
 980   1        ds1820rst();    
 981   1        ds1820wr(0xcc);//*跳过读序列号*/ 
 982   1        ds1820wr(0xbe);//*读取温度*/ 
 983   1        a=ds1820rd();
C51 COMPILER V9.00   MAIN                                                                  03/11/2014 13:48:13 PAGE 17  

 984   1        b=ds1820rd();
 985   1        tvalue=b;
 986   1        tvalue<<=8;
 987   1        tvalue=tvalue|a;
 988   1          if(tvalue<0x0fff)
 989   1         tflag=0;
 990   1          else
 991   1         {tvalue=~tvalue+1;
 992   2               tflag=1;
 993   2         }
 994   1        tvalue=tvalue*(0.625);//温度值扩大10倍，精确到1位小数
 995   1              return(tvalue);
 996   1        }
 997          void ds1820disp()//温度值显示
 998                  { uchar flagdat;
 999   1                disdata[0]=tvalue/1000+0x30;//百位数
1000   1           disdata[1]=tvalue%1000/100+0x30;//十位数
1001   1           disdata[2]=tvalue%100/10+0x30;//个位数
1002   1           disdata[3]=tvalue%10+0x30;//小数位
1003   1          
1004   1           if(tflag==0)
1005   1                  flagdat=0x20;//正温度不显示符号
1006   1           else
1007   1             flagdat=0x2d;//负温度显示负号:-
1008   1      
1009   1           if(disdata[0]==0x30)
1010   1                 {disdata[0]=0x20;//如果百位为0，不显示
1011   2                       if(disdata[1]==0x30)
1012   2                        {disdata[1]=0x20;//如果百位为0，十位为0也不显示
1013   3                        }
1014   2                      }
1015   1      
1016   1                 write_com(0xc9);
1017   1                 write_date(flagdat);//显示符号位
1018   1                 write_com(0xca);
1019   1                 write_date(disdata[0]);//显示百位
1020   1                 write_com(0xcb);
1021   1                 write_date(disdata[1]);//显示十位    
1022   1                 write_com(0xcc);
1023   1                 write_date(disdata[2]);//显示个位    
1024   1                 write_com(0xcd);
1025   1                 write_date(0x2e);//显示小数点        
1026   1                 write_com(0xce);
1027   1                 write_date(disdata[3]);//显示小数位
1028   1                 write_com(0xcf);
1029   1                 write_date('C');
1030   1         }
1031          
1032          void yx()
1033          {
1034   1      init();
1035   1      while(1)
1036   1              { 
1037   2               read_date(); 
1038   2               read_temp();//读取温度
1039   2               ds1820disp();//显示
1040   2               key_scan(); 
1041   2               if(add==0)
1042   2                                   {
1043   3                                        delayms(30);
1044   3                                          if(add==0)
1045   3                                                {
C51 COMPILER V9.00   MAIN                                                                  03/11/2014 13:48:13 PAGE 18  

1046   4                                                   speaker=1;
1047   4                                                }
1048   3      
1049   3                                        }
1050   2                                      if(dec==0)
1051   2                                    {
1052   3                                        delayms(30);
1053   3                                          if(dec==0)
1054   3                                                {
1055   4                                                   speaker=1;
1056   4                                                }
1057   3                                                }
1058   2               if(djs==0)
1059   2                {
1060   3                 delay(5);
1061   3                  if(djs==0)
1062   3                        {
1063   4                         miaobiao();           
1064   4                        }     
1065   3                      }
1066   2              }
1067   1      
1068   1      }
1069           
1070          void main()
1071          {
1072   1              init();
1073   1              Timer0_init();
1074   1      //      Init_DS1302();       //将1302初始化 
1075   1           speaker=1;
1076   1           szdata1[1]=0x00;
1077   1               szdata1[2]=0x00;
1078   1               szdata1[3]=0x00;
1079   1               szdata1[4]=0x00;
1080   1               szdata1[5]=0x00;
1081   1               szdata1[6]=0x00;
1082   1               szdata1[7]=0x00;
1083   1              yx();
1084   1      }


MODULE INFORMATION:   STATIC OVERLAYABLE
   CODE SIZE        =   3758    ----
   CONSTANT SIZE    =     55    ----
   XDATA SIZE       =   ----    ----
   PDATA SIZE       =   ----    ----
   DATA SIZE        =     43      11
   IDATA SIZE       =   ----    ----
   BIT SIZE         =   ----    ----
END OF MODULE INFORMATION.


C51 COMPILATION COMPLETE.  1 WARNING(S),  0 ERROR(S)
