C51 COMPILER V9.01   TRAFFIC                                                               06/12/2020 21:32:47 PAGE 1   


C51 COMPILER V9.01, COMPILATION OF MODULE TRAFFIC
OBJECT MODULE PLACED IN TRAFFIC.OBJ
COMPILER INVOKED BY: C:\Keil\C51\BIN\C51.EXE TRAFFIC.C BROWSE DEBUG OBJECTEXTEND

line level    source

   1                                    #define TRAFFIC_GLOBAL 1  
   2          #include "TRAFFIC.H"  
*** WARNING C318 IN LINE 2 OF TRAFFIC.C: can't open file 'TRAFFIC.H'
   3          /********************************************************************************************
   4          * 函数名称：延时子程序
   5          * 功    能：延时，给LED显示的延时时间
   6          * 入口参数：时间参数
   7          * 出口参数：无
   8          *********************************************************************************************/
   9          void    Delay(uchar      a)
*** ERROR C141 IN LINE 9 OF TRAFFIC.C: syntax error near 'a', expected ')'
  10                  {
  11   1                      uchar   i;
*** ERROR C141 IN LINE 11 OF TRAFFIC.C: syntax error near 'i'
*** ERROR C202 IN LINE 11 OF TRAFFIC.C: 'i': undefined identifier
  12   1                      i=a;
*** ERROR C202 IN LINE 12 OF TRAFFIC.C: 'i': undefined identifier
  13   1                      while(i--){;}
*** ERROR C202 IN LINE 13 OF TRAFFIC.C: 'i': undefined identifier
  14   1              }
  15          
  16          
  17          /********************************************************************************************
  18          * 函数名称：显示子函数
  19          * 功    能：EW方向，SN方向主干道数码管显示驱动
  20          * 入口参数：无
  21          * 出口参数：无
  22          *********************************************************************************************/
  23          void    Display(void)
  24                  {
  25   1                      char h,l;
  26   1                      h=Time_EW/10;           //EW方向计时的十位数
*** ERROR C202 IN LINE 26 OF TRAFFIC.C: 'Time_EW': undefined identifier
  27   1                      l=Time_EW%10;           //EW方向计时的个位数
*** ERROR C202 IN LINE 27 OF TRAFFIC.C: 'Time_EW': undefined identifier
  28   1                  P0=table[l];                //显示EW计时时间的低位
*** ERROR C202 IN LINE 28 OF TRAFFIC.C: 'P0': undefined identifier
  29   1                      EW_LED2=1;
*** ERROR C202 IN LINE 29 OF TRAFFIC.C: 'EW_LED2': undefined identifier
  30   1                      Delay(2);
  31   1                      EW_LED2=0;
*** ERROR C202 IN LINE 31 OF TRAFFIC.C: 'EW_LED2': undefined identifier
  32   1                  P0=table[h];                //显示EW计时时间的高位
*** ERROR C202 IN LINE 32 OF TRAFFIC.C: 'P0': undefined identifier
  33   1                      EW_LED1=1;
*** ERROR C202 IN LINE 33 OF TRAFFIC.C: 'EW_LED1': undefined identifier
  34   1                      Delay(2);
  35   1                      EW_LED1=0;
*** ERROR C202 IN LINE 35 OF TRAFFIC.C: 'EW_LED1': undefined identifier
  36   1      
  37   1                      h=Time_SN/10;           //SN方向计时的十位数
*** ERROR C202 IN LINE 37 OF TRAFFIC.C: 'Time_SN': undefined identifier
  38   1                      l=Time_SN%10;           //SN方向计时的个位数
*** ERROR C202 IN LINE 38 OF TRAFFIC.C: 'Time_SN': undefined identifier
  39   1                      P0=table[l];            //显示SN计时时间的低位
C51 COMPILER V9.01   TRAFFIC                                                               06/12/2020 21:32:47 PAGE 2   

*** ERROR C202 IN LINE 39 OF TRAFFIC.C: 'P0': undefined identifier
  40   1                      SN_LED2=1;
*** ERROR C202 IN LINE 40 OF TRAFFIC.C: 'SN_LED2': undefined identifier
  41   1                      Delay(2);
  42   1                      SN_LED2=0;
*** ERROR C202 IN LINE 42 OF TRAFFIC.C: 'SN_LED2': undefined identifier
  43   1                  P0=table[h];                //显示SN计时时间的高位
*** ERROR C202 IN LINE 43 OF TRAFFIC.C: 'P0': undefined identifier
  44   1                      SN_LED1=1;
*** ERROR C202 IN LINE 44 OF TRAFFIC.C: 'SN_LED1': undefined identifier
  45   1                      Delay(2);
  46   1                      SN_LED1=0;
*** ERROR C202 IN LINE 46 OF TRAFFIC.C: 'SN_LED1': undefined identifier
  47   1                      
  48   1      
  49   1                      h= EW1/10;                      //直行时间的十位
*** ERROR C202 IN LINE 49 OF TRAFFIC.C: 'EW1': undefined identifier
  50   1                      l= EW1%10;                      //直行时间的个位
*** ERROR C202 IN LINE 50 OF TRAFFIC.C: 'EW1': undefined identifier
  51   1                      P0=table[l];            //时间的个位显示
*** ERROR C202 IN LINE 51 OF TRAFFIC.C: 'P0': undefined identifier
  52   1                      Time_Show_LED1=1;
*** ERROR C202 IN LINE 52 OF TRAFFIC.C: 'Time_Show_LED1': undefined identifier
  53   1                      Delay(2);
  54   1              Time_Show_LED1=0;
*** ERROR C202 IN LINE 54 OF TRAFFIC.C: 'Time_Show_LED1': undefined identifier
  55   1                      P0=table[h];            //时间的十位显示
*** ERROR C202 IN LINE 55 OF TRAFFIC.C: 'P0': undefined identifier
  56   1                      Time_Show_LED2=1;
*** ERROR C202 IN LINE 56 OF TRAFFIC.C: 'Time_Show_LED2': undefined identifier
  57   1                      Delay(2);
  58   1                  Time_Show_LED2=0;
*** ERROR C202 IN LINE 58 OF TRAFFIC.C: 'Time_Show_LED2': undefined identifier
  59   1      } 
  60          
  61          
  62          /********************************************************************************************
  63          * 函数名称：外部0中断服务程序
  64          * 功    能：中断，检测按钮的类别，执行相应的操作；
  65                      若Add_Button==0，通行时间加5s ；
  66                      若Reduces_Button==0，通行时间减5s ；
  67                      若Busy_Btton==0，开繁忙信号灯，关特殊信号灯，通行时间45s，30s；
  68                      若Add_Button==0，关繁忙信号灯，开特殊信号灯，通行时间75s，55s；
  69          * 入口参数：无
  70          * 出口参数：无
  71          *********************************************************************************************/
  72          void    EXINT0(void) interrupt 0 using 0
  73                  {
  74   1                      EA = 0;                    //关中断
*** ERROR C202 IN LINE 74 OF TRAFFIC.C: 'EA': undefined identifier
  75   1      if(Add_Button==0)                  //时间加
*** ERROR C202 IN LINE 75 OF TRAFFIC.C: 'Add_Button': undefined identifier
  76   1             { 
  77   2                  EW1+=5;                                //通行时间加5s
*** ERROR C202 IN LINE 77 OF TRAFFIC.C: 'EW1': undefined identifier
  78   2                  SN1+=5;
*** ERROR C202 IN LINE 78 OF TRAFFIC.C: 'SN1': undefined identifier
  79   2                    if(EW1>=100)                 //通行时间不得大于100s,80s
*** ERROR C202 IN LINE 79 OF TRAFFIC.C: 'EW1': undefined identifier
  80   2                                 {
  81   3                                   EW1=99;
*** ERROR C202 IN LINE 81 OF TRAFFIC.C: 'EW1': undefined identifier
C51 COMPILER V9.01   TRAFFIC                                                               06/12/2020 21:32:47 PAGE 3   

  82   3                                   SN1=79;
*** ERROR C202 IN LINE 82 OF TRAFFIC.C: 'SN1': undefined identifier
  83   3                     }
  84   2                  }
  85   1      if(Reduces_Button==0)             //时间减
*** ERROR C202 IN LINE 85 OF TRAFFIC.C: 'Reduces_Button': undefined identifier
  86   1             {
  87   2                  EW1-=5;                           //通行时间减5s
*** ERROR C202 IN LINE 87 OF TRAFFIC.C: 'EW1': undefined identifier
  88   2                  SN1-=5;
*** ERROR C202 IN LINE 88 OF TRAFFIC.C: 'SN1': undefined identifier
  89   2                  if(EW1<=40)               //通行时间不得小于40s，20s
*** ERROR C202 IN LINE 89 OF TRAFFIC.C: 'EW1': undefined identifier
  90   2                    { 
  91   3                                   EW1=40;
*** ERROR C202 IN LINE 91 OF TRAFFIC.C: 'EW1': undefined identifier
  92   3                       SN1=20;
*** ERROR C202 IN LINE 92 OF TRAFFIC.C: 'SN1': undefined identifier
  93   3                     }
  94   2                          }           
  95   1                      EA = 1;                  //开中断
*** ERROR C202 IN LINE 95 OF TRAFFIC.C: 'EA': undefined identifier
  96   1              }
  97           
  98          /******************************************************************************
  99          * 函数名称:外部中断1
 100          * 功    能:中断，当遇到紧急情况，需要人工控制时，强制直行的函数处理
 101                     若QZ_EW_Btton按下时，EW方向绿灯亮，SN方向红灯亮 ，并点亮QZ_EW_LED指示灯
 102                             若QZ_SN_Btton按下时，EW方向红灯亮，SN方向绿灯亮 ，并点亮QZ_SN_LED指示灯
 103          * 入口参数:无
 104          * 出口参数:无
 105          ********************************************************************************/
 106          void EXINT1(void) interrupt 2 using 2
 107          {
 108   1      EA = 0;  
*** ERROR C202 IN LINE 108 OF TRAFFIC.C: 'EA': undefined identifier
 109   1      
 110   1      if(QZ_EW_Btton==0)              //EW方向强制通行按键是否按下
*** ERROR C202 IN LINE 110 OF TRAFFIC.C: 'QZ_EW_Btton': undefined identifier
 111   1              {           
 112   2                              QZ_EW = ~QZ_EW;         //
*** ERROR C202 IN LINE 112 OF TRAFFIC.C: 'QZ_EW': undefined identifier
 113   2                              QZ_SN = 0;                                                                      
*** ERROR C202 IN LINE 113 OF TRAFFIC.C: 'QZ_SN': undefined identifier
 114   2                              if(QZ_EW)  
*** ERROR C202 IN LINE 114 OF TRAFFIC.C: 'QZ_EW': undefined identifier
 115   2                              {QZ_EW_LED = 1;
*** ERROR C202 IN LINE 115 OF TRAFFIC.C: 'QZ_EW_LED': undefined identifier
 116   3                               QZ_SN_LED = 0;}
*** ERROR C202 IN LINE 116 OF TRAFFIC.C: 'QZ_SN_LED': undefined identifier
 117   2                              else       QZ_EW_LED = 0;
*** ERROR C202 IN LINE 117 OF TRAFFIC.C: 'QZ_EW_LED': undefined identifier
 118   2              }
 119   1      if(QZ_SN_Btton==0)             //测试按键是否按下，按下为特殊状态
*** ERROR C202 IN LINE 119 OF TRAFFIC.C: 'QZ_SN_Btton': undefined identifier
 120   1              {
 121   2                          QZ_SN = ~QZ_SN;
*** ERROR C202 IN LINE 121 OF TRAFFIC.C: 'QZ_SN': undefined identifier
 122   2                              QZ_EW = 0;       
*** ERROR C202 IN LINE 122 OF TRAFFIC.C: 'QZ_EW': undefined identifier
 123   2                              if(QZ_SN)  
*** ERROR C202 IN LINE 123 OF TRAFFIC.C: 'QZ_SN': undefined identifier
C51 COMPILER V9.01   TRAFFIC                                                               06/12/2020 21:32:47 PAGE 4   

 124   2                              {QZ_SN_LED = 1;
*** ERROR C202 IN LINE 124 OF TRAFFIC.C: 'QZ_SN_LED': undefined identifier
 125   3                               QZ_EW_LED = 0;} 
*** ERROR C202 IN LINE 125 OF TRAFFIC.C: 'QZ_EW_LED': undefined identifier
 126   2                              else       
 127   2                               QZ_SN_LED = 0;
*** ERROR C202 IN LINE 127 OF TRAFFIC.C: 'QZ_SN_LED': undefined identifier
 128   2                  }                                 
 129   1      EA = 1;                  
*** ERROR C202 IN LINE 129 OF TRAFFIC.C: 'EA': undefined identifier
 130   1      }
 131          
 132          
 133          /******************************************************************************
 134          * 函数名称:定时器0中断
 135          * 功    能:作为定时器为交通计时提供时钟信号
 136          * 入口参数:无
 137          * 出口参数:无
 138          ********************************************************************************/
 139                  void timer0(void)interrupt 1 using 1
 140          {
 141   1              static uchar count;
*** ERROR C141 IN LINE 141 OF TRAFFIC.C: syntax error near 'count'
 142   1              TH0=(65536-50000)/256;
*** ERROR C202 IN LINE 142 OF TRAFFIC.C: 'TH0': undefined identifier
 143   1              TL0=(65536-50000)%256;
*** ERROR C202 IN LINE 143 OF TRAFFIC.C: 'TL0': undefined identifier
 144   1              count++;
 145   1              
 146   1              if(count==10)
 147   1              {
 148   2                if(Flag_SN_Yellow==1)       //测试SN黄灯标志位
*** ERROR C202 IN LINE 148 OF TRAFFIC.C: 'Flag_SN_Yellow': undefined identifier
 149   2                {SN_Yellow=~SN_Yellow;}
*** ERROR C202 IN LINE 149 OF TRAFFIC.C: 'SN_Yellow': undefined identifier
 150   2                if(Flag_EW_Yellow==1)       //测试EW黄灯标志位
*** ERROR C202 IN LINE 150 OF TRAFFIC.C: 'Flag_EW_Yellow': undefined identifier
 151   2                {EW_Yellow=~EW_Yellow;} 
*** ERROR C202 IN LINE 151 OF TRAFFIC.C: 'EW_Yellow': undefined identifier
 152   2              }
 153   1              if(count==20)
 154   1              {
 155   2              Time_EW--;
*** ERROR C202 IN LINE 155 OF TRAFFIC.C: 'Time_EW': undefined identifier
 156   2              Time_SN--;
*** ERROR C202 IN LINE 156 OF TRAFFIC.C: 'Time_SN': undefined identifier
 157   2              if(Flag_SN_Yellow==1)        //测试SN黄灯标志位
*** ERROR C202 IN LINE 157 OF TRAFFIC.C: 'Flag_SN_Yellow': undefined identifier
 158   2                  {SN_Yellow=~SN_Yellow;}
*** ERROR C202 IN LINE 158 OF TRAFFIC.C: 'SN_Yellow': undefined identifier
 159   2              if(Flag_EW_Yellow==1)        //测试EW黄灯标志位
*** ERROR C202 IN LINE 159 OF TRAFFIC.C: 'Flag_EW_Yellow': undefined identifier
 160   2                  {EW_Yellow=~EW_Yellow;}
*** ERROR C202 IN LINE 160 OF TRAFFIC.C: 'EW_Yellow': undefined identifier
 161   2              count=0;
 162   2              }       
 163   1      }  
 164          
 165          
 166          /******************************************************************************
 167          * 函数名称:main()
 168          * 功    能:主函数
C51 COMPILER V9.01   TRAFFIC                                                               06/12/2020 21:32:47 PAGE 5   

 169          * 入口参数:无
 170          * 出口参数:无
 171          ********************************************************************************/
 172          void    main(void)
 173          
 174          { 
 175   1              QZ_EW_LED = 0;
*** ERROR C202 IN LINE 175 OF TRAFFIC.C: 'QZ_EW_LED': undefined identifier
 176   1              QZ_SN_LED = 0;
*** ERROR C202 IN LINE 176 OF TRAFFIC.C: 'QZ_SN_LED': undefined identifier
 177   1              QZ_EW = 0;
*** ERROR C202 IN LINE 177 OF TRAFFIC.C: 'QZ_EW': undefined identifier
 178   1              QZ_SN = 0;
*** ERROR C202 IN LINE 178 OF TRAFFIC.C: 'QZ_SN': undefined identifier
 179   1              IT0=1;                      //INT0负跳变触发
*** ERROR C202 IN LINE 179 OF TRAFFIC.C: 'IT0': undefined identifier
 180   1              IT1=1;                          //INT0负跳变触发        
*** ERROR C202 IN LINE 180 OF TRAFFIC.C: 'IT1': undefined identifier
 181   1          TMOD=0x01;                  //定时器工作于方式1
*** ERROR C202 IN LINE 181 OF TRAFFIC.C: 'TMOD': undefined identifier
 182   1              TH0=(65536-50000)/256;      //定时器赋初值
*** ERROR C202 IN LINE 182 OF TRAFFIC.C: 'TH0': undefined identifier
 183   1              TL0=(65536-50000)%256;
*** ERROR C202 IN LINE 183 OF TRAFFIC.C: 'TL0': undefined identifier
 184   1              EA=1;                       //CPU开中断总允许
*** ERROR C202 IN LINE 184 OF TRAFFIC.C: 'EA': undefined identifier
 185   1              ET0=1;                      //开定时中断
*** ERROR C202 IN LINE 185 OF TRAFFIC.C: 'ET0': undefined identifier
 186   1              EX0=1;                      //开外部INTO中断
*** ERROR C202 IN LINE 186 OF TRAFFIC.C: 'EX0': undefined identifier
 187   1              EX1=1;                      //开外部INT1中断
*** ERROR C202 IN LINE 187 OF TRAFFIC.C: 'EX1': undefined identifier
 188   1          TR0=1;                      //启动定时
*** ERROR C202 IN LINE 188 OF TRAFFIC.C: 'TR0': undefined identifier
 189   1      
 190   1           while(1)
 191   1      
 192   1      {                               /*******SN通行，EW红灯*** ***************/
 193   2                      Flag_EW_Yellow=0;             //EW关黄灯显示信号
*** ERROR C202 IN LINE 193 OF TRAFFIC.C: 'Flag_EW_Yellow': undefined identifier
 194   2                                      Time_EW=EW;     
*** ERROR C202 IN LINE 194 OF TRAFFIC.C: 'Time_EW': undefined identifier
 195   2                                      Time_SN=SN;             
*** ERROR C202 IN LINE 195 OF TRAFFIC.C: 'Time_SN': undefined identifier
 196   2                                      while(Time_SN>=5&QZ_EW == 0&QZ_SN == 0)
*** ERROR C202 IN LINE 196 OF TRAFFIC.C: 'Time_SN': undefined identifier
 197   2                                  {P1=LIGHT[0];                     //SN通行，EW红灯
*** ERROR C202 IN LINE 197 OF TRAFFIC.C: 'P1': undefined identifier
 198   3                               Display();}
 199   2                                      /*******SN黄灯亮，等待左拐信号，EW红灯***/
 200   2                                  P1=0x00;
*** ERROR C202 IN LINE 200 OF TRAFFIC.C: 'P1': undefined identifier
 201   2                                      while(Time_SN>=0&QZ_EW == 0&QZ_SN == 0)
*** ERROR C202 IN LINE 201 OF TRAFFIC.C: 'Time_SN': undefined identifier
 202   2                                 {Flag_SN_Yellow=1;             //SN开黄灯信号位
*** ERROR C202 IN LINE 202 OF TRAFFIC.C: 'Flag_SN_Yellow': undefined identifier
 203   3                                  EW_Red=1;                     //SN黄灯亮，等待左拐信号，EW红灯                               
*** ERROR C202 IN LINE 203 OF TRAFFIC.C: 'EW_Red': undefined identifier
 204   3                                   Display();
 205   3                                      }
 206   2                                      /*******SN左拐绿灯亮，EW红灯*************/
 207   2                                  Flag_SN_Yellow=0;             //SN关黄灯显示信号
C51 COMPILER V9.01   TRAFFIC                                                               06/12/2020 21:32:47 PAGE 6   

*** ERROR C202 IN LINE 207 OF TRAFFIC.C: 'Flag_SN_Yellow': undefined identifier
 208   2                                      Time_SN=SNL;                                                             
*** ERROR C202 IN LINE 208 OF TRAFFIC.C: 'Time_SN': undefined identifier
 209   2                                      while(Time_SN>=5&QZ_EW == 0&QZ_SN == 0)
*** ERROR C202 IN LINE 209 OF TRAFFIC.C: 'Time_SN': undefined identifier
 210   2                                      {P1=LIGHT[2];                 //SN左拐绿灯亮，EW红灯
*** ERROR C202 IN LINE 210 OF TRAFFIC.C: 'P1': undefined identifier
 211   3                                       Display();}
 212   2      
 213   2                                /*******SN黄灯亮,等待停止信号，EW红灯******/
 214   2                                      P1=0x00;
*** ERROR C202 IN LINE 214 OF TRAFFIC.C: 'P1': undefined identifier
 215   2                                      while(Time_SN>=0&QZ_EW == 0&QZ_SN == 0)
*** ERROR C202 IN LINE 215 OF TRAFFIC.C: 'Time_SN': undefined identifier
 216   2                                 {Flag_SN_Yellow=1;             //SN开黄灯信号位
*** ERROR C202 IN LINE 216 OF TRAFFIC.C: 'Flag_SN_Yellow': undefined identifier
 217   3                                  EW_Red=1;                     //SN黄灯亮,等待停止信号，EW红灯                               
*** ERROR C202 IN LINE 217 OF TRAFFIC.C: 'EW_Red': undefined identifier
 218   3                                  Display();}            
 219   2      
 220   2                                 /***********赋值**********/
 221   2                                      EW=EW1;
*** ERROR C202 IN LINE 221 OF TRAFFIC.C: 'EW': undefined identifier
 222   2                                      SN=SN1;
*** ERROR C202 IN LINE 222 OF TRAFFIC.C: 'SN': undefined identifier
 223   2                                      EWL=EWL1;
*** ERROR C202 IN LINE 223 OF TRAFFIC.C: 'EWL': undefined identifier
 224   2                                      SNL=SNL1;
*** ERROR C202 IN LINE 224 OF TRAFFIC.C: 'SNL': undefined identifier
 225   2      
 226   2                                      /*******EW通行，SN红灯******************/
 227   2                                      Flag_SN_Yellow=0;              //SN关黄灯显示信号
*** ERROR C202 IN LINE 227 OF TRAFFIC.C: 'Flag_SN_Yellow': undefined identifier
 228   2                                      Time_EW=SN;
*** ERROR C202 IN LINE 228 OF TRAFFIC.C: 'Time_EW': undefined identifier
 229   2                                      Time_SN=EW;
*** ERROR C202 IN LINE 229 OF TRAFFIC.C: 'Time_SN': undefined identifier
 230   2                                  while(Time_EW>=5&QZ_EW == 0&QZ_SN == 0)
*** ERROR C202 IN LINE 230 OF TRAFFIC.C: 'Time_EW': undefined identifier
 231   2                                  {P1=LIGHT[4];                       //EW通行，SN红灯
*** ERROR C202 IN LINE 231 OF TRAFFIC.C: 'P1': undefined identifier
 232   3                                       Display();}
 233   2      
 234   2                                      /*****EW黄灯亮，等待左拐信号，SN红灯****/
 235   2                                      P1=0X00;
*** ERROR C202 IN LINE 235 OF TRAFFIC.C: 'P1': undefined identifier
 236   2                                      while(Time_EW>=0&QZ_EW == 0&QZ_SN == 0)
*** ERROR C202 IN LINE 236 OF TRAFFIC.C: 'Time_EW': undefined identifier
 237   2                                 {Flag_EW_Yellow=1;               //EW开黄灯信号位
*** ERROR C202 IN LINE 237 OF TRAFFIC.C: 'Flag_EW_Yellow': undefined identifier
 238   3                                  SN_Red=1;                       //EW黄灯亮，等待左拐信号，SN红灯    
*** ERROR C202 IN LINE 238 OF TRAFFIC.C: 'SN_Red': undefined identifier
 239   3                                  Display();}
 240   2      
 241   2                                      /*******EW左拐绿灯亮，SN红灯**********/
 242   2                                      Flag_EW_Yellow=0;                   //EW关黄灯显示信号
*** ERROR C202 IN LINE 242 OF TRAFFIC.C: 'Flag_EW_Yellow': undefined identifier
 243   2                                      Time_EW=EWL;
*** ERROR C202 IN LINE 243 OF TRAFFIC.C: 'Time_EW': undefined identifier
 244   2                                      while(Time_EW>=5&QZ_EW == 0&QZ_SN == 0)
*** ERROR C202 IN LINE 244 OF TRAFFIC.C: 'Time_EW': undefined identifier
 245   2                                      {P1=LIGHT[6];                   //EW左拐绿灯亮，SN红灯
C51 COMPILER V9.01   TRAFFIC                                                               06/12/2020 21:32:47 PAGE 7   

*** ERROR C202 IN LINE 245 OF TRAFFIC.C: 'P1': undefined identifier
 246   3                                       Display();}
 247   2      
 248   2                                      /****EW黄灯亮，等待停止信号，SN红灯***/
 249   2                                      P1=0X00;                                                          
*** ERROR C202 IN LINE 249 OF TRAFFIC.C: 'P1': undefined identifier
 250   2                                      while(Time_EW>=0&QZ_EW == 0&QZ_SN == 0)
*** ERROR C202 IN LINE 250 OF TRAFFIC.C: 'Time_EW': undefined identifier
 251   2                                 {Flag_EW_Yellow=1;               //EW开黄灯信号位
*** ERROR C202 IN LINE 251 OF TRAFFIC.C: 'Flag_EW_Yellow': undefined identifier
 252   3                                  SN_Red=1;                       //EW黄灯亮，等待停止信号，SN红灯    
*** ERROR C202 IN LINE 252 OF TRAFFIC.C: 'SN_Red': undefined identifier
 253   3                                  Display();}
 254   2      
 255   2                                      /*********EW方向强制通行**************/
 256   2                                      while(QZ_EW) 
*** ERROR C202 IN LINE 256 OF TRAFFIC.C: 'QZ_EW': undefined identifier
 257   2                                      {Time_EW = 88;
*** ERROR C202 IN LINE 257 OF TRAFFIC.C: 'Time_EW': undefined identifier
 258   3                                       Time_SN = 88;
*** ERROR C202 IN LINE 258 OF TRAFFIC.C: 'Time_SN': undefined identifier
 259   3                                       EW1 = 88;                                                              
*** ERROR C202 IN LINE 259 OF TRAFFIC.C: 'EW1': undefined identifier
 260   3                                       Display();
 261   3                                       P1=LIGHT[4];                   //EW通行，SN红灯        
*** ERROR C202 IN LINE 261 OF TRAFFIC.C: 'P1': undefined identifier
 262   3                                       EW1 = 60;
*** ERROR C202 IN LINE 262 OF TRAFFIC.C: 'EW1': undefined identifier
 263   3                                       SN1 = 40;}  
*** ERROR C202 IN LINE 263 OF TRAFFIC.C: 'SN1': undefined identifier
 264   2      
 265   2                                      /*********SN方向强制通行**************/
 266   2                                      while(QZ_SN)
*** ERROR C202 IN LINE 266 OF TRAFFIC.C: 'QZ_SN': undefined identifier
 267   2                                      {Time_EW = 88;
*** ERROR C202 IN LINE 267 OF TRAFFIC.C: 'Time_EW': undefined identifier
 268   3                                       Time_SN = 88;
*** ERROR C202 IN LINE 268 OF TRAFFIC.C: 'Time_SN': undefined identifier
 269   3                                       EW1 = 88;                                                              
*** ERROR C202 IN LINE 269 OF TRAFFIC.C: 'EW1': undefined identifier
 270   3                                       Display();
 271   3                                       P1=LIGHT[0];                    //EW通行，SN红灯       
*** ERROR C202 IN LINE 271 OF TRAFFIC.C: 'P1': undefined identifier
 272   3                                       EW1 = 60;
*** ERROR C202 IN LINE 272 OF TRAFFIC.C: 'EW1': undefined identifier
 273   3                                       SN1 = 40;}  
*** ERROR C202 IN LINE 273 OF TRAFFIC.C: 'SN1': undefined identifier
 274   2                              
 275   2                                      /***********赋值**********/
 276   2                                  EW=EW1;
*** ERROR C202 IN LINE 276 OF TRAFFIC.C: 'EW': undefined identifier
 277   2                                      SN=SN1;
*** ERROR C202 IN LINE 277 OF TRAFFIC.C: 'SN': undefined identifier
 278   2                                      EWL=EWL1;
*** ERROR C202 IN LINE 278 OF TRAFFIC.C: 'EWL': undefined identifier
 279   2                                      SNL=SNL1;
*** ERROR C202 IN LINE 279 OF TRAFFIC.C: 'SNL': undefined identifier
 280   2                              }
 281   1      
 282   1              }

C51 COMPILATION COMPLETE.  1 WARNING(S),  142 ERROR(S)
