C51 COMPILER V8.02   按键发__                                                              08/02/2011 10:29:23 PAGE 1   


C51 COMPILER V8.02, COMPILATION OF MODULE 按键发__
OBJECT MODULE PLACED IN 按键发音.OBJ
COMPILER INVOKED BY: C:\Keil\C51\BIN\C51.EXE 按键发音.c BROWSE DEBUG OBJECTEXTEND

line level    source

   1          /*
   2          *按键发音*
   3          */
   4          #include <reg51.h>
   5          typedef unsigned char uint8;
   6          typedef unsigned int uint16;
   7          
   8          sbit K1 = P1^0;
   9          sbit K2 = P1^1;
  10          sbit K3 = P1^2;
  11          sbit K4 = P1^3;
  12          sbit BUZZER = P3^0;
  13                                   
  14          void delay(uint16 x)
  15          {
  16   1              uint16 i,j;
  17   1              for(i = x; i > 0; i --)
  18   1                      for(j = 114; j > 0; j --);              
  19   1      }
  20          
  21          void Play(uint8 t)
  22          {
  23   1              uint8 i;
  24   1              for(i = 0; i < 100; i ++)
  25   1              {
  26   2                      BUZZER = ~BUZZER;delay(t);
  27   2              }
  28   1      }
  29          
  30          void main()
  31          {
  32   1              P1 = 0xFF;
  33   1              while(1)
  34   1              {
  35   2                      if(K1==0) Play(1);
  36   2                      if(K2==0) Play(2);
  37   2                      if(K3==0) Play(3);
  38   2                      if(K4==0) Play(4);
  39   2              }
  40   1      }


MODULE INFORMATION:   STATIC OVERLAYABLE
   CODE SIZE        =     85    ----
   CONSTANT SIZE    =   ----    ----
   XDATA SIZE       =   ----    ----
   PDATA SIZE       =   ----    ----
   DATA SIZE        =   ----    ----
   IDATA SIZE       =   ----    ----
   BIT SIZE         =   ----    ----
END OF MODULE INFORMATION.


C51 COMPILATION COMPLETE.  0 WARNING(S),  0 ERROR(S)
