C51 COMPILER V9.01   MAIN                                                                  06/11/2020 09:36:03 PAGE 1   


C51 COMPILER V9.01, COMPILATION OF MODULE MAIN
OBJECT MODULE PLACED IN .\Ouput\main.obj
COMPILER INVOKED BY: C:\Keil\C51\BIN\C51.EXE main.c BROWSE DEBUG OBJECTEXTEND OBJECT(.\Ouput\main.obj)

line level    source

   1          
   2          #include "reg51.h"
   3          #include "LCD.h"
   4          #include "DS18B20.h"
   5          #include "KEY.h"
   6          void main()
   7          {
   8   1              P1=0X0F;
   9   1              LCD_Init();  //lcd1602初始化
  10   1              sendChangeCmd();
  11   1              write_string(0,0,"Temp:         ");
  12   1              write_string(0,1,"Set :                 ");     
  13   1              while(1)
  14   1              {
  15   2                       display(getTmpValue());//读取温度
  16   2                       sendChangeCmd();               //发送读取温度指令
  17   2                       Key_borad();           //按键设置函数
  18   2                       if(Tp>tmp)  //得到温度值 大于设置值
  19   2                              BEEP(1);
  20   2                       else
  21   2                       {_nop_();}
  22   2      
  23   2              }
  24   1      }
  25          


MODULE INFORMATION:   STATIC OVERLAYABLE
   CODE SIZE        =    898    ----
   CONSTANT SIZE    =     29    ----
   XDATA SIZE       =   ----    ----
   PDATA SIZE       =   ----    ----
   DATA SIZE        =      8      14
   IDATA SIZE       =   ----    ----
   BIT SIZE         =   ----       2
END OF MODULE INFORMATION.


C51 COMPILATION COMPLETE.  0 WARNING(S),  0 ERROR(S)
