C51 COMPILER V7.50   GEN                                                                   01/11/2011 20:50:49 PAGE 1   


C51 COMPILER V7.50, COMPILATION OF MODULE GEN
OBJECT MODULE PLACED IN gen.OBJ
COMPILER INVOKED BY: C:\Keil\C51\BIN\C51.EXE gen.c BROWSE DEBUG OBJECTEXTEND

line level    source

   1          //巍巍机器人小卖部提供//
   2          //淘宝地址：http://shop58277238.taobao.com//
   3          //欢迎您的使用//
   4          
   5          #include<reg52.h>
   6          #include <intrins.h>
   7          sbit    sce = P0^3;  //片选
   8          sbit    res = P0^4;  //复位,0复位
   9          sbit    dc  = P0^2;  //1写数据，0写指令
  10          sbit    sdin = P0^1;  //数据
  11          sbit    sclk = P0^0;  //时钟
  12          sbit    ledd = P0^5;  //背景灯
  13          sbit    m11 = P1^0;   //电机控制
  14          sbit    m12 = P1^1;  //电机控制
  15          sbit     m21 = P1^2;  //电机控制
  16          sbit     m22 = P1^3;  //电机控制
  17          sbit   RightSenser = P1^4;   //信号输入端口
  18          sbit   LeftSenser = P1^5;   //信号输入端口
  19          
  20          unsigned char code shuzi[]={
  21          
  22          
  23          /*--  文字:  1  --*/
  24          /*--  宋体12;  此字体下对应的点阵为：宽x高=8x16   --*/
  25          0x00,0x10,0x10,0xF8,0x00,0x00,0x00,0x00,0x00,0x20,0x20,0x3F,0x20,0x20,0x00,0x00,
  26          
  27          /*--  文字:  2  --*/
  28          /*--  宋体12;  此字体下对应的点阵为：宽x高=8x16   --*/
  29          0x00,0x70,0x08,0x08,0x08,0x88,0x70,0x00,0x00,0x30,0x28,0x24,0x22,0x21,0x30,0x00,
  30          
  31          /*--  文字:  3  --*/
  32          /*--  宋体12;  此字体下对应的点阵为：宽x高=8x16   --*/
  33          0x00,0x30,0x08,0x88,0x88,0x48,0x30,0x00,0x00,0x18,0x20,0x20,0x20,0x11,0x0E,0x00,
  34          
  35          
  36          
  37                  
  38          };
  39          
  40          unsigned char code maohao[]={
  41          /*--  文字:  :  --*/
  42          /*--  宋体12;  此字体下对应的点阵为：宽x高=8x16   --*/
  43          0x00,0x00,0x00,0xC0,0xC0,0x00,0x00,0x00,0x00,0x00,0x00,0x30,0x30,0x00,0x00,0x00
  44          
  45          
  46          };
  47          unsigned char code jiaohao[]={
  48          
  49          
  50          
  51          /*--  文字:  -  --50*/
  52          /*--  宋体12;  此字体下对应的点阵为：宽x高=8x16   --*/
  53          0x00,0x00,0x00,0x00,0x00,0x00,0x00,0x00,0x00,0x00,0x08,0x08,0x08,0x08,0x08,0x00
  54          };
  55          
C51 COMPILER V7.50   GEN                                                                   01/11/2011 20:50:49 PAGE 2   

  56          unsigned char code hanzi[]=
  57          {
  58          /*--  文字:  系  --*/
  59          /*--  宋体12;  此字体下对应的点阵为：宽x高=16x16   --*/
  60          0x00,0x00,0x02,0x22,0xB2,0xAA,0x66,0x62,0x22,0x11,0x4D,0x81,0x01,0x01,0x00,0x00,
  61          0x00,0x40,0x21,0x13,0x09,0x05,0x41,0x81,0x7F,0x01,0x05,0x09,0x13,0x62,0x00,0x00,
  62          
  63          /*--  文字:  统  --*/
  64          /*--  宋体12;  此字体下对应的点阵为：宽x高=16x16   --*/
  65          0x20,0x30,0x2C,0xA3,0x60,0x10,0x84,0xC4,0xA4,0x9D,0x86,0x84,0xA4,0xC4,0x84,0x00,
  66          0x20,0x22,0x23,0x12,0x12,0x92,0x40,0x30,0x0F,0x00,0x00,0x3F,0x40,0x41,0x70,0x00,
  67          
  68          /*--  文字:  已  --*/
  69          /*--  宋体12;  此字体下对应的点阵为：宽x高=16x16   --*/
  70          0x00,0x00,0xE2,0x42,0x42,0x42,0x42,0x42,0x42,0x42,0x42,0x7E,0x00,0x00,0x00,0x00,
  71          0x00,0x00,0x3F,0x20,0x20,0x20,0x20,0x20,0x20,0x20,0x20,0x20,0x20,0x3C,0x10,0x00,
  72          
  73          /*--  文字:  启  --*/
  74          /*--  宋体12;  此字体下对应的点阵为：宽x高=16x16   --*/
  75          0x00,0x00,0x00,0xF8,0x48,0x48,0x48,0x49,0x4E,0x4A,0x48,0x48,0x48,0x78,0x00,0x00,
  76          0x40,0x20,0x18,0x07,0x00,0x7E,0x22,0x22,0x22,0x22,0x22,0x22,0x22,0x7E,0x00,0x00,
  77          
  78          /*--  文字:  动  --*/
  79          /*--  宋体12;  此字体下对应的点阵为：宽x高=16x16   --*/
  80          0x20,0x24,0x24,0xE4,0x24,0x24,0x24,0x20,0x10,0x10,0xFF,0x10,0x10,0xF0,0x00,0x00,
  81          0x08,0x1C,0x0B,0x08,0x0C,0x05,0x4E,0x24,0x10,0x0C,0x03,0x20,0x40,0x3F,0x00,0x00,
  82          
  83          /*--  文字:  向  --*/
  84          /*--  宋体12;  此字体下对应的点阵为：宽x高=16x16   --*/
  85          0x00,0x00,0xFC,0x04,0x04,0xE6,0x25,0x24,0x24,0x24,0xE4,0x04,0x04,0xFC,0x00,0x00,
  86          0x00,0x00,0x7F,0x00,0x00,0x0F,0x04,0x04,0x04,0x04,0x0F,0x20,0x40,0x3F,0x00,0x00,
  87          
  88          /*--  文字:  右  --*/
  89          /*--  宋体12;  此字体下对应的点阵为：宽x高=16x16   --*/
  90          0x08,0x08,0x08,0x88,0xC8,0x38,0x0F,0x08,0x08,0x08,0x08,0x08,0x08,0x08,0x08,0x00,
  91          0x04,0x02,0x01,0x00,0x7F,0x21,0x21,0x21,0x21,0x21,0x21,0x21,0x7F,0x00,0x00,0x00,
  92          
  93          /*--  文字:  转  --*/
  94          /*--  宋体12;  此字体下对应的点阵为：宽x高=16x16   --*/
  95          0xC8,0xA8,0x9C,0xEB,0x88,0x88,0x88,0x40,0x48,0xF8,0x4F,0x48,0x48,0x48,0x40,0x00,
  96          0x08,0x08,0x04,0xFF,0x04,0x04,0x00,0x02,0x0B,0x12,0x22,0xD2,0x0E,0x02,0x00,0x00,
  97          
  98          /*--  文字:  弯  --*/
  99          /*--  宋体12;  此字体下对应的点阵为：宽x高=16x16   --*/
 100          0x02,0x42,0x62,0x5A,0x52,0x42,0x7E,0x43,0x42,0x7E,0x42,0x4A,0xD2,0x32,0x02,0x00,
 101          0x00,0x00,0x00,0x0F,0x09,0x09,0x09,0x09,0x09,0x09,0x49,0x89,0x49,0x38,0x00,0x00,
 102          
 103          /*--  文字:  向  --*/
 104          /*--  宋体12;  此字体下对应的点阵为：宽x高=16x16   --*/
 105          0x00,0x00,0xFC,0x04,0x04,0xE6,0x25,0x24,0x24,0x24,0xE4,0x04,0x04,0xFC,0x00,0x00,
 106          0x00,0x00,0x7F,0x00,0x00,0x0F,0x04,0x04,0x04,0x04,0x0F,0x20,0x40,0x3F,0x00,0x00,
 107          
 108          /*--  文字:  左  --*/
 109          /*--  宋体12;  此字体下对应的点阵为：宽x高=16x16   --*/
 110          0x08,0x08,0x08,0x08,0x08,0xC8,0x3F,0x0A,0x08,0x08,0x08,0x08,0x08,0x08,0x08,0x00,
 111          0x40,0x20,0x50,0x4C,0x43,0x41,0x41,0x41,0x7F,0x41,0x41,0x41,0x41,0x40,0x40,0x00,
 112          
 113          /*--  文字:  转  --*/
 114          /*--  宋体12;  此字体下对应的点阵为：宽x高=16x16   --*/
 115          0xC8,0xA8,0x9C,0xEB,0x88,0x88,0x88,0x40,0x48,0xF8,0x4F,0x48,0x48,0x48,0x40,0x00,
 116          0x08,0x08,0x04,0xFF,0x04,0x04,0x00,0x02,0x0B,0x12,0x22,0xD2,0x0E,0x02,0x00,0x00,
 117          
C51 COMPILER V7.50   GEN                                                                   01/11/2011 20:50:49 PAGE 3   

 118          /*--  文字:  弯  --*/
 119          /*--  宋体12;  此字体下对应的点阵为：宽x高=16x16   --*/
 120          0x02,0x42,0x62,0x5A,0x52,0x42,0x7E,0x43,0x42,0x7E,0x42,0x4A,0xD2,0x32,0x02,0x00,
 121          0x00,0x00,0x00,0x0F,0x09,0x09,0x09,0x09,0x09,0x09,0x49,0x89,0x49,0x38,0x00,0x00,
 122          
 123          /*--  文字:  全  --*/
 124          /*--  宋体12;  此字体下对应的点阵为：宽x高=16x16   --*/
 125          0x00,0x80,0x40,0x60,0x50,0x48,0x44,0xC3,0x44,0x48,0x50,0x70,0x60,0x20,0x00,0x00,
 126          0x00,0x40,0x40,0x44,0x44,0x44,0x44,0x7F,0x44,0x44,0x44,0x46,0x44,0x60,0x40,0x00,
 127          
 128          /*--  文字:  速  --*/
 129          /*--  宋体12;  此字体下对应的点阵为：宽x高=16x16   --*/
 130          0x40,0x42,0xCC,0x00,0x04,0xE4,0x24,0x24,0xFF,0x24,0x24,0x24,0xE4,0x04,0x00,0x00,
 131          0x40,0x20,0x1F,0x20,0x48,0x49,0x45,0x43,0x7F,0x41,0x43,0x45,0x4D,0x40,0x40,0x00,
 132          
 133          /*--  文字:  前  --*/
 134          /*--  宋体12;  此字体下对应的点阵为：宽x高=16x16   --*/
 135          0x08,0x08,0xE8,0xA8,0xA9,0xAE,0xEA,0x08,0x08,0xC8,0x0C,0x0B,0xEA,0x08,0x08,0x00,
 136          0x00,0x00,0x7F,0x04,0x24,0x44,0x3F,0x00,0x00,0x1F,0x40,0x80,0x7F,0x00,0x00,0x00,
 137          
 138          /*--  文字:  进  --*/
 139          /*--  宋体12;  此字体下对应的点阵为：宽x高=16x16   --*/
 140          0x80,0x82,0x9C,0x88,0x00,0x88,0x88,0xFF,0x88,0x88,0x88,0xFF,0x88,0x88,0x80,0x00,
 141          0x00,0x40,0x20,0x1F,0x20,0x50,0x4C,0x43,0x40,0x40,0x40,0x5F,0x40,0x40,0x40,0x00,
 142          
 143          /*--  文字:  巍  --*/
 144          /*--  宋体12;  此字体下对应的点阵为：宽x高=16x16   --*/
 145          0x40,0x50,0xD6,0xF4,0xD4,0x54,0x44,0xF7,0x5C,0x54,0xF4,0x54,0x54,0xF6,0x00,0x00,
 146          0x84,0x4D,0x36,0x15,0x2C,0xC5,0x00,0x83,0x62,0x1E,0x03,0x7E,0x52,0x5F,0x70,0x00,
 147          
 148          /*--  文字:  巍  --*/
 149          /*--  宋体12;  此字体下对应的点阵为：宽x高=16x16   --*/
 150          0x40,0x50,0xD6,0xF4,0xD4,0x54,0x44,0xF7,0x5C,0x54,0xF4,0x54,0x54,0xF6,0x00,0x00,
 151          0x84,0x4D,0x36,0x15,0x2C,0xC5,0x00,0x83,0x62,0x1E,0x03,0x7E,0x52,0x5F,0x70,0x00,
 152          
 153          /*--  文字:  机  --*/
 154          /*--  宋体12;  此字体下对应的点阵为：宽x高=16x16   --*/
 155          0x08,0x08,0xC8,0xFF,0x48,0x88,0x08,0x00,0xFE,0x02,0x02,0x02,0xFE,0x00,0x00,0x00,
 156          0x04,0x03,0x00,0xFF,0x00,0x41,0x30,0x0C,0x03,0x00,0x00,0x00,0x3F,0x40,0x78,0x00,
 157          
 158          /*--  文字:  器  --*/
 159          /*--  宋体12;  此字体下对应的点阵为：宽x高=16x16   --*/
 160          0x40,0x40,0x4F,0x49,0x49,0xC9,0xCF,0x70,0xC0,0xCF,0x49,0x59,0x69,0x4F,0x00,0x00,
 161          0x02,0x02,0x7E,0x45,0x45,0x44,0x7C,0x00,0x7C,0x44,0x45,0x45,0x7E,0x06,0x02,0x00,
 162          
 163          /*--  文字:  人  --*/
 164          /*--  宋体12;  此字体下对应的点阵为：宽x高=16x16   --*/
 165          0x00,0x00,0x00,0x00,0x00,0x00,0xC0,0x3F,0xC2,0x00,0x00,0x00,0x00,0x00,0x00,0x00,
 166          0x00,0x40,0x20,0x10,0x0C,0x03,0x00,0x00,0x01,0x06,0x0C,0x18,0x30,0x60,0x20,0x00,
 167          
 168          /*--  文字:  欢  --*/
 169          /*--  宋体12;  此字体下对应的点阵为：宽x高=16x16   --*/
 170          0x14,0x24,0x44,0x84,0x64,0x1C,0x20,0x18,0x0F,0xE8,0x08,0x08,0x28,0x18,0x08,0x00,
 171          0x20,0x10,0x4C,0x43,0x43,0x2C,0x20,0x10,0x0C,0x03,0x06,0x18,0x30,0x60,0x20,0x00,
 172          
 173          /*--  文字:  迎  --*/
 174          /*--  宋体12;  此字体下对应的点阵为：宽x高=16x16   --*/
 175          0x40,0x41,0xCE,0x04,0x00,0xFC,0x04,0x02,0x02,0xFC,0x04,0x04,0x04,0xFC,0x00,0x00,
 176          0x40,0x20,0x1F,0x20,0x40,0x47,0x42,0x41,0x40,0x5F,0x40,0x42,0x44,0x43,0x40,0x00,
 177          
 178          /*--  文字:  您  --*/
 179          /*--  宋体12;  此字体下对应的点阵为：宽x高=16x16   --*/
C51 COMPILER V7.50   GEN                                                                   01/11/2011 20:50:49 PAGE 4   

 180          0x80,0x40,0x30,0xFC,0x03,0x90,0x68,0x06,0x04,0xF4,0x04,0x24,0x44,0x8C,0x04,0x00,
 181          0x00,0x20,0x38,0x03,0x38,0x40,0x40,0x49,0x52,0x41,0x40,0x70,0x00,0x09,0x30,0x00,
 182          
 183          /*--  文字:  的  --*/
 184          /*--  宋体12;  此字体下对应的点阵为：宽x高=16x16   --*/
 185          0x00,0xF8,0x8C,0x8B,0x88,0xF8,0x40,0x30,0x8F,0x08,0x08,0x08,0x08,0xF8,0x00,0x00,
 186          0x00,0x7F,0x10,0x10,0x10,0x3F,0x00,0x00,0x00,0x03,0x26,0x40,0x20,0x1F,0x00,0x00,
 187          
 188          /*--  文字:  使  --*/
 189          /*--  宋体12;  此字体下对应的点阵为：宽x高=16x16   --*/
 190          0x40,0x20,0xF0,0x1C,0x07,0xF2,0x94,0x94,0x94,0xFF,0x94,0x94,0x94,0xF4,0x04,0x00,
 191          0x00,0x00,0x7F,0x00,0x40,0x41,0x22,0x14,0x0C,0x13,0x10,0x30,0x20,0x61,0x20,0x00,
 192          
 193          /*--  文字:  用  --*/
 194          /*--  宋体12;  此字体下对应的点阵为：宽x高=16x16   --*/
 195          0x00,0x00,0x00,0xFE,0x22,0x22,0x22,0x22,0xFE,0x22,0x22,0x22,0x22,0xFE,0x00,0x00,
 196          0x80,0x40,0x30,0x0F,0x02,0x02,0x02,0x02,0xFF,0x02,0x02,0x42,0x82,0x7F,0x00,0x00,
 197          
 198          
 199          
 200          
 201          
 202          
 203          };
 204          
 205          void delay_1ms(void)//1ms延时函数
 206          {
 207   1              unsigned int i;
 208   1              for (i=0;i<500;i++)       ;
 209   1      ;
 210   1      }
 211          
 212          /*--------------------------------------------
 213          LCD_write_byte: 使用SPI接口写数据到LCD
 214          输入参数：dt：写入的数据；
 215          command ：写数据/命令选择；
 216          编写日期：20080918 
 217          ----------------------------------------------*/
 218          void LCD_write_byte(unsigned char dt, unsigned char command)
 219          {
 220   1              unsigned char i; 
 221   1              sce=0;  
 222   1              dc=command;     
 223   1              for(i=0;i<8;i++)
 224   1              { 
 225   2                      if(dt&0x80)
 226   2                              sdin=1;
 227   2                      else
 228   2                              sdin=0;
 229   2                      dt=dt<<1;               
 230   2                      sclk=0;                 
 231   2                      sclk=1; 
 232   2              }       
 233   1              dc=1;   
 234   1              sce=1;  
 235   1              sdin=1;
 236   1      }
 237          /*---------------------------------------
 238          LCD_init: 3310LCD初始化
 239          编写日期：20080918 
 240          -----------------------------------------  */
 241          void LCD_init(void)
C51 COMPILER V7.50   GEN                                                                   01/11/2011 20:50:49 PAGE 5   

 242          {
 243   1              res=0;          
 244   1              delay_1ms();
 245   1              res=1;  
 246   1              LCD_write_byte(0x21,0);//初始化Lcd,功能设定使用扩充指令
 247   1              LCD_write_byte(0xd0,0);//设定液晶偏置电压
 248   1              LCD_write_byte(0x20,0);//使用基本指令
 249   1              LCD_write_byte(0x0C,0);//设定显示模式，正常显示
 250   1      }
 251          /*-------------------------------------------
 252          LCD_set_XY: 设置LCD坐标函数
 253          输入参数：X：0－83  Y：0－5
 254          编写日期：20080918 
 255          ---------------------------------------------*/
 256          void LCD_set_XY(unsigned char X, unsigned char Y)
 257          {
 258   1              LCD_write_byte(0x40 | Y, 0);// column
 259   1              LCD_write_byte(0x80 | X, 0);// row
 260   1      } 
 261          /*------------------------------------------
 262          LCD_clear: LCD清屏函数
 263          编写日期：20080918 
 264          --------------------------------------------*/
 265          void LCD_clear(void)
 266          {
 267   1              unsigned char t;
 268   1              unsigned char k;
 269   1              LCD_set_XY(0,0);
 270   1              for(t=0;t<6;t++)
 271   1              { 
 272   2                      for(k=0;k<84;k++)
 273   2                      { 
 274   3                              LCD_write_byte(0x00,1);
 275   3                                      
 276   3                      } 
 277   2              }
 278   1      }
 279          
 280          
 281          
 282          /*---------------------------------------------
 283          LCD_write_shu: 显示8（宽）*16（高）点阵列数字字母符号等半角类
 284          输入参数：c：显示的字符；
 285          编写日期：20080918 
 286          -----------------------------------------------*/
 287          void LCD_write_shu(unsigned char row, unsigned char page,unsigned char c) //row:列 page:页 dd:字符
 288          {
 289   1              unsigned char i;        
 290   1              
 291   1              LCD_set_XY(row*8, page);// 列，页 
 292   1              for(i=0; i<8;i++) 
 293   1              {
 294   2                      LCD_write_byte(shuzi[c*16+i],1); 
 295   2              }
 296   1              
 297   1          LCD_set_XY(row*8, page+1);// 列，页 
 298   1              for(i=8; i<16;i++) 
 299   1              {
 300   2                      LCD_write_byte(shuzi[c*16+i],1);
 301   2              }               
 302   1      }
 303          /*---------------------------------------------
C51 COMPILER V7.50   GEN                                                                   01/11/2011 20:50:49 PAGE 6   

 304          LCD_write_hanzi: 显示16（宽）*16（高）点阵列汉字等半角类
 305          输入参数：c：显示的字符；
 306          编写日期：20080918 
 307          -----------------------------------------------*/
 308          void LCD_write_hanzi(unsigned char row, unsigned char page,unsigned char c) //row:列 page:页 dd:字符
 309          {
 310   1              unsigned char i;        
 311   1              
 312   1              LCD_set_XY(row*8, page);// 列，页 
 313   1              for(i=0; i<16;i++) 
 314   1              {
 315   2                      LCD_write_byte(hanzi[c*32+i],1); 
 316   2              }
 317   1              
 318   1          LCD_set_XY(row*8, page+1);// 列，页 
 319   1              for(i=16; i<32;i++) 
 320   1              {
 321   2                      LCD_write_byte(hanzi[c*32+i],1);
 322   2              }       
 323   1      }
 324          
 325          
 326          main()
 327          {
 328   1          unsigned int k;  
 329   1      
 330   1      
 331   1          for(k=0;k<25000;k++);
 332   1      
 333   1      
 334   1      
 335   1              res=0;
 336   1              ledd=0;
 337   1              res=1;          
 338   1              LCD_init();  //初始化LCD模块 
 339   1              LCD_clear(); //清屏幕   
 340   1              LCD_write_hanzi(0,0,17);  //巍
 341   1              LCD_write_hanzi(2,0,18);  //巍
 342   1              LCD_write_hanzi(4,0,19);  //机
 343   1              LCD_write_hanzi(6,0,20);  //器                  
 344   1              LCD_write_hanzi(8,0,21);  //人
 345   1              LCD_write_hanzi(0,2,22);  //欢
 346   1              LCD_write_hanzi(2,2,23);  //迎
 347   1              LCD_write_hanzi(4,2,24);  //您
 348   1              LCD_write_hanzi(6,2,25);  //的          
 349   1              LCD_write_hanzi(8,2,26);  //使
 350   1              LCD_write_hanzi(0,4,27);  //用
 351   1      
 352   1      
 353   1              for(k=0;k<25000;k++);
 354   1              for(k=0;k<25000;k++);
 355   1              for(k=0;k<25000;k++);
 356   1              for(k=0;k<25000;k++);
 357   1              for(k=0;k<25000;k++);
 358   1              for(k=0;k<25000;k++);
 359   1      
 360   1          LCD_clear(); //清屏幕       
 361   1              LCD_write_hanzi(0,0,0);  //系
 362   1              LCD_write_hanzi(2,0,1);  //统   
 363   1              LCD_write_hanzi(4,0,3);  //起   
 364   1              LCD_write_hanzi(6,0,4);  //动
 365   1      
C51 COMPILER V7.50   GEN                                                                   01/11/2011 20:50:49 PAGE 7   

 366   1              for(k=0;k<25000;k++);
 367   1          for(k=0;k<25000;k++);
 368   1              for(k=0;k<25000;k++);
 369   1              for(k=0;k<25000;k++);
 370   1          for(k=0;k<25000;k++);
 371   1      
 372   1              LCD_clear(); //清屏幕   
 373   1      
 374   1              LCD_write_shu(4,2,2);  //3
 375   1      
 376   1              for(k=0;k<25000;k++);
 377   1          for(k=0;k<25000;k++);
 378   1              for(k=0;k<25000;k++);
 379   1              for(k=0;k<25000;k++);
 380   1          for(k=0;k<25000;k++);
 381   1      
 382   1              LCD_clear(); //清屏幕
 383   1              LCD_write_shu(4,2,1);  //2
 384   1              for(k=0;k<25000;k++);
 385   1          for(k=0;k<25000;k++);
 386   1              for(k=0;k<25000;k++);
 387   1          for(k=0;k<25000;k++);
 388   1          for(k=0;k<25000;k++);
 389   1      
 390   1      
 391   1              LCD_clear(); //清屏幕
 392   1              LCD_write_shu(4,2,0);  //1
 393   1              for(k=0;k<25000;k++);
 394   1          for(k=0;k<25000;k++);
 395   1              for(k=0;k<25000;k++);
 396   1       
 397   1      
 398   1      
 399   1      
 400   1      
 401   1              while(1)                
 402   1              {
 403   2              for(k=0;k<25000;k++);
 404   2              for(k=0;k<25000;k++);
 405   2              for(k=0;k<25000;k++);
 406   2      
 407   2       m11 = 1;
 408   2       m12 = 1;
 409   2       m21 = 1; 
 410   2       m22 = 1; 
 411   2      
 412   2      
 413   2                      
 414   2              if((!RightSenser) && LeftSenser)   // 如果右边假，左边真
 415   2                      {
 416   3                                      
 417   3                               m11 = 0;
 418   3                       m12 = 1;
 419   3      
 420   3                      LCD_clear(); //清屏幕   
 421   3              LCD_write_hanzi(0,0,5);  //向
 422   3              LCD_write_hanzi(2,0,6);  //右   
 423   3              LCD_write_hanzi(4,0,7);  //转   
 424   3              LCD_write_hanzi(6,0,8);  //弯           
 425   3      
 426   3      
 427   3      
C51 COMPILER V7.50   GEN                                                                   01/11/2011 20:50:49 PAGE 8   

 428   3      
 429   3                      for (k=0; k<100; k++);   // 延时
 430   3                      }
 431   2      
 432   2              if(RightSenser && (!LeftSenser))  // 如果左边假，右边真
 433   2                      {
 434   3                       m21 = 0; 
 435   3                        m22 = 1; 
 436   3      
 437   3                      LCD_clear(); //清屏幕   
 438   3              LCD_write_hanzi(0,0,9);  //向
 439   3              LCD_write_hanzi(2,0,10);  //左  
 440   3              LCD_write_hanzi(4,0,11);  //转  
 441   3              LCD_write_hanzi(6,0,12);  //弯                  
 442   3      
 443   3              
 444   3                                              for (k=0; k<100; k++);  // 延时
 445   3                              }
 446   2      
 447   2              if((RightSenser) && (LeftSenser))  // 如果左边假，右边真
 448   2                      {
 449   3       m11 = 0;
 450   3       m12 = 1;
 451   3       m21 = 0; 
 452   3       m22 = 1; 
 453   3       
 454   3                      LCD_clear(); //清屏幕   
 455   3              LCD_write_hanzi(0,0,13);  //全  
 456   3              LCD_write_hanzi(2,0,14);  //速          
 457   3              LCD_write_hanzi(4,0,15);  //前          
 458   3              LCD_write_hanzi(6,0,16);  //进  
 459   3                  
 460   3              
 461   3                                              for (k=0; k<100;k++);  // 延时
 462   3      
 463   3                      }
 464   2              if((!RightSenser) && (!LeftSenser))  // 如果左边假，右边真
 465   2                      {
 466   3       m11 = 0;
 467   3       m12 = 1;
 468   3       m21 = 0; 
 469   3       m22 = 1; 
 470   3      
 471   3                      LCD_clear(); //清屏幕   
 472   3              LCD_write_hanzi(0,0,13);  //全  
 473   3              LCD_write_hanzi(2,0,14);  //速          
 474   3              LCD_write_hanzi(4,0,15);  //前          
 475   3              LCD_write_hanzi(6,0,16);  //进  
 476   3                  
 477   3              
 478   3                                              for (k=0; k<100;k++);  // 延时
 479   3      
 480   3                      }
 481   2      
 482   2              }
 483   1              }
 484          


MODULE INFORMATION:   STATIC OVERLAYABLE
   CODE SIZE        =    968    ----
   CONSTANT SIZE    =    976    ----
C51 COMPILER V7.50   GEN                                                                   01/11/2011 20:50:49 PAGE 9   

   XDATA SIZE       =   ----    ----
   PDATA SIZE       =   ----    ----
   DATA SIZE        =   ----    ----
   IDATA SIZE       =   ----    ----
   BIT SIZE         =   ----    ----
END OF MODULE INFORMATION.


C51 COMPILATION COMPLETE.  0 WARNING(S),  0 ERROR(S)
