C51 COMPILER V9.60.0.0   XUNJI                                                             06/17/2020 13:38:23 PAGE 1   


C51 COMPILER V9.60.0.0, COMPILATION OF MODULE XUNJI
OBJECT MODULE PLACED IN .\xunji.obj
COMPILER INVOKED BY: D:\keil5\C51\BIN\C51.EXE ..\HARDWARE\xunji.c OPTIMIZE(8,SPEED) BROWSE INCDIR(..\USER;..\HARDWARE) D
                    -EBUG OBJECTEXTEND PRINT(.\xunji.lst) TABS(2) OBJECT(.\xunji.obj)

line level    source

   1          #include"xunji.h"
   2          #include"1602.h"
   3          #include"pwm.h"
   4          
   5          
   6          sbit HZ = P3^6;
   7          sbit HY = P3^7;
   8          
   9          sbit Z1 = P1^2;
  10          sbit Z2 = P1^3;
  11          sbit Y1 = P1^4;
  12          sbit Y2 = P1^5;
  13          
  14          sbit Buzz=P1^7;
  15          
  16          void go (uchar S)
  17          {         
  18   1        Pwm_set1(S);
  19   1        Pwm_set2(S);
  20   1        Z1=1;
  21   1        Z2=0;
  22   1        Y1=1;
  23   1        Y2=0;
  24   1        Buzz=1;
  25   1      }
  26          
  27          void back (uchar S)
  28          {       
  29   1        Pwm_set1(S);
  30   1        Pwm_set2(S);
  31   1        Z1=0;
  32   1        Z2=1;
  33   1        Y1=0;
  34   1        Y2=1; 
  35   1        Buzz=1;
  36   1      } 
  37          
  38          void right(void)
  39          {
  40   1        Pwm_set1(80);
  41   1        Pwm_set2(30);
  42   1        Z1=1;
  43   1        Z2=0;
  44   1        Y1=1;
  45   1        Y2=0; 
  46   1        Buzz=0;
  47   1      }
  48          void left(void)
  49          {
  50   1        Pwm_set1(30);
  51   1        Pwm_set2(80);
  52   1        Z1=1;
  53   1        Z2=0;
  54   1        Y1=1;
C51 COMPILER V9.60.0.0   XUNJI                                                             06/17/2020 13:38:23 PAGE 2   

  55   1        Y2=0;
  56   1        Buzz=0;
  57   1      }
  58          void stop(void)
  59          {
  60   1        Pwm_set1(0);
  61   1        Pwm_set2(0);
  62   1        Z1=1;
  63   1        Z2=1;
  64   1        Y1=1;
  65   1        Y2=1;
  66   1      Buzz=0;
  67   1      }
  68          
  69          
  70          
  71          
  72          void xunji(uchar vx)   
  73          {
  74   1      
  75   1        if(type==0)
  76   1        {
  77   2      
  78   2        if( (HZ==0)&&(HY==0) )
  79   2            {
  80   3            go(vx);
  81   3            byte=0;
  82   3            }
  83   2        else if ( (HZ==1)&&(HY==0) )
  84   2            {
  85   3            left( );  
  86   3            byte++;
  87   3            if(byte>1)
  88   3      {
  89   4        byte=2;
  90   4      } 
  91   3        
  92   3            }
  93   2        else if ( (HZ==0)&&(HY==1) )
  94   2            {
  95   3            right();
  96   3            byte++;
  97   3      if(byte>1)
  98   3      {
  99   4        byte=2;
 100   4      }
 101   3          
 102   3            } 
 103   2        else if ( (HZ==1)&&(HY==1) )
 104   2            {
 105   3             stop();
 106   3             
 107   3            }         
 108   2        }
 109   1        
 110   1        
 111   1        if(type==1)
 112   1        {
 113   2        
 114   2          if( (HZ==0)&&(HY==0) )
 115   2          {
 116   3            back(vx);
C51 COMPILER V9.60.0.0   XUNJI                                                             06/17/2020 13:38:23 PAGE 3   

 117   3            byte=0;
 118   3                  
 119   3            }
 120   2        else if ( (HZ==1)&&(HY==0) )
 121   2            {
 122   3              right();
 123   3             byte++;
 124   3            if(byte>1)
 125   3      {
 126   4        byte=2;
 127   4      }
 128   3      
 129   3            }
 130   2        else if ( (HZ==0)&&(HY==1) )
 131   2            {
 132   3            left( );
 133   3            byte++; 
 134   3      if(byte>1)
 135   3      {
 136   4        byte=2;
 137   4      }
 138   3            } 
 139   2        else if ( (HZ==1)&&(HY==1) )
 140   2            {
 141   3             stop();      
 142   3            }   
 143   2        }
 144   1        
 145   1            
 146   1      }


MODULE INFORMATION:   STATIC OVERLAYABLE
   CODE SIZE        =    284    ----
   CONSTANT SIZE    =   ----    ----
   XDATA SIZE       =   ----    ----
   PDATA SIZE       =   ----    ----
   DATA SIZE        =   ----       3
   IDATA SIZE       =   ----    ----
   BIT SIZE         =   ----    ----
END OF MODULE INFORMATION.


C51 COMPILATION COMPLETE.  0 WARNING(S),  0 ERROR(S)
