BL51 BANKED LINKER/LOCATER V6.22.2.0                                                    06/17/2020  13:43:16  PAGE 1


BL51 BANKED LINKER/LOCATER V6.22.2.0, INVOKED BY:
D:\KEIL5\C51\BIN\BL51.EXE STARTUP.obj, main.obj, .\pwm.obj, .\xunji.obj TO Ñ­¼£ RAMSIZE (256)


MEMORY MODEL: SMALL


INPUT MODULES INCLUDED:
  STARTUP.obj (?C_STARTUP)
  main.obj (MAIN)
  .\pwm.obj (PWM)
  .\xunji.obj (XUNJI)
  D:\KEIL5\C51\LIB\C51S.LIB (?C_INIT)


LINK MAP OF MODULE:  Ñ­¼£ (?C_STARTUP)


            TYPE    BASE      LENGTH    RELOCATION   SEGMENT NAME
            -----------------------------------------------------

            * * * * * * *   D A T A   M E M O R Y   * * * * * * *
            REG     0000H     0008H     ABSOLUTE     "REG BANK 0"
            DATA    0008H     000AH     UNIT         ?DT?MAIN
            DATA    0012H     0007H     UNIT         ?DT?PWM
            DATA    0019H     0002H     UNIT         _DATA_GROUP_
            IDATA   001BH     0001H     UNIT         ?STACK

            * * * * * * *   C O D E   M E M O R Y   * * * * * * *
            CODE    0000H     0003H     ABSOLUTE     
            CODE    0003H     0008H     UNIT         ?PR?JISHU?MAIN
            CODE    000BH     0003H     ABSOLUTE     
            CODE    000EH     000DH     UNIT         ?C_INITSEG
            CODE    001BH     0003H     ABSOLUTE     
            CODE    001EH     00A1H     UNIT         ?PR?_XUNJI?XUNJI
            CODE    00BFH     008CH     UNIT         ?C_C51STARTUP
            CODE    014BH     002EH     UNIT         ?PR?SERVE_T0?PWM
            CODE    0179H     002EH     UNIT         ?PR?SERVE_T1?PWM
            CODE    01A7H     002DH     UNIT         ?PR?MAIN?MAIN
            CODE    01D4H     001DH     UNIT         ?PR?KEYPROS?MAIN
            CODE    01F1H     0019H     UNIT         ?PR?_GO?XUNJI
            CODE    020AH     0019H     UNIT         ?PR?_BACK?XUNJI
            CODE    0223H     0019H     UNIT         ?PR?RIGHT?XUNJI
            CODE    023CH     0019H     UNIT         ?PR?LEFT?XUNJI
            CODE    0255H     0017H     UNIT         ?PR?STOP?XUNJI
            CODE    026CH     0015H     UNIT         ?PR?TIMER0INIT?PWM
            CODE    0281H     0015H     UNIT         ?PR?TIMER1INIT?PWM
            CODE    0296H     0010H     UNIT         ?PR?DELAY?MAIN
            CODE    02A6H     0003H     UNIT         ?PR?_PWM_SET1?PWM
            CODE    02A9H     0003H     UNIT         ?PR?_PWM_SET2?PWM



OVERLAY MAP OF MODULE:   Ñ­¼£ (?C_STARTUP)


SEGMENT                          DATA_GROUP 
  +--> CALLED SEGMENT          START    LENGTH
BL51 BANKED LINKER/LOCATER V6.22.2.0                                                  06/17/2020  13:43:16  PAGE 2


----------------------------------------------
?C_C51STARTUP                  -----    -----
  +--> ?PR?MAIN?MAIN
  +--> ?C_INITSEG

?PR?MAIN?MAIN                  -----    -----
  +--> ?PR?TIMER0INIT?PWM
  +--> ?PR?TIMER1INIT?PWM
  +--> ?PR?_XUNJI?XUNJI
  +--> ?PR?KEYPROS?MAIN
  +--> ?PR?JISHU?MAIN

?PR?_XUNJI?XUNJI               0019H    0001H
  +--> ?PR?_GO?XUNJI
  +--> ?PR?LEFT?XUNJI
  +--> ?PR?RIGHT?XUNJI
  +--> ?PR?STOP?XUNJI
  +--> ?PR?_BACK?XUNJI

?PR?_GO?XUNJI                  001AH    0001H
  +--> ?PR?_PWM_SET1?PWM
  +--> ?PR?_PWM_SET2?PWM

?PR?LEFT?XUNJI                 -----    -----
  +--> ?PR?_PWM_SET1?PWM
  +--> ?PR?_PWM_SET2?PWM

?PR?RIGHT?XUNJI                -----    -----
  +--> ?PR?_PWM_SET1?PWM
  +--> ?PR?_PWM_SET2?PWM

?PR?STOP?XUNJI                 -----    -----
  +--> ?PR?_PWM_SET1?PWM
  +--> ?PR?_PWM_SET2?PWM

?PR?_BACK?XUNJI                001AH    0001H
  +--> ?PR?_PWM_SET1?PWM
  +--> ?PR?_PWM_SET2?PWM

?PR?KEYPROS?MAIN               -----    -----
  +--> ?PR?DELAY?MAIN



SYMBOL TABLE OF MODULE:  Ñ­¼£ (?C_STARTUP)

  VALUE           TYPE          NAME
  ----------------------------------

  -------         MODULE        ?C_STARTUP
  C:00BFH         SEGMENT       ?C_C51STARTUP
  I:001BH         SEGMENT       ?STACK
  C:0000H         PUBLIC        ?C_STARTUP
  D:00E0H         SYMBOL        ACC
  D:00F0H         SYMBOL        B
  D:0083H         SYMBOL        DPH
  D:0082H         SYMBOL        DPL
BL51 BANKED LINKER/LOCATER V6.22.2.0                                                  06/17/2020  13:43:16  PAGE 3


  N:0000H         SYMBOL        IBPSTACK
  N:0100H         SYMBOL        IBPSTACKTOP
  N:0080H         SYMBOL        IDATALEN
  C:00C2H         SYMBOL        IDATALOOP
  N:0000H         SYMBOL        PBPSTACK
  N:0100H         SYMBOL        PBPSTACKTOP
  N:0000H         SYMBOL        PDATALEN
  N:0000H         SYMBOL        PDATASTART
  N:0000H         SYMBOL        PPAGE
  N:0000H         SYMBOL        PPAGEENABLE
  D:00A0H         SYMBOL        PPAGE_SFR
  D:0081H         SYMBOL        SP
  C:00BFH         SYMBOL        STARTUP1
  N:0000H         SYMBOL        XBPSTACK
  N:0000H         SYMBOL        XBPSTACKTOP
  N:0000H         SYMBOL        XDATALEN
  N:0000H         SYMBOL        XDATASTART
  C:0000H         LINE#         126
  C:00BFH         LINE#         133
  C:00C1H         LINE#         134
  C:00C2H         LINE#         135
  C:00C3H         LINE#         136
  C:00C5H         LINE#         185
  C:00C8H         LINE#         196
  -------         ENDMOD        ?C_STARTUP

  -------         MODULE        MAIN
  C:0000H         SYMBOL        _ICE_DUMMY_
  D:0080H         PUBLIC        P0
  D:0090H         PUBLIC        P1
  D:00A0H         PUBLIC        P2
  D:00B0H         PUBLIC        P3
  D:00A8H         PUBLIC        IE
  C:01D4H         PUBLIC        keypros
  C:0296H         PUBLIC        delay
  D:00B8H         PUBLIC        IP
  C:0003H         PUBLIC        jishu
  C:01A7H         PUBLIC        main
  D:0098H         PUBLIC        SCON
  D:0088H         PUBLIC        TCON
  D:0008H         PUBLIC        tab
  B:00B0H.3       PUBLIC        Key1
  D:00C8H         PUBLIC        T2CON
  D:00D0H         PUBLIC        PSW
  -------         PROC          DELAY
  -------         DO            
  D:0007H         SYMBOL        j
  -------         ENDDO         
  C:0296H         LINE#         12
  C:0296H         LINE#         13
  C:0296H         LINE#         15
  C:02A5H         LINE#         16
  -------         ENDPROC       DELAY
  -------         PROC          KEYPROS
  C:01D4H         LINE#         19
  C:01D4H         LINE#         20
  C:01D4H         LINE#         21
BL51 BANKED LINKER/LOCATER V6.22.2.0                                                  06/17/2020  13:43:16  PAGE 4


  C:01D7H         LINE#         22
  C:01D7H         LINE#         23
  C:01DAH         LINE#         24
  C:01DDH         LINE#         25
  C:01DDH         LINE#         26
  C:01DFH         LINE#         27
  C:01DFH         LINE#         28
  C:01E2H         LINE#         29
  C:01E2H         LINE#         30
  C:01EDH         LINE#         31
  C:01EDH         LINE#         32
  C:01F0H         LINE#         33
  C:01F0H         LINE#         34
  -------         ENDPROC       KEYPROS
  -------         PROC          JISHU
  C:0003H         LINE#         36
  C:0003H         LINE#         37
  C:0003H         LINE#         38
  C:0008H         LINE#         39
  C:0008H         LINE#         40
  C:000AH         LINE#         42
  C:000AH         LINE#         43
  C:000AH         LINE#         44
  C:000AH         LINE#         46
  -------         ENDPROC       JISHU
  -------         PROC          MAIN
  C:01A7H         LINE#         53
  C:01A7H         LINE#         54
  C:01A7H         LINE#         55
  C:01AAH         LINE#         56
  C:01ADH         LINE#         57
  C:01B0H         LINE#         58
  C:01B3H         LINE#         61
  C:01B3H         LINE#         62
  C:01B3H         LINE#         63
  C:01B8H         LINE#         65
  C:01BBH         LINE#         67
  C:01BEH         LINE#         68
  C:01C1H         LINE#         70
  C:01C4H         LINE#         71
  C:01CFH         LINE#         72
  C:01CFH         LINE#         73
  C:01D2H         LINE#         74
  C:01D2H         LINE#         76
  -------         ENDPROC       MAIN
  -------         ENDMOD        MAIN

  -------         MODULE        PWM
  C:0000H         SYMBOL        _ICE_DUMMY_
  D:0080H         PUBLIC        P0
  D:0090H         PUBLIC        P1
  D:00A0H         PUBLIC        P2
  D:00B0H         PUBLIC        P3
  B:00A8H.7       PUBLIC        EA
  C:014BH         PUBLIC        serve_T0
  C:0179H         PUBLIC        serve_T1
  D:00A8H         PUBLIC        IE
BL51 BANKED LINKER/LOCATER V6.22.2.0                                                  06/17/2020  13:43:16  PAGE 5


  C:02A6H         PUBLIC        _Pwm_set1
  C:02A9H         PUBLIC        _Pwm_set2
  D:00B8H         PUBLIC        IP
  D:0098H         PUBLIC        SCON
  D:0089H         PUBLIC        TMOD
  D:0088H         PUBLIC        TCON
  D:0012H         PUBLIC        byte
  D:0013H         PUBLIC        type
  D:0014H         PUBLIC        nums
  B:0090H.0       PUBLIC        Output1
  B:0090H.1       PUBLIC        Output2
  B:00A8H.1       PUBLIC        ET0
  B:00A8H.3       PUBLIC        ET1
  B:0088H.5       PUBLIC        TF0
  C:026CH         PUBLIC        Timer0Init
  B:0088H.7       PUBLIC        TF1
  C:0281H         PUBLIC        Timer1Init
  D:008CH         PUBLIC        TH0
  D:008DH         PUBLIC        TH1
  D:008AH         PUBLIC        TL0
  D:008BH         PUBLIC        TL1
  B:0088H.4       PUBLIC        TR0
  B:0088H.6       PUBLIC        TR1
  D:0015H         PUBLIC        count1
  D:0016H         PUBLIC        count2
  D:0017H         PUBLIC        high_time1
  D:0018H         PUBLIC        high_time2
  D:00C8H         PUBLIC        T2CON
  D:00D0H         PUBLIC        PSW
  -------         PROC          _PWM_SET1
  D:0006H         SYMBOL        zkb
  C:02A6H         LINE#         12
  C:02A6H         LINE#         13
  C:02A6H         LINE#         14
  C:02A8H         LINE#         15
  -------         ENDPROC       _PWM_SET1
  -------         PROC          _PWM_SET2
  D:0006H         SYMBOL        zkb
  C:02A9H         LINE#         17
  C:02A9H         LINE#         18
  C:02A9H         LINE#         19
  C:02ABH         LINE#         20
  -------         ENDPROC       _PWM_SET2
  -------         PROC          TIMER0INIT
  C:026CH         LINE#         22
  C:026CH         LINE#         23
  C:026CH         LINE#         25
  C:026FH         LINE#         26
  C:0272H         LINE#         27
  C:0275H         LINE#         28
  C:0278H         LINE#         29
  C:027AH         LINE#         30
  C:027CH         LINE#         31
  C:027EH         LINE#         32
  C:0280H         LINE#         33
  -------         ENDPROC       TIMER0INIT
  -------         PROC          TIMER1INIT
BL51 BANKED LINKER/LOCATER V6.22.2.0                                                  06/17/2020  13:43:16  PAGE 6


  C:0281H         LINE#         35
  C:0281H         LINE#         36
  C:0281H         LINE#         38
  C:0284H         LINE#         39
  C:0287H         LINE#         40
  C:028AH         LINE#         41
  C:028DH         LINE#         42
  C:028FH         LINE#         43
  C:0291H         LINE#         44
  C:0293H         LINE#         45
  C:0295H         LINE#         46
  -------         ENDPROC       TIMER1INIT
  -------         PROC          SERVE_T0
  C:014BH         LINE#         47
  C:014FH         LINE#         49
  C:0152H         LINE#         50
  C:0155H         LINE#         51
  C:015EH         LINE#         52
  C:015EH         LINE#         53
  C:0160H         LINE#         54
  C:0162H         LINE#         55
  C:016DH         LINE#         56
  C:016DH         LINE#         57
  C:016FH         LINE#         58
  C:0171H         LINE#         59
  C:0174H         LINE#         60
  -------         ENDPROC       SERVE_T0
  -------         PROC          SERVE_T1
  C:0179H         LINE#         62
  C:017DH         LINE#         64
  C:0180H         LINE#         65
  C:0183H         LINE#         66
  C:018CH         LINE#         67
  C:018CH         LINE#         68
  C:018EH         LINE#         69
  C:0190H         LINE#         70
  C:019BH         LINE#         71
  C:019BH         LINE#         72
  C:019DH         LINE#         73
  C:019FH         LINE#         74
  C:01A2H         LINE#         75
  -------         ENDPROC       SERVE_T1
  -------         ENDMOD        PWM

  -------         MODULE        XUNJI
  C:0000H         SYMBOL        _ICE_DUMMY_
  D:0080H         PUBLIC        P0
  D:0090H         PUBLIC        P1
  D:00A0H         PUBLIC        P2
  D:00B0H         PUBLIC        P3
  B:0090H.4       PUBLIC        Y1
  B:0090H.5       PUBLIC        Y2
  B:0090H.2       PUBLIC        Z1
  B:0090H.3       PUBLIC        Z2
  D:00A8H         PUBLIC        IE
  C:020AH         PUBLIC        _back
  D:00B8H         PUBLIC        IP
BL51 BANKED LINKER/LOCATER V6.22.2.0                                                  06/17/2020  13:43:16  PAGE 7


  C:0223H         PUBLIC        right
  B:00B0H.7       PUBLIC        HY
  B:00B0H.6       PUBLIC        HZ
  C:023CH         PUBLIC        left
  B:0090H.7       PUBLIC        Buzz
  C:001EH         PUBLIC        _xunji
  D:0098H         PUBLIC        SCON
  D:0088H         PUBLIC        TCON
  C:0255H         PUBLIC        stop
  C:01F1H         PUBLIC        _go
  D:00C8H         PUBLIC        T2CON
  D:00D0H         PUBLIC        PSW
  -------         PROC          _GO
  D:001AH         SYMBOL        S
  C:01F1H         LINE#         16
  C:01F3H         LINE#         17
  C:01F3H         LINE#         18
  C:01F8H         LINE#         19
  C:01FFH         LINE#         20
  C:0201H         LINE#         21
  C:0203H         LINE#         22
  C:0205H         LINE#         23
  C:0207H         LINE#         24
  C:0209H         LINE#         25
  -------         ENDPROC       _GO
  -------         PROC          _BACK
  D:001AH         SYMBOL        S
  C:020AH         LINE#         27
  C:020CH         LINE#         28
  C:020CH         LINE#         29
  C:0211H         LINE#         30
  C:0218H         LINE#         31
  C:021AH         LINE#         32
  C:021CH         LINE#         33
  C:021EH         LINE#         34
  C:0220H         LINE#         35
  C:0222H         LINE#         36
  -------         ENDPROC       _BACK
  -------         PROC          RIGHT
  C:0223H         LINE#         38
  C:0223H         LINE#         39
  C:0223H         LINE#         40
  C:022AH         LINE#         41
  C:0231H         LINE#         42
  C:0233H         LINE#         43
  C:0235H         LINE#         44
  C:0237H         LINE#         45
  C:0239H         LINE#         46
  C:023BH         LINE#         47
  -------         ENDPROC       RIGHT
  -------         PROC          LEFT
  C:023CH         LINE#         48
  C:023CH         LINE#         49
  C:023CH         LINE#         50
  C:0243H         LINE#         51
  C:024AH         LINE#         52
  C:024CH         LINE#         53
BL51 BANKED LINKER/LOCATER V6.22.2.0                                                  06/17/2020  13:43:16  PAGE 8


  C:024EH         LINE#         54
  C:0250H         LINE#         55
  C:0252H         LINE#         56
  C:0254H         LINE#         57
  -------         ENDPROC       LEFT
  -------         PROC          STOP
  C:0255H         LINE#         58
  C:0255H         LINE#         59
  C:0255H         LINE#         60
  C:025BH         LINE#         61
  C:0261H         LINE#         62
  C:0263H         LINE#         63
  C:0265H         LINE#         64
  C:0267H         LINE#         65
  C:0269H         LINE#         66
  C:026BH         LINE#         67
  -------         ENDPROC       STOP
  -------         PROC          _XUNJI
  D:0019H         SYMBOL        vx
  C:001EH         LINE#         72
  C:0020H         LINE#         73
  C:0020H         LINE#         75
  C:0024H         LINE#         76
  C:0024H         LINE#         78
  C:002AH         LINE#         79
  C:002AH         LINE#         80
  C:002DH         LINE#         81
  C:0030H         LINE#         82
  C:0032H         LINE#         83
  C:0038H         LINE#         84
  C:0038H         LINE#         85
  C:003BH         LINE#         86
  C:003DH         LINE#         87
  C:0048H         LINE#         88
  C:0048H         LINE#         89
  C:0048H         LINE#         90
  C:0048H         LINE#         92
  C:004AH         LINE#         93
  C:0050H         LINE#         94
  C:0050H         LINE#         95
  C:0053H         LINE#         96
  C:0055H         LINE#         97
  C:0060H         LINE#         98
  C:0060H         LINE#         99
  C:0063H         LINE#         100
  C:0063H         LINE#         102
  C:0065H         LINE#         103
  C:006BH         LINE#         104
  C:006BH         LINE#         105
  C:006EH         LINE#         107
  C:006EH         LINE#         108
  C:006EH         LINE#         111
  C:0074H         LINE#         112
  C:0074H         LINE#         114
  C:007AH         LINE#         115
  C:007AH         LINE#         116
  C:007FH         LINE#         117
BL51 BANKED LINKER/LOCATER V6.22.2.0                                                  06/17/2020  13:43:16  PAGE 9


  C:0082H         LINE#         119
  C:0083H         LINE#         120
  C:0089H         LINE#         121
  C:0089H         LINE#         122
  C:008CH         LINE#         123
  C:008EH         LINE#         124
  C:0099H         LINE#         125
  C:0099H         LINE#         126
  C:0099H         LINE#         127
  C:0099H         LINE#         129
  C:009BH         LINE#         130
  C:00A1H         LINE#         131
  C:00A1H         LINE#         132
  C:00A4H         LINE#         133
  C:00A6H         LINE#         134
  C:00B1H         LINE#         135
  C:00B1H         LINE#         136
  C:00B4H         LINE#         137
  C:00B4H         LINE#         138
  C:00B5H         LINE#         139
  C:00BBH         LINE#         140
  C:00BBH         LINE#         141
  C:00BEH         LINE#         142
  C:00BEH         LINE#         143
  C:00BEH         LINE#         146
  -------         ENDPROC       _XUNJI
  -------         ENDMOD        XUNJI

Program Size: data=28.0 xdata=0 code=684
LINK/LOCATE RUN COMPLETE.  0 WARNING(S),  0 ERROR(S)
