C51 COMPILER V9.00   YANWU                                                                 07/09/2015 23:44:10 PAGE 1   


C51 COMPILER V9.00, COMPILATION OF MODULE YANWU
OBJECT MODULE PLACED IN yanwu.OBJ
COMPILER INVOKED BY: D:\KEIL4\C51\BIN\C51.EXE yanwu.c DEBUG OBJECTEXTEND

line level    source

   1          //程序头函数
   2          #include <reg52.h>
   3          //显示函数
   4          #include <display.h>
   5          
   6          //宏定义
   7          #define uint unsigned int 
   8          #define uchar unsigned char
   9          #define Data_ADC0809 P1
  10           
  11          //管脚声明
  12          sbit LED_R= P2^2;       //COled
  13          sbit LED_Y= P2^0;
  14          sbit FENG = P2^5;       //蜂鸣器
  15          sbit san=P3^4;          //风扇
  16          //ADC0809
  17          sbit ST=P3^3;
  18          sbit EOC=P3^6;
  19          sbit OE=P3^2;
  20          sbit A0=P3^1;           //0809A0地址脚
  21          //按键
  22          sbit Key1=P2^6;         //设置键
  23          sbit Key2=P2^7;         //加键
  24          sbit Key3=P3^7;         //减键
  25          
  26          bit bdata flag2,flag7;
  27          uchar set;
  28          
  29          
  30          //函数声明
  31          extern uchar ADC0809();
  32          extern void Key();
  33          /*
  34          void delay(uint z)
  35          {
  36                  uint i,j;
  37                  for(i=0;i<z;i++)
  38                  for(j=0;j<121;j++);
  39          }
  40          */
  41          
  42          //
  43          uchar MQ2=0,MQ7=0;              //读取传感器数据变量
  44          
  45          //指示灯变量
  46          
  47          uchar WARNING2=30,WARNING7=20;          //初始上限值
  48          
  49          void init()                              //定时器初始化函数
  50          {
  51   1              TMOD=0x01;                        //工作方式
  52   1              TL0=0xb0;
  53   1              TH0=0x3c;                        //赋初值
  54   1              EA=1;                            //打开中断总开关
  55   1              ET0=1;                          //打开中断允许开关
C51 COMPILER V9.00   YANWU                                                                 07/09/2015 23:44:10 PAGE 2   

  56   1              TR0=1;                          //打开中断定时开关
  57   1      }
  58          
  59          void main()                        //主函数
  60          {
  61   1              Init1602();                //初始化显示函数
  62   1              init();                    //初始化定时器
  63   1              while(1)                   //进入循环
  64   1              {
  65   2                      A0=0;              //地址脚=0时，读取MQ2数据                                               
  66   2                      MQ2=ADC0809();
  67   2                      A0=1;              //地址脚=1时，读取MQ7数据
  68   2                      MQ7=ADC0809();
  69   2                      if(set==0)         //不在设置状态时
  70   2                      Display_1602(MQ2,MQ7,WARNING2,WARNING7); //正常显示数据
  71   2                      if(set==0)
  72   2                      {
  73   3                              if(MQ2<WARNING2)           //判断数据是否小于报警值
  74   3                              flag2=0;
  75   3                              else if(MQ2>WARNING2)
  76   3                              flag2=1;
  77   3                              if(MQ7<WARNING7)
  78   3                              flag7=0;
  79   3                              else if(MQ7>WARNING7)
  80   3                              flag7=1;                        
  81   3                      }
  82   2                      else
  83   2                      {
  84   3                              flag2=0;flag7=0;
  85   3                      }
  86   2                      Key();                                           //扫描按键函数
  87   2              }
  88   1      }
  89          //ADC0809读取信息
  90          uchar ADC0809()
  91          {
  92   1              uchar temp_=0x00;
  93   1              OE=0;   //初始化高阻太
  94   1              ST=0;   //转化初始化
  95   1              ST=1;   //开始转换
  96   1              ST=0;
  97   1              while(EOC==0)   //外部中断等待AD转换结束
  98   1              OE=1;      //读取转换的AD值
  99   1              temp_=Data_ADC0809;
 100   1              OE=0;
 101   1              return temp_;
 102   1      }
 103          
 104          void Key()                        //按键函数
 105          {
 106   1              if(Key1==0)                //设置按键
 107   1              {
 108   2                      while(Key1==0);//按键释放
 109   2                      FENG=0;            //打开蜂鸣器
 110   2                      set++;             //设置变量加
 111   2                      flag2=0;
 112   2                      flag7=0;           //报警变量清零
 113   2                      LED_Y=1;
 114   2                      LED_R=1;           //关闭LED
 115   2                      san=1;             //关闭风扇
 116   2                      TR0=0;             //关闭定时器
 117   2              }
C51 COMPILER V9.00   YANWU                                                                 07/09/2015 23:44:10 PAGE 3   

 118   1              if(set==1)                 //设置报警值
 119   1              {
 120   2                      write_com(0x38);//屏幕初始化
 121   2                      write_com(0x80+0x40+6);//位置
 122   2                      write_com(0x0f);//打开显示 无光标 光标闪烁
 123   2                      write_com(0x06);//当读或写一个字符是指针后一一位
 124   2                      FENG=1;
 125   2      
 126   2              }
 127   1              if(set==2)
 128   1              {
 129   2                      write_com(0x38);//屏幕初始化
 130   2                      write_com(0x80+0x40+15);//位置
 131   2                      write_com(0x0f);//打开显示 无光标 光标闪烁
 132   2                      write_com(0x06);//当读或写一个字符是指针后一一位
 133   2                      FENG=1;
 134   2      
 135   2              }
 136   1              else if(set>=3)          //设置完
 137   1              {
 138   2                      set=0;                   //清零
 139   2                      write_com(0x38);//屏幕初始化
 140   2                      write_com(0x0c);//打开显示 无光标 无光标闪烁
 141   2                      FENG=1;                 //关闭蜂鸣器
 142   2                      TR0=1;                  //打开定时器
 143   2              }
 144   1              if(Key2==0&&set==1)     //加按键按下
 145   1              {
 146   2                      while(Key2==0);         //按键释放
 147   2                      FENG=0;                         //打开蜂鸣器，做按键音
 148   2                      WARNING2++;                                             //报警值加
 149   2                      if(WARNING2>=255)                               //报警值加到最大
 150   2                      WARNING2=0;                                             //报警值清零
 151   2                      write_com(0x80+0x40+4);                 //选中位置显示报警值
 152   2                      write_data('0'+WARNING2/100);   //将报警值拆开成单独的一位，显示。例如报警值是123，那么123除以100的商是1，
             -这里显示的就是1
 153   2                      write_data('0'+WARNING2/10%10); //123除以10得到的商是12，,12除以10的余数就是2，这里显示的就是2
 154   2                      write_data('0'+WARNING2%10);    //123除以10的余数是3，这里显示的就是3，数据+“0”是为了得到液晶中对应数字的
             -显示码
 155   2                      write_com(0x80+0x40+6);                 //闪烁的位置
 156   2                      FENG=1;                                                 //关闭蜂鸣器
 157   2              }
 158   1              if(Key2==0&&set==2)                                     //注释同上
 159   1              {
 160   2                      while(Key2==0);
 161   2                      FENG=0;
 162   2                      WARNING7++;
 163   2                      if(WARNING7>=255)
 164   2                      WARNING7=0;
 165   2                      write_com(0x80+0x40+13);
 166   2                      write_data('0'+WARNING7/100);
 167   2                      write_data('0'+WARNING7/10%10);
 168   2                      write_data('0'+WARNING7%10);
 169   2                      write_com(0x80+0x40+15);//位置
 170   2                      FENG=1;
 171   2              }
 172   1              if(Key3==0&&set==1)
 173   1              {
 174   2                      while(Key3==0);
 175   2                      FENG=0;
 176   2                      WARNING2--;
 177   2                      if(WARNING2<=0)
C51 COMPILER V9.00   YANWU                                                                 07/09/2015 23:44:10 PAGE 4   

 178   2                      WARNING2=255;
 179   2                      write_com(0x80+0x40+4);
 180   2                      write_data('0'+WARNING2/100);
 181   2                      write_data('0'+WARNING2/10%10);
 182   2                      write_data('0'+WARNING2%10);
 183   2                      write_com(0x80+0x40+6);//位置
 184   2                      FENG=1;
 185   2              }
 186   1              if(Key3==0&&set==2)
 187   1              {
 188   2                      while(Key3==0);
 189   2                      FENG=0;
 190   2                      WARNING7--;
 191   2                      if(WARNING7<=0)
 192   2                      WARNING7=255;
 193   2                      write_com(0x80+0x40+13);
 194   2                      write_data('0'+WARNING7/100);
 195   2                      write_data('0'+WARNING7/10%10);
 196   2                      write_data('0'+WARNING7%10);
 197   2                      write_com(0x80+0x40+15);//位置
 198   2                      FENG=1;
 199   2              }
 200   1      }
 201          
 202          void  time1_int(void) interrupt 1//定时器工作函数
 203          {
 204   1              uchar count;                             //定义变量用于定时      
 205   1              TL0=0xb0;
 206   1              TH0=0x3c;                                        //定时器重新赋初值50ms
 207   1              count++;                                         //变量50ms加一次
 208   1              if(count==10)                            //加10次就是500ms
 209   1              {
 210   2                      count=0;                                 //变量清零
 211   2                      if(flag2==0)                     //报警关
 212   2                              LED_Y=1;                         //报警指示灯熄灭
 213   2                      else                                     //报警开
 214   2                              LED_Y=0;                         //对应的报警指示灯点亮
 215   2                      if(flag7==0)
 216   2                              LED_R=1;
 217   2                      else 
 218   2                              LED_R=0;
 219   2                      if(flag2==1||flag7==1)   //有报警
 220   2                      {
 221   3                              FENG=!FENG;                      //蜂鸣器闪烁报警
 222   3                              san=0;                           //打开继电器启动风扇
 223   3                      }
 224   2                      if(flag2==0&&flag7==0)   //都没有报警
 225   2                      {
 226   3                              FENG=1;                          //关闭蜂鸣器
 227   3                              san=1;                           //关闭风扇
 228   3                      }
 229   2              }
 230   1      } 


MODULE INFORMATION:   STATIC OVERLAYABLE
   CODE SIZE        =    744    ----
   CONSTANT SIZE    =     34    ----
   XDATA SIZE       =   ----    ----
   PDATA SIZE       =   ----    ----
   DATA SIZE        =      5       5
   IDATA SIZE       =   ----    ----
C51 COMPILER V9.00   YANWU                                                                 07/09/2015 23:44:10 PAGE 5   

   BIT SIZE         =      2    ----
END OF MODULE INFORMATION.


C51 COMPILATION COMPLETE.  0 WARNING(S),  0 ERROR(S)
