


ARM Macro Assembler    Page 1 


    1 00000000         ;/******************************************************
                       ************************
    2 00000000         ; * @file     startup_M451Series.s
    3 00000000         ; * @version  V0.10
    4 00000000         ; * $Revision: 3 $
    5 00000000         ; * $Date: 14/08/05 7:31p $ 
    6 00000000         ; * @brief    CMSIS Cortex-M4 Core Device Startup File f
                       or M451 Series MCU
    7 00000000         ; *
    8 00000000         ; * @note
    9 00000000         ; * Copyright (C) 2014 Nuvoton Technology Corp. All righ
                       ts reserved.
   10 00000000         ;*******************************************************
                       **********************/
   11 00000000         ;/*
   12 00000000         ;//-------- <<< Use Configuration Wizard in Context Menu
                        >>> ------------------
   13 00000000         ;*/
   14 00000000         
   15 00000000         
   16 00000000         ; <h> Stack Configuration
   17 00000000         ;   <o> Stack Size (in Bytes) <0x0-0xFFFFFFFF:8>
   18 00000000         ; </h>
   19 00000000         
   20 00000000         ; User may overwrite stack size setting by pre-defined s
                       ymbol
   21 00000000                 IF               :LNOT: :DEF: Stack_Size
   23                          ENDIF
   24 00000000         
   25 00000000                 AREA             STACK, NOINIT, READWRITE, ALIGN
=3
   26 00000000         Stack_Mem
                               SPACE            Stack_Size
   27 00000400         __initial_sp
   28 00000400         
   29 00000400         
   30 00000400         ; <h> Heap Configuration
   31 00000400         ;   <o>  Heap Size (in Bytes) <0x0-0xFFFFFFFF:8>
   32 00000400         ; </h>
   33 00000400         
   34 00000400                 IF               :LNOT: :DEF: Heap_Size
   36                          ENDIF
   37 00000400                 AREA             HEAP, NOINIT, READWRITE, ALIGN=
3
   38 00000000         __heap_base
   39 00000000         Heap_Mem
                               SPACE            Heap_Size
   40 00000000         __heap_limit
   41 00000000         
   42 00000000         
   43 00000000                 PRESERVE8
   44 00000000                 THUMB
   45 00000000         
   46 00000000         
   47 00000000         ; Vector Table Mapped to Address 0 at Reset
   48 00000000         
   49 00000000                 AREA             RESET, DATA, READONLY
   50 00000000                 EXPORT           __Vectors
   51 00000000                 EXPORT           __Vectors_End



ARM Macro Assembler    Page 2 


   52 00000000                 EXPORT           __Vectors_Size
   53 00000000         
   54 00000000 00000000 
                       __Vectors
                               DCD              __initial_sp ; Top of Stack
   55 00000004 00000000        DCD              Reset_Handler ; Reset Handler
   56 00000008 00000000        DCD              NMI_Handler ; NMI Handler
   57 0000000C 00000000        DCD              HardFault_Handler ; Hard Fault 
                                                            Handler
   58 00000010 00000000        DCD              MemManage_Handler 
                                                            ; MPU Fault Handler
                                                            
   59 00000014 00000000        DCD              BusFault_Handler 
                                                            ; Bus Fault Handler
                                                            
   60 00000018 00000000        DCD              UsageFault_Handler ; Usage Faul
                                                            t Handler
   61 0000001C 00000000        DCD              0           ; Reserved
   62 00000020 00000000        DCD              0           ; Reserved
   63 00000024 00000000        DCD              0           ; Reserved
   64 00000028 00000000        DCD              0           ; Reserved
   65 0000002C 00000000        DCD              SVC_Handler ; SVCall Handler
   66 00000030 00000000        DCD              DebugMon_Handler ; Debug Monito
                                                            r Handler
   67 00000034 00000000        DCD              0           ; Reserved
   68 00000038 00000000        DCD              PendSV_Handler ; PendSV Handler
                                                            
   69 0000003C 00000000        DCD              SysTick_Handler 
                                                            ; SysTick Handler
   70 00000040         
   71 00000040         ; External Interrupts
   72 00000040 00000000        DCD              BOD_IRQHandler ; 0: Brown Out d
                                                            etection
   73 00000044 00000000        DCD              IRC_IRQHandler ; 1: Internal RC
                                                            
   74 00000048 00000000        DCD              PWRWU_IRQHandler ; 2: Power dow
                                                            n wake up 
   75 0000004C 00000000        DCD              RAMPE_IRQHandler ; 3: RAM parit
                                                            y error
   76 00000050 00000000        DCD              CLKFAIL_IRQHandler ; 4: Clock d
                                                            etection fail
   77 00000054 00000000        DCD              Default_Handler ; 5: Reserved
   78 00000058 00000000        DCD              RTC_IRQHandler ; 6: Real Time C
                                                            lock 
   79 0000005C 00000000        DCD              TAMPER_IRQHandler ; 7: Tamper d
                                                            etection
   80 00000060 00000000        DCD              WDT_IRQHandler 
                                                            ; 8: Watchdog timer
                                                            
   81 00000064 00000000        DCD              WWDT_IRQHandler ; 9: Window wat
                                                            chdog timer
   82 00000068 00000000        DCD              EINT0_IRQHandler ; 10: External
                                                             Input 0
   83 0000006C 00000000        DCD              EINT1_IRQHandler ; 11: External
                                                             Input 1
   84 00000070 00000000        DCD              EINT2_IRQHandler ; 12: External
                                                             Input 2
   85 00000074 00000000        DCD              EINT3_IRQHandler ; 13: External
                                                             Input 3



ARM Macro Assembler    Page 3 


   86 00000078 00000000        DCD              EINT4_IRQHandler ; 14: External
                                                             Input 4
   87 0000007C 00000000        DCD              EINT5_IRQHandler ; 15: External
                                                             Input 5
   88 00000080 00000000        DCD              GPA_IRQHandler 
                                                            ; 16: GPIO Port A
   89 00000084 00000000        DCD              GPB_IRQHandler 
                                                            ; 17: GPIO Port B
   90 00000088 00000000        DCD              GPC_IRQHandler 
                                                            ; 18: GPIO Port C
   91 0000008C 00000000        DCD              GPD_IRQHandler 
                                                            ; 19: GPIO Port D
   92 00000090 00000000        DCD              GPE_IRQHandler 
                                                            ; 20: GPIO Port E
   93 00000094 00000000        DCD              GPF_IRQHandler 
                                                            ; 21: GPIO Port F
   94 00000098 00000000        DCD              SPI0_IRQHandler ; 22: SPI0
   95 0000009C 00000000        DCD              SPI1_IRQHandler ; 23: SPI1
   96 000000A0 00000000        DCD              BRAKE0_IRQHandler ; 24: 
   97 000000A4 00000000        DCD              PWM0P0_IRQHandler ; 25: 
   98 000000A8 00000000        DCD              PWM0P1_IRQHandler ; 26: 
   99 000000AC 00000000        DCD              PWM0P2_IRQHandler ; 27: 
  100 000000B0 00000000        DCD              BRAKE1_IRQHandler ; 28: 
  101 000000B4 00000000        DCD              PWM1P0_IRQHandler ; 29: 
  102 000000B8 00000000        DCD              PWM1P1_IRQHandler ; 30: 
  103 000000BC 00000000        DCD              PWM1P2_IRQHandler ; 31: 
  104 000000C0 00000000        DCD              TMR0_IRQHandler ; 32: Timer 0
  105 000000C4 00000000        DCD              TMR1_IRQHandler ; 33: Timer 1
  106 000000C8 00000000        DCD              TMR2_IRQHandler ; 34: Timer 2
  107 000000CC 00000000        DCD              TMR3_IRQHandler ; 35: Timer 3
  108 000000D0 00000000        DCD              UART0_IRQHandler ; 36: UART0
  109 000000D4 00000000        DCD              UART1_IRQHandler ; 37: UART1
  110 000000D8 00000000        DCD              I2C0_IRQHandler ; 38: I2C0
  111 000000DC 00000000        DCD              I2C1_IRQHandler ; 39: I2C1
  112 000000E0 00000000        DCD              PDMA_IRQHandler ; 40: Periphera
                                                            l DMA
  113 000000E4 00000000        DCD              DAC_IRQHandler ; 41: DAC
  114 000000E8 00000000        DCD              ADC00_IRQHandler ; 42: ADC0 int
                                                            errupt source 0
  115 000000EC 00000000        DCD              ADC01_IRQHandler ; 43: ADC0 int
                                                            errupt source 1
  116 000000F0 00000000        DCD              ACMP01_IRQHandler ; 44: ACMP0 a
                                                            nd ACMP1
  117 000000F4 00000000        DCD              Default_Handler ; 45: Reserved
  118 000000F8 00000000        DCD              ADC02_IRQHandler ; 46: ADC0 int
                                                            errupt source 2
  119 000000FC 00000000        DCD              ADC03_IRQHandler ; 47: ADC0 int
                                                            errupt source 3
  120 00000100 00000000        DCD              UART2_IRQHandler ; 48: UART2
  121 00000104 00000000        DCD              UART3_IRQHandler ; 49: UART3
  122 00000108 00000000        DCD              Default_Handler ; 50: Reserved
  123 0000010C 00000000        DCD              SPI2_IRQHandler ; 51: SPI2
  124 00000110 00000000        DCD              Default_Handler ; 52: Reserved
  125 00000114 00000000        DCD              USBD_IRQHandler 
                                                            ; 53: USB device
  126 00000118 00000000        DCD              USBH_IRQHandler ; 54: USB host
  127 0000011C 00000000        DCD              USBOTG_IRQHandler ; 55: USB OTG
                                                            
  128 00000120 00000000        DCD              CAN0_IRQHandler ; 56: CAN0



ARM Macro Assembler    Page 4 


  129 00000124 00000000        DCD              Default_Handler ; 57: Reserved
  130 00000128 00000000        DCD              SC0_IRQHandler ; 58: 
  131 0000012C 00000000        DCD              Default_Handler ; 59: Reserved.
                                                            
  132 00000130 00000000        DCD              Default_Handler ; 60: 
  133 00000134 00000000        DCD              Default_Handler ; 61: 
  134 00000138 00000000        DCD              Default_Handler ; 62:
  135 0000013C 00000000        DCD              TK_IRQHandler ; 63:
  136 00000140         
  137 00000140         __Vectors_End
  138 00000140         
  139 00000140 00000140 
                       __Vectors_Size
                               EQU              __Vectors_End - __Vectors
  140 00000140         
  141 00000140                 AREA             |.text|, CODE, READONLY
  142 00000000         
  143 00000000         
  144 00000000         ; Reset Handler
  145 00000000         
  146 00000000         Reset_Handler
                               PROC
  147 00000000                 EXPORT           Reset_Handler             [WEAK
]
  148 00000000                 IMPORT           SystemInit
  149 00000000                 IMPORT           __main
  150 00000000 4809            LDR              R0, =SystemInit
  151 00000002 4780            BLX              R0
  152 00000004 4809            LDR              R0, =__main
  153 00000006 4700            BX               R0
  154 00000008                 ENDP
  155 00000008         
  156 00000008         
  157 00000008         ; Dummy Exception Handlers (infinite loops which can be 
                       modified)
  158 00000008         
  159 00000008         NMI_Handler
                               PROC
  160 00000008                 EXPORT           NMI_Handler               [WEAK
]
  161 00000008 E7FE            B                .
  162 0000000A                 ENDP
  164 0000000A         HardFault_Handler
                               PROC
  165 0000000A                 EXPORT           HardFault_Handler         [WEAK
]
  166 0000000A E7FE            B                .
  167 0000000C                 ENDP
  169 0000000C         MemManage_Handler
                               PROC
  170 0000000C                 EXPORT           MemManage_Handler         [WEAK
]
  171 0000000C E7FE            B                .
  172 0000000E                 ENDP
  174 0000000E         BusFault_Handler
                               PROC
  175 0000000E                 EXPORT           BusFault_Handler          [WEAK
]
  176 0000000E E7FE            B                .



ARM Macro Assembler    Page 5 


  177 00000010                 ENDP
  179 00000010         UsageFault_Handler
                               PROC
  180 00000010                 EXPORT           UsageFault_Handler        [WEAK
]
  181 00000010 E7FE            B                .
  182 00000012                 ENDP
  183 00000012         SVC_Handler
                               PROC
  184 00000012                 EXPORT           SVC_Handler               [WEAK
]
  185 00000012 E7FE            B                .
  186 00000014                 ENDP
  188 00000014         DebugMon_Handler
                               PROC
  189 00000014                 EXPORT           DebugMon_Handler          [WEAK
]
  190 00000014 E7FE            B                .
  191 00000016                 ENDP
  193 00000016         PendSV_Handler
                               PROC
  194 00000016                 EXPORT           PendSV_Handler            [WEAK
]
  195 00000016 E7FE            B                .
  196 00000018                 ENDP
  198 00000018         SysTick_Handler
                               PROC
  199 00000018                 EXPORT           SysTick_Handler           [WEAK
]
  200 00000018 E7FE            B                .
  201 0000001A                 ENDP
  202 0000001A         
  203 0000001A         Default_Handler
                               PROC
  204 0000001A         
  205 0000001A                 EXPORT           BOD_IRQHandler            [WEAK
]
  206 0000001A                 EXPORT           IRC_IRQHandler            [WEAK
]
  207 0000001A                 EXPORT           PWRWU_IRQHandler          [WEAK
]
  208 0000001A                 EXPORT           RAMPE_IRQHandler          [WEAK
]
  209 0000001A                 EXPORT           CLKFAIL_IRQHandler         [WEA
K]
  210 0000001A                 EXPORT           RTC_IRQHandler            [WEAK
]
  211 0000001A                 EXPORT           TAMPER_IRQHandler         [WEAK
]
  212 0000001A                 EXPORT           WDT_IRQHandler            [WEAK
]
  213 0000001A                 EXPORT           WWDT_IRQHandler           [WEAK
]
  214 0000001A                 EXPORT           EINT0_IRQHandler          [WEAK
]
  215 0000001A                 EXPORT           EINT1_IRQHandler          [WEAK
]
  216 0000001A                 EXPORT           EINT2_IRQHandler          [WEAK
]



ARM Macro Assembler    Page 6 


  217 0000001A                 EXPORT           EINT3_IRQHandler          [WEAK
]
  218 0000001A                 EXPORT           EINT4_IRQHandler          [WEAK
]
  219 0000001A                 EXPORT           EINT5_IRQHandler          [WEAK
]
  220 0000001A                 EXPORT           GPA_IRQHandler            [WEAK
]
  221 0000001A                 EXPORT           GPB_IRQHandler            [WEAK
]
  222 0000001A                 EXPORT           GPC_IRQHandler            [WEAK
]
  223 0000001A                 EXPORT           GPD_IRQHandler            [WEAK
]
  224 0000001A                 EXPORT           GPE_IRQHandler            [WEAK
]
  225 0000001A                 EXPORT           GPF_IRQHandler            [WEAK
]
  226 0000001A                 EXPORT           SPI0_IRQHandler           [WEAK
]
  227 0000001A                 EXPORT           SPI1_IRQHandler           [WEAK
]
  228 0000001A                 EXPORT           BRAKE0_IRQHandler         [WEAK
]
  229 0000001A                 EXPORT           PWM0P0_IRQHandler         [WEAK
]
  230 0000001A                 EXPORT           PWM0P1_IRQHandler         [WEAK
]
  231 0000001A                 EXPORT           PWM0P2_IRQHandler         [WEAK
]
  232 0000001A                 EXPORT           BRAKE1_IRQHandler         [WEAK
]
  233 0000001A                 EXPORT           PWM1P0_IRQHandler         [WEAK
]
  234 0000001A                 EXPORT           PWM1P1_IRQHandler         [WEAK
]
  235 0000001A                 EXPORT           PWM1P2_IRQHandler         [WEAK
]
  236 0000001A                 EXPORT           TMR0_IRQHandler           [WEAK
]
  237 0000001A                 EXPORT           TMR1_IRQHandler           [WEAK
]
  238 0000001A                 EXPORT           TMR2_IRQHandler           [WEAK
]
  239 0000001A                 EXPORT           TMR3_IRQHandler           [WEAK
]
  240 0000001A                 EXPORT           UART0_IRQHandler          [WEAK
]
  241 0000001A                 EXPORT           UART1_IRQHandler          [WEAK
]
  242 0000001A                 EXPORT           I2C0_IRQHandler           [WEAK
]
  243 0000001A                 EXPORT           I2C1_IRQHandler           [WEAK
]
  244 0000001A                 EXPORT           PDMA_IRQHandler           [WEAK
]
  245 0000001A                 EXPORT           DAC_IRQHandler            [WEAK
]
  246 0000001A                 EXPORT           ADC00_IRQHandler          [WEAK



ARM Macro Assembler    Page 7 


]
  247 0000001A                 EXPORT           ADC01_IRQHandler          [WEAK
]
  248 0000001A                 EXPORT           ACMP01_IRQHandler         [WEAK
]
  249 0000001A                 EXPORT           ADC02_IRQHandler          [WEAK
]
  250 0000001A                 EXPORT           ADC03_IRQHandler          [WEAK
]
  251 0000001A                 EXPORT           UART2_IRQHandler          [WEAK
]
  252 0000001A                 EXPORT           UART3_IRQHandler          [WEAK
]
  253 0000001A                 EXPORT           SPI2_IRQHandler           [WEAK
]
  254 0000001A                 EXPORT           USBD_IRQHandler           [WEAK
]
  255 0000001A                 EXPORT           USBH_IRQHandler           [WEAK
]
  256 0000001A                 EXPORT           USBOTG_IRQHandler         [WEAK
]
  257 0000001A                 EXPORT           CAN0_IRQHandler           [WEAK
]
  258 0000001A                 EXPORT           SC0_IRQHandler            [WEAK
]
  259 0000001A                 EXPORT           TK_IRQHandler             [WEAK
]
  260 0000001A         
  261 0000001A         BOD_IRQHandler
  262 0000001A         IRC_IRQHandler
  263 0000001A         PWRWU_IRQHandler
  264 0000001A         RAMPE_IRQHandler
  265 0000001A         CLKFAIL_IRQHandler
  266 0000001A         RTC_IRQHandler
  267 0000001A         TAMPER_IRQHandler
  268 0000001A         WDT_IRQHandler
  269 0000001A         WWDT_IRQHandler
  270 0000001A         EINT0_IRQHandler
  271 0000001A         EINT1_IRQHandler
  272 0000001A         EINT2_IRQHandler
  273 0000001A         EINT3_IRQHandler
  274 0000001A         EINT4_IRQHandler
  275 0000001A         EINT5_IRQHandler
  276 0000001A         GPA_IRQHandler
  277 0000001A         GPB_IRQHandler
  278 0000001A         GPC_IRQHandler
  279 0000001A         GPD_IRQHandler
  280 0000001A         GPE_IRQHandler
  281 0000001A         GPF_IRQHandler
  282 0000001A         SPI0_IRQHandler
  283 0000001A         SPI1_IRQHandler
  284 0000001A         BRAKE0_IRQHandler
  285 0000001A         PWM0P0_IRQHandler
  286 0000001A         PWM0P1_IRQHandler
  287 0000001A         PWM0P2_IRQHandler
  288 0000001A         BRAKE1_IRQHandler
  289 0000001A         PWM1P0_IRQHandler
  290 0000001A         PWM1P1_IRQHandler
  291 0000001A         PWM1P2_IRQHandler



ARM Macro Assembler    Page 8 


  292 0000001A         TMR0_IRQHandler
  293 0000001A         TMR1_IRQHandler
  294 0000001A         TMR2_IRQHandler
  295 0000001A         TMR3_IRQHandler
  296 0000001A         UART0_IRQHandler
  297 0000001A         UART1_IRQHandler
  298 0000001A         I2C0_IRQHandler
  299 0000001A         I2C1_IRQHandler
  300 0000001A         PDMA_IRQHandler
  301 0000001A         DAC_IRQHandler
  302 0000001A         ADC00_IRQHandler
  303 0000001A         ADC01_IRQHandler
  304 0000001A         ACMP01_IRQHandler
  305 0000001A         ADC02_IRQHandler
  306 0000001A         ADC03_IRQHandler
  307 0000001A         UART2_IRQHandler
  308 0000001A         UART3_IRQHandler
  309 0000001A         SPI2_IRQHandler
  310 0000001A         USBD_IRQHandler
  311 0000001A         USBH_IRQHandler
  312 0000001A         USBOTG_IRQHandler
  313 0000001A         CAN0_IRQHandler
  314 0000001A         SC0_IRQHandler
  315 0000001A         TK_IRQHandler
  316 0000001A E7FE            B                .
  317 0000001C                 ENDP
  318 0000001C         
  319 0000001C         
  320 0000001C                 ALIGN
  321 0000001C         
  322 0000001C         
  323 0000001C         ; User Initial Stack & Heap
  324 0000001C         
  325 0000001C                 IF               :DEF:__MICROLIB
  332 0000001C         
  333 0000001C                 IMPORT           __use_two_region_memory
  334 0000001C                 EXPORT           __user_initial_stackheap
  335 0000001C         
  336 0000001C         __user_initial_stackheap
                               PROC
  337 0000001C 4804            LDR              R0, =  Heap_Mem
  338 0000001E 4905            LDR              R1, =(Stack_Mem + Stack_Size)
  339 00000020 4A03            LDR              R2, = (Heap_Mem +  Heap_Size)
  340 00000022 4B05            LDR              R3, = Stack_Mem
  341 00000024 4770            BX               LR
  342 00000026                 ENDP
  343 00000026         
  344 00000026 00 00           ALIGN
  345 00000028         
  346 00000028                 ENDIF
  347 00000028         
  348 00000028         
  349 00000028                 END
              00000000 
              00000000 
              00000000 
              00000400 
              00000000 
Command Line: --16 --debug --xref --diag_suppress=9931 --cpu=Cortex-M4.fp --apc



ARM Macro Assembler    Page 9 


s=interwork --depend=.\obj\startup_m451series.d -o.\obj\startup_m451series.o -I
D:\Keil_v5\ARM\RV31\INC -ID:\Keil_v5\ARM\CMSIS\Include --predefine="__UVISION_V
ERSION SETA 515" --list=.\lst\startup_m451series.lst ..\M451Series\Source\ARM\s
tartup_M451Series.s



ARM Macro Assembler    Page 1 Alphabetic symbol ordering
Relocatable symbols

STACK 00000000

Symbol: STACK
   Definitions
      At line 25 in file ..\M451Series\Source\ARM\startup_M451Series.s
   Uses
      None
Comment: STACK unused
Stack_Mem 00000000

Symbol: Stack_Mem
   Definitions
      At line 26 in file ..\M451Series\Source\ARM\startup_M451Series.s
   Uses
      At line 338 in file ..\M451Series\Source\ARM\startup_M451Series.s
      At line 340 in file ..\M451Series\Source\ARM\startup_M451Series.s

__initial_sp 00000400

Symbol: __initial_sp
   Definitions
      At line 27 in file ..\M451Series\Source\ARM\startup_M451Series.s
   Uses
      At line 54 in file ..\M451Series\Source\ARM\startup_M451Series.s
Comment: __initial_sp used once
3 symbols



ARM Macro Assembler    Page 1 Alphabetic symbol ordering
Relocatable symbols

HEAP 00000000

Symbol: HEAP
   Definitions
      At line 37 in file ..\M451Series\Source\ARM\startup_M451Series.s
   Uses
      None
Comment: HEAP unused
Heap_Mem 00000000

Symbol: Heap_Mem
   Definitions
      At line 39 in file ..\M451Series\Source\ARM\startup_M451Series.s
   Uses
      At line 337 in file ..\M451Series\Source\ARM\startup_M451Series.s
      At line 339 in file ..\M451Series\Source\ARM\startup_M451Series.s

__heap_base 00000000

Symbol: __heap_base
   Definitions
      At line 38 in file ..\M451Series\Source\ARM\startup_M451Series.s
   Uses
      None
Comment: __heap_base unused
__heap_limit 00000000

Symbol: __heap_limit
   Definitions
      At line 40 in file ..\M451Series\Source\ARM\startup_M451Series.s
   Uses
      None
Comment: __heap_limit unused
4 symbols



ARM Macro Assembler    Page 1 Alphabetic symbol ordering
Relocatable symbols

RESET 00000000

Symbol: RESET
   Definitions
      At line 49 in file ..\M451Series\Source\ARM\startup_M451Series.s
   Uses
      None
Comment: RESET unused
__Vectors 00000000

Symbol: __Vectors
   Definitions
      At line 54 in file ..\M451Series\Source\ARM\startup_M451Series.s
   Uses
      At line 50 in file ..\M451Series\Source\ARM\startup_M451Series.s
      At line 139 in file ..\M451Series\Source\ARM\startup_M451Series.s

__Vectors_End 00000140

Symbol: __Vectors_End
   Definitions
      At line 137 in file ..\M451Series\Source\ARM\startup_M451Series.s
   Uses
      At line 51 in file ..\M451Series\Source\ARM\startup_M451Series.s
      At line 139 in file ..\M451Series\Source\ARM\startup_M451Series.s

3 symbols



ARM Macro Assembler    Page 1 Alphabetic symbol ordering
Relocatable symbols

.text 00000000

Symbol: .text
   Definitions
      At line 141 in file ..\M451Series\Source\ARM\startup_M451Series.s
   Uses
      None
Comment: .text unused
ACMP01_IRQHandler 0000001A

Symbol: ACMP01_IRQHandler
   Definitions
      At line 304 in file ..\M451Series\Source\ARM\startup_M451Series.s
   Uses
      At line 116 in file ..\M451Series\Source\ARM\startup_M451Series.s
      At line 248 in file ..\M451Series\Source\ARM\startup_M451Series.s

ADC00_IRQHandler 0000001A

Symbol: ADC00_IRQHandler
   Definitions
      At line 302 in file ..\M451Series\Source\ARM\startup_M451Series.s
   Uses
      At line 114 in file ..\M451Series\Source\ARM\startup_M451Series.s
      At line 246 in file ..\M451Series\Source\ARM\startup_M451Series.s

ADC01_IRQHandler 0000001A

Symbol: ADC01_IRQHandler
   Definitions
      At line 303 in file ..\M451Series\Source\ARM\startup_M451Series.s
   Uses
      At line 115 in file ..\M451Series\Source\ARM\startup_M451Series.s
      At line 247 in file ..\M451Series\Source\ARM\startup_M451Series.s

ADC02_IRQHandler 0000001A

Symbol: ADC02_IRQHandler
   Definitions
      At line 305 in file ..\M451Series\Source\ARM\startup_M451Series.s
   Uses
      At line 118 in file ..\M451Series\Source\ARM\startup_M451Series.s
      At line 249 in file ..\M451Series\Source\ARM\startup_M451Series.s

ADC03_IRQHandler 0000001A

Symbol: ADC03_IRQHandler
   Definitions
      At line 306 in file ..\M451Series\Source\ARM\startup_M451Series.s
   Uses
      At line 119 in file ..\M451Series\Source\ARM\startup_M451Series.s
      At line 250 in file ..\M451Series\Source\ARM\startup_M451Series.s

BOD_IRQHandler 0000001A

Symbol: BOD_IRQHandler
   Definitions
      At line 261 in file ..\M451Series\Source\ARM\startup_M451Series.s
   Uses



ARM Macro Assembler    Page 2 Alphabetic symbol ordering
Relocatable symbols

      At line 72 in file ..\M451Series\Source\ARM\startup_M451Series.s
      At line 205 in file ..\M451Series\Source\ARM\startup_M451Series.s

BRAKE0_IRQHandler 0000001A

Symbol: BRAKE0_IRQHandler
   Definitions
      At line 284 in file ..\M451Series\Source\ARM\startup_M451Series.s
   Uses
      At line 96 in file ..\M451Series\Source\ARM\startup_M451Series.s
      At line 228 in file ..\M451Series\Source\ARM\startup_M451Series.s

BRAKE1_IRQHandler 0000001A

Symbol: BRAKE1_IRQHandler
   Definitions
      At line 288 in file ..\M451Series\Source\ARM\startup_M451Series.s
   Uses
      At line 100 in file ..\M451Series\Source\ARM\startup_M451Series.s
      At line 232 in file ..\M451Series\Source\ARM\startup_M451Series.s

BusFault_Handler 0000000E

Symbol: BusFault_Handler
   Definitions
      At line 174 in file ..\M451Series\Source\ARM\startup_M451Series.s
   Uses
      At line 59 in file ..\M451Series\Source\ARM\startup_M451Series.s
      At line 175 in file ..\M451Series\Source\ARM\startup_M451Series.s

CAN0_IRQHandler 0000001A

Symbol: CAN0_IRQHandler
   Definitions
      At line 313 in file ..\M451Series\Source\ARM\startup_M451Series.s
   Uses
      At line 128 in file ..\M451Series\Source\ARM\startup_M451Series.s
      At line 257 in file ..\M451Series\Source\ARM\startup_M451Series.s

CLKFAIL_IRQHandler 0000001A

Symbol: CLKFAIL_IRQHandler
   Definitions
      At line 265 in file ..\M451Series\Source\ARM\startup_M451Series.s
   Uses
      At line 76 in file ..\M451Series\Source\ARM\startup_M451Series.s
      At line 209 in file ..\M451Series\Source\ARM\startup_M451Series.s

DAC_IRQHandler 0000001A

Symbol: DAC_IRQHandler
   Definitions
      At line 301 in file ..\M451Series\Source\ARM\startup_M451Series.s
   Uses
      At line 113 in file ..\M451Series\Source\ARM\startup_M451Series.s
      At line 245 in file ..\M451Series\Source\ARM\startup_M451Series.s

DebugMon_Handler 00000014




ARM Macro Assembler    Page 3 Alphabetic symbol ordering
Relocatable symbols

Symbol: DebugMon_Handler
   Definitions
      At line 188 in file ..\M451Series\Source\ARM\startup_M451Series.s
   Uses
      At line 66 in file ..\M451Series\Source\ARM\startup_M451Series.s
      At line 189 in file ..\M451Series\Source\ARM\startup_M451Series.s

Default_Handler 0000001A

Symbol: Default_Handler
   Definitions
      At line 203 in file ..\M451Series\Source\ARM\startup_M451Series.s
   Uses
      At line 77 in file ..\M451Series\Source\ARM\startup_M451Series.s
      At line 117 in file ..\M451Series\Source\ARM\startup_M451Series.s
      At line 122 in file ..\M451Series\Source\ARM\startup_M451Series.s
      At line 124 in file ..\M451Series\Source\ARM\startup_M451Series.s
      At line 129 in file ..\M451Series\Source\ARM\startup_M451Series.s
      At line 131 in file ..\M451Series\Source\ARM\startup_M451Series.s
      At line 132 in file ..\M451Series\Source\ARM\startup_M451Series.s
      At line 133 in file ..\M451Series\Source\ARM\startup_M451Series.s
      At line 134 in file ..\M451Series\Source\ARM\startup_M451Series.s

EINT0_IRQHandler 0000001A

Symbol: EINT0_IRQHandler
   Definitions
      At line 270 in file ..\M451Series\Source\ARM\startup_M451Series.s
   Uses
      At line 82 in file ..\M451Series\Source\ARM\startup_M451Series.s
      At line 214 in file ..\M451Series\Source\ARM\startup_M451Series.s

EINT1_IRQHandler 0000001A

Symbol: EINT1_IRQHandler
   Definitions
      At line 271 in file ..\M451Series\Source\ARM\startup_M451Series.s
   Uses
      At line 83 in file ..\M451Series\Source\ARM\startup_M451Series.s
      At line 215 in file ..\M451Series\Source\ARM\startup_M451Series.s

EINT2_IRQHandler 0000001A

Symbol: EINT2_IRQHandler
   Definitions
      At line 272 in file ..\M451Series\Source\ARM\startup_M451Series.s
   Uses
      At line 84 in file ..\M451Series\Source\ARM\startup_M451Series.s
      At line 216 in file ..\M451Series\Source\ARM\startup_M451Series.s

EINT3_IRQHandler 0000001A

Symbol: EINT3_IRQHandler
   Definitions
      At line 273 in file ..\M451Series\Source\ARM\startup_M451Series.s
   Uses
      At line 85 in file ..\M451Series\Source\ARM\startup_M451Series.s
      At line 217 in file ..\M451Series\Source\ARM\startup_M451Series.s




ARM Macro Assembler    Page 4 Alphabetic symbol ordering
Relocatable symbols

EINT4_IRQHandler 0000001A

Symbol: EINT4_IRQHandler
   Definitions
      At line 274 in file ..\M451Series\Source\ARM\startup_M451Series.s
   Uses
      At line 86 in file ..\M451Series\Source\ARM\startup_M451Series.s
      At line 218 in file ..\M451Series\Source\ARM\startup_M451Series.s

EINT5_IRQHandler 0000001A

Symbol: EINT5_IRQHandler
   Definitions
      At line 275 in file ..\M451Series\Source\ARM\startup_M451Series.s
   Uses
      At line 87 in file ..\M451Series\Source\ARM\startup_M451Series.s
      At line 219 in file ..\M451Series\Source\ARM\startup_M451Series.s

GPA_IRQHandler 0000001A

Symbol: GPA_IRQHandler
   Definitions
      At line 276 in file ..\M451Series\Source\ARM\startup_M451Series.s
   Uses
      At line 88 in file ..\M451Series\Source\ARM\startup_M451Series.s
      At line 220 in file ..\M451Series\Source\ARM\startup_M451Series.s

GPB_IRQHandler 0000001A

Symbol: GPB_IRQHandler
   Definitions
      At line 277 in file ..\M451Series\Source\ARM\startup_M451Series.s
   Uses
      At line 89 in file ..\M451Series\Source\ARM\startup_M451Series.s
      At line 221 in file ..\M451Series\Source\ARM\startup_M451Series.s

GPC_IRQHandler 0000001A

Symbol: GPC_IRQHandler
   Definitions
      At line 278 in file ..\M451Series\Source\ARM\startup_M451Series.s
   Uses
      At line 90 in file ..\M451Series\Source\ARM\startup_M451Series.s
      At line 222 in file ..\M451Series\Source\ARM\startup_M451Series.s

GPD_IRQHandler 0000001A

Symbol: GPD_IRQHandler
   Definitions
      At line 279 in file ..\M451Series\Source\ARM\startup_M451Series.s
   Uses
      At line 91 in file ..\M451Series\Source\ARM\startup_M451Series.s
      At line 223 in file ..\M451Series\Source\ARM\startup_M451Series.s

GPE_IRQHandler 0000001A

Symbol: GPE_IRQHandler
   Definitions
      At line 280 in file ..\M451Series\Source\ARM\startup_M451Series.s



ARM Macro Assembler    Page 5 Alphabetic symbol ordering
Relocatable symbols

   Uses
      At line 92 in file ..\M451Series\Source\ARM\startup_M451Series.s
      At line 224 in file ..\M451Series\Source\ARM\startup_M451Series.s

GPF_IRQHandler 0000001A

Symbol: GPF_IRQHandler
   Definitions
      At line 281 in file ..\M451Series\Source\ARM\startup_M451Series.s
   Uses
      At line 93 in file ..\M451Series\Source\ARM\startup_M451Series.s
      At line 225 in file ..\M451Series\Source\ARM\startup_M451Series.s

HardFault_Handler 0000000A

Symbol: HardFault_Handler
   Definitions
      At line 164 in file ..\M451Series\Source\ARM\startup_M451Series.s
   Uses
      At line 57 in file ..\M451Series\Source\ARM\startup_M451Series.s
      At line 165 in file ..\M451Series\Source\ARM\startup_M451Series.s

I2C0_IRQHandler 0000001A

Symbol: I2C0_IRQHandler
   Definitions
      At line 298 in file ..\M451Series\Source\ARM\startup_M451Series.s
   Uses
      At line 110 in file ..\M451Series\Source\ARM\startup_M451Series.s
      At line 242 in file ..\M451Series\Source\ARM\startup_M451Series.s

I2C1_IRQHandler 0000001A

Symbol: I2C1_IRQHandler
   Definitions
      At line 299 in file ..\M451Series\Source\ARM\startup_M451Series.s
   Uses
      At line 111 in file ..\M451Series\Source\ARM\startup_M451Series.s
      At line 243 in file ..\M451Series\Source\ARM\startup_M451Series.s

IRC_IRQHandler 0000001A

Symbol: IRC_IRQHandler
   Definitions
      At line 262 in file ..\M451Series\Source\ARM\startup_M451Series.s
   Uses
      At line 73 in file ..\M451Series\Source\ARM\startup_M451Series.s
      At line 206 in file ..\M451Series\Source\ARM\startup_M451Series.s

MemManage_Handler 0000000C

Symbol: MemManage_Handler
   Definitions
      At line 169 in file ..\M451Series\Source\ARM\startup_M451Series.s
   Uses
      At line 58 in file ..\M451Series\Source\ARM\startup_M451Series.s
      At line 170 in file ..\M451Series\Source\ARM\startup_M451Series.s

NMI_Handler 00000008



ARM Macro Assembler    Page 6 Alphabetic symbol ordering
Relocatable symbols


Symbol: NMI_Handler
   Definitions
      At line 159 in file ..\M451Series\Source\ARM\startup_M451Series.s
   Uses
      At line 56 in file ..\M451Series\Source\ARM\startup_M451Series.s
      At line 160 in file ..\M451Series\Source\ARM\startup_M451Series.s

PDMA_IRQHandler 0000001A

Symbol: PDMA_IRQHandler
   Definitions
      At line 300 in file ..\M451Series\Source\ARM\startup_M451Series.s
   Uses
      At line 112 in file ..\M451Series\Source\ARM\startup_M451Series.s
      At line 244 in file ..\M451Series\Source\ARM\startup_M451Series.s

PWM0P0_IRQHandler 0000001A

Symbol: PWM0P0_IRQHandler
   Definitions
      At line 285 in file ..\M451Series\Source\ARM\startup_M451Series.s
   Uses
      At line 97 in file ..\M451Series\Source\ARM\startup_M451Series.s
      At line 229 in file ..\M451Series\Source\ARM\startup_M451Series.s

PWM0P1_IRQHandler 0000001A

Symbol: PWM0P1_IRQHandler
   Definitions
      At line 286 in file ..\M451Series\Source\ARM\startup_M451Series.s
   Uses
      At line 98 in file ..\M451Series\Source\ARM\startup_M451Series.s
      At line 230 in file ..\M451Series\Source\ARM\startup_M451Series.s

PWM0P2_IRQHandler 0000001A

Symbol: PWM0P2_IRQHandler
   Definitions
      At line 287 in file ..\M451Series\Source\ARM\startup_M451Series.s
   Uses
      At line 99 in file ..\M451Series\Source\ARM\startup_M451Series.s
      At line 231 in file ..\M451Series\Source\ARM\startup_M451Series.s

PWM1P0_IRQHandler 0000001A

Symbol: PWM1P0_IRQHandler
   Definitions
      At line 289 in file ..\M451Series\Source\ARM\startup_M451Series.s
   Uses
      At line 101 in file ..\M451Series\Source\ARM\startup_M451Series.s
      At line 233 in file ..\M451Series\Source\ARM\startup_M451Series.s

PWM1P1_IRQHandler 0000001A

Symbol: PWM1P1_IRQHandler
   Definitions
      At line 290 in file ..\M451Series\Source\ARM\startup_M451Series.s
   Uses



ARM Macro Assembler    Page 7 Alphabetic symbol ordering
Relocatable symbols

      At line 102 in file ..\M451Series\Source\ARM\startup_M451Series.s
      At line 234 in file ..\M451Series\Source\ARM\startup_M451Series.s

PWM1P2_IRQHandler 0000001A

Symbol: PWM1P2_IRQHandler
   Definitions
      At line 291 in file ..\M451Series\Source\ARM\startup_M451Series.s
   Uses
      At line 103 in file ..\M451Series\Source\ARM\startup_M451Series.s
      At line 235 in file ..\M451Series\Source\ARM\startup_M451Series.s

PWRWU_IRQHandler 0000001A

Symbol: PWRWU_IRQHandler
   Definitions
      At line 263 in file ..\M451Series\Source\ARM\startup_M451Series.s
   Uses
      At line 74 in file ..\M451Series\Source\ARM\startup_M451Series.s
      At line 207 in file ..\M451Series\Source\ARM\startup_M451Series.s

PendSV_Handler 00000016

Symbol: PendSV_Handler
   Definitions
      At line 193 in file ..\M451Series\Source\ARM\startup_M451Series.s
   Uses
      At line 68 in file ..\M451Series\Source\ARM\startup_M451Series.s
      At line 194 in file ..\M451Series\Source\ARM\startup_M451Series.s

RAMPE_IRQHandler 0000001A

Symbol: RAMPE_IRQHandler
   Definitions
      At line 264 in file ..\M451Series\Source\ARM\startup_M451Series.s
   Uses
      At line 75 in file ..\M451Series\Source\ARM\startup_M451Series.s
      At line 208 in file ..\M451Series\Source\ARM\startup_M451Series.s

RTC_IRQHandler 0000001A

Symbol: RTC_IRQHandler
   Definitions
      At line 266 in file ..\M451Series\Source\ARM\startup_M451Series.s
   Uses
      At line 78 in file ..\M451Series\Source\ARM\startup_M451Series.s
      At line 210 in file ..\M451Series\Source\ARM\startup_M451Series.s

Reset_Handler 00000000

Symbol: Reset_Handler
   Definitions
      At line 146 in file ..\M451Series\Source\ARM\startup_M451Series.s
   Uses
      At line 55 in file ..\M451Series\Source\ARM\startup_M451Series.s
      At line 147 in file ..\M451Series\Source\ARM\startup_M451Series.s

SC0_IRQHandler 0000001A




ARM Macro Assembler    Page 8 Alphabetic symbol ordering
Relocatable symbols

Symbol: SC0_IRQHandler
   Definitions
      At line 314 in file ..\M451Series\Source\ARM\startup_M451Series.s
   Uses
      At line 130 in file ..\M451Series\Source\ARM\startup_M451Series.s
      At line 258 in file ..\M451Series\Source\ARM\startup_M451Series.s

SPI0_IRQHandler 0000001A

Symbol: SPI0_IRQHandler
   Definitions
      At line 282 in file ..\M451Series\Source\ARM\startup_M451Series.s
   Uses
      At line 94 in file ..\M451Series\Source\ARM\startup_M451Series.s
      At line 226 in file ..\M451Series\Source\ARM\startup_M451Series.s

SPI1_IRQHandler 0000001A

Symbol: SPI1_IRQHandler
   Definitions
      At line 283 in file ..\M451Series\Source\ARM\startup_M451Series.s
   Uses
      At line 95 in file ..\M451Series\Source\ARM\startup_M451Series.s
      At line 227 in file ..\M451Series\Source\ARM\startup_M451Series.s

SPI2_IRQHandler 0000001A

Symbol: SPI2_IRQHandler
   Definitions
      At line 309 in file ..\M451Series\Source\ARM\startup_M451Series.s
   Uses
      At line 123 in file ..\M451Series\Source\ARM\startup_M451Series.s
      At line 253 in file ..\M451Series\Source\ARM\startup_M451Series.s

SVC_Handler 00000012

Symbol: SVC_Handler
   Definitions
      At line 183 in file ..\M451Series\Source\ARM\startup_M451Series.s
   Uses
      At line 65 in file ..\M451Series\Source\ARM\startup_M451Series.s
      At line 184 in file ..\M451Series\Source\ARM\startup_M451Series.s

SysTick_Handler 00000018

Symbol: SysTick_Handler
   Definitions
      At line 198 in file ..\M451Series\Source\ARM\startup_M451Series.s
   Uses
      At line 69 in file ..\M451Series\Source\ARM\startup_M451Series.s
      At line 199 in file ..\M451Series\Source\ARM\startup_M451Series.s

TAMPER_IRQHandler 0000001A

Symbol: TAMPER_IRQHandler
   Definitions
      At line 267 in file ..\M451Series\Source\ARM\startup_M451Series.s
   Uses
      At line 79 in file ..\M451Series\Source\ARM\startup_M451Series.s



ARM Macro Assembler    Page 9 Alphabetic symbol ordering
Relocatable symbols

      At line 211 in file ..\M451Series\Source\ARM\startup_M451Series.s

TK_IRQHandler 0000001A

Symbol: TK_IRQHandler
   Definitions
      At line 315 in file ..\M451Series\Source\ARM\startup_M451Series.s
   Uses
      At line 135 in file ..\M451Series\Source\ARM\startup_M451Series.s
      At line 259 in file ..\M451Series\Source\ARM\startup_M451Series.s

TMR0_IRQHandler 0000001A

Symbol: TMR0_IRQHandler
   Definitions
      At line 292 in file ..\M451Series\Source\ARM\startup_M451Series.s
   Uses
      At line 104 in file ..\M451Series\Source\ARM\startup_M451Series.s
      At line 236 in file ..\M451Series\Source\ARM\startup_M451Series.s

TMR1_IRQHandler 0000001A

Symbol: TMR1_IRQHandler
   Definitions
      At line 293 in file ..\M451Series\Source\ARM\startup_M451Series.s
   Uses
      At line 105 in file ..\M451Series\Source\ARM\startup_M451Series.s
      At line 237 in file ..\M451Series\Source\ARM\startup_M451Series.s

TMR2_IRQHandler 0000001A

Symbol: TMR2_IRQHandler
   Definitions
      At line 294 in file ..\M451Series\Source\ARM\startup_M451Series.s
   Uses
      At line 106 in file ..\M451Series\Source\ARM\startup_M451Series.s
      At line 238 in file ..\M451Series\Source\ARM\startup_M451Series.s

TMR3_IRQHandler 0000001A

Symbol: TMR3_IRQHandler
   Definitions
      At line 295 in file ..\M451Series\Source\ARM\startup_M451Series.s
   Uses
      At line 107 in file ..\M451Series\Source\ARM\startup_M451Series.s
      At line 239 in file ..\M451Series\Source\ARM\startup_M451Series.s

UART0_IRQHandler 0000001A

Symbol: UART0_IRQHandler
   Definitions
      At line 296 in file ..\M451Series\Source\ARM\startup_M451Series.s
   Uses
      At line 108 in file ..\M451Series\Source\ARM\startup_M451Series.s
      At line 240 in file ..\M451Series\Source\ARM\startup_M451Series.s

UART1_IRQHandler 0000001A

Symbol: UART1_IRQHandler



ARM Macro Assembler    Page 10 Alphabetic symbol ordering
Relocatable symbols

   Definitions
      At line 297 in file ..\M451Series\Source\ARM\startup_M451Series.s
   Uses
      At line 109 in file ..\M451Series\Source\ARM\startup_M451Series.s
      At line 241 in file ..\M451Series\Source\ARM\startup_M451Series.s

UART2_IRQHandler 0000001A

Symbol: UART2_IRQHandler
   Definitions
      At line 307 in file ..\M451Series\Source\ARM\startup_M451Series.s
   Uses
      At line 120 in file ..\M451Series\Source\ARM\startup_M451Series.s
      At line 251 in file ..\M451Series\Source\ARM\startup_M451Series.s

UART3_IRQHandler 0000001A

Symbol: UART3_IRQHandler
   Definitions
      At line 308 in file ..\M451Series\Source\ARM\startup_M451Series.s
   Uses
      At line 121 in file ..\M451Series\Source\ARM\startup_M451Series.s
      At line 252 in file ..\M451Series\Source\ARM\startup_M451Series.s

USBD_IRQHandler 0000001A

Symbol: USBD_IRQHandler
   Definitions
      At line 310 in file ..\M451Series\Source\ARM\startup_M451Series.s
   Uses
      At line 125 in file ..\M451Series\Source\ARM\startup_M451Series.s
      At line 254 in file ..\M451Series\Source\ARM\startup_M451Series.s

USBH_IRQHandler 0000001A

Symbol: USBH_IRQHandler
   Definitions
      At line 311 in file ..\M451Series\Source\ARM\startup_M451Series.s
   Uses
      At line 126 in file ..\M451Series\Source\ARM\startup_M451Series.s
      At line 255 in file ..\M451Series\Source\ARM\startup_M451Series.s

USBOTG_IRQHandler 0000001A

Symbol: USBOTG_IRQHandler
   Definitions
      At line 312 in file ..\M451Series\Source\ARM\startup_M451Series.s
   Uses
      At line 127 in file ..\M451Series\Source\ARM\startup_M451Series.s
      At line 256 in file ..\M451Series\Source\ARM\startup_M451Series.s

UsageFault_Handler 00000010

Symbol: UsageFault_Handler
   Definitions
      At line 179 in file ..\M451Series\Source\ARM\startup_M451Series.s
   Uses
      At line 60 in file ..\M451Series\Source\ARM\startup_M451Series.s
      At line 180 in file ..\M451Series\Source\ARM\startup_M451Series.s



ARM Macro Assembler    Page 11 Alphabetic symbol ordering
Relocatable symbols


WDT_IRQHandler 0000001A

Symbol: WDT_IRQHandler
   Definitions
      At line 268 in file ..\M451Series\Source\ARM\startup_M451Series.s
   Uses
      At line 80 in file ..\M451Series\Source\ARM\startup_M451Series.s
      At line 212 in file ..\M451Series\Source\ARM\startup_M451Series.s

WWDT_IRQHandler 0000001A

Symbol: WWDT_IRQHandler
   Definitions
      At line 269 in file ..\M451Series\Source\ARM\startup_M451Series.s
   Uses
      At line 81 in file ..\M451Series\Source\ARM\startup_M451Series.s
      At line 213 in file ..\M451Series\Source\ARM\startup_M451Series.s

__user_initial_stackheap 0000001C

Symbol: __user_initial_stackheap
   Definitions
      At line 336 in file ..\M451Series\Source\ARM\startup_M451Series.s
   Uses
      At line 334 in file ..\M451Series\Source\ARM\startup_M451Series.s
Comment: __user_initial_stackheap used once
68 symbols



ARM Macro Assembler    Page 1 Alphabetic symbol ordering
Absolute symbols

Heap_Size 00000000

Symbol: Heap_Size
   Definitions
      At line 35 in file ..\M451Series\Source\ARM\startup_M451Series.s
   Uses
      At line 39 in file ..\M451Series\Source\ARM\startup_M451Series.s
      At line 339 in file ..\M451Series\Source\ARM\startup_M451Series.s

Stack_Size 00000400

Symbol: Stack_Size
   Definitions
      At line 22 in file ..\M451Series\Source\ARM\startup_M451Series.s
   Uses
      At line 26 in file ..\M451Series\Source\ARM\startup_M451Series.s
      At line 338 in file ..\M451Series\Source\ARM\startup_M451Series.s

__Vectors_Size 00000140

Symbol: __Vectors_Size
   Definitions
      At line 139 in file ..\M451Series\Source\ARM\startup_M451Series.s
   Uses
      At line 52 in file ..\M451Series\Source\ARM\startup_M451Series.s
Comment: __Vectors_Size used once
3 symbols



ARM Macro Assembler    Page 1 Alphabetic symbol ordering
External symbols

SystemInit 00000000

Symbol: SystemInit
   Definitions
      At line 148 in file ..\M451Series\Source\ARM\startup_M451Series.s
   Uses
      At line 150 in file ..\M451Series\Source\ARM\startup_M451Series.s
Comment: SystemInit used once
__main 00000000

Symbol: __main
   Definitions
      At line 149 in file ..\M451Series\Source\ARM\startup_M451Series.s
   Uses
      At line 152 in file ..\M451Series\Source\ARM\startup_M451Series.s
Comment: __main used once
__use_two_region_memory 00000000

Symbol: __use_two_region_memory
   Definitions
      At line 333 in file ..\M451Series\Source\ARM\startup_M451Series.s
   Uses
      None
Comment: __use_two_region_memory unused
3 symbols
422 symbols in table
