C51 COMPILER V9.60.0.0   ____                                                              06/04/2020 19:10:16 PAGE 1   


C51 COMPILER V9.60.0.0, COMPILATION OF MODULE ____
OBJECT MODULE PLACED IN 点阵.OBJ
COMPILER INVOKED BY: C:\Keil_v5\C51\BIN\C51.EXE 点阵.c OPTIMIZE(8,SPEED) BROWSE DEBUG OBJECTEXTEND TABS(2)

line level    source

   1          #include <reg52.h>
   2          
   3          sbit ADDR0 = P1^0;
   4          sbit ADDR1 = P1^1;
   5          sbit ADDR2 = P1^2;
   6          sbit ADDR3 = P1^3;
   7          sbit KEY   = P3^5;
   8          
   9          unsigned int cnt,m,stage,sec=1000;
  10          
  11          unsigned char code image[][8] = {  
  12              {0xFF,0xE7,0xDB,0xDB,0xDB,0xDB,0xE7,0xFF},     //0
  13              {0xFF,0xE7,0xEF,0xEF,0xEF,0xEF,0xC3,0xFF},     //1
  14              {0xFF,0xE3,0xDF,0xDF,0xE7,0xFB,0xC3,0xFF},     //2
  15              {0xE3,0xDF,0xDF,0xE7,0xDF,0xDF,0xE3,0xFF},     //3
  16              {0xFF,0xEF,0xE7,0xEB,0xC3,0xEF,0xEF,0xFF},    //4
  17              {0xFB,0xC3,0xFB,0xE3,0xDF,0xDF,0xE3,0xFF},    //5
  18              {0xE7,0xFB,0xFB,0xE3,0xDB,0xDB,0xE7,0xFF},    //6
  19              {0xFF,0xC3,0xDF,0xDF,0xDF,0xDF,0xDF,0xFF},    //7
  20              {0xE7,0xDB,0xDB,0xE7,0xDB,0xDB,0xE7,0xFF},    //8
  21              {0xE7,0xDB,0xDB,0xC7,0xDF,0xDF,0xE7,0xFF}     //9
  22          };
  23          unsigned char code image1[][8] = {              //心跳
  24              {0xFF,0x99,0x00,0x00,0x00,0x81,0xC3,0xE7},  //大心
  25              {0xFF,0xFF,0xDB,0x81,0x81,0xC3,0xE7,0xFF},  //中心
  26              {0xFF,0xFF,0xFF,0xDB,0xC3,0xE7,0xFF,0xFF},   //小心
  27          };
  28          
  29          unsigned char code image3[][8] = {              //小坦克
  30            {0xFE,0xFF,0xE3,0xE3,0xF7,0xFF,0xFF,0xFF},
  31          {0xFE,0xFF,0xFF,0xE3,0xE3,0xF7,0xFF,0xFF},
  32          {0xFE,0xFF,0xFF,0xFF,0xE3,0xE3,0xF7,0xFF},
  33          {0xFE,0xFF,0xFF,0xFF,0xF3,0xE3,0xF3,0xFF},
  34          {0xFE,0xFF,0xFF,0xFF,0xE7,0xC7,0xE7,0xFF},
  35          {0xFE,0xFF,0xFF,0xFF,0xCF,0x8F,0xCF,0xFF},
  36          {0xFE,0xFF,0xFF,0xFF,0xDF,0x8F,0x8F,0xFF},
  37          {0xFE,0xFF,0xFF,0xDF,0x8F,0x8F,0xFF,0xFF},
  38          {0xFE,0xFF,0xDF,0x8F,0x8F,0xFF,0xFF,0xFF},
  39          {0xFE,0xDF,0x8F,0x8F,0xFF,0xFF,0xFF,0xFF},
  40          };
  41          
  42          unsigned char code image2[] = {                  //0-->9平移
  43              0xFF,0xE7,0xDB,0x5A,0x5A,0xDB,0xE7,0xFF,0xFF,0xE7,0xEF,0x6E,0x6E,0xEF,0xC3,0xFF,
  44              0xFF,0xE3,0xDF,0x5E,0x66,0xFB,0xC3,0xFF,0xE3,0xDF,0xDF,0x66,0x5E,0xDF,0xE3,0xFF,
  45              0xFF,0xEF,0xE7,0x6A,0x42,0xEF,0xEF,0xFF,0xFB,0xC3,0xFB,0x62,0x5E,0xDF,0xE3,0xFF,
  46              0xE7,0xFB,0xFB,0x62,0x5A,0xDB,0xE7,0xFF,0xFF,0xC3,0xDF,0x5E,0x5E,0xDF,0xDF,0xFF,
  47              0xE7,0xDB,0xDB,0x66,0x5A,0xDB,0xE7,0xFF,0xE7,0xDB,0xDB,0x46,0x5E,0xDF,0xE7,0xFF,
  48          };
  49          
  50          
  51          
  52          void Delay10ms()    
  53          {
  54   1        unsigned char i, j;
  55   1      
C51 COMPILER V9.60.0.0   ____                                                              06/04/2020 19:10:16 PAGE 2   

  56   1        i = 20;
  57   1        j = 113;
  58   1        do
  59   1        {
  60   2          while (--j);
  61   2        } while (--i);
  62   1      }
  63          
  64          
  65          void main()
  66          {
  67   1          EA = 1;       //使能总中断
  68   1          ADDR3 = 0;
  69   1          TMOD = 0x01;  //设置T0为模式1
  70   1          TH0  = 0xFC;  //为T0赋初值0xFC67，定时1ms
  71   1          TL0  = 0x67;
  72   1          ET0  = 1;     //使能T0中断
  73   1          TR0  = 1;     //启动T0
  74   1          while (1)
  75   1          {
  76   2            if(stage>3)stage=0;
  77   2            if(KEY==0)  
  78   2          {
  79   3            Delay10ms();
  80   3            if(KEY==1)stage++;
  81   3            
  82   3          }
  83   2            if(cnt >= sec)
  84   2            {
  85   3              cnt = 0;
  86   3              m++;
  87   3              
  88   3            }
  89   2          }
  90   1      }
  91          /* 定时器0中断服务函数 */
  92          void InterruptTimer0() interrupt 1
  93          {
  94   1          static unsigned char i = 0;  //动态扫描的索引
  95   1          static unsigned char tmr = 0;  //250ms软件定时器
  96   1          static unsigned char index = 0;  //图片刷新索引
  97   1      
  98   1          TH0 = 0xFC;  //重新加载初值
  99   1          TL0 = 0x67;
 100   1          P0 = 0xFF;   //显示消隐
 101   1          cnt++;
 102   1        /***********************模式一：数字闪出***********************************/
 103   1          if(stage==0)                    
 104   1          {
 105   2            sec = 1000;
 106   2            if(m>=10)m=0;
 107   2            switch (i)
 108   2            {
 109   3                case 0: ADDR2=0; ADDR1=0; ADDR0=0; i++; P0=image[m][0]; break;
 110   3                case 1: ADDR2=0; ADDR1=0; ADDR0=1; i++; P0=image[m][1]; break;
 111   3                case 2: ADDR2=0; ADDR1=1; ADDR0=0; i++; P0=image[m][2]; break;
 112   3                case 3: ADDR2=0; ADDR1=1; ADDR0=1; i++; P0=image[m][3]; break;
 113   3                case 4: ADDR2=1; ADDR1=0; ADDR0=0; i++; P0=image[m][4]; break;
 114   3                case 5: ADDR2=1; ADDR1=0; ADDR0=1; i++; P0=image[m][5]; break;
 115   3                case 6: ADDR2=1; ADDR1=1; ADDR0=0; i++; P0=image[m][6]; break;
 116   3                case 7: ADDR2=1; ADDR1=1; ADDR0=1; i=0; P0=image[m][7]; break;
 117   3                default: break;
C51 COMPILER V9.60.0.0   ____                                                              06/04/2020 19:10:16 PAGE 3   

 118   3            }
 119   2          }
 120   1        /**********************模式二：动态爱心************************************/
 121   1          else if(stage==1)
 122   1          {
 123   2            sec = 150;
 124   2            if(m>=3)m=0;
 125   2            switch (i)
 126   2            {
 127   3                case 0: ADDR2=0; ADDR1=0; ADDR0=0; i++; P0=image1[m][0]; break;
 128   3                case 1: ADDR2=0; ADDR1=0; ADDR0=1; i++; P0=image1[m][1]; break;
 129   3                case 2: ADDR2=0; ADDR1=1; ADDR0=0; i++; P0=image1[m][2]; break;
 130   3                case 3: ADDR2=0; ADDR1=1; ADDR0=1; i++; P0=image1[m][3]; break;
 131   3                case 4: ADDR2=1; ADDR1=0; ADDR0=0; i++; P0=image1[m][4]; break;
 132   3                case 5: ADDR2=1; ADDR1=0; ADDR0=1; i++; P0=image1[m][5]; break;
 133   3                case 6: ADDR2=1; ADDR1=1; ADDR0=0; i++; P0=image1[m][6]; break;
 134   3                case 7: ADDR2=1; ADDR1=1; ADDR0=1; i=0; P0=image1[m][7]; break;
 135   3                default: break;
 136   3            }
 137   2          }
 138   1        /**********************模式三：坦克走动**************************************/
 139   1          else if(stage==2)
 140   1          {
 141   2            sec = 800;
 142   2            if(m>=10)m=0;
 143   2            switch (i)
 144   2            {
 145   3                case 0: ADDR2=0; ADDR1=0; ADDR0=0; i++; P0=image3[m][0]; break;
 146   3                case 1: ADDR2=0; ADDR1=0; ADDR0=1; i++; P0=image3[m][1]; break;
 147   3                case 2: ADDR2=0; ADDR1=1; ADDR0=0; i++; P0=image3[m][2]; break;
 148   3                case 3: ADDR2=0; ADDR1=1; ADDR0=1; i++; P0=image3[m][3]; break;
 149   3                case 4: ADDR2=1; ADDR1=0; ADDR0=0; i++; P0=image3[m][4]; break;
 150   3                case 5: ADDR2=1; ADDR1=0; ADDR0=1; i++; P0=image3[m][5]; break;
 151   3                case 6: ADDR2=1; ADDR1=1; ADDR0=0; i++; P0=image3[m][6]; break;
 152   3                case 7: ADDR2=1; ADDR1=1; ADDR0=1; i=0; P0=image3[m][7]; break;
 153   3                default: break;
 154   3            }
 155   2          }
 156   1        /**********************模式四：数字平移****************************************/
 157   1          else if(stage==3)
 158   1          {
 159   2            switch (i)
 160   2              {
 161   3                  case 0: ADDR2=0; ADDR1=0; ADDR0=0; i++; P0=image2[index+0]; break;
 162   3                  case 1: ADDR2=0; ADDR1=0; ADDR0=1; i++; P0=image2[index+1]; break;
 163   3                  case 2: ADDR2=0; ADDR1=1; ADDR0=0; i++; P0=image2[index+2]; break;
 164   3                  case 3: ADDR2=0; ADDR1=1; ADDR0=1; i++; P0=image2[index+3]; break;
 165   3                  case 4: ADDR2=1; ADDR1=0; ADDR0=0; i++; P0=image2[index+4]; break;
 166   3                  case 5: ADDR2=1; ADDR1=0; ADDR0=1; i++; P0=image2[index+5]; break;
 167   3                  case 6: ADDR2=1; ADDR1=1; ADDR0=0; i++; P0=image2[index+6]; break;
 168   3                  case 7: ADDR2=1; ADDR1=1; ADDR0=1; i=0; P0=image2[index+7]; break;
 169   3                  default: break;
 170   3              }
 171   2            //以下代码完成每250ms改变一帧图像
 172   2            tmr++;
 173   2            if (tmr >= 250)  //达到250ms时改变一次图片索引
 174   2            {
 175   3                tmr = 0;
 176   3                index++;
 177   3                if (index >= 72)  //图片索引达到32后归零
 178   3                {
 179   4                    index = 0;
C51 COMPILER V9.60.0.0   ____                                                              06/04/2020 19:10:16 PAGE 4   

 180   4                }
 181   3            }
 182   2          }
 183   1      
 184   1      }


MODULE INFORMATION:   STATIC OVERLAYABLE
   CODE SIZE        =   1283    ----
   CONSTANT SIZE    =    264    ----
   XDATA SIZE       =   ----    ----
   PDATA SIZE       =   ----    ----
   DATA SIZE        =     11    ----
   IDATA SIZE       =   ----    ----
   BIT SIZE         =   ----    ----
END OF MODULE INFORMATION.


C51 COMPILATION COMPLETE.  0 WARNING(S),  0 ERROR(S)
