C51 COMPILER V9.00   ADC0832                                                               09/22/2018 14:21:13 PAGE 1   


C51 COMPILER V9.00, COMPILATION OF MODULE ADC0832
OBJECT MODULE PLACED IN adc0832.OBJ
COMPILER INVOKED BY: F:\keil4\C51\BIN\C51.EXE adc0832.c BROWSE DEBUG OBJECTEXTEND

line level    source

   1          #include<reg51.h>
   2          #include"delay.h"
   3          #include <intrins.h> 
   4          #include"adc0832.h"
   5          /************************端口定义**************************/
   6          sbit cs=P3^0;
   7          sbit clk=P3^1;
   8          sbit dio=P3^2;
   9          /************************************************************
  10                             adc0832
  11          *************************************************************/
  12          uchar adc0832()
  13          {
  14   1        uint i;
  15   1        uchar dat;
  16   1        dat=0x00;
  17   1      
  18   1        cs=1;
  19   1        clk=0;
  20   1      
  21   1        cs=0;
  22   1        dio=1;
  23   1        clk=1;
  24   1        _nop_();
  25   1        _nop_();
  26   1        clk=0;
  27   1        _nop_();
  28   1        _nop_();
  29   1      
  30   1        dio=1;//1
  31   1        clk=1;
  32   1        _nop_();
  33   1        _nop_();
  34   1        clk=0;
  35   1        _nop_();
  36   1        _nop_();
  37   1      
  38   1        dio=0;//0
  39   1        clk=1;
  40   1        _nop_();
  41   1        _nop_();
  42   1        clk=0;
  43   1        _nop_();
  44   1        _nop_();
  45   1      
  46   1        dio=1;
  47   1        clk=1;
  48   1        _nop_();
  49   1         _nop_();
  50   1         clk=0;
  51   1           _nop_();
  52   1         _nop_();
  53   1        for(i=0;i<8;i++) //前8
  54   1              {
  55   2                      dat<<=1; 
C51 COMPILER V9.00   ADC0832                                                               09/22/2018 14:21:13 PAGE 2   

  56   2                      if(dio==1)
  57   2                 dat=dat|0x01;
  58   2                  else dat=dat|0x00;
  59   2                       clk=1; 
  60   2                      _nop_();
  61   2              _nop_();
  62   2                      clk=0;
  63   2                      _nop_();
  64   2              _nop_();        
  65   2              }
  66   1              cs=1;
  67   1      
  68   1              return dat;     
  69   1      }


MODULE INFORMATION:   STATIC OVERLAYABLE
   CODE SIZE        =     84    ----
   CONSTANT SIZE    =   ----    ----
   XDATA SIZE       =   ----    ----
   PDATA SIZE       =   ----    ----
   DATA SIZE        =   ----    ----
   IDATA SIZE       =   ----    ----
   BIT SIZE         =   ----    ----
END OF MODULE INFORMATION.


C51 COMPILATION COMPLETE.  0 WARNING(S),  0 ERROR(S)
