C51 COMPILER V9.00   DELAY                                                                 09/22/2018 14:21:12 PAGE 1   


C51 COMPILER V9.00, COMPILATION OF MODULE DELAY
OBJECT MODULE PLACED IN delay.OBJ
COMPILER INVOKED BY: F:\keil4\C51\BIN\C51.EXE delay.c BROWSE DEBUG OBJECTEXTEND

line level    source

   1          #include<reg52.h>
   2          #define uchar unsigned char
   3          #define uint  unsigned int
   4          
   5          
   6          
   7          //**************∫¡√Î*******************
   8          void delayxms(uint ms)                                     //—” ± x  ms
   9          {
  10   1          uint a,j;
  11   1      
  12   1          for(a=0;a<ms;a++) 
  13   1                for(j=0;j<110;j++);
  14   1      
  15   1      }
  16          ///**********************—” ±∫Ø ˝**************************/
  17          //void NRFDelay(uint t)
  18          //{
  19          //   uint x,y;
  20          //   for(x=t;x>0;x--)
  21          //    for(y=110;y>0;y--);
  22          //}
  23          //**************Œ¢√Î*******************
  24          void delayxus(uint us)                                     //—” ± x  us
  25          {
  26   1              while(us--);
  27   1      
  28   1      }


MODULE INFORMATION:   STATIC OVERLAYABLE
   CODE SIZE        =     43    ----
   CONSTANT SIZE    =   ----    ----
   XDATA SIZE       =   ----    ----
   PDATA SIZE       =   ----    ----
   DATA SIZE        =   ----    ----
   IDATA SIZE       =   ----    ----
   BIT SIZE         =   ----    ----
END OF MODULE INFORMATION.


C51 COMPILATION COMPLETE.  0 WARNING(S),  0 ERROR(S)
