C51 COMPILER V9.00   LCD1602                                                               09/22/2018 14:21:12 PAGE 1   


C51 COMPILER V9.00, COMPILATION OF MODULE LCD1602
OBJECT MODULE PLACED IN LCD1602.OBJ
COMPILER INVOKED BY: F:\keil4\C51\BIN\C51.EXE LCD1602.c BROWSE DEBUG OBJECTEXTEND

line level    source

   1          #include<reg51.h>
   2          #include"delay.h"
   3          #include"lcd602.h"
   4          //**************端口定义******************* 
   5          sbit en=P2^7; //6  液晶使能端
   6          sbit rw=P2^6; //5 液晶读写选择端
   7          sbit rs=P2^5; //4 液晶数据命令选择端
   8          //**************变量定义*******************
   9          //**************数组定义*******************
  10          /*******************************************************************
  11                            写命令
  12          ************************************************************************/
  13          void xiemingling(unsigned char mingling)
  14          {
  15   1        en=0;
  16   1        rs=0;
  17   1        rw=0;
  18   1        P0=mingling;
  19   1        delayxms(5);
  20   1        en=1;
  21   1        delayxms(10);
  22   1        en=0;
  23   1      }
  24          /*******************************************************************
  25                            写数据
  26          ************************************************************************/
  27          void xieshuju(unsigned char shuju)
  28          {   
  29   1        en=0;
  30   1        rs=1;
  31   1        rw=0;
  32   1        P0=shuju;
  33   1        delayxms(5);
  34   1        en=1;
  35   1        delayxms(10);
  36   1        en=0;
  37   1      }
  38          /*******************************************************************
  39                            液晶初始化
  40          ************************************************************************/
  41          void chushihua()
  42          {
  43   1        delayxms(20); //给液晶一段时间
  44   1        en=0;
  45   1        xiemingling(0x38);//设置16*2显示，5*7点阵，8位数据接口
  46   1        delayxms(20);
  47   1        xiemingling(0x38);//
  48   1        delayxms(20);
  49   1        xiemingling(0x0c);//设置开显示，不显示光标
  50   1        delayxms(20);
  51   1        xiemingling(0x06);//写一个字符后地址指针加1
  52   1        delayxms(20);
  53   1        xiemingling(0x01);//显示清零，数据指针清零
  54   1        delayxms(20);
  55   1        xiemingling(0x80);//指定字符显示的实际地址，，，显示位置的确定方法规定为"80H+地址码x"
C51 COMPILER V9.00   LCD1602                                                               09/22/2018 14:21:12 PAGE 2   

  56   1        delayxms(20);
  57   1      }
  58          /***********************lcd1602上显示这些字符函数************************/
  59          void write_string(uchar hang,uchar add,uchar *p)
  60          {
  61   1              if(hang==1)   
  62   1                      xiemingling(0x80+add);
  63   1              else
  64   1                      xiemingling(0x80+0x40+add);
  65   1                      while(1)                                                                                                                 
  66   1                      {
  67   2                              if(*p == '\0')  break;
  68   2                              xieshuju(*p);
  69   2                              p++;
  70   2                      }       
  71   1      }
  72          ///*****************控制光标函数********************/
  73          //void write_guanbiao(uchar hang,uchar add,uchar date)
  74          //{             
  75          //      if(hang==1)   
  76          //              xiemingling(0x80+add);
  77          //      else
  78          //              xiemingling(0x80+0x40+add);
  79          //      if(date == 1)
  80          //              xiemingling(0x0f);     //显示光标并且闪烁       
  81          //      else 
  82          //              xiemingling(0x0c);   //关闭光标
  83          //}     
  84          
  85          /***********************lcd1602上显示特定的字符************************/
  86          void write_zifu(uchar hang,uchar add,uchar date)
  87          {
  88   1              if(hang==1)   
  89   1                      xiemingling(0x80+add);
  90   1              else
  91   1                      xiemingling(0x80+0x40+add);
  92   1              xieshuju(date); 
  93   1      }
  94          /***********************lcd1602上显示三位十进制数************************/
  95          void write_num3(uchar hang,uchar add,uint date)
  96          {
  97   1              if(hang==1)   
  98   1                      xiemingling(0x80+add);
  99   1              else
 100   1              xiemingling(0x80+0x40+add);
 101   1              xieshuju(0x30+date/100%10);
 102   1      //      xieshuju('.');
 103   1              xieshuju(0x30+date/10%10);
 104   1      //      xieshuju('.');
 105   1              xieshuju(0x30+date%10); 
 106   1      } 
 107          /***********************lcd1602上显示2位十进制数************************/
 108          void write_num2(uchar hang,uchar add,uint date)
 109          {
 110   1              if(hang==1)   
 111   1                      xiemingling(0x80+add);
 112   1              else
 113   1                  xiemingling(0x80+0x40+add);
 114   1              xieshuju(0x30+date/10);
 115   1              xieshuju(0x30+date%10); 
 116   1      } 
 117          /***********************lcd1602上显示2位十进制数************************/
C51 COMPILER V9.00   LCD1602                                                               09/22/2018 14:21:12 PAGE 3   

 118          //void write_num2(uchar hang,uchar add,uint date)
 119          //{
 120          //      if(hang==1)   
 121          //              xiemingling(0x80+add);
 122          //      else
 123          //              xiemingling(0x80+0x40+add);
 124          //      xieshuju(0x30+date/10);
 125          //      
 126          //      xieshuju(0x30+date%10);
 127          //
 128          //} 
 129          ///***********************lcd1602上显示五位十进制数************************/
 130          //void write_num5(uchar hang,uchar add,uint date)
 131          //{
 132          //      if(hang==1)   
 133          //              xiemingling(0x80+add);
 134          //      else
 135          //              xiemingling(0x80+0x40+add);
 136          //      xieshuju(0x30+date/10000);
 137          //      xieshuju(0x30+date%10000/1000);
 138          //      xieshuju(0x30+date%10000%1000/100);
 139          //      xieshuju(0x30+date%10000%1000%100/10);
 140          //      xieshuju('.');
 141          //      xieshuju(0x30+date%10); 
 142          //} 
 143          ///***********************lcd1602上显示五位十进制数************************/
 144          //void write_num51(uchar hang,uchar add,uint date)
 145          //{
 146          //      if(hang==1)   
 147          //              xiemingling(0x80+add);
 148          //      else
 149          //              xiemingling(0x80+0x40+add);
 150          //      xieshuju(0x30+date/10000);
 151          //      xieshuju(0x30+date%10000/1000);
 152          //      xieshuju(0x30+date%10000%1000/100);
 153          //      xieshuju(0x30+date%10000%1000%100/10);
 154          ////    xieshuju('.');
 155          //      xieshuju(0x30+date%10); 
 156          //}
 157          ///***********************lcd1602上显示1位十进制数************************/
 158          //void write_num1(uchar hang,uchar add,uint date)
 159          //{
 160          //      if(hang==1)   
 161          //              xiemingling(0x80+add);
 162          //      else
 163          //          xiemingling(0x80+0x40+add);
 164          //      
 165          //      xieshuju(0x30+date%10); 
 166          //} 


MODULE INFORMATION:   STATIC OVERLAYABLE
   CODE SIZE        =    337    ----
   CONSTANT SIZE    =   ----    ----
   XDATA SIZE       =   ----    ----
   PDATA SIZE       =   ----    ----
   DATA SIZE        =   ----      12
   IDATA SIZE       =   ----    ----
   BIT SIZE         =   ----    ----
END OF MODULE INFORMATION.


C51 COMPILATION COMPLETE.  0 WARNING(S),  0 ERROR(S)
