C51 COMPILER V9.00   MAIN                                                                  09/22/2018 14:21:11 PAGE 1   


C51 COMPILER V9.00, COMPILATION OF MODULE MAIN
OBJECT MODULE PLACED IN main.OBJ
COMPILER INVOKED BY: F:\keil4\C51\BIN\C51.EXE main.c BROWSE DEBUG OBJECTEXTEND

line level    source

   1          #include<reg51.h>
   2          #include"delay.h"
   3          #include"lcd602.h"
   4          #include"adc0832.h"
   5          /*****************************数组定义*******************************/
   6          uchar code tab1[]={"Now_G: "};   //
   7          uchar code tab5[]={0xfe,0xfc,0xfd,0xf9,0xfb,0xf3,0xff7,0xf6};  //1-2励磁顺序表 //半步 
   8          /************************端口定义**************************/
   9          sbit k1 = P2^0; // 手-正 
  10          sbit k2 = P2^1; // 手-反 
  11          sbit k3 = P2^2; // 手-停
  12          sbit k4 = P2^3; // 自-上
  13          sbit k5 = P2^4; // 自-下
  14          sbit led = P3^3; // 自-手-lED
  15          sbit k6 = P3^4; // 自-手
  16          /************************变量定义*****************************/
  17          uint sec,min,h; //BCD码格式
  18          int second,minute,hour; //十进制
  19          double youliang = 0;
  20          uchar i = 0;
  21          bit flag = 0; //暂停开始标志
  22          bit flag1 = 0; //正反转标志
  23          bit flag2 = 0;
  24          bit flag3 = 0;
  25          bit mode = 1;
  26          /*************************按键*******************************/
  27          void key()
  28          {
  29   1                if(k1==0)
  30   1                {
  31   2                         delayxms(5);
  32   2                         while(k1==0);
  33   2                         flag1 = 0; flag = 1;
  34   2                         write_zifu(1,15,'Z');
  35   2                }
  36   1                if(k2==0)     
  37   1                {
  38   2                              delayxms(5);
  39   2                              while(k2==0);
  40   2                              flag1 = 1; flag = 1;
  41   2                              write_zifu(1,15,'F');
  42   2                }
  43   1                if(k3==0)     
  44   1                {
  45   2                              delayxms(5);
  46   2                              while(k3==0);
  47   2                              flag = 0;
  48   2                }
  49   1      }
  50          
  51          void key1()
  52          {
  53   1                if(k4==0)
  54   1                {
  55   2                         delayxms(5);
C51 COMPILER V9.00   MAIN                                                                  09/22/2018 14:21:11 PAGE 2   

  56   2                         while(k4==0);
  57   2                         flag = 0;
  58   2                         write_zifu(1,15,'T');
  59   2                         flag2 = 1; flag3 = 0;
  60   2                }
  61   1                if(k5==0)     
  62   1                {
  63   2                              delayxms(5);
  64   2                              while(k5==0);
  65   2                              flag = 0;
  66   2                              write_zifu(1,15,'T');
  67   2                              flag2 = 0; flag3 = 1;
  68   2                }
  69   1      }
  70          /*******************定时器T0初始化********************/
  71          void T0_init()
  72          {
  73   1                TMOD=TMOD | 0x01;              //设T0为方式1
  74   1                TH0=(65535-50000)/256;       //计数、个
  75   1                TL0=(65535-50000)%256; 
  76   1                EA=1;                        //开启总中断         
  77   1                ET0=1;                       //允许T0中断
  78   1                //TR0=1;                       //启动
  79   1      }
  80          /**************************************************************
  81                                主程序
  82          **************************************************************/
  83          void main()
  84          {
  85   1        chushihua();
  86   1        write_string(1,0,tab1);
  87   1        T0_init();
  88   1        while(1)
  89   1        {
  90   2                                    if(k6==0)
  91   2                                        {
  92   3                                                 delayxms(5);
  93   3                                                 while(k6==0);
  94   3                                                 mode = ~mode;
  95   3                                        }
  96   2                                      /*湿度计算 0-100*/
  97   2                              youliang = adc0832()/2.55; 
  98   2                              write_num3(1,7,youliang);
  99   2                                      /*手动模式*/
 100   2                                      if(mode == 1)
 101   2                                      {
 102   3                                         flag2 = 0; flag3 = 0;
 103   3                                         led = 1; //LED关
 104   3                                         key(); //按键检测
 105   3                                         if(flag == 0)
 106   3                                         {TR0 = 0; write_zifu(1,15,'T');}
 107   3                                         else
 108   3                                         {TR0 = 1;}
 109   3                                      }
 110   2                                      /*自动模式*/
 111   2                                      if(mode == 0)
 112   2                                      {
 113   3                                         led = 0; //LED开
 114   3                                         key1(); //按键检测
 115   3                                         if(flag == 0)
 116   3                                         {TR0 = 0;}
 117   3                                         else
C51 COMPILER V9.00   MAIN                                                                  09/22/2018 14:21:11 PAGE 3   

 118   3                                         {TR0 = 1;}
 119   3                                         /*根据光照判断正反转*/
 120   3                                         if(youliang > 50 && flag2 == 0)
 121   3                                         {
 122   4                                                flag = 1; flag1 = 0;
 123   4                                                write_zifu(1,15,'Z');
 124   4                                         }
 125   3                                         if(youliang <= 50 && flag3 == 0)
 126   3                                         {
 127   4                                                flag = 1; flag1 = 1;
 128   4                                                write_zifu(1,15,'F');
 129   4                                         }
 130   3                                         if(flag == 0)
 131   3                                         {TR0 = 0;}
 132   3                                         else
 133   3                                         {TR0 = 1;}
 134   3                                      }
 135   2        }
 136   1      }
 137          /**************************定时器T0中断服务函数************************************/
 138          void T0_time() interrupt 1   
 139          {
 140   1                TR0 = 0;
 141   1            TH0=(65535-50000)/256;       
 142   1                TL0=(65535-50000)%256;     
 143   1                if(i > 7)
 144   1                {i = 0;}
 145   1                if(flag1 == 0)
 146   1                {P1 = tab5[i];} //正转
 147   1                else
 148   1                {P1 = tab5[7-i];} //反转
 149   1                i += 1;
 150   1                TR0 = 1;
 151   1      }


MODULE INFORMATION:   STATIC OVERLAYABLE
   CODE SIZE        =    435    ----
   CONSTANT SIZE    =     16    ----
   XDATA SIZE       =   ----    ----
   PDATA SIZE       =   ----    ----
   DATA SIZE        =     17    ----
   IDATA SIZE       =   ----    ----
   BIT SIZE         =      5    ----
END OF MODULE INFORMATION.


C51 COMPILATION COMPLETE.  0 WARNING(S),  0 ERROR(S)
