C51 COMPILER V9.01   DA0832                                                                04/23/2013 12:11:37 PAGE 1   


C51 COMPILER V9.01, COMPILATION OF MODULE DA0832
OBJECT MODULE PLACED IN DA0832.OBJ
COMPILER INVOKED BY: E:\KEIL4\C51\BIN\C51.EXE DA0832.C BROWSE DEBUG OBJECTEXTEND

line level    source

   1          #include"DAC0832.h"
   2          #include<intrins.h>
   3          #define NOP _nop_()
   4          void DacInit(void)
   5          {
   6   1              CS1=1;
   7   1              NOP;
   8   1              WR1=1;
   9   1      }
  10          
  11          void WriteToDac0832(unsigned char Dat)
  12          {
  13   1              DacInit();
  14   1              DatPort=Dat;
  15   1              CS1=0;
  16   1              NOP;
  17   1              NOP;
  18   1              WR1=0;
  19   1              NOP;
  20   1              NOP;
  21   1              WR1=1;
  22   1              CS1=1;                          
  23   1      }


MODULE INFORMATION:   STATIC OVERLAYABLE
   CODE SIZE        =     24    ----
   CONSTANT SIZE    =   ----    ----
   XDATA SIZE       =   ----    ----
   PDATA SIZE       =   ----    ----
   DATA SIZE        =   ----    ----
   IDATA SIZE       =   ----    ----
   BIT SIZE         =   ----    ----
END OF MODULE INFORMATION.


C51 COMPILATION COMPLETE.  0 WARNING(S),  0 ERROR(S)
