C51 COMPILER V9.01   DS18B20                                                               04/23/2013 12:11:37 PAGE 1   


C51 COMPILER V9.01, COMPILATION OF MODULE DS18B20
OBJECT MODULE PLACED IN DS18B20.OBJ
COMPILER INVOKED BY: E:\KEIL4\C51\BIN\C51.EXE DS18B20.C BROWSE DEBUG OBJECTEXTEND

line level    source

   1          #include"DS18B20.h"
   2          #include<stdio.h>
   3          #include<intrins.h>
   4          
   5          void delayNus(int dly)//11us
   6          {
   7   1              while(dly--);
   8   1      }
   9          
  10          
  11           unsigned char Rest18b20(void)
  12          {
  13   1              char x,i=255;
  14   1              DQ=1;
  15   1              delayNus(2);
  16   1              DQ=0;
  17   1               delayNus(60); 
  18   1               DQ=1;
  19   1               delayNus(2);
  20   1               while(DQ&&x--);
  21   1               x=DQ;
  22   1               delayNus(15);
  23   1               if(x)
  24   1               {
  25   2               return 0;
  26   2               }
  27   1               else
  28   1               {
  29   2               return 1;
  30   2               }              
  31   1      }
  32          
  33          void WriteOneByte(unsigned char dat)
  34          {
  35   1              unsigned char i;
  36   1              for(i=0;i<8;i++)
  37   1                      {
  38   2                              DQ=0;
  39   2                              DQ=dat&0x01;
  40   2                              delayNus(2);
  41   2                              DQ=1;
  42   2                              dat>>=1;
  43   2                      }
  44   1                      delayNus(4);
  45   1      }
  46          
  47          unsigned char ReadOneByte(void)
  48          {       
  49   1              unsigned char i,dat;
  50   1              for(i=0;i<8;i++)
  51   1              {
  52   2                      DQ=0;
  53   2                      dat>>=1;
  54   2                      DQ=1;
  55   2                      if(DQ)
C51 COMPILER V9.01   DS18B20                                                               04/23/2013 12:11:37 PAGE 2   

  56   2                      dat|=0x80;
  57   2                      delayNus(4);
  58   2              }
  59   1              return dat;
  60   1      }
  61          
  62          unsigned char ReadRomSerial(unsigned char *s)
  63          {       unsigned char i;
  64   1      
  65   1                      if(Rest18b20())
  66   1                      {
  67   2                      delayNus(1);
  68   2                      WriteOneByte(0x33);
  69   2                      for(i=0;i<8;i++)
  70   2                      {
  71   3                              *s=ReadOneByte();
  72   3                              s++;
  73   3                      }       
  74   2                 }
  75   1              return 1;
  76   1      
  77   1                              
  78   1      }
  79          
  80          unsigned char MatchRom(unsigned char *s,unsigned char Num)
  81          {
  82   1              unsigned char i;
  83   1              if(Num>0)
  84   1              {
  85   2                      if(Rest18b20())
  86   2                      {
  87   3                              delayNus(1);
  88   3                              WriteOneByte(0x55);
  89   3                              for(i=0;i<8;i++)
  90   3                              {
  91   4                                      s+=8*(Num-1);
  92   4                                      WriteOneByte(*s);
  93   4                                      s++;    
  94   4                              }
  95   3                      }
  96   2                      return 1;
  97   2              }
  98   1              return 0;
  99   1      }
 100          
 101           unsigned char ReadTempreture(unsigned char *s,unsigned char Num )
 102          {
 103   1              unsigned char a,b;
 104   1              Rest18b20();
 105   1              WriteOneByte(0xcc);
 106   1              WriteOneByte(0x44);
 107   1              delayNus(300);
 108   1              Rest18b20();
 109   1              if(Num>8)
 110   1              WriteOneByte(0xcc);
 111   1              else
 112   1              MatchRom(s,Num);
 113   1              WriteOneByte(0xbe);
 114   1              delayNus(20);
 115   1              a=ReadOneByte();
 116   1              b=ReadOneByte();
 117   1              b<<=4;
C51 COMPILER V9.01   DS18B20                                                               04/23/2013 12:11:37 PAGE 3   

 118   1              b+=(a&0xf0)>>4;
 119   1              return b;
 120   1      }
 121          
 122          void SendByte(unsigned char dat)
 123          {
 124   1      SBUF=dat;
 125   1      while(!TI);
 126   1      TI=0;
 127   1      }
 128          
 129          void SendString(unsigned char *s)
 130          {
 131   1              while(*s!='\0')
 132   1              {
 133   2                      SendByte(*s);
 134   2                      s++;    
 135   2              }
 136   1      }
 137          
 138          void Init18b20(void)
 139          {
 140   1              if(!Rest18b20())
 141   1              {
 142   2              WriteOneByte(0xcc);
 143   2              WriteOneByte(0x4e);
 144   2              WriteOneByte(0x20);
 145   2              WriteOneByte(0x00);
 146   2              WriteOneByte(0x7f);
 147   2              }
 148   1      
 149   1      }
 150          
 151          
 152          void Initboard(void)
 153          {
 154   1      TMOD=0x20;
 155   1      PCON&=0x7f;
 156   1      SCON=0x50;
 157   1      TH1=0xfd;
 158   1      TL1=0;
 159   1      TR1=1;
 160   1      TI=1;
 161   1      }


MODULE INFORMATION:   STATIC OVERLAYABLE
   CODE SIZE        =    459    ----
   CONSTANT SIZE    =   ----    ----
   XDATA SIZE       =   ----    ----
   PDATA SIZE       =   ----    ----
   DATA SIZE        =   ----      14
   IDATA SIZE       =   ----    ----
   BIT SIZE         =   ----    ----
END OF MODULE INFORMATION.


C51 COMPILATION COMPLETE.  0 WARNING(S),  0 ERROR(S)
