C51 COMPILER V9.01   MAIN                                                                  04/23/2013 12:11:37 PAGE 1   


C51 COMPILER V9.01, COMPILATION OF MODULE MAIN
OBJECT MODULE PLACED IN main.OBJ
COMPILER INVOKED BY: E:\KEIL4\C51\BIN\C51.EXE main.c BROWSE DEBUG OBJECTEXTEND

line level    source

   1          #include"LCD.H"
   2          #include"AD0832.H"
   3          #include"DAC0832.H"
   4          #include"DS18B20.H"
   5          unsigned char Serial[64]={0};
   6          unsigned char dd[]={0};
   7          unsigned char CTemp[]={0};
   8          unsigned char code tab[]="0123456789. ";
   9          unsigned char code T[8]={0x18,0x18,0x0F,0x1F,0x18,0x18,0x1F,0x0F};
  10          void delayms(int dly)
  11          {
  12   1      int i;
  13   1      char j;
  14   1      for(i=0;i<dly;i++)
  15   1              for(j=0;j<120;j++);
  16   1      }
  17          
  18          int main (void)
  19          {
  20   1      unsigned char i=255,v=0,temp=0;
  21   1      delayms(600);
  22   1      LCD_Init();
  23   1      DacInit();
  24   1      WriteStringToLcd(0,0,"V1:");
  25   1      WriteStringToLcd(7,0,"v");
  26   1      WriteStringToLcd(0,1,"Temp:");
  27   1      Write_self(T);
  28   1      Write_selfString(8,1,0);
  29   1      delayms(200);
  30   1      WriteToDac0832(255);
  31   1       while(1)
  32   1       {
  33   2      v=ReadAdc0832(0);
  34   2      dd[0]=tab[v/51];
  35   2      dd[1]=tab[10];
  36   2      dd[2]=tab[10*v/51%10];
  37   2      dd[3]=tab[100*v/510%10];
  38   2      WriteStringToLcd(3,0,dd);
  39   2      temp=ReadTempreture(Serial,9);
  40   2      if(temp>100)
  41   2      {
  42   3      CTemp[0]=tab[temp/100];
  43   3      CTemp[1]=tab[temp%100/10];
  44   3      CTemp[2]=tab[temp%100%10];
  45   3      }
  46   2      else
  47   2      { 
  48   3      CTemp[0]=tab[temp/10];
  49   3      CTemp[1]=tab[temp%10];
  50   3      CTemp[2]=tab[11];
  51   3      }
  52   2      delayms(200);
  53   2      WriteStringToLcd(5,1,CTemp);
  54   2      
  55   2      }
C51 COMPILER V9.01   MAIN                                                                  04/23/2013 12:11:37 PAGE 2   

  56   1      return 0;
  57   1      }


MODULE INFORMATION:   STATIC OVERLAYABLE
   CODE SIZE        =    332    ----
   CONSTANT SIZE    =     33    ----
   XDATA SIZE       =   ----    ----
   PDATA SIZE       =   ----    ----
   DATA SIZE        =     66       3
   IDATA SIZE       =   ----    ----
   BIT SIZE         =   ----    ----
END OF MODULE INFORMATION.


C51 COMPILATION COMPLETE.  0 WARNING(S),  0 ERROR(S)
