C51 COMPILER V8.02   继电芲縚制照胈设备                                                    08/03/2011 15:49:58 PAGE 1   


C51 COMPILER V8.02, COMPILATION OF MODULE 继电芲縚制照胈设备
OBJECT MODULE PLACED IN 继电器控制照明设备.OBJ
COMPILER INVOKED BY: C:\Keil\C51\BIN\C51.EXE 继电器控制照明设备.C BROWSE DEBUG OBJECTEXTEND

line level    source

   1          /*
   2          *继电器控制照明设备*
   3          */
   4          #include <reg51.h>
   5          typedef unsigned char uint8;
   6          typedef unsigned int uint16;
   7          
   8          #define K1_DOWN             P1  & 0x01                  //K1按键定义
   9          #define RELAY_SWITCH()  P2 ^= 0x10                      //继电器开关切换控制
  10          #define LED_Light()             P2 ^= 0x04
  11          
  12          void delay(uint16 x)
  13          {
  14   1              uint16 i,j;
  15   1              for(i = x; i > 0; i --)
  16   1                      for(j = 114; j > 0; j --);              
  17   1      }
  18          
  19          int main()
  20          {                                                                       
  21   1              while(1)
  22   1              {
  23   2                      if(K1_DOWN)                                                             
  24   2                      {
  25   3                              while (K1_DOWN);                                        
  26   3                              RELAY_SWITCH();                                         
  27   3                              LED_Light();
  28   3                              delay(10);                                                                                                      
  29   3                      }
  30   2              }
  31   1      }


MODULE INFORMATION:   STATIC OVERLAYABLE
   CODE SIZE        =     55    ----
   CONSTANT SIZE    =   ----    ----
   XDATA SIZE       =   ----    ----
   PDATA SIZE       =   ----    ----
   DATA SIZE        =   ----    ----
   IDATA SIZE       =   ----    ----
   BIT SIZE         =   ----    ----
END OF MODULE INFORMATION.


C51 COMPILATION COMPLETE.  0 WARNING(S),  0 ERROR(S)
