C51 COMPILER V9.01   IR                                                                    07/12/2019 08:12:14 PAGE 1   


C51 COMPILER V9.01, COMPILATION OF MODULE IR
OBJECT MODULE PLACED IN ir.OBJ
COMPILER INVOKED BY: D:\keil\C51\BIN\C51.EXE ir.c COMPACT BROWSE DEBUG OBJECTEXTEND

line level    source

   1          #include"IR.h"
   2          #include"data.h"
   3          #include "judge.h"
   4          #include "delay.h"
   5          #include "beep.h"
   6          
   7          u8 IrValue[6];
   8          u8 Times;
   9          
  10          
  11          
  12          void IrInit()
  13          {
  14   1              IT0=1;//下降沿触发
  15   1              EX0=1;//打开中断0允许
  16   1              EA=1;   //打开总中断
  17   1      
  18   1              IRIN=1;//初始化端口
  19   1      }
  20          
  21          void ReadIr() interrupt 0
  22          {
  23   1              u8 j,k;
  24   1              u16 err;
  25   1              Times=0;                                         
  26   1              delay(700);     //7ms
  27   1              if(IRIN==0)             //确认是否真的接收到正确的信号
  28   1              {        
  29   2                      
  30   2                      err=1000;                               //1000*10us=10ms,超过说明接收到错误的信号
  31   2              
  32   2                      while((IRIN==0)&&(err>0))       //等待前面9ms的低电平过去               
  33   2                      {                       
  34   3                              delay(1);
  35   3                              err--;
  36   3                      } 
  37   2                      if(IRIN==1)                     //如果正确等到9ms低电平
  38   2                      {
  39   3                              err=500;
  40   3                              while((IRIN==1)&&(err>0))                //等待4.5ms的起始高电平过去
  41   3                              {
  42   4                                      delay(1);
  43   4                                      err--;
  44   4                              }
  45   3                              for(k=0;k<4;k++)                //共有4组数据
  46   3                              {                               
  47   4                                      for(j=0;j<8;j++)        //接收一组数据
  48   4                                      {
  49   5      
  50   5                                              err=60;         
  51   5                                              while((IRIN==0)&&(err>0))//等待信号前面的560us低电平过去
  52   5                                              {
  53   6                                                      delay(1);
  54   6                                                      err--;
  55   6                                              }
C51 COMPILER V9.01   IR                                                                    07/12/2019 08:12:14 PAGE 2   

  56   5                                              err=500;
  57   5                                              while((IRIN==1)&&(err>0))        //计算高电平的时间长度。
  58   5                                              {
  59   6                                                      delay(10);       //0.1ms
  60   6                                                      Times++;
  61   6                                                      err--;
  62   6                                                      if(Times>30)
  63   6                                                      {
  64   7                                                              return;
  65   7                                                      }
  66   6                                              }
  67   5                                              IrValue[k]>>=1;  //k表示第几组数据
  68   5                                              if(Times>=8)                    //如果高电平出现大于565us，那么是1
  69   5                                              {
  70   6                                                      IrValue[k]|=0x80;
  71   6                                              }
  72   5                                              Times=0;                //用完时间要重新赋值                                                    
  73   5                                      }
  74   4                              }
  75   3                      }
  76   2                      if(IrValue[2]!=~IrValue[3])
  77   2                      {
  78   3                              return;
  79   3                      }
  80   2              }                       
  81   1      }
  82          
  83          void infrared()                         //红外遥控
  84          {
  85   1               if(IrValue[2]==69){  year++; p=p+number;       IrValue[2]=0; }
  86   1               if(IrValue[2]==70){  year--; p=p-number;       IrValue[2]=0;}
  87   1               if(IrValue[2]==71){    month++;        p=p+maxday;     IrValue[2]=0;}
  88   1               if(IrValue[2]==68){    month--;        p=p-maxday;     IrValue[2]=0;}
  89   1               if(IrValue[2]==64){    day++;          p++;    IrValue[2]=0;}
  90   1               if(IrValue[2]==67){    day--;          p--;    IrValue[2]=0;}
  91   1               if(IrValue[2]==7){             h++;    IrValue[2]=0;}
  92   1               if(IrValue[2]==21){    h--;    IrValue[2]=0;}
  93   1               if(IrValue[2]==9){             min++;  IrValue[2]=0;}
  94   1               if(IrValue[2]==22){    min--;  IrValue[2]=0;}
  95   1               if(IrValue[2]==25){    h1++;   IrValue[2]=0;}
  96   1               if(IrValue[2]==13){    h1--;   IrValue[2]=0;}
  97   1               if(IrValue[2]==12){    min1++; IrValue[2]=0;}
  98   1               if(IrValue[2]==24){    min--;  IrValue[2]=0;}
  99   1               if(IrValue[2]==94){    h2++;   IrValue[2]=0;}
 100   1               if(IrValue[2]==8) {    h2--;   IrValue[2]=0;}
 101   1               if(IrValue[2]==28){    min2++; IrValue[2]=0;}
 102   1               if(IrValue[2]==90){    min2--; IrValue[2]=0;}
 103   1               if(IrValue[2]==66){    y++;    IrValue[2]=0;}
 104   1               if(IrValue[2]==82){    y--;    IrValue[2]=0;}
 105   1               if(IrValue[2]==74){    p++;    IrValue[2]=0;}
 106   1      }


MODULE INFORMATION:   STATIC OVERLAYABLE
   CODE SIZE        =    877    ----
   CONSTANT SIZE    =   ----    ----
   XDATA SIZE       =   ----    ----
   PDATA SIZE       =      7       4
   DATA SIZE        =   ----    ----
   IDATA SIZE       =   ----    ----
   BIT SIZE         =   ----    ----
END OF MODULE INFORMATION.

C51 COMPILER V9.01   IR                                                                    07/12/2019 08:12:14 PAGE 3   


C51 COMPILATION COMPLETE.  0 WARNING(S),  0 ERROR(S)
