C51 COMPILER V9.01   KEYPRO                                                                07/12/2019 09:07:06 PAGE 1   


C51 COMPILER V9.01, COMPILATION OF MODULE KEYPRO
OBJECT MODULE PLACED IN keypro.OBJ
COMPILER INVOKED BY: D:\keil\C51\BIN\C51.EXE keypro.c COMPACT BROWSE DEBUG OBJECTEXTEND

line level    source

   1          #include "keypro.h"
   2          #include"data.h"
   3          #include "beep.h"
   4          #include "delay.h"
   5          #include "LCD.H"
   6          
   7          
   8          void keypros()
   9          {
  10   1              if(k1==0)                 //检测按键K1是否按下
  11   1              {
  12   2                      delay(1000);   //消除抖动 一般大约10ms
  13   2                      if(k1==0)
  14   2                              {
  15   3                                      y++;  
  16   3                              }
  17   2                      while(!k1);      //检测按键是否松开
  18   2              }
  19   1      
  20   1              if(k2==0)                 //检测按键K2是否按下
  21   1              {
  22   2                      delay(1000);   //消除抖动 一般大约10ms
  23   2                      if(k2==0)
  24   2                              {
  25   3                              moment=0;  
  26   3                              }
  27   2                      while(!k2);      //检测按键是否松开
  28   2              }
  29   1      
  30   1              if(k4==0)                 //检测按键K4是否按下
  31   1              {
  32   2                      delay(1000);   //消除抖动 一般大约10ms
  33   2                      if(k4==0)
  34   2                      {
  35   3                      moment=1;                
  36   3                      }
  37   2                      while(!k4);      //检测按键是否松开     
  38   2              }
  39   1      }
  40                  
  41                  


MODULE INFORMATION:   STATIC OVERLAYABLE
   CODE SIZE        =     73    ----
   CONSTANT SIZE    =   ----    ----
   XDATA SIZE       =   ----    ----
   PDATA SIZE       =   ----    ----
   DATA SIZE        =   ----    ----
   IDATA SIZE       =   ----    ----
   BIT SIZE         =   ----    ----
END OF MODULE INFORMATION.


C51 COMPILATION COMPLETE.  0 WARNING(S),  0 ERROR(S)
