C51 COMPILER V9.01   MAIN                                                                  07/12/2019 09:03:29 PAGE 1   


C51 COMPILER V9.01, COMPILATION OF MODULE MAIN
OBJECT MODULE PLACED IN main.OBJ
COMPILER INVOKED BY: D:\keil\C51\BIN\C51.EXE main.c COMPACT BROWSE DEBUG OBJECTEXTEND

line level    source

   1           #include "reg52.h"                      //此文件中定义了单片机的一些特殊功能寄存器
   2          #include "LCD.h"                                //12864
   3          #include "dalay.h"                               //定时器
   4          #include "key.h"                                 //矩阵按键
   5          #include "keypro.h"                              //独立按键
   6          #include "data.h"                                //时间处理
   7          #include "judge.h"                                //判断
   8          #include "ATC24C02.h"
   9          #include "cycle.h"                                //循环（星期、年份）
  10          #include "beep.h"                                  //蜂鸣器
  11          #include "serial.h"                                //串口通信
  12          #include "IR.h"                                    //红外遥控
  13          
  14          
  15          
  16          /*******************************************************************************
  17          * 函 数 名         : main
  18          * 函数功能                 : 主函数
  19          * 输    入         : 无
  20          * 输    出         : 无
  21          *******************************************************************************/
  22          void main(void)
  23          {       
  24   1              UsartInit();    //串口初始化
  25   1              LCD12864_Init(); //12864初始化
  26   1              Timer0Init(); //初始化
  27   1              IrInit();               //红外线初始化
  28   1              reading();              //读取数据 
  29   1      
  30   1              while(1)
  31   1              {
  32   2                      key();  //矩阵键盘
  33   2                      keypros(); //独立按键
  34   2                      process(); //数据处理
  35   2                      time();         //       判断不同的日期
  36   2                      years();        //       数据处理
  37   2                      week();   //判断星期几
  38   2                      lcd0();         //显示函数
  39   2                      same();   //闹钟函数
  40   2                      colock();               //时间进制函数
  41   2                      weeks();                //限定星期几的函数
  42   2                      infrared();             //红外遥控函数
  43   2                      lunar();                 //年份函数
  44   2                      send();                  //串口发送实时时间
  45   2              
  46   2              }
  47   1      
  48   1                                      
  49   1      }


MODULE INFORMATION:   STATIC OVERLAYABLE
   CODE SIZE        =     56    ----
   CONSTANT SIZE    =   ----    ----
   XDATA SIZE       =   ----    ----
C51 COMPILER V9.01   MAIN                                                                  07/12/2019 09:03:29 PAGE 2   

   PDATA SIZE       =   ----    ----
   DATA SIZE        =   ----    ----
   IDATA SIZE       =   ----    ----
   BIT SIZE         =   ----    ----
END OF MODULE INFORMATION.


C51 COMPILATION COMPLETE.  0 WARNING(S),  0 ERROR(S)
