C51 COMPILER V9.01   DELAY                                                                 07/12/2019 08:12:14 PAGE 1   


C51 COMPILER V9.01, COMPILATION OF MODULE DELAY
OBJECT MODULE PLACED IN delay.OBJ
COMPILER INVOKED BY: D:\keil\C51\BIN\C51.EXE delay.c COMPACT BROWSE DEBUG OBJECTEXTEND

line level    source

   1          #include "delay.h"
   2          
   3          void delay(i)
   4          {
   5   1              while(i--);
   6   1      }
   7          
   8          


MODULE INFORMATION:   STATIC OVERLAYABLE
   CODE SIZE        =     11    ----
   CONSTANT SIZE    =   ----    ----
   XDATA SIZE       =   ----    ----
   PDATA SIZE       =   ----    ----
   DATA SIZE        =   ----    ----
   IDATA SIZE       =   ----    ----
   BIT SIZE         =   ----    ----
END OF MODULE INFORMATION.


C51 COMPILATION COMPLETE.  0 WARNING(S),  0 ERROR(S)
