C51 COMPILER V9.01   JUDGE                                                                 07/12/2019 08:12:12 PAGE 1   


C51 COMPILER V9.01, COMPILATION OF MODULE JUDGE
OBJECT MODULE PLACED IN judge.OBJ
COMPILER INVOKED BY: D:\keil\C51\BIN\C51.EXE judge.c COMPACT BROWSE DEBUG OBJECTEXTEND

line level    source

   1          #include "judge.h"
   2          #include"data.h"
   3          
   4          int number;
   5          
   6          void time()                                             //时间月份函数
   7          {
   8   1      if((year%400==0)||((year%4==0)&&(year%100!=0)))
   9   1      {
  10   2              number= 366;
  11   2      if(month==1)
  12   2              maxday=31;
  13   2      if(month==2)
  14   2              maxday=29;                                                       //29天
  15   2      if(month==3)
  16   2              maxday=31;
  17   2      if(month==4)
  18   2              maxday=30;
  19   2      if(month==5)
  20   2              maxday=31;
  21   2      if(month==6)
  22   2              maxday=30;
  23   2      if(month==7)
  24   2              maxday=31;
  25   2      if(month==8)
  26   2              maxday=31;      
  27   2      if(month==9)
  28   2              maxday=30;      
  29   2      if(month==10)
  30   2              maxday=31;      
  31   2      if(month==11)
  32   2              maxday=30;      
  33   2      if(month==12)
  34   2              maxday=31;
  35   2                                              
  36   2      }
  37   1      else                                                             //两种不同的形式
  38   1      {
  39   2              number=365;
  40   2      if(month==1)
  41   2              maxday=31;
  42   2      if(month==2)
  43   2              maxday=28;                                                 //28天
  44   2      if(month==3)
  45   2              maxday=31;
  46   2      if(month==4)
  47   2              maxday=30;
  48   2      if(month==5)
  49   2              maxday=31;
  50   2      if(month==6)
  51   2              maxday=30;
  52   2      if(month==7)
  53   2              maxday=31;
  54   2      if(month==8)
  55   2              maxday=31;      
C51 COMPILER V9.01   JUDGE                                                                 07/12/2019 08:12:12 PAGE 2   

  56   2      if(month==9)
  57   2              maxday=30;      
  58   2      if(month==10)
  59   2              maxday=31;      
  60   2      if(month==11)
  61   2              maxday=30;      
  62   2      if(month==12)
  63   2              maxday=31;
  64   2      }
  65   1      }
  66          


MODULE INFORMATION:   STATIC OVERLAYABLE
   CODE SIZE        =    402    ----
   CONSTANT SIZE    =   ----    ----
   XDATA SIZE       =   ----    ----
   PDATA SIZE       =      2    ----
   DATA SIZE        =   ----    ----
   IDATA SIZE       =   ----    ----
   BIT SIZE         =   ----    ----
END OF MODULE INFORMATION.


C51 COMPILATION COMPLETE.  0 WARNING(S),  0 ERROR(S)
