C51 COMPILER V9.01   KEY                                                                   07/12/2019 09:37:34 PAGE 1   


C51 COMPILER V9.01, COMPILATION OF MODULE KEY
OBJECT MODULE PLACED IN key.OBJ
COMPILER INVOKED BY: D:\keil\C51\BIN\C51.EXE key.c COMPACT BROWSE DEBUG OBJECTEXTEND

line level    source

   1          #include "key.h"
   2          #include"data.h"
   3          #include "dalay.h"
   4          #include "judge.h"
   5          #include "delay.h"
   6          
   7          typedef unsigned int u16;         //对数据类型进行声明定义
   8          typedef unsigned char u8;
   9          
  10          #define GPIO_DIG P0
  11          #define GPIO_KEY P1
  12          
  13          
  14          
  15          u8 KeyValue;    //用来存放读取到的键值
  16          
  17          /*******************************************************************************
  18          * 函 数 名         : delay
  19          * 函数功能                 : 延时函数，i=1时，大约延时10us
  20          *******************************************************************************/
  21          
  22          
  23          /*******************************************************************************
  24          * 函 数 名         : KeyDown
  25          * 函数功能                 : 检测有按键按下并读取键值
  26          * 输    入         : 无
  27          * 输    出         : 无
  28          *******************************************************************************/
  29          void KeyDown(void)
  30          {
  31   1              char a=0;
  32   1              GPIO_KEY=0x0f;
  33   1              if(GPIO_KEY!=0x0f)//读取按键是否按下
  34   1              {
  35   2                      delay(1000);//延时10ms进行消抖
  36   2                      if(GPIO_KEY!=0x0f)//再次检测键盘是否按下
  37   2                      {       
  38   3                              //测试列
  39   3                              GPIO_KEY=0X0F;
  40   3                              switch(GPIO_KEY)
  41   3                              {
  42   4                                      case(0X07):     KeyValue=0;break;
  43   4                                      case(0X0b):     KeyValue=1;break;
  44   4                                      case(0X0d): KeyValue=2;break;
  45   4                                      case(0X0e):     KeyValue=3;break;
  46   4                              }
  47   3                              //测试行
  48   3                              GPIO_KEY=0XF0;
  49   3                              switch(GPIO_KEY)
  50   3                              {
  51   4                                      case(0X70):     KeyValue=KeyValue;break;
  52   4                                      case(0Xb0):     KeyValue=KeyValue+4;break;
  53   4                                      case(0Xd0): KeyValue=KeyValue+8;break;
  54   4                                      case(0Xe0):     KeyValue=KeyValue+12;break;
  55   4                              }
C51 COMPILER V9.01   KEY                                                                   07/12/2019 09:37:34 PAGE 2   

  56   3                              while((a<50)&&(GPIO_KEY!=0xf0))  //检测按键松手检测
  57   3                              {
  58   4                                      delay(1000);
  59   4                                      a++;
  60   4                              }
  61   3                      }
  62   2              }
  63   1              else   KeyValue=20;
  64   1      }
  65          
  66          
  67          void key()                          //按键判断函数
  68          {
  69   1              keyDown();      
*** WARNING C206 IN LINE 69 OF KEY.C: 'keyDown': missing function-prototype
  70   1              if(KeyValue==0) key0();
  71   1              if(KeyValue==1) key1();
  72   1              if(KeyValue==2) key2();
  73   1              if(KeyValue==3) key3();
  74   1              if(KeyValue==4) key4();
  75   1              if(KeyValue==5) key5();
  76   1              if(KeyValue==6) key6();
  77   1              if(KeyValue==7) key7();
  78   1              if(KeyValue==8) key8();
  79   1              if(KeyValue==9) key9();
  80   1              if(KeyValue==10) key10();
  81   1              if(KeyValue==11) key11();
  82   1              if(KeyValue==12) key12();
  83   1              if(KeyValue==13) key13();
  84   1              if(KeyValue==14) key14();
  85   1              if(KeyValue==15) key15();
  86   1      
  87   1      
  88   1      }
  89                                                                           //不同的按键实现不同的功能
  90          void key0()
  91          {
  92   1              h++;
  93   1      }
  94          void key1()
  95          {
  96   1              min++;
  97   1      }
  98          void key2()
  99          {
 100   1              h1++;
 101   1      }
 102          void key3()
 103          {
 104   1              min1++;
 105   1      }
 106          void key4()
 107          {
 108   1              h--;
 109   1      }
 110          void key5()
 111          {
 112   1              min--;
 113   1      }
 114          void key6()
 115          {
 116   1              h1--;
C51 COMPILER V9.01   KEY                                                                   07/12/2019 09:37:34 PAGE 3   

 117   1      }
 118          void key7()
 119          {
 120   1              min1--;
 121   1      }
 122          void key8()
 123          {
 124   1              h2++;              
 125   1      }
 126          void key9()
 127          {
 128   1              h2--;     
 129   1      }
 130          void key10()
 131          {
 132   1              year=year+1;
 133   1              p=p+number;     
 134   1      }
 135          void key11()
 136          {
 137   1              year=year-1;
 138   1              p=p-number;
 139   1      }
 140          void key12()
 141          {
 142   1              month++;
 143   1              p=p+maxday;
 144   1      }
 145          void key13()
 146          {
 147   1              month--;
 148   1              p=p-maxday;
 149   1      }
 150          void key14()
 151          {
 152   1              day++;
 153   1              day0++;
 154   1              p++;
 155   1      }
 156          void key15()
 157          {
 158   1              day--;
 159   1              day0--;
 160   1              p--;
 161   1      }
 162          


MODULE INFORMATION:   STATIC OVERLAYABLE
   CODE SIZE        =    613    ----
   CONSTANT SIZE    =   ----    ----
   XDATA SIZE       =   ----    ----
   PDATA SIZE       =      1       1
   DATA SIZE        =   ----    ----
   IDATA SIZE       =   ----    ----
   BIT SIZE         =   ----    ----
END OF MODULE INFORMATION.


C51 COMPILATION COMPLETE.  1 WARNING(S),  0 ERROR(S)
