C51 COMPILER V9.01   LCD                                                                   07/12/2019 09:07:06 PAGE 1   


C51 COMPILER V9.01, COMPILATION OF MODULE LCD
OBJECT MODULE PLACED IN lcd.OBJ
COMPILER INVOKED BY: D:\keil\C51\BIN\C51.EXE lcd.c COMPACT BROWSE DEBUG OBJECTEXTEND

line level    source

   1          #include "LCD.H"
   2          #include"data.h"
   3          #include "beep.h"
   4          #include "keypro.h"
   5          
   6          char e[2]={'N','R'};
   7          char u[]="农历"  ;
   8          char f[]="年";
   9          
  10          int moment=1;
  11          
  12          
  13          /*******************************************************************************
  14          * 函 数 名         : Lcd1602_Delay1ms
  15          * 函数功能                 : 延时函数，延时1ms
  16          * 输    入         : c
  17          * 输    出         : 无
  18          * 说    名         : 该函数是在12MHZ晶振下，12分频单片机的延时。
  19          *******************************************************************************/
  20          
  21          
  22          void Delay1ms(unsigned int c)
  23          {
  24   1          unsigned char a,b;
  25   1              for(; c>0; c--)
  26   1              {
  27   2                  for(b=100; b>0; b--)
  28   2                      {
  29   3                      for(a=1; a>0; a--);
  30   3                      }
  31   2              }
  32   1      }
  33          
  34           void LCD12864_char(unsigned char x,unsigned char y)                               //定位显示
  35          {
  36   1              char add;
  37   1              if(x==1) x=0x80;
  38   1              if(x==2) x=0x90;
  39   1              if(x==3) x=0x88;
  40   1              if(x==4) x=0x98;
  41   1              add=x+y;
  42   1              LCD12864_WriteCmd(add);
  43   1      }
  44          /*******************************************************************************
  45          * 函 数 名         : LCD12864_Busy
  46          * 函数功能                 : 检测LCD是否忙
  47          * 输    入         : 无
  48          * 输    出         : 1或0（1表示不忙，0表示忙）
  49          *******************************************************************************/
  50          
  51          unsigned char LCD12864_Busy(void)
  52          {
  53   1              unsigned char i = 0;
  54   1      
  55   1              LCD12864_RS = 0;        //选择命令
C51 COMPILER V9.01   LCD                                                                   07/12/2019 09:07:06 PAGE 2   

  56   1              LCD12864_RW = 1;        //选择读取
  57   1      
  58   1              LCD12864_EN = 1;
  59   1          Delay1ms(1);
  60   1      
  61   1              while((LCD12864_DATAPORT & 0x80) == 0x80)       //检测读取到的值
  62   1              {
  63   2                      i++;
  64   2                      if(i > 100)
  65   2                      {
  66   3                              LCD12864_EN = 0;
  67   3                              return 0;          //超过等待时间返回0表示失败
  68   3                      }
  69   2              }
  70   1      
  71   1              LCD12864_EN = 0;
  72   1      
  73   1              return 1;
  74   1      }
  75          
  76          /*******************************************************************************
  77          * 函 数 名         : LCD12864_WriteCmd
  78          * 函数功能                 : 写命令
  79          * 输    入         : cmd
  80          * 输    出         : 无
  81          *******************************************************************************/
  82          
  83          void LCD12864_WriteCmd(unsigned char cmd)
  84          {
  85   1              unsigned char i;
  86   1              i = 0;
  87   1              while( LCD12864_Busy() == 0)
  88   1              {
  89   2                      Delay1ms(1);
  90   2                      i++;
  91   2                      if( i>100)
  92   2                      {
  93   3                              return;    //超过等待退出
  94   3                      }       
  95   2              }
  96   1              
  97   1              LCD12864_RS = 0;     //选择命令
  98   1              LCD12864_RW = 0;     //选择写入
  99   1              LCD12864_EN = 0;     //初始化使能端
 100   1      
 101   1              LCD12864_DATAPORT = cmd;   //放置数据
 102   1      
 103   1              LCD12864_EN = 1;                   //写时序
 104   1              Delay1ms(120);
 105   1              LCD12864_EN = 0;                                        
 106   1      }
 107          
 108          /*******************************************************************************
 109          * 函 数 名         : LCD12864_WriteData
 110          * 函数功能                 : 写数据
 111          * 输    入         : dat
 112          * 输    出         : 无
 113          *******************************************************************************/
 114          
 115          void LCD12864_WriteData(unsigned char dat)
 116          {
 117   1              unsigned char i;
C51 COMPILER V9.01   LCD                                                                   07/12/2019 09:07:06 PAGE 3   

 118   1              i = 0;
 119   1              while( LCD12864_Busy() == 0)
 120   1              {
 121   2                      Delay1ms(1);
 122   2                      i++;
 123   2                      if( i>100)
 124   2                      {
 125   3                              return;    //超过等待退出
 126   3                      }       
 127   2              }
 128   1      
 129   1              LCD12864_RS = 1;     //选择数据
 130   1              LCD12864_RW = 0;     //选择写入
 131   1              LCD12864_EN = 0;     //初始化使能端
 132   1      
 133   1              LCD12864_DATAPORT = dat;   //放置数据
 134   1      
 135   1              LCD12864_EN = 1;                   //写时序
 136   1              Delay1ms(5);
 137   1              LCD12864_EN = 0;                                                                
 138   1      }
 139          
 140          
 141                   
 142          /*******************************************************************************
 143          * 函 数 名         : LCD12864_ReadData
 144          * 函数功能                 : 读取数据
 145          * 输    入         : 无
 146          * 输    出         : 读取到的8位数据
 147          *******************************************************************************/
 148          #ifdef LCD12864_PICTURE
              
              unsigned char LCD12864_ReadData(void)
              {
                      unsigned char i, readValue;
              
                      i = 0;
                      while( LCD12864_Busy() == 0)
                      {
                              LCD12864_Delay1ms(1);
                              i++;
                              if( i>100)
                              {
                                      return 0;          //超过等待退出
                              }       
                      }
              
                      LCD12864_RS = 1;       //选择命令
                      LCD12864_RW = 1;
                      LCD12864_EN = 0;
                      LCD12864_Delay1ms(1);  //等待
              
                      LCD12864_EN = 1;
                      LCD12864_Delay1ms(1);
                      readValue = LCD12864_DATAPORT;
                      LCD12864_EN = 0;
              
                      return readValue;
              }
              
              #endif
 179          
C51 COMPILER V9.01   LCD                                                                   07/12/2019 09:07:06 PAGE 4   

 180          /*******************************************************************************
 181          * 函 数 名         : LCD12864_Init
 182          * 函数功能                 : 初始化LCD12864
 183          * 输    入         : 无
 184          * 输    出         : 无
 185          *******************************************************************************/
 186          
 187          void LCD12864_Init()
 188          {
 189   1              LCD12864_PSB = 1;         //选择并行输入
 190   1              LCD12864_RST = 1;         //复位
 191   1      
 192   1              LCD12864_WriteCmd(0x30);  //选择基本指令操作
 193   1              LCD12864_WriteCmd(0x0c);  //显示开，关光标
 194   1              LCD12864_WriteCmd(0x01);  //清除LCD12864的显示内容
 195   1      }
 196          
 197          /*******************************************************************************
 198          * 函 数 名         : LCD12864_STR
 199          * 函数功能                 : 设置在基本指令模式下设置显示坐标,且数据显示。
 200          * 输    入         : 无
 201          * 输    出         : 无
 202          *******************************************************************************/
 203                    
 204          
 205          void lcd0()
 206          {
 207   1              
 208   1              int i=0;
 209   1         if(moment==0)
 210   1         {
 211   2              LCD12864_char(1,0);
 212   2              LCD12864_WriteData(c[0]+'0');
 213   2              LCD12864_WriteData(c[1]+'0');
 214   2              LCD12864_WriteData(c[2]+'0');
 215   2              LCD12864_WriteData(c[3]+'0');
 216   2              LCD12864_WriteData('/');
 217   2              LCD12864_WriteData(c[4]+'0');
 218   2              LCD12864_WriteData(c[5]+'0');
 219   2              LCD12864_WriteData('/');
 220   2              LCD12864_WriteData(c[6]+'0');
 221   2              LCD12864_WriteData(c[7]+'0'); 
 222   2              LCD12864_char(1,5);
 223   2              while(w[i]!='\0')
 224   2              {
 225   3                      LCD12864_WriteData(w[i]);
 226   3                      i++;
 227   3              }  i=0;
 228   2         }
 229   1      if(moment==1)
 230   1              {
 231   2              LCD12864_char(2,0);
 232   2              LCD12864_WriteData(t[0]+'0');
 233   2              LCD12864_WriteData(t[1]+'0');
 234   2              LCD12864_WriteData(':');
 235   2              LCD12864_WriteData(t[2]+'0');
 236   2              LCD12864_WriteData(t[3]+'0');
 237   2              LCD12864_WriteData(':');
 238   2              LCD12864_WriteData(t[4]+'0');
 239   2              LCD12864_WriteData(t[5]+'0');
 240   2      
 241   2              LCD12864_char(2,4);
C51 COMPILER V9.01   LCD                                                                   07/12/2019 09:07:06 PAGE 5   

 242   2      if((year%400==0)||((year%4==0)&&(year%100!=0)))
 243   2              {
 244   3              LCD12864_WriteData(e[1]);
 245   3              }
 246   2      else
 247   2              
 248   2              LCD12864_WriteData(e[0]);
 249   2      
 250   2              LCD12864_char(2,5);
 251   2              LCD12864_WriteData(t[6]+'0');
 252   2              LCD12864_WriteData(t[7]+'0');
 253   2              LCD12864_WriteData(':');
 254   2              LCD12864_WriteData(t[8]+'0');
 255   2              LCD12864_WriteData(t[9]+'0');
 256   2      
 257   2              LCD12864_char(3,0);
 258   2              while(d[i]!='\0')
 259   2              {
 260   3                      LCD12864_WriteData(d[i]);
 261   3                      i++;
 262   3              }       
 263   2              i=0;
 264   2      
 265   2              LCD12864_char(3,3);
 266   2              while(f[i]!='\0')
 267   2              {
 268   3                      LCD12864_WriteData(f[i]);
 269   3                      i++;
 270   3              }       
 271   2              i=0;
 272   2               
 273   2              LCD12864_char(3,4);
 274   2              LCD12864_WriteData(y+'0');
 275   2              LCD12864_WriteData(0x10);
 276   2      
 277   2              LCD12864_char(3,5);
 278   2              LCD12864_WriteData(t[10]+'0');
 279   2              LCD12864_WriteData(t[11]+'0');
 280   2              LCD12864_WriteData(':');
 281   2              LCD12864_WriteData(t[12]+'0');
 282   2              LCD12864_WriteData(t[13]+'0');
 283   2      
 284   2              LCD12864_char(4,0);
 285   2              while(u[i]!='\0')
 286   2              {
 287   3                      LCD12864_WriteData(u[i]);
 288   3                      i++;
 289   3              }       
 290   2              i=0;
 291   2      
 292   2              LCD12864_char(4,2);
 293   2              LCD12864_WriteData(0x02);
 294   2      
 295   2              LCD12864_char(4,3);
 296   2              LCD12864_WriteData(c[8]+'0');
 297   2              LCD12864_WriteData(c[9]+'0');
 298   2              LCD12864_WriteData(c[10]+'0');
 299   2              LCD12864_WriteData(c[11]+'0');
 300   2              LCD12864_WriteData('/');
 301   2              LCD12864_WriteData(c[12]+'0');
 302   2              LCD12864_WriteData(c[13]+'0');
 303   2              LCD12864_WriteData('/');
C51 COMPILER V9.01   LCD                                                                   07/12/2019 09:07:06 PAGE 6   

 304   2              LCD12864_WriteData(c[14]+'0');
 305   2              LCD12864_WriteData(c[15]+'0');
 306   2                      
 307   2      
 308   2      }
 309   1      }


MODULE INFORMATION:   STATIC OVERLAYABLE
   CODE SIZE        =    646    ----
   CONSTANT SIZE    =   ----    ----
   XDATA SIZE       =   ----    ----
   PDATA SIZE       =     12       2
   DATA SIZE        =   ----    ----
   IDATA SIZE       =   ----    ----
   BIT SIZE         =   ----    ----
END OF MODULE INFORMATION.


C51 COMPILATION COMPLETE.  0 WARNING(S),  0 ERROR(S)
