C51 COMPILER V9.00   EDOOR                                                                 09/29/2014 09:27:46 PAGE 1   


C51 COMPILER V9.00, COMPILATION OF MODULE EDOOR
OBJECT MODULE PLACED IN edoor.OBJ
COMPILER INVOKED BY: D:\systemtwo\systemAPP\C51\BIN\C51.EXE edoor.c BROWSE DEBUG OBJECTEXTEND

line level    source

   1          //********************************************************************************************************
             -****************************
   2          //库调用.宏类型定义.位定义//
   3          #include <reg52.h>                        
   4          //#include <intrins.h>
   5          #define uchar unsigned char
   6          #define uint unsigned int
   7          #define GPIO_KEY P1
   8          sbit RS = P2^2;                           //液晶显示器控制端口
   9          sbit RW = P2^3; 
  10          sbit E = P3^7;
  11          sbit shuchu=P2^0;                         //继电器控制端口
  12          sbit beep=P2^1;                           //蜂鸣器端口
  13          uchar upxs[16]={"Password:"}; //上排存放数组
  14          uchar dwxs[16]={""};          //下排存放数组
  15          int tempword[8]={0};              //临时密码数组
  16          int password[8]={1,1,2,2,3,3,4,4};//初始密码
  17          uint now=0;                                       //数组等效指针
  18          uint key=0;                   //密钥
  19          uint KeyValue=16;             //用来存放读取到的键值
  20          uint warn=0;                              //错误累计
  21          uint timer1=0;                //用于定时
  22          uint timer2=0;                //用于定时
  23          //********************************************************************************************************
             -*************************
  24          //液晶驱动显示模块//
  25          void delay(uint dell)//毫秒延时//
  26          {
  27   1           uchar x;
  28   1           for(dell;dell>0;dell--)
  29   1           for(x=110;x>0;x--);
  30   1      }
  31          void wr_com(uchar temp)//写指令//
  32          {
  33   1           RS=0;
  34   1           RW=0;
  35   1           P0=temp;
  36   1           E=1;
  37   1           E=0;
  38   1      }
  39          void wr_data(uchar num)//写数据//
  40          {
  41   1           RS=1;
  42   1           RW=0;
  43   1           P0=num;
  44   1           E=1;
  45   1           E=0;
  46   1      }
  47          void disp_lcd(uchar addr,char *templ)//显示函数//
  48          {
  49   1           uchar i;
  50   1           wr_com(addr);
  51   1               delay(50);
  52   1           for(i=0;i<16;i++)
  53   1          {
C51 COMPILER V9.00   EDOOR                                                                 09/29/2014 09:27:46 PAGE 2   

  54   2           wr_data(templ[i]);
  55   2               delay(50);
  56   2          }    
  57   1      }
  58          void lcd_init()//初始化液晶//
  59          {
  60   1           wr_com(0x30);
  61   1           delay(50);
  62   1           wr_com(0x38);
  63   1           delay(50);
  64   1           wr_com(0x01);
  65   1           delay(50);
  66   1           wr_com(0x06);
  67   1           delay(50);
  68   1           wr_com(0x0c);
  69   1           delay(50);
  70   1      }
  71          void lcdxianshi(void)//液晶总显示//
  72          {
  73   1           disp_lcd(0x80,upxs);
  74   1           disp_lcd(0xc0,dwxs);
  75   1      }
  76          //********************************************************************************************************
             -*************************
  77          //按键扫描模块//
  78          void Delay10ms(void)//延时函数//
  79          {
  80   1          unsigned char a,b,c;
  81   1          for(c=1;c>0;c--)
  82   1              for(b=38;b>0;b--)
  83   1                  for(a=130;a>0;a--);
  84   1      }
  85          void KeyDown(void)//键盘检测函数//
  86          {
  87   1              char a=0;
  88   1              GPIO_KEY=0x0f;
  89   1              if(GPIO_KEY!=0x0f)     //读取按键是否按下
  90   1              {
  91   2                      Delay10ms();       //延时10ms进行消抖
  92   2                      if(GPIO_KEY!=0x0f) //再次检测键盘是否按下
  93   2                      {
  94   3                              
  95   3                              //检测列
  96   3                              GPIO_KEY=0X0F;
  97   3                              switch(GPIO_KEY)
  98   3                              {
  99   4                                      case(0X07):     KeyValue=0;break;
 100   4                                      case(0X0b):     KeyValue=1;break;
 101   4                                      case(0X0d): KeyValue=2;break;
 102   4                                      case(0X0e):     KeyValue=3;break;
 103   4                              }
 104   3                              //检测行
 105   3                              GPIO_KEY=0XF0;
 106   3                              switch(GPIO_KEY)
 107   3                              {
 108   4                                      case(0X70):     KeyValue=KeyValue;break;
 109   4                                      case(0Xb0):     KeyValue=KeyValue+4;break;
 110   4                                      case(0Xd0): KeyValue=KeyValue+8;break;
 111   4                                      case(0Xe0):     KeyValue=KeyValue+12;break;
 112   4                              }
 113   3                              while((a<10)&&(GPIO_KEY!=0xf0))//按键松手检测
 114   3                              {
C51 COMPILER V9.00   EDOOR                                                                 09/29/2014 09:27:46 PAGE 3   

 115   4                                      Delay10ms();
 116   4                                      a++;
 117   4                              }
 118   3                      }
 119   2              }
 120   1      }
 121          //********************************************************************************************************
             -***********************
 122          //数据处理模块//
 123          void keysend(void)//键值传递//
 124          {
 125   1                        switch(KeyValue)
 126   1                    {
 127   2                     case 0:{dwxs[now]='0';tempword[now]=0;now++;break;}
 128   2                         case 1:{dwxs[now]='1';tempword[now]=1;now++;break;}
 129   2                         case 2:{dwxs[now]='2';tempword[now]=2;now++;break;}
 130   2                         case 3:{dwxs[now]='3';tempword[now]=3;now++;break;}
 131   2                         case 4:{dwxs[now]='4';tempword[now]=4;now++;break;}
 132   2                         case 5:{dwxs[now]='5';tempword[now]=5;now++;break;}
 133   2                         case 6:{dwxs[now]='6';tempword[now]=6;now++;break;}
 134   2                         case 7:{dwxs[now]='7';tempword[now]=7;now++;break;}
 135   2                         case 8:{dwxs[now]='8';tempword[now]=8;now++;break;}
 136   2                         case 9:{dwxs[now]='9';tempword[now]=9;now++;break;}
 137   2                         case 11:{
 138   3                                        upxs[12]='S';
 139   3                                        upxs[13]='U';
 140   3                                        upxs[14]='R';
 141   3                                        upxs[15]='E'; break;
 142   3                         }
 143   2                        }
 144   1                        if(now==8) now=0;//只显示八位
 145   1      }
 146          void sure(void)//密码认证函数//
 147          {
 148   1           uchar i;
 149   1           if(KeyValue==11)
 150   1               {
 151   2                   for(i=0;i<8;i++)
 152   2                       {
 153   3                              if(password[i]!=tempword[i])//对比密码
 154   3                              {
 155   4                                  key++;
 156   4                              }
 157   3                       }                
 158   2                       if(key==0)                //密码正确，输出OK 
 159   2                                 {
 160   3                                      dwxs[13]='O';
 161   3                                      dwxs[14]='K';
 162   3                                  shuchu=1;             //开门
 163   3                                      ET0=1;            //定时器0打开
 164   3                                      beep=0;           //输入正确密码可关闭报警
 165   3                                 }
 166   2                       if(key!=0)               //密码错误，次数累加
 167   2                              {
 168   3                                      dwxs[12]='E';
 169   3                                      dwxs[13]='R';
 170   3                                      dwxs[14]='O';
 171   3                                      dwxs[15]='R';
 172   3                                      warn++;
 173   3                                      if(warn==3)               //输入错误3次，报警
 174   3                                      {
 175   4                                     beep=1;            //报警
C51 COMPILER V9.00   EDOOR                                                                 09/29/2014 09:27:46 PAGE 4   

 176   4                                         warn=0;                //累计清零
 177   4                                      }
 178   3                              }
 179   2               }
 180   1      }
 181          void delete(void)//清除函数//
 182          {
 183   1           uchar i;
 184   1                   for(i=0;i<16;i++)
 185   1                       {
 186   2                          dwxs[i]=0x20;        //密码字符清零
 187   2                       }
 188   1                       for(i=0;i<8;i++)
 189   1                       {
 190   2                          tempword[i]=0;       //密码缓存数组清零
 191   2                       }
 192   1                          upxs[12]=0x20;   //SURE显示清零
 193   1                              upxs[13]=0x20;
 194   1                              upxs[14]=0x20;
 195   1                              upxs[15]=0x20;
 196   1                       now=0;                          //类指针复位
 197   1                       key=0;                          //密钥清零
 198   1                       KeyValue=16;            //键值缓存清零
 199   1      }
 200          void condition_delete(void)  //条件清除
 201          {
 202   1           if(KeyValue==10)
 203   1               {
 204   2                      delete();            //按下DELE键清除数据
 205   2               }
 206   1               KeyValue=16;                             //键值缓存清零
 207   1      }
 208          //********************************************************************************************************
             -************************8
 209          //定时模块//
 210          void timer0() interrupt 1 
 211          {  
 212   1          TH0=(65536-50000)/256;  
 213   1          TL0=(65536-50000)%256;  
 214   1          timer1++;   
 215   1          if(timer1==20)//一秒  
 216   1          {      
 217   2            timer2++;
 218   2                timer1=0;  
 219   2          } 
 220   1      }
 221          //********************************************************************************************************
             -**************************
 222          //主函数//
 223          void main(void)//主函数
 224          {
 225   1          TMOD=0x01; 
 226   1          TH0=(65536-50000)/256;  
 227   1          TL0=(65536-50000)%256;  
 228   1          EA=1;  
 229   1          TR0=1;
 230   1          shuchu=0;                       //门锁初始化
 231   1              beep=0;                             //警报初始化
 232   1          lcd_init();                     //液晶初始化
 233   1              while(1)
 234   1              {
 235   2                      KeyDown();                  //按键检测
C51 COMPILER V9.00   EDOOR                                                                 09/29/2014 09:27:46 PAGE 5   

 236   2                      keysend();                  //数据传递
 237   2                      lcdxianshi();       //输入显示
 238   2                      sure();                     //密码认证
 239   2                      condition_delete(); //按键清除
 240   2                      if(timer2==3)       //门锁打开后3秒关闭
 241   2                      {
 242   3                         shuchu=0;
 243   3                         timer2=0;
 244   3                         delete();            //自动清除
 245   3                         ET0=0;               //关闭定时器
 246   3                      }               
 247   2              }                               
 248   1      }
 249          //********************************************************************************************************
             -****************************8


MODULE INFORMATION:   STATIC OVERLAYABLE
   CODE SIZE        =    945    ----
   CONSTANT SIZE    =   ----    ----
   XDATA SIZE       =   ----    ----
   PDATA SIZE       =   ----    ----
   DATA SIZE        =     76       4
   IDATA SIZE       =   ----    ----
   BIT SIZE         =   ----    ----
END OF MODULE INFORMATION.


C51 COMPILATION COMPLETE.  0 WARNING(S),  0 ERROR(S)
