C51 COMPILER V9.02   SIM                                                                   10/24/2018 14:13:24 PAGE 1   


C51 COMPILER V9.02, COMPILATION OF MODULE SIM
OBJECT MODULE PLACED IN .\Objects\sim.obj
COMPILER INVOKED BY: C:\Keil_v5\C51\BIN\C51.EXE sim.c OPTIMIZE(8,SPEED) BROWSE DEBUG OBJECTEXTEND PRINT(.\Listings\sim.l
                    -st) TABS(2) OBJECT(.\Objects\sim.obj)

line level    source

   1          #include<reg52.h>
   2          #define uchar unsigned char 
   3          #define uint  unsigned int 
   4          
   5          sbit RS = P2^0;
   6          sbit RW = P2^1;
   7          sbit EN = P2^2;
   8          sbit led = P3^6;
   9          
  10          uint jici=0,pinlv=0;
  11          uchar display_num[6];
  12          
  13          void delayms(uint z)
  14          {
  15   1       uint x,y;
  16   1       for(x=z;x>0;x--)
  17   1        for(y=110;y>0;y--);
  18   1      }
  19          
  20          void delay_20us()
  21          { 
  22   1        uchar a ;
  23   1        for(a=0;a<500;a++);
  24   1      }
  25          
  26          int delay(unsigned char xms)
  27          {
  28   1          unsigned char i,j;
  29   1          for(i=xms;i>0;i--)
  30   1              for(j=110;j>0;j--);
  31   1          return 0;
  32   1      }
  33          
  34          int write_com(unsigned char com)
  35          {
  36   1          RS = 0;
  37   1          RW = 0;
  38   1          P0 = com;
  39   1          delay(5);
  40   1          EN = 1;
  41   1          delay(5);
  42   1          EN = 0;
  43   1          return 0;        
  44   1      }
  45          
  46          int write_date(unsigned char date)
  47          {
  48   1          RS = 1;
  49   1          RW = 0;
  50   1          P0 = date;
  51   1          delay(5);
  52   1          EN = 1;
  53   1          delay(5);
  54   1          EN = 0;
C51 COMPILER V9.02   SIM                                                                   10/24/2018 14:13:24 PAGE 2   

  55   1          return 0;        
  56   1      }
  57          
  58          void LCD1602_Write_String(uchar x,uchar y,uchar *s) 
  59          {     
  60   1        if (y == 0) 
  61   1        {     
  62   2          write_com(0x80 + x);    
  63   2        }
  64   1        else 
  65   1        {      
  66   2          write_com(0xC0 + x);      
  67   2        }        
  68   1        while (*s != '\0') 
  69   1        {     
  70   2          write_date(*s++); 
  71   2          delay(150);   
  72   2        }
  73   1      }
  74          
  75          int init()
  76          {
  77   1          EN = 0;
  78   1          write_com(0X38);
  79   1          write_com(0X0C);
  80   1          write_com(0X06);
  81   1          write_com(0X01);
  82   1          return 0;
  83   1      }
  84          
  85          int main(void)
  86          {   
  87   1        init(); 
  88   1        TMOD=0x51;
  89   1        TH0=(65536-46080)/256;
  90   1        TL0=(65536-46080)%256;
  91   1        TR0=1; 
  92   1        ET0=1; 
  93   1        EA=1;
  94   1        TH1=0;
  95   1        TL1=0;
  96   1        TR1=0; 
  97   1        LCD1602_Write_String(0,0,"frequence:");
  98   1        while(1)
  99   1        {
 100   2          display_num[0] = pinlv / 100 + '0';
 101   2          display_num[1] = pinlv % 100 /10+ '0';
 102   2          display_num[2] = pinlv % 10+ '0';
 103   2          display_num[3] = 'H';
 104   2          display_num[4] = 'z';
 105   2          display_num[5] = '\0';
 106   2          if(pinlv > 1000)
 107   2            LCD1602_Write_String(0,1,"flow!");
 108   2          else
 109   2            LCD1602_Write_String(0,1,display_num);
 110   2        }
 111   1      }
 112          
 113          void timer0() interrupt 1
 114          {
 115   1        jici++;
 116   1        TH0=-46080/256;
C51 COMPILER V9.02   SIM                                                                   10/24/2018 14:13:24 PAGE 3   

 117   1        TL0=-46080%256;
 118   1        if(jici == 20) 
 119   1        {
 120   2          TR0=TR1=0; 
 121   2          pinlv=TL1+TH1*256; 
 122   2          TL1=TH1=0; 
 123   2          led=~led; 
 124   2          jici=0;
 125   2          TR0=TR1=1; 
 126   2        }
 127   1      }
 128          


MODULE INFORMATION:   STATIC OVERLAYABLE
   CODE SIZE        =    415    ----
   CONSTANT SIZE    =     17    ----
   XDATA SIZE       =   ----    ----
   PDATA SIZE       =   ----    ----
   DATA SIZE        =     10       3
   IDATA SIZE       =   ----    ----
   BIT SIZE         =   ----    ----
END OF MODULE INFORMATION.


C51 COMPILATION COMPLETE.  0 WARNING(S),  0 ERROR(S)
