C51 COMPILER V9.01   COMPUTER                                                              09/14/2017 08:29:25 PAGE 1   


C51 COMPILER V9.01, COMPILATION OF MODULE COMPUTER
OBJECT MODULE PLACED IN computer.OBJ
COMPILER INVOKED BY: d:\Keil\C51\BIN\C51.EXE computer.c DEBUG OBJECTEXTEND

line level    source

   1          #include<reg52.h>
   2          #include<intrins.h>
   3          #include<zm.h>
   4          sbit en=P3^0;
   5          sbit rw=P3^1;
   6          sbit rs=P3^2;
   7          sbit cs2=P3^3;
   8          sbit cs1=P3^4;
   9          sbit rst=P3^5;
  10          uchar key,wei=4,hang=0,k=0;
  11          unsigned long a1=0,a2=0,count=0;
  12          void wc(uchar cmd)
  13          {
  14   1              _nop_();
  15   1              rs=0;
  16   1              rw=0;
  17   1              en=1;
  18   1              P2=cmd;
  19   1              _nop_();
  20   1              en=0;
  21   1      }
  22          void wd(uchar dat)
  23          {
  24   1              _nop_();
  25   1              rs=1;
  26   1              rw=0;
  27   1              en=1;
  28   1              P2=dat;
  29   1              _nop_();
  30   1              en=0;
  31   1      }
  32          void delay(uchar ms)
  33          {
  34   1              uchar i,j;
  35   1              for(i=ms;i>0;i--)
  36   1                      for(j=113;j>0;j--);
  37   1      }
  38          void set(uchar line,uchar col)
  39          {
  40   1              line=line|0xb8;
  41   1              col=col|0x40;
  42   1              wc(col);
  43   1              wc(line);
  44   1      }
  45          void clean()
  46          {
  47   1              uchar i,j,k=0;
  48   1              rst=0;
  49   1              delay(10);
  50   1              rst=1;
  51   1              wc(0xc0);//设置显示起始行11xxxxxx
  52   1              wc(0x3f);//00111111显示开，00111110显示关
  53   1              cs1=0,cs2=0;
  54   1              set(0,0);
  55   1              for(i=0;i<8;i++)
C51 COMPILER V9.01   COMPUTER                                                              09/14/2017 08:29:25 PAGE 2   

  56   1                      {for(j=0;j<64;j++)
  57   2                              wd(0x00);
  58   2                              k++;
  59   2                              set(k,0);
  60   2                              }
  61   1              a1=0;a2=0;count=0;k=0;
  62   1              wei=4;
  63   1              hang=0;
  64   1      }
  65          void write(uchar zi)
  66          {
  67   1              uchar i;
  68   1              if(wei<63)
  69   1              {
  70   2              cs1=0,cs2=1;
  71   2              set(hang,wei);
  72   2              for(i=0;i<6;i++)
  73   2                      wd(nAsciiDot[zi++]);
  74   2              wei=wei+6;
  75   2              if(wei>59)
  76   2              {cs1=1;
  77   3              cs2=0;}
  78   2              if(hang>7)
  79   2              hang=0;
  80   2              }
  81   1              else
  82   1              {
  83   2              set(hang,wei-64);
  84   2              for(i=0;i<6;i++)
  85   2                      wd(nAsciiDot[zi++]);
  86   2              wei=wei+6;
  87   2              if(wei>123)
  88   2              {wei=4;
  89   3              hang++;
  90   3              cs1=0;
  91   3              cs2=1;}
  92   2              if(hang>7)
  93   2              hang=0;
  94   2              }
  95   1      }
  96          void jis()
  97          {
  98   1              switch(k)
  99   1              {
 100   2                      case 0:
 101   2                              break;
 102   2                      case 1:
 103   2                              count=a2*a1;a1=count;break;
 104   2                      case 2:
 105   2                              count=a2+a1;a1=count;break;     
 106   2                      case 3:
 107   2                              count=a2-a1;a1=count;break;
 108   2                      case 4:
 109   2                              count=a2/a1;a1=count;break;
 110   2                      default:
 111   2                              break;
 112   2              }
 113   1      }
 114                                  
 115          void rel()
 116          {       
 117   1              uchar a=P1;
C51 COMPILER V9.01   COMPUTER                                                              09/14/2017 08:29:25 PAGE 3   

 118   1              write(key);
 119   1              while((a&0x0f)!=0x0f)
 120   1              {
 121   2                      a=P1;
 122   2              }       
 123   1              switch(key/6)
 124   1              {
 125   2                      case 0:
 126   2                      case 1:
 127   2                      case 2:
 128   2                      case 3:
 129   2                      case 4:
 130   2                      case 5:
 131   2                      case 6:
 132   2                      case 7:
 133   2                      case 8:
 134   2                      case 9:
 135   2                              a1=a1*10+key/6;break;
 136   2                      case 10:
 137   2                              jis();a2=a1;a1=0;k=1;break;
 138   2                      case 11:
 139   2                              jis();a2=a1;a1=0;k=2;break;
 140   2                      case 12:
 141   2                              jis();a2=a1;a1=0;k=3;break;
 142   2                      case 13:
 143   2                              jis();,                                                                                                
             -                        a2=a1;a1=0;k=4;break;
*** ERROR C141 IN LINE 143 OF COMPUTER.C: syntax error near ','
 144   2                      case 14:
 145   2                              {
 146   3                                      switch(k)
 147   3                                      {
 148   4                                              case 1:
 149   4                                                      count=a2*a1;break;
 150   4                                              case 2:
 151   4                                                      count=a2+a1;break;      
 152   4                                              case 3:
 153   4                                                      count=a2-a1;break;
 154   4                                              case 4:
 155   4                                                      count=a2/a1;break;
 156   4                                              default:
 157   4                                                      break;
 158   4                                      }
 159   3                                      if(count>999999999)
 160   3                                              write(90);
 161   3                                      else
 162   3                                              if(count>99999999)
 163   3                                                      {
 164   4                                                       write(count/100000000*6);
 165   4                                                       write(count%100000000/10000000*6);
 166   4                                                       write(count%10000000/1000000*6);
 167   4                                                       write(count%1000000/100000*6);
 168   4                                                       write(count%100000/10000*6);
 169   4                                                       write(count%10000/1000*6);
 170   4                                                       write(count%1000/100*6);
 171   4                                                       write(count%100/10*6);
 172   4                                                       write(count%10*6);
 173   4                                                       }
 174   3                                              else
 175   3                                              if(count>9999999)
 176   3                                                      {
 177   4                                                       write(count%100000000/10000000*6);
C51 COMPILER V9.01   COMPUTER                                                              09/14/2017 08:29:25 PAGE 4   

 178   4                                                       write(count%10000000/1000000*6);
 179   4                                                       write(count%1000000/100000*6);
 180   4                                                       write(count%100000/10000*6);
 181   4                                                       write(count%10000/1000*6);
 182   4                                                       write(count%1000/100*6);
 183   4                                                       write(count%100/10*6);
 184   4                                                       write(count%10*6);
 185   4                                                       }
 186   3                                                       else
 187   3                                              if(count>999999)
 188   3                                                      {
 189   4                                                       write(count%10000000/1000000*6);
 190   4                                                       write(count%1000000/100000*6);
 191   4                                                       write(count%100000/10000*6);
 192   4                                                       write(count%10000/1000*6);
 193   4                                                       write(count%1000/100*6);
 194   4                                                       write(count%100/10*6);
 195   4                                                       write(count%10*6);
 196   4                                                       }
 197   3                                                       else
 198   3                                              if(count>99999)
 199   3                                                      {
 200   4                                                       write(count%1000000/100000*6);
 201   4                                                       write(count%100000/10000*6);
 202   4                                                       write(count%10000/1000*6);
 203   4                                                       write(count%1000/100*6);
 204   4                                                       write(count%100/10*6);
 205   4                                                       write(count%10*6);
 206   4                                                       }
 207   3                                                       else
 208   3                                              if(count>9999)
 209   3                                                      {
 210   4      
 211   4                                                       write(count%100000/10000*6);
 212   4                                                       write(count%10000/1000*6);
 213   4                                                       write(count%1000/100*6);
 214   4                                                       write(count%100/10*6);
 215   4                                                       write(count%10*6);
 216   4                                                       }
 217   3                                                       else
 218   3                                              if(count>999)
 219   3                                                      {
 220   4                                                       write(count%10000/1000*6);
 221   4                                                       write(count%1000/100*6);
 222   4                                                       write(count%100/10*6);
 223   4                                                       write(count%10*6);
 224   4                                                       }
 225   3                                                       else
 226   3                                              if(count>99)
 227   3                                                      {
 228   4                                                       write(count%1000/100*6);
 229   4                                                       write(count%100/10*6);
 230   4                                                       write(count%10*6);
 231   4                                                       }
 232   3                                                       else
 233   3                                              if(count>9)
 234   3                                                      {
 235   4                                                       write(count%100/10*6);
 236   4                                                       write(count%10*6);
 237   4                                                       }
 238   3                                                       else
 239   3                                                      {
C51 COMPILER V9.01   COMPUTER                                                              09/14/2017 08:29:25 PAGE 5   

 240   4                                                       write(count%10*6);
 241   4                                                       }
 242   3                                              a1=count;k=0;
 243   3                              }break;                 
 244   2                      default:
 245   2                              break;
 246   2              }
 247   1      }
 248          
 249          void keyscan()
 250          {
 251   1              uchar a;
 252   1              P1=0xef;
 253   1              a=P1;
 254   1              a=a&0x0f;
 255   1              switch(a)
 256   1              {case 7:
 257   2                      key=90;clean();break;
 258   2              case 11:
 259   2                      key=0;rel();break;
 260   2              case 13:
 261   2                      key=84;rel();break;
 262   2              case 14:
 263   2                      key=66;rel();break;
 264   2              default:
 265   2                      break;}
 266   1              
 267   1              P1=0xdf;
 268   1              a=P1;
 269   1              a=a&0x0f;
 270   1              switch(a)
 271   1              {case 7:
 272   2                      key=6;rel();break;
 273   2              case 11:
 274   2                      key=12;rel();break;
 275   2              case 13:
 276   2                      key=18;rel();break;
 277   2              case 14:
 278   2                      key=72;rel();break;
 279   2              default:
 280   2                      break;}
 281   1              
 282   1              P1=0xbf;
 283   1              a=P1;
 284   1              a=a&0x0f;
 285   1              switch(a)
 286   1              {case 7:
 287   2                      key=24;rel();break;
 288   2              case 11:
 289   2                      key=30;rel();break;
 290   2              case 13:
 291   2                      key=36;rel();break;
 292   2              case 14:
 293   2                      key=60;rel();break;
 294   2              default:
 295   2                      break;}
 296   1              
 297   1              P1=0x7f;
 298   1              a=P1;
 299   1              a=a&0x0f;
 300   1              switch(a)
 301   1              {case 7:
C51 COMPILER V9.01   COMPUTER                                                              09/14/2017 08:29:25 PAGE 6   

 302   2                      key=42;rel();break;
 303   2              case 11:
 304   2                      key=48;rel();break;
 305   2              case 13:
 306   2                      key=54;rel();break;
 307   2              case 14:
 308   2                      key=78;rel();break;
 309   2              default:
 310   2                      break;}
 311   1      }
 312          void main()
 313          {
 314   1              cs1=0;
 315   1              cs2=0;
 316   1              clean();
 317   1              cs1=0;
 318   1              while(1)
 319   1              {keyscan();
 320   2              delay(2);
 321   2              }
 322   1              }
 323                  

C51 COMPILATION COMPLETE.  0 WARNING(S),  1 ERROR(S)
