BL51 BANKED LINKER/LOCATER V6.22                                                        06/24/2020  11:58:37  PAGE 1


BL51 BANKED LINKER/LOCATER V6.22, INVOKED BY:
C:\KEIL\C51\BIN\BL51.EXE STARTUP.obj, jtd.obj TO jtd


MEMORY MODEL: SMALL


INPUT MODULES INCLUDED:
  STARTUP.obj (?C_STARTUP)
  jtd.obj (JTD)
  C:\KEIL\C51\LIB\C51S.LIB (?C_INIT)


LINK MAP OF MODULE:  jtd (?C_STARTUP)


            TYPE    BASE      LENGTH    RELOCATION   SEGMENT NAME
            -----------------------------------------------------

            * * * * * * *   D A T A   M E M O R Y   * * * * * * *
            REG     0000H     0008H     ABSOLUTE     "REG BANK 0"
            DATA    0008H     000CH     UNIT         ?DT?JTD
                    0014H     000CH                  *** GAP ***
            BIT     0020H.0   0000H.4   UNIT         ?BI?JTD
                    0020H.4   0000H.4                *** GAP ***
            IDATA   0021H     0001H     UNIT         ?STACK

            * * * * * * *   C O D E   M E M O R Y   * * * * * * *
            CODE    0000H     0003H     ABSOLUTE     
                    0003H     0008H                  *** GAP ***
            CODE    000BH     0003H     ABSOLUTE     
            CODE    000EH     000BH     UNIT         ?PR?_DELAY1?JTD
                    0019H     0002H                  *** GAP ***
            CODE    001BH     0003H     ABSOLUTE     
            CODE    001EH     013AH     UNIT         ?PR?KEY?JTD
            CODE    0158H     00B9H     UNIT         ?PR?TIME0?JTD
            CODE    0211H     008CH     UNIT         ?C_C51STARTUP
            CODE    029DH     0061H     UNIT         ?PR?DISPLAY?JTD
            CODE    02FEH     002AH     UNIT         ?PR?MAIN?JTD
            CODE    0328H     002AH     UNIT         ?PR?_DELAY?JTD
            CODE    0352H     0026H     UNIT         ?PR?TIME1?JTD
            CODE    0378H     0015H     UNIT         ?C_INITSEG
            CODE    038DH     000BH     UNIT         ?CO?JTD



OVERLAY MAP OF MODULE:   jtd (?C_STARTUP)


SEGMENT
  +--> CALLED SEGMENT
---------------------
?C_C51STARTUP
  +--> ?PR?MAIN?JTD
  +--> ?C_INITSEG

?PR?MAIN?JTD
  +--> ?PR?KEY?JTD
BL51 BANKED LINKER/LOCATER V6.22                                                      06/24/2020  11:58:37  PAGE 2


  +--> ?PR?DISPLAY?JTD

?PR?KEY?JTD
  +--> ?PR?_DELAY1?JTD
  +--> ?PR?DISPLAY?JTD

?PR?DISPLAY?JTD
  +--> ?PR?_DELAY?JTD

?PR?_DELAY?JTD
  +--> ?CO?JTD



SYMBOL TABLE OF MODULE:  jtd (?C_STARTUP)

  VALUE           TYPE          NAME
  ----------------------------------

  -------         MODULE        ?C_STARTUP
  C:0211H         SEGMENT       ?C_C51STARTUP
  I:0021H         SEGMENT       ?STACK
  C:0000H         PUBLIC        ?C_STARTUP
  D:00E0H         SYMBOL        ACC
  D:00F0H         SYMBOL        B
  D:0083H         SYMBOL        DPH
  D:0082H         SYMBOL        DPL
  N:0000H         SYMBOL        IBPSTACK
  N:0100H         SYMBOL        IBPSTACKTOP
  N:0080H         SYMBOL        IDATALEN
  C:0214H         SYMBOL        IDATALOOP
  N:0000H         SYMBOL        PBPSTACK
  N:0100H         SYMBOL        PBPSTACKTOP
  N:0000H         SYMBOL        PDATALEN
  N:0000H         SYMBOL        PDATASTART
  N:0000H         SYMBOL        PPAGE
  N:0000H         SYMBOL        PPAGEENABLE
  D:00A0H         SYMBOL        PPAGE_SFR
  D:0081H         SYMBOL        SP
  C:0211H         SYMBOL        STARTUP1
  N:0000H         SYMBOL        XBPSTACK
  N:0000H         SYMBOL        XBPSTACKTOP
  N:0000H         SYMBOL        XDATALEN
  N:0000H         SYMBOL        XDATASTART
  C:0000H         LINE#         126
  C:0211H         LINE#         133
  C:0213H         LINE#         134
  C:0214H         LINE#         135
  C:0215H         LINE#         136
  C:0217H         LINE#         185
  C:021AH         LINE#         196
  -------         ENDMOD        ?C_STARTUP

  -------         MODULE        JTD
  C:0000H         SYMBOL        _ICE_DUMMY_
  D:0080H         PUBLIC        P0
  D:0090H         PUBLIC        P1
BL51 BANKED LINKER/LOCATER V6.22                                                      06/24/2020  11:58:37  PAGE 3


  D:00A0H         PUBLIC        P2
  D:00B0H         PUBLIC        P3
  B:0020H.0       PUBLIC        yejian
  B:0020H.1       PUBLIC        shanruo
  B:00A8H.7       PUBLIC        EA
  C:038DH         PUBLIC        table
  B:0020H.2       PUBLIC        dx_nb
  C:0332H         PUBLIC        _delay
  B:00B0H.5       PUBLIC        k1
  B:00B0H.6       PUBLIC        k2
  B:00B0H.4       PUBLIC        k3
  B:00B0H.7       PUBLIC        k4
  B:00B0H.1       PUBLIC        k5
  B:0090H.5       PUBLIC        k6
  B:0090H.6       PUBLIC        k7
  B:0090H.7       PUBLIC        k8
  B:00A0H.4       PUBLIC        Green_nb
  C:02FEH         PUBLIC        main
  B:00A0H.1       PUBLIC        Green_dx
  B:00A0H.5       PUBLIC        Yellow_nb
  D:0008H         PUBLIC        set_timenb
  D:0089H         PUBLIC        TMOD
  B:00A0H.2       PUBLIC        Yellow_dx
  D:0009H         PUBLIC        set_timedx
  D:000AH         PUBLIC        buf
  C:000EH         PUBLIC        _delay1
  B:00A8H.1       PUBLIC        ET0
  C:001EH         PUBLIC        key
  B:00A8H.3       PUBLIC        ET1
  D:008CH         PUBLIC        TH0
  B:0020H.3       PUBLIC        set
  B:00A0H.6       PUBLIC        Red_nb
  D:008DH         PUBLIC        TH1
  D:008AH         PUBLIC        TL0
  D:000EH         PUBLIC        countt0
  D:008BH         PUBLIC        TL1
  D:000FH         PUBLIC        countt1
  B:0088H.4       PUBLIC        TR0
  B:0088H.6       PUBLIC        TR1
  B:00A0H.3       PUBLIC        Red_dx
  C:0158H         PUBLIC        time0
  C:0352H         PUBLIC        time1
  D:0010H         PUBLIC        n
  D:0012H         PUBLIC        sec_nb
  D:0013H         PUBLIC        sec_dx
  C:029DH         PUBLIC        display
  -------         PROC          MAIN
  C:02FEH         LINE#         63
  C:02FEH         LINE#         64
  C:02FEH         LINE#         65
  C:0301H         LINE#         66
  C:0304H         LINE#         67
  C:0307H         LINE#         68
  C:030AH         LINE#         69
  C:030DH         LINE#         70
  C:030FH         LINE#         71
  C:0311H         LINE#         72
BL51 BANKED LINKER/LOCATER V6.22                                                      06/24/2020  11:58:37  PAGE 4


  C:0313H         LINE#         73
  C:0315H         LINE#         74
  C:0317H         LINE#         75
  C:031AH         LINE#         76
  C:0320H         LINE#         77
  C:0320H         LINE#         78
  C:0320H         LINE#         79
  C:0323H         LINE#         80
  C:0326H         LINE#         81
  -------         ENDPROC       MAIN
  -------         PROC          KEY
  C:001EH         LINE#         85
  C:001EH         LINE#         86
  C:001EH         LINE#         87
  C:0021H         LINE#         88
  C:0021H         LINE#         89
  C:0028H         LINE#         90
  C:002BH         LINE#         91
  C:002BH         LINE#         92
  C:002DH         LINE#         93
  C:002FH         LINE#         94
  C:0032H         LINE#         95
  C:0034H         LINE#         96
  C:0037H         LINE#         97
  C:003BH         LINE#         99
  C:003DH         LINE#         100
  C:0042H         LINE#         101
  C:0045H         LINE#         102
  C:004AH         LINE#         103
  C:004DH         LINE#         104
  C:0050H         LINE#         105
  C:0053H         LINE#         107
  C:0053H         LINE#         108
  C:0056H         LINE#         109
  C:0056H         LINE#         110
  C:0059H         LINE#         111
  C:0059H         LINE#         112
  C:0059H         LINE#         114
  C:005CH         LINE#         115
  C:005CH         LINE#         116
  C:0063H         LINE#         117
  C:0066H         LINE#         118
  C:0066H         LINE#         119
  C:0068H         LINE#         120
  C:006AH         LINE#         121
  C:006DH         LINE#         122
  C:006FH         LINE#         123
  C:0072H         LINE#         124
  C:0076H         LINE#         126
  C:0078H         LINE#         127
  C:007CH         LINE#         128
  C:007FH         LINE#         129
  C:0083H         LINE#         130
  C:0086H         LINE#         131
  C:0089H         LINE#         132
  C:008CH         LINE#         134
  C:008CH         LINE#         135
BL51 BANKED LINKER/LOCATER V6.22                                                      06/24/2020  11:58:37  PAGE 5


  C:008FH         LINE#         136
  C:008FH         LINE#         137
  C:0092H         LINE#         138
  C:0092H         LINE#         139
  C:0092H         LINE#         142
  C:0095H         LINE#         143
  C:0095H         LINE#         144
  C:009CH         LINE#         145
  C:009FH         LINE#         146
  C:009FH         LINE#         147
  C:00A1H         LINE#         148
  C:00A4H         LINE#         149
  C:00A7H         LINE#         150
  C:00A9H         LINE#         151
  C:00A9H         LINE#         152
  C:00ADH         LINE#         153
  C:00ADH         LINE#         154
  C:00AFH         LINE#         155
  C:00B1H         LINE#         156
  C:00B3H         LINE#         157
  C:00B9H         LINE#         158
  C:00BBH         LINE#         160
  C:00BBH         LINE#         161
  C:00BDH         LINE#         162
  C:00BFH         LINE#         163
  C:00C1H         LINE#         164
  C:00C7H         LINE#         165
  C:00C7H         LINE#         166
  C:00CAH         LINE#         167
  C:00CAH         LINE#         168
  C:00CAH         LINE#         172
  C:00CDH         LINE#         173
  C:00CDH         LINE#         174
  C:00D0H         LINE#         175
  C:00D3H         LINE#         176
  C:00D3H         LINE#         177
  C:00D5H         LINE#         178
  C:00D7H         LINE#         179
  C:00D9H         LINE#         180
  C:00DDH         LINE#         182
  C:00DDH         LINE#         183
  C:00E0H         LINE#         184
  C:00E0H         LINE#         185
  C:00E3H         LINE#         186
  C:00E3H         LINE#         187
  C:00E3H         LINE#         189
  C:00E6H         LINE#         190
  C:00E6H         LINE#         191
  C:00E9H         LINE#         192
  C:00ECH         LINE#         193
  C:00ECH         LINE#         194
  C:00EEH         LINE#         195
  C:00F1H         LINE#         196
  C:00F3H         LINE#         197
  C:00F5H         LINE#         198
  C:00F7H         LINE#         199
  C:00F9H         LINE#         200
BL51 BANKED LINKER/LOCATER V6.22                                                      06/24/2020  11:58:37  PAGE 6


  C:00FBH         LINE#         202
  C:00FBH         LINE#         203
  C:00FEH         LINE#         204
  C:00FEH         LINE#         205
  C:0101H         LINE#         206
  C:0101H         LINE#         207
  C:0101H         LINE#         208
  C:0104H         LINE#         209
  C:0104H         LINE#         210
  C:0107H         LINE#         211
  C:010AH         LINE#         212
  C:010AH         LINE#         213
  C:010CH         LINE#         214
  C:010FH         LINE#         215
  C:0111H         LINE#         216
  C:0113H         LINE#         217
  C:0115H         LINE#         219
  C:0115H         LINE#         220
  C:0118H         LINE#         221
  C:0118H         LINE#         222
  C:011BH         LINE#         223
  C:011BH         LINE#         224
  C:011BH         LINE#         226
  C:011EH         LINE#         227
  C:011EH         LINE#         228
  C:0121H         LINE#         229
  C:0124H         LINE#         230
  C:0124H         LINE#         231
  C:0126H         LINE#         232
  C:0129H         LINE#         233
  C:012BH         LINE#         234
  C:012DH         LINE#         235
  C:012FH         LINE#         236
  C:0131H         LINE#         237
  C:0133H         LINE#         239
  C:0133H         LINE#         240
  C:0136H         LINE#         241
  C:0136H         LINE#         242
  C:0139H         LINE#         243
  C:0139H         LINE#         244
  C:0139H         LINE#         246
  C:013CH         LINE#         247
  C:013CH         LINE#         248
  C:013FH         LINE#         249
  C:0142H         LINE#         250
  C:0142H         LINE#         251
  C:0144H         LINE#         252
  C:0147H         LINE#         253
  C:0149H         LINE#         254
  C:014BH         LINE#         255
  C:014DH         LINE#         256
  C:014FH         LINE#         257
  C:0151H         LINE#         259
  C:0151H         LINE#         260
  C:0154H         LINE#         261
  C:0154H         LINE#         262
  C:0157H         LINE#         263
BL51 BANKED LINKER/LOCATER V6.22                                                      06/24/2020  11:58:37  PAGE 7


  C:0157H         LINE#         264
  C:0157H         LINE#         266
  -------         ENDPROC       KEY
  -------         PROC          DISPLAY
  C:029DH         LINE#         267
  C:029DH         LINE#         268
  C:029DH         LINE#         269
  C:02A5H         LINE#         270
  C:02AEH         LINE#         271
  C:02B6H         LINE#         272
  C:02BFH         LINE#         273
  C:02C2H         LINE#         274
  C:02C5H         LINE#         275
  C:02C8H         LINE#         276
  C:02CAH         LINE#         277
  C:02CDH         LINE#         278
  C:02D0H         LINE#         279
  C:02D3H         LINE#         281
  C:02D6H         LINE#         282
  C:02D8H         LINE#         283
  C:02DBH         LINE#         284
  C:02DEH         LINE#         285
  C:02E1H         LINE#         287
  C:02E4H         LINE#         288
  C:02E6H         LINE#         289
  C:02E9H         LINE#         290
  C:02ECH         LINE#         291
  C:02EFH         LINE#         293
  C:02F2H         LINE#         294
  C:02F4H         LINE#         295
  C:02F7H         LINE#         297
  C:02FAH         LINE#         298
  C:02FDH         LINE#         299
  -------         ENDPROC       DISPLAY
  -------         PROC          TIME0
  C:0158H         LINE#         301
  C:015CH         LINE#         303
  C:015FH         LINE#         304
  C:0162H         LINE#         305
  C:0164H         LINE#         306
  C:0166H         LINE#         307
  C:016CH         LINE#         308
  C:016CH         LINE#         309
  C:0179H         LINE#         310
  C:0179H         LINE#         311
  C:017BH         LINE#         312
  C:017DH         LINE#         313
  C:017DH         LINE#         314
  C:018AH         LINE#         315
  C:018AH         LINE#         316
  C:018CH         LINE#         317
  C:018EH         LINE#         318
  C:018EH         LINE#         319
  C:018EH         LINE#         321
  C:0194H         LINE#         322
  C:0194H         LINE#         323
  C:0196H         LINE#         324
BL51 BANKED LINKER/LOCATER V6.22                                                      06/24/2020  11:58:37  PAGE 8


  C:0198H         LINE#         325
  C:019AH         LINE#         327
  C:01A7H         LINE#         328
  C:01A7H         LINE#         329
  C:01A9H         LINE#         330
  C:01ABH         LINE#         331
  C:01ABH         LINE#         332
  C:01B8H         LINE#         333
  C:01B8H         LINE#         334
  C:01BAH         LINE#         335
  C:01BCH         LINE#         336
  C:01BCH         LINE#         337
  C:01C5H         LINE#         338
  C:01C5H         LINE#         339
  C:01C8H         LINE#         340
  C:01CAH         LINE#         341
  C:01CAH         LINE#         342
  C:01D3H         LINE#         343
  C:01D3H         LINE#         344
  C:01D6H         LINE#         345
  C:01D8H         LINE#         346
  C:01D8H         LINE#         347
  C:01DFH         LINE#         348
  C:01DFH         LINE#         349
  C:01E1H         LINE#         350
  C:01E3H         LINE#         351
  C:01E5H         LINE#         352
  C:01E7H         LINE#         353
  C:01E9H         LINE#         354
  C:01ECH         LINE#         355
  C:01F2H         LINE#         356
  C:01F2H         LINE#         357
  C:01F9H         LINE#         358
  C:01F9H         LINE#         359
  C:01FBH         LINE#         360
  C:01FDH         LINE#         361
  C:01FFH         LINE#         362
  C:0201H         LINE#         363
  C:0203H         LINE#         364
  C:0206H         LINE#         365
  C:020CH         LINE#         366
  C:020CH         LINE#         367
  C:020CH         LINE#         368
  -------         ENDPROC       TIME0
  -------         PROC          TIME1
  C:0352H         LINE#         369
  C:0356H         LINE#         371
  C:0359H         LINE#         372
  C:035CH         LINE#         373
  C:035EH         LINE#         374
  C:0363H         LINE#         375
  C:0363H         LINE#         376
  C:0365H         LINE#         377
  C:0367H         LINE#         378
  C:0367H         LINE#         379
  C:036CH         LINE#         380
  C:036FH         LINE#         381
BL51 BANKED LINKER/LOCATER V6.22                                                      06/24/2020  11:58:37  PAGE 9


  C:0371H         LINE#         382
  C:0373H         LINE#         383
  C:0373H         LINE#         384
  -------         ENDPROC       TIME1
  C:0328H         SYMBOL        L?0084
  -------         PROC          L?0083
  -------         ENDPROC       L?0083
  C:0328H         SYMBOL        L?0084
  -------         PROC          _DELAY
  D:0006H         SYMBOL        ms
  -------         DO            
  D:0004H         SYMBOL        j
  D:0002H         SYMBOL        k
  -------         ENDDO         
  C:0332H         LINE#         386
  C:0332H         LINE#         387
  C:0332H         LINE#         389
  C:033CH         LINE#         390
  C:0351H         LINE#         391
  -------         ENDPROC       _DELAY
  -------         PROC          _DELAY1
  D:0006H         SYMBOL        i
  C:000EH         LINE#         393
  C:000EH         LINE#         394
  C:000EH         LINE#         395
  C:0018H         LINE#         396
  -------         ENDPROC       _DELAY1
  -------         ENDMOD        JTD

Program Size: data=21.4 xdata=0 code=910
LINK/LOCATE RUN COMPLETE.  0 WARNING(S),  0 ERROR(S)
