C51 COMPILER V9.00   LCD1602                                                               05/11/2015 20:10:45 PAGE 1   


C51 COMPILER V9.00, COMPILATION OF MODULE LCD1602
OBJECT MODULE PLACED IN LCD1602.OBJ
COMPILER INVOKED BY: D:\SOFT\keil\C51\BIN\C51.EXE LCD1602.c BROWSE DEBUG OBJECTEXTEND

line level    source

   1          #include "LCD1602.h"
   2          
   3          void delay_50us_1602(unsigned int t)
   4          {
   5   1              unsigned char j;
   6   1              for(;t>0;t--)
   7   1                      for(j=19;j>0;j--);
   8   1      }
   9          
  10          
  11          
  12          void LCD1602_write_com(unsigned char com) 
  13          {
  14   1              LCD1602_E = 0;
  15   1              LCD1602_RS = 0;
  16   1              LCD1602_RW = 0;
  17   1              LCD1602_Data= com;
  18   1              delay_50us_1602(10);
  19   1              LCD1602_E = 1;
  20   1              delay_50us_1602(20);
  21   1              LCD1602_E = 0;
  22   1      }
  23          
  24          void LCD1602_write_data(unsigned int dat)
  25          {
  26   1              LCD1602_E = 0;
  27   1              LCD1602_RS = 1;
  28   1              LCD1602_RW = 0;
  29   1              LCD1602_Data = dat;
  30   1              delay_50us_1602(10);
  31   1              LCD1602_E = 1;
  32   1              delay_50us_1602(20);
  33   1              LCD1602_E = 0;
  34   1      }
  35          
  36          void LCD1602_init(void)
  37          {
  38   1         delay_50us_1602(300);
  39   1         LCD1602_write_com(0X38);
  40   1         delay_50us_1602(100);
  41   1         LCD1602_write_com(0X38);
  42   1         delay_50us_1602(100);
  43   1         LCD1602_write_com(0X38);
  44   1         LCD1602_write_com(0X38);
  45   1         LCD1602_write_com(0X08);
  46   1         LCD1602_write_com(0X01);
  47   1         LCD1602_write_com(0X06);
  48   1         LCD1602_write_com(0X0C);
  49   1         
  50   1      }
  51          /*******************************************
  52          函数名称：Disp_ZF
  53          功    能：控制液晶显示字符
  54          参    数：addr--显示位置的首地址
  55                    pt--指向显示数据的指针
C51 COMPILER V9.00   LCD1602                                                               05/11/2015 20:10:45 PAGE 2   

  56                    num--显示字符个数
  57          返回值  ：无
  58          ********************************************/
  59          void LCD1602_Disp_ZF(unsigned char addr,const unsigned char * pt,unsigned char num)
  60          {
  61   1              unsigned char i;
  62   1              LCD1602_write_com(addr); 
  63   1              for(i = 0;i < (num*1);i++) 
  64   1                      LCD1602_write_data(*(pt++)); 
  65   1      } 


MODULE INFORMATION:   STATIC OVERLAYABLE
   CODE SIZE        =    149    ----
   CONSTANT SIZE    =   ----    ----
   XDATA SIZE       =   ----    ----
   PDATA SIZE       =   ----    ----
   DATA SIZE        =   ----       5
   IDATA SIZE       =   ----    ----
   BIT SIZE         =   ----    ----
END OF MODULE INFORMATION.


C51 COMPILATION COMPLETE.  0 WARNING(S),  0 ERROR(S)
