C51 COMPILER V9.00   001                                                                   11/25/2016 22:47:16 PAGE 1   


C51 COMPILER V9.00, COMPILATION OF MODULE 001
OBJECT MODULE PLACED IN 001.OBJ
COMPILER INVOKED BY: D:\keil\keil\C51\BIN\C51.EXE 001.c BROWSE DEBUG OBJECTEXTEND

line level    source

   1          #include<reg51.h>
   2          #include"DS18B20.h"
   3          uchar a,b,miao,shi,fen,ri,yue,nian,week,flag,key1n,temp,miao1,shi1=12,fen1=1,miao1=0,clock=0 ;
   4          //flag用于读取头文件中的温度值，和显示温度值
   5          #define yh 0x80 //LCD第一行的初始位置,因为LCD1602字符地址首位D7恒定为1（100000000=80）
   6          #define er 0x80+0x40 //LCD第二行初始位置（因为第二行第一个字符位置地址是0x40）
   7          //液晶屏的与C51之间的引脚连接定义（显示数据线接C51的P0口）
   8          sbit rs=P2^0;
   9          sbit en=P2^2;
  10          sbit rw=P2^1; //如果硬件上rw接地，就不用写这句和后面的rw=0了
  11          sbit led=P2^6; //LCD背光开关
  12          //DS1302时钟芯片与C51之间的引脚连接定义
  13          sbit IO=P1^1;
  14          sbit SCLK=P1^0;
  15          sbit RST=P1^2;
  16          sbit CLO=P1^4;
  17          sbit ACC0=ACC^0;
  18          sbit ACC7=ACC^7;
  19          /************************************************************
  20          ACC累加器=A
  21          ACC.0=E0H 
  22          
  23          ACC.0就是ACC的第0位。Acc可以位寻址。
  24          
  25          累加器ACC是一个8位的存储单元，是用来放数据的。但是，这个存储单元有其特殊的地位，
  26          是单片机中一个非常关键的单元，很多运算都要通过ACC来进行。以后在学习指令时，
  27          常用A来表示累加器。但有一些地方例外，比如在PUSH指令中，就必须用ACC这样的名字。
  28          一般的说法，A代表了累加器中的内容、而ACC代表的是累加器的地址。 
  29          ***************************************************************/
  30          //校时按键与C51的引脚连接定义
  31          sbit key1=P1^5;  //设置键
  32          sbit key2=P1^6;  //加键
  33          sbit key3=P1^7;  //减键
  34          sbit buzzer=P1^3;//蜂鸣器，通过三极管9012驱动，端口低电平响
  35          /**************************************************************/
  36          uchar code tab1[]={"20  -  -   "}; //年显示的固定字符
  37          uchar code tab2[]={"  :  :  "};//时间显示的固定字符
  38          uchar code tab3[]={"    HELLO WELCOME"};//开机动画
  39          //延时函数，后面经常调用
  40          void delay(uint xms)//延时函数，有参函数
  41          {
  42   1              uint x,y;
  43   1              for(x=xms;x>0;x--)
  44   1                      for(y=110;y>0;y--);
  45   1      }
  46          /********液晶写入指令函数与写入数据函数，以后可调用**************/
  47          
  48          /*在这个程序中，液晶写入有关函数会在DS1302的函数中调用，所以液晶程序要放在前面*/
  49          
  50          void write_1602com(uchar com)//****液晶写入指令函数****
  51          {
  52   1              rs=0;//数据/指令选择置为指令
  53   1              rw=0; //读写选择置为写
  54   1              P0=com;//送入数据
  55   1              delay(1);
C51 COMPILER V9.00   001                                                                   11/25/2016 22:47:16 PAGE 2   

  56   1              en=1;//拉高使能端，为制造有效的下降沿做准备
  57   1              delay(1);
  58   1              en=0;//en由高变低，产生下降沿，液晶执行命令
  59   1      }
  60          void write_1602dat(uchar dat)//***液晶写入数据函数****
  61          {
  62   1              rs=1;//数据/指令选择置为数据
  63   1              rw=0; //读写选择置为写
  64   1              P0=dat;//送入数据
  65   1              delay(1);
  66   1              en=1; //en置高电平，为制造下降沿做准备
  67   1              delay(1);
  68   1              en=0; //en由高变低，产生下降沿，液晶执行命令
  69   1      }
  70          void lcd_init()//***液晶初始化函数****
  71          {
  72   1              uchar j;
  73   1          write_1602com(0x0f|0x08);
  74   1              for(a=0;a<17;a++)
  75   1                      write_1602dat(tab3[a]);
  76   1              j=17;
  77   1              while(j--)
  78   1              {
  79   2                      write_1602com(0x1c);//循环左移
  80   2                      delay(700);
  81   2              } 
  82   1              write_1602com(0x01);
  83   1              delay(10);
  84   1              write_1602com(0x38);//设置液晶工作模式，意思：16*2行显示，5*7点阵，8位数据
  85   1              write_1602com(0x0c);//开显示不显示光标
  86   1              write_1602com(0x06);//整屏不移动，光标自动右移
  87   1              write_1602com(0x01);//清显示
  88   1              /***开机动画显示hello welcome dianzizhong****/
  89   1              write_1602com(yh+1);//日历显示固定符号从第一行第1个位置之后开始显示
  90   1              for(a=0;a<14;a++)
  91   1              {
  92   2                      write_1602dat(tab1[a]);//向液晶屏写日历显示的固定符号部分
  93   2                      //delay(3);
  94   2              }
  95   1              write_1602com(er+2);//时间显示固定符号写入位置，从第2个位置后开始显示   
  96   1              for(a=0;a<8;a++)
  97   1              {
  98   2                      write_1602dat(tab2[a]);//写显示时间固定符号，两个冒号
  99   2                      //delay(3);
 100   2              }
 101   1              write_1602com(er+0);
 102   1              write_1602dat(0x24);
 103   1              write_1602com(er+1);
 104   1              write_1602dat(0x20);
 105   1      }
 106          /***************DS1302有关子函数********************/
 107          void write_byte(uchar dat)//写一个字节
 108          {
 109   1              ACC=dat;
 110   1              RST=1;
 111   1              for(a=8;a>0;a--)
 112   1              {
 113   2                      IO=ACC0;
 114   2                      SCLK=0;
 115   2                      SCLK=1;
 116   2                      ACC=ACC>>1;
 117   2              }
C51 COMPILER V9.00   001                                                                   11/25/2016 22:47:16 PAGE 3   

 118   1      }
 119          uchar read_byte()//读一个字节
 120          {
 121   1              RST=1;
 122   1              for(a=8;a>0;a--)
 123   1              {
 124   2                      ACC7=IO;
 125   2                      SCLK=1;
 126   2                      SCLK=0;
 127   2                      ACC=ACC>>1;
 128   2              }
 129   1              return(ACC);
 130   1      }
 131          //----------------------------------------
 132          void write_1302(uchar add,uchar dat)//向1302芯片写函数，指定写入地址，数据
 133          {
 134   1              RST=0;
 135   1              SCLK=0;
 136   1              RST=1;
 137   1              write_byte(add);
 138   1              write_byte(dat);
 139   1              SCLK=1;
 140   1              RST=0;
 141   1      }
 142          uchar read_1302(uchar add)//从1302读数据函数，指定读取数据来源地址
 143          {
 144   1              uchar temp;
 145   1              RST=0;
 146   1              SCLK=0;
 147   1              RST=1;
 148   1              write_byte(add);
 149   1              temp=read_byte();
 150   1              SCLK=1;
 151   1              RST=0;
 152   1              return(temp);
 153   1      }
 154          uchar BCD_Decimal(uchar bcd)//BCD码转十进制函数，输入BCD，返回十进制
 155          {
 156   1              uchar Decimal;
 157   1              Decimal=bcd>>4;
 158   1              return(Decimal=Decimal*10+(bcd&=0x0F));
 159   1      }
 160          //--------------------------------------
 161          void ds1302_init() //1302芯片初始化子函数(2010-01-07,12:00:00,week4)
 162          {
 163   1              RST=0;
 164   1              SCLK=0;
 165   1              write_1302(0x8e,0x00); //允许写，禁止写保护 
 166   1              miao=BCD_Decimal(read_1302(0x81));
 167   1              fen=BCD_Decimal(read_1302(0x83));
 168   1              shi=BCD_Decimal(read_1302(0x85));
 169   1              ri=BCD_Decimal(read_1302(0x87));
 170   1              yue=BCD_Decimal(read_1302(0x89));
 171   1              nian=BCD_Decimal(read_1302(0x8d));
 172   1              week=BCD_Decimal(read_1302(0x8b));
 173   1              
 174   1              //写入初始年份数据10
 175   1              write_1302(0x8e,0x80); //打开写保护
 176   1      }
 177          //------------------------------------
 178          //温度显示子函数
 179          void write_temp(uchar add,uchar dat)//向LCD写温度数据,并指定显示位置
C51 COMPILER V9.00   001                                                                   11/25/2016 22:47:16 PAGE 4   

 180          {
 181   1              uchar gw,sw,bw;
 182   1              if(dat>=0&&dat<=128)
 183   1              {
 184   2                      gw=dat%10;//取得个位数字
 185   2                      sw=dat%100/10;//取得十位数字
 186   2                      bw=dat/100      ;//取得百位数字 
 187   2              }
 188   1              else
 189   1              {
 190   2                      dat=256-dat;
 191   2                      gw=dat%10;//取得个位数字
 192   2                      sw=dat%100/10;//取得十位数字
 193   2                      bw=-3;           //0x30-3表示为负号
 194   2              }
 195   1              write_1602com(er+add);//er是头文件规定的值0x80+0x40
 196   1              write_1602dat(0x30+bw);//数字+30得到该数字的LCD1602显示码
 197   1              write_1602dat(0x30+sw);//数字+30得到该数字的LCD1602显示码
 198   1              write_1602dat(0x30+gw);//数字+30得到该数字的LCD1602显示码
 199   1          write_1602dat(0xdf);//显示温度的小圆圈符号，0xdf是液晶屏字符库的该符号地址码
 200   1              write_1602dat(0x43);    //显示"C"符号，0x43是液晶屏字符库里大写C的地址码                
 201   1      }
 202          //------------------------------------
 203          //时分秒显示子函数
 204          void write_sfm(uchar add,uchar dat)//向LCD写时分秒,有显示位置加、现示数据，两个参数
 205          {
 206   1              uchar gw,sw;
 207   1              gw=dat%10;//取得个位数字
 208   1              sw=dat/10;//取得十位数字
 209   1              write_1602com(er+add);//er是头文件规定的值0x80+0x40
 210   1              write_1602dat(0x30+sw);//数字+30得到该数字的LCD1602显示码
 211   1              write_1602dat(0x30+gw);//数字+30得到该数字的LCD1602显示码                               
 212   1      }
 213          //-------------------------------------
 214          //年月日显示子函数
 215          void write_nyr(uchar add,uchar dat)//向LCD写年月日，有显示位置加数、显示数据，两个参数
 216          {
 217   1              uchar gw,sw;
 218   1              gw=dat%10;//取得个位数字
 219   1              sw=dat/10;//取得十位数字
 220   1              write_1602com(yh+add);//设定显示位置为第一个位置+add
 221   1              write_1602dat(0x30+sw);//数字+30得到该数字的LCD1602显示码
 222   1              write_1602dat(0x30+gw);//数字+30得到该数字的LCD1602显示码       
 223   1      }
 224          //-------------------------------------------
 225          void write_week(uchar week)//写星期函数
 226          {
 227   1              write_1602com(yh+0x0c);//星期字符的显示位置
 228   1              switch(week)
 229   1              {
 230   2                      case 1: write_1602dat('M');//星期数为1时，显示
 231   2                                      write_1602dat('O');
 232   2                                      write_1602dat('N');
 233   2                                      break;
 234   2                 
 235   2                      case 2: write_1602dat('T');//星期数据为2时显示
 236   2                                      write_1602dat('U');
 237   2                                      write_1602dat('E');
 238   2                                      break;
 239   2                      
 240   2                      case 3: write_1602dat('W');//星期数据为3时显示
 241   2                                      write_1602dat('E');
C51 COMPILER V9.00   001                                                                   11/25/2016 22:47:16 PAGE 5   

 242   2                                      write_1602dat('D');
 243   2                                      break;
 244   2                      
 245   2                      case 4: write_1602dat('T');//星期数据为4是显示
 246   2                                      write_1602dat('H');
 247   2                                      write_1602dat('U');
 248   2                                      break;
 249   2                      
 250   2                      case 5: write_1602dat('F');//星期数据为5时显示
 251   2                                      write_1602dat('R');
 252   2                                      write_1602dat('I');
 253   2                                      break;
 254   2                      
 255   2                      case 6: write_1602dat('S');//星期数据为6时显示
 256   2                                      write_1602dat('T');
 257   2                                      write_1602dat('A');
 258   2                                      break;
 259   2                      
 260   2                      case 7: write_1602dat('S');//星期数据为7时显示
 261   2                                      write_1602dat('U');
 262   2                                      write_1602dat('N');
 263   2                                      break;
 264   2              }
 265   1      }
 266          //****************键盘扫描有关函数**********************
 267          void keyscan()
 268          {
 269   1              if(key1==0)//---------------key1为功能键（设置键）--------------------
 270   1              {
 271   2                      delay(9);//延时，用于消抖动
 272   2                      if(key1==0)//延时后再次确认按键按下
 273   2                      {
 274   3                      buzzer=0;//蜂鸣器短响一次
 275   3                      delay(20);
 276   3                      buzzer=1;
 277   3                              while(!key1);
 278   3                              key1n++;
 279   3                              if(key1n==12)
 280   3                                      key1n=1;//设置按键共有秒、分、时、星期、日、月、年、返回，8个功能循环
 281   3                              switch(key1n)
 282   3                              {               
 283   4                                      case 1: TR0=0;//关闭定时器
 284   4                                                      //TR1=0;
 285   4                                                      write_1602com(er+0x09);//设置按键按动一次，秒位置显示光标
 286   4                                                      write_1602com(0x0f);//设置光标为闪烁
 287   4                                                      temp=(miao)/10*16+(miao)%10;//秒数据写入DS1302
 288   4                                                      write_1302(0x8e,0x00);
 289   4                                                      write_1302(0x80,0x80|temp);//miao
 290   4                                                  write_1302(0x8e,0x80);
 291   4                                                      break;
 292   4                                      case 2: write_1602com(er+6);//按2次fen位置显示光标                                              
 293   4                                                  //write_1602com(0x0f);
 294   4                                                      break;
 295   4                                      case 3: write_1602com(er+3);//按动3次，shi
 296   4                                                  //write_1602com(0x0f);
 297   4                                                      break;
 298   4                                      
 299   4                                      case 4: write_1602com(yh+0x0e);//按动4次，week
 300   4                                                  //write_1602com(0x0f);
 301   4                                                      break;
 302   4                                      case 5: write_1602com(yh+0x0a);//按动5次，ri
 303   4                                                  //write_1602com(0x0f);
C51 COMPILER V9.00   001                                                                   11/25/2016 22:47:16 PAGE 6   

 304   4                                                      break;
 305   4                                      case 6: write_1602com(yh+0x07);//按动6次，yue
 306   4                                                  //write_1602com(0x0f);
 307   4                                                      break;
 308   4                                      case 7: write_1602com(yh+0x04);//按动7次，nian
 309   4                                                  //write_1602com(0x0f);
 310   4                                                      break;
 311   4                                      case 8: write_1602com(er+1);
 312   4                                              write_1602dat(0x4d);
 313   4                                                      write_1602com(er+1);
 314   4                                              break;
 315   4                                      case 9: write_1602com(er+1);
 316   4                                              write_1602dat(0x46);
 317   4                                                      write_1602com(er+1);
 318   4                                              break;
 319   4                                      case 10:write_1602com(er+1);
 320   4                                              write_1602dat(0x53);
 321   4                                                      write_1602com(er+1);
 322   4                                                      break;
 323   4                                      case 11:
 324   4                                              write_1602com(er+1);
 325   4                                              write_1602dat(0x20);
 326   4                                                      write_1602com(0x0c);//按动到第8次，设置光标不闪烁
 327   4                                                      TR0=1;//打开定时器
 328   4                                              temp=(miao)/10*16+(miao)%10;
 329   4                                                      write_1302(0x8e,0x00);
 330   4                                                      write_1302(0x80,0x00|temp);//miao数据写入DS1302
 331   4                                                      write_1302(0x8e,0x80);
 332   4                                          break;                                                                                                                                              
 333   4                              }
 334   3                      } 
 335   2              }
 336   1              //------------------------------加键key2----------------------------            
 337   1              if(key1n!=0)//当key1按下以下。再按以下键才有效（按键次数不等于零）
 338   1              {
 339   2                      if(key2==0)  //上调键
 340   2                      {
 341   3                              delay(10);
 342   3                              if(key2==0)
 343   3                              {
 344   4                              buzzer=0;//蜂鸣器短响一次
 345   4                              delay(20);
 346   4                              buzzer=1;
 347   4                                      while(!key2);
 348   4                                      switch(key1n)
 349   4                                      {
 350   5                                              case 1: miao++;//设置键按动1次，调秒
 351   5                                                              if(miao==60)
 352   5                                                                      miao=0;//秒超过59，再加1，就归零
 353   5                                                              write_sfm(0x08,miao);//令LCD在正确位置显示"加"设定好的秒数
 354   5                                                              temp=(miao)/10*16+(miao)%10;//十进制转换成DS1302要求的DCB码
 355   5                                                              write_1302(0x8e,0x00); //允许写，禁止写保护 
 356   5                                                              write_1302(0x80,temp); //向DS1302内写秒寄存器80H写入调整后的秒数据BCD码
 357   5                                                              write_1302(0x8e,0x80); //打开写保护
 358   5                                                              write_1602com(er+0x09);//因为设置液晶的模式是写入数据后，光标自动右移，所以要指定返回
 359   5                                                              //write_1602com(0x0b);
 360   5                                                              break;
 361   5                                              case 2: fen++;
 362   5                                                              if(fen==60)
 363   5                                                                      fen=0;
 364   5                                                              write_sfm(0x05,fen);//令LCD在正确位置显示"加"设定好的分数据
 365   5                                                              temp=(fen)/10*16+(fen)%10;//十进制转换成DS1302要求的DCB码
C51 COMPILER V9.00   001                                                                   11/25/2016 22:47:16 PAGE 7   

 366   5                                                              write_1302(0x8e,0x00);//允许写，禁止写保护 
 367   5                                                              write_1302(0x82,temp);//向DS1302内写分寄存器82H写入调整后的分数据BCD码
 368   5                                                              write_1302(0x8e,0x80);//打开写保护
 369   5                                                              write_1602com(er+6);//因为设置液晶的模式是写入数据后，指针自动加一，在这里是写回原来的位置
 370   5                                                              break;
 371   5                                              case 3: shi++;
 372   5                                                              if(shi==24)
 373   5                                                                      shi=0;
 374   5                                                              write_sfm(2,shi);//令LCD在正确的位置显示"加"设定好的小时数据
 375   5                                                              temp=(shi)/10*16+(shi)%10;//十进制转换成DS1302要求的DCB码
 376   5                                                              write_1302(0x8e,0x00);//允许写，禁止写保护 
 377   5                                                              write_1302(0x84,temp);//向DS1302内写小时寄存器84H写入调整后的小时数据BCD码
 378   5                                                              write_1302(0x8e,0x80);//打开写保护
 379   5                                                              write_1602com(er+3);//因为设置液晶的模式是写入数据后，指针自动加一，所以需要光标回位
 380   5                                                              break;
 381   5                                              case 4: week++;
 382   5                                                              if(week==8)
 383   5                                                                      week=1;
 384   5                                                  write_1602com(yh+0x0C);//指定'加'后的周数据显示位置
 385   5                                                              write_week(week);//指定周数据显示内容
 386   5                                                  temp=(week)/10*16+(week)%10;//十进制转换成DS1302要求的DCB码
 387   5                                                              write_1302(0x8e,0x00);//允许写，禁止写保护 
 388   5                                                              write_1302(0x8a,temp);//向DS1302内写周寄存器8aH写入调整后的周数据BCD码
 389   5                                                              write_1302(0x8e,0x80);//打开写保护
 390   5                                                              write_1602com(yh+0x0e);//因为设置液晶的模式是写入数据后，指针自动加一，所以需要光标回位
 391   5                                                              break;
 392   5                                              case 5: ri++;
 393   5                                                              switch(yue)
 394   5                                                              {
 395   6                                                      case 1:
 396   6                                                                      case 3:
 397   6                                                                      case 5:
 398   6                                                                      case 7:
 399   6                                                                      case 8:
 400   6                                                                      case 10:
 401   6                                                                      case 12:
 402   6                                                                                      if(ri>31) 
 403   6                                                                                              ri=1;
 404   6                                                                              break;
 405   6                                                      case 2: 
 406   6                                                                                      if(nian%4==0||nian%400==0)
 407   6                                                                              { 
 408   7                                                                                      if(ri>29) 
 409   7                                                                                                      ri=1;
 410   7                                                                              }       
 411   6                                                                              else                                            
 412   6                                                                              {                                           
 413   7                                                                                      if(ri>28) 
 414   7                                                                                                      ri=1;
 415   7                                                                              }
 416   6                                                                                      break;
 417   6                                                     case 4:
 418   6                                                                 case 6:
 419   6                                                                 case 9:
 420   6                                                                 case 11:
 421   6                                                                              ri++;
 422   6                                                                              if(ri>30) 
 423   6                                                                                              ri=1;
 424   6                                                                              break;
 425   6                                                  }            
 426   5                                                              write_nyr(9,ri);//令LCD在正确的位置显示"加"设定好的日期数据
 427   5                                                              temp=(ri)/10*16+(ri)%10;//十进制转换成DS1302要求的DCB码
C51 COMPILER V9.00   001                                                                   11/25/2016 22:47:16 PAGE 8   

 428   5                                                              write_1302(0x8e,0x00);//允许写，禁止写保护
 429   5                                                              write_1302(0x86,temp);//向DS1302内写日期寄存器86H写入调整后的日期数据BCD码
 430   5                                                              write_1302(0x8e,0x80);//打开写保护
 431   5                                                              write_1602com(yh+10);//因为设置液晶的模式是写入数据后，指针自动加一，所以需要光标回位
 432   5                                                              break;
 433   5                                              case 6: yue++;
 434   5                                                              if(yue==13)
 435   5                                                                      yue=1;
 436   5                                                              write_nyr(6,yue);//令LCD在正确的位置显示"加"设定好的月份数据
 437   5                                                              temp=(yue)/10*16+(yue)%10;//十进制转换成DS1302要求的DCB码
 438   5                                                              write_1302(0x8e,0x00);//允许写，禁止写保护
 439   5                                                              write_1302(0x88,temp);//向DS1302内写月份寄存器88H写入调整后的月份数据BCD码
 440   5                                                              write_1302(0x8e,0x80);//打开写保护
 441   5                                                              write_1602com(yh+7);//因为设置液晶的模式是写入数据后，指针自动加一，所以需要光标回位
 442   5                                                              break;
 443   5                                              case 7: nian++;
 444   5                                                              if(nian==100)
 445   5                                                                      nian=0;
 446   5                                                              write_nyr(3,nian);//令LCD在正确的位置显示"加"设定好的年份数据
 447   5                                                  temp=(nian)/10*16+(nian)%10;//十进制转换成DS1302要求的DCB码
 448   5                                                              write_1302(0x8e,0x00);//允许写，禁止写保护
 449   5                                                              write_1302(0x8c,temp);//向DS1302内写年份寄存器8cH写入调整后的年份数据BCD码
 450   5                                                              write_1302(0x8e,0x80);//打开写保护
 451   5                                                              write_1602com(yh+4);//因为设置液晶的模式是写入数据后，指针自动加一，所以需要光标回位
 452   5                                                              break;
 453   5                                              case 8: write_1602com(er+9); //设置闹钟的秒定时
 454   5                                                      miao1++;
 455   5                                                              if(miao1==60)
 456   5                                                                 miao1=0;
 457   5                                                              write_sfm(0x08,miao1);//令LCD在正确位置显示"加"设定好秒的数据
 458   5                                                              write_1602com(er+9);//因为设置液晶的模式是写入数据后，指针自动加一，在这里是写回原来的位置
 459   5                                                              break;
 460   5                                              case 9: write_1602com(er+6); //设置闹钟的分钟定时
 461   5                                                      fen1++;
 462   5                                                      if(fen1==60)
 463   5                                                                      fen1=0;
 464   5                                                              write_sfm(0x05,fen1);//令LCD在正确位置显示"加"设定好的分数据
 465   5                                                              write_1602com(er+6);//因为设置液晶的模式是写入数据后，指针自动加一，在这里是写回原来的位置
 466   5                                                              break;
 467   5                                              case 10:write_1602com(er+3); //设置闹钟的小时定时
 468   5                                                      shi1++;
 469   5                                                      if(shi1==24)
 470   5                                                                      shi1=0;
 471   5                                                              write_sfm(0x02,shi1);//令LCD在正确的位置显示"加"设定好的小时数据
 472   5                                                              write_1602com(er+3);//因为设置液晶的模式是写入数据后，指针自动加一，所以需要光标回位
 473   5                                                              break;
 474   5                                      }
 475   4                              }
 476   3                      }
 477   2                      //------------------减键key3，各句功能参照'加键'注释---------------
 478   2                      if(key3==0)
 479   2                      {
 480   3                              delay(10);//调延时，消抖动
 481   3                              if(key3==0)
 482   3                              {
 483   4                              buzzer=0;//蜂鸣器短响一次
 484   4                              delay(20);
 485   4                                  buzzer=1;
 486   4                                      while(!key3);
 487   4                                      switch(key1n)
 488   4                                      {
 489   5                                              case 1: miao--;
C51 COMPILER V9.00   001                                                                   11/25/2016 22:47:16 PAGE 9   

 490   5                                                              if(miao==-1)
 491   5                                                                      miao=59;//秒数据减到-1时自动变成59
 492   5                                                              write_sfm(0x08,miao);//在LCD的正确位置显示改变后新的秒数
 493   5                                                  temp=(miao)/10*16+(miao)%10;//十进制转换成DS1302要求的DCB码
 494   5                                                              write_1302(0x8e,0x00); //允许写，禁止写保护 
 495   5                                                              write_1302(0x80,temp); //向DS1302内写秒寄存器80H写入调整后的秒数据BCD码
 496   5                                                              write_1302(0x8e,0x80); //打开写保护
 497   5                                                              write_1602com(er+0x09);//因为设置液晶的模式是写入数据后，指针自动加一，在这里是写回原来的位置
 498   5                                                              //write_1602com(0x0b);
 499   5                                                              break;
 500   5                                              case 2: fen--;
 501   5                                                              if(fen==-1)
 502   5                                                                      fen=59;
 503   5                                                              write_sfm(5,fen);
 504   5                                                              temp=(fen)/10*16+(fen)%10;//十进制转换成DS1302要求的DCB码
 505   5                                                              write_1302(0x8e,0x00);//允许写，禁止写保护 
 506   5                                                              write_1302(0x82,temp);//向DS1302内写分寄存器82H写入调整后的分数据BCD码
 507   5                                                              write_1302(0x8e,0x80);//打开写保护
 508   5                                                              write_1602com(er+6);//因为设置液晶的模式是写入数据后，指针自动加一，在这里是写回原来的位置
 509   5                                                              break;
 510   5                              
 511   5                                              case 3: shi--;
 512   5                                                              if(shi==-1)
 513   5                                                                      shi=23;
 514   5                                                              write_sfm(2,shi);
 515   5                                                              temp=(shi)/10*16+(shi)%10;//十进制转换成DS1302要求的DCB码
 516   5                                                              write_1302(0x8e,0x00);//允许写，禁止写保护 
 517   5                                                              write_1302(0x84,temp);//向DS1302内写小时寄存器84H写入调整后的小时数据BCD码
 518   5                                                              write_1302(0x8e,0x80);//打开写保护
 519   5                                                              write_1602com(er+3);//因为设置液晶的模式是写入数据后，指针自动加一，所以需要光标回位
 520   5                                                              break;
 521   5                                              case 4: week--;
 522   5                                                              if(week==0)
 523   5                                                                      week=7;                                          
 524   5                                              write_1602com(yh+0x0C);//指定'加'后的周数据显示位置
 525   5                                                              write_week(week);//指定周数据显示内容
 526   5                                                              temp=(week)/10*16+(week)%10;//十进制转换成DS1302要求的DCB码
 527   5                                                              write_1302(0x8e,0x00);//允许写，禁止写保护 
 528   5                                                              write_1302(0x8a,temp);//向DS1302内写周寄存器8aH写入调整后的周数据BCD码
 529   5                                                              write_1302(0x8e,0x80);//打开写保护
 530   5                                                              write_1602com(yh+0x0e);//因为设置液晶的模式是写入数据后，指针自动加一，所以需要光标回位
 531   5                                                              break;
 532   5                                              case 5: ri--;
 533   5                                                              switch(yue)
 534   5                                                              { 
 535   6                                                      case 1:
 536   6                                                                      case 3:
 537   6                                                                      case 5:
 538   6                                                                      case 7:
 539   6                                                                      case 8:
 540   6                                                                      case 10:
 541   6                                                                      case 12: 
 542   6                                                                                      if(ri==0) 
 543   6                                                                                              ri=31;
 544   6                                                                              break;
 545   6                                                      case 2: if(nian%4==0||nian%400==0)
 546   6                                                                              { 
 547   7                                                                                      if(ri==0) 
 548   7                                                                                                      ri=29;
 549   7                                                                              }                       
 550   6                                                                              else    
 551   6                                                                              {
C51 COMPILER V9.00   001                                                                   11/25/2016 22:47:16 PAGE 10  

 552   7                                                                                      if(ri==0) 
 553   7                                                                                                      ri=28;
 554   7                                                                              }
 555   6                                                                                      break;
 556   6                                                      case 4:
 557   6                                                                      case 6:
 558   6                                                                      case 9:
 559   6                                                                      case 11:
 560   6                                                                              if(ri==0) 
 561   6                                                                                              ri=30;
 562   6                                                                              break;
 563   6                                              }
 564   5                                                              write_nyr(9,ri);
 565   5                                                              temp=(ri)/10*16+(ri)%10;//十进制转换成DS1302要求的DCB码
 566   5                                                              write_1302(0x8e,0x00);//允许写，禁止写保护
 567   5                                                              write_1302(0x86,temp);//向DS1302内写日期寄存器86H写入调整后的日期数据BCD码
 568   5                                                              write_1302(0x8e,0x80);//打开写保护
 569   5                                                              write_1602com(yh+10);//因为设置液晶的模式是写入数据后，指针自动加一，所以需要光标回位
 570   5                                                              break;
 571   5                                              case 6: yue--;
 572   5                                                              if(yue==0)
 573   5                                                                      yue=12;
 574   5                                                              write_nyr(6,yue);
 575   5                                                              temp=(yue)/10*16+(yue)%10;//十进制转换成DS1302要求的DCB码
 576   5                                                              write_1302(0x8e,0x00);//允许写，禁止写保护
 577   5                                                              write_1302(0x88,temp);//向DS1302内写月份寄存器88H写入调整后的月份数据BCD码
 578   5                                                              write_1302(0x8e,0x80);//打开写保护
 579   5                                                              write_1602com(yh+7);//因为设置液晶的模式是写入数据后，指针自动加一，所以需要光标回位
 580   5                                                              break;  
 581   5                                              case 7: nian--;
 582   5                                                              if(nian==-1)
 583   5                                                                      nian=99;
 584   5                                                              write_nyr(3,nian);
 585   5                                                      temp=(nian)/10*16+(nian)%10;//十进制转换成DS1302要求的DCB码
 586   5                                                              write_1302(0x8e,0x00);//允许写，禁止写保护
 587   5                                                              write_1302(0x8c,temp);//向DS1302内写年份寄存器8cH写入调整后的年份数据BCD码
 588   5                                                              write_1302(0x8e,0x80);//打开写保护
 589   5                                                              write_1602com(yh+4);//因为设置液晶的模式是写入数据后，指针自动加一，所以需要光标回位
 590   5                                                              break;
 591   5                                              case 8: write_1602com(er+9); //设置闹钟的秒定时
 592   5                                                      miao1--;
 593   5                                                              if(miao1==-1)
 594   5                                                                      miao1=59;
 595   5                                                              write_sfm(0x08,miao1);//令LCD在正确位置显示"加"设定好秒的数据
 596   5                                                              write_1602com(er+9);//因为设置液晶的模式是写入数据后，指针自动加一，在这里是写回原来的位置
 597   5                                                              break;
 598   5                                              case 9: write_1602com(er+6); //设置闹钟的分钟定时
 599   5                                                      fen1--;
 600   5                                                              if(fen1==-1)
 601   5                                                              fen1=59;
 602   5                                                              write_sfm(0x05,fen1);//令LCD在正确位置显示"加"设定好的分数据
 603   5                                                              write_1602com(er+6);//因为设置液晶的模式是写入数据后，指针自动加一，在这里是写回原来的位置
 604   5                                                              break;
 605   5                                          case 10:write_1602com(er+3); //设置闹钟的小时定时
 606   5                                                      shi1--;
 607   5                                                      if(shi1==-1)
 608   5                                                                      shi1=23;
 609   5                                                              write_sfm(0x02,shi1);//令LCD在正确的位置显示"加"设定好的小时数据
 610   5                                                              write_1602com(er+3);//因为设置液晶的模式是写入数据后，指针自动加一，所以需要光标回位
 611   5                                                              break;                  
 612   5                                      }
 613   4                              }
C51 COMPILER V9.00   001                                                                   11/25/2016 22:47:16 PAGE 11  

 614   3                      }
 615   2              }
 616   1      }
 617          //定时器0初始化程序
 618          void init() //定时器、计数器设置函数
 619          {
 620   1              TMOD=0x11; //指定定时/计数器的工作方式为1
 621   1              TH0=0;  //定时器T0的高四位=0
 622   1              TL0=0;  //定时器T0的低四位=0
 623   1              EA=1;  //系统允许有开放的中断
 624   1              ET0=1; //允许T0中断
 625   1              TR0=1; //开启中断，启动定时器
 626   1      }
 627          //*******************主函数**************************
 628          //***************************************************
 629          void main()
 630          {       
 631   1              lcd_init();      //调用液晶屏初始化子函数
 632   1              ds1302_init();   //调用DS1302时钟的初始化子函数
 633   1              init();          //调用定时计数器的设置子函数
 634   1              led=0;           //打开LCD的背光电源
 635   1          buzzer=0;//蜂鸣器长响一次
 636   1          delay(80);
 637   1          buzzer=1; 
 638   1              while(1)  //无限循环下面的语句：
 639   1              {               
 640   2              keyscan();      //调用键盘扫描子函数
 641   2          }
 642   1      }
 643          /*************通过定时中断实现定是独处并显示数据******************/
 644          void t0() interrupt 1  //取得并显示日历和时间
 645          {       
 646   1              //Init_DS18B20();//温度传感器DS18b2初始化子函数，在头文件中
 647   1              flag=ReadTemperature();//将18b2头文件运行返回的函数结果送到变量FLAG中，用于显示
 648   1              //读取秒时分周日月年七个数据（DS1302的读寄存器与写寄存器不一样）：
 649   1              miao=BCD_Decimal(read_1302(0x81));
 650   1              fen=BCD_Decimal(read_1302(0x83));
 651   1              shi=BCD_Decimal(read_1302(0x85));
 652   1              ri=BCD_Decimal(read_1302(0x87));
 653   1              yue=BCD_Decimal(read_1302(0x89));
 654   1              nian=BCD_Decimal(read_1302(0x8d));
 655   1              week=BCD_Decimal(read_1302(0x8b));
 656   1              //显示温度、秒、时、分数据：
 657   1              write_temp(12,flag);//显示温度，从第二行第12个字符后开始显示
 658   1              write_sfm(8,miao);//秒，从第二行第8个字后开始显示（调用时分秒显示子函数）
 659   1              write_sfm(5,fen);//分，从第二行第5个字符后开始显示
 660   1              write_sfm(2,shi);//小时，从第二行第2个字符后开始显示
 661   1              //显示日、月、年数据：
 662   1              write_nyr(9,ri);//日期，从第二行第9个字符后开始显示
 663   1              write_nyr(6,yue);//月份，从第二行第6个字符后开始显示
 664   1              write_nyr(3,nian);//年，从第二行第3个字符后开始显示
 665   1              write_week(week-1);
 666   1              /***********整点报时程序************/
 667   1              if(fen==0&&miao==0)
 668   1                      if(shi<22&&shi>6 )
 669   1                      {
 670   2                              buzzer=0;//蜂鸣器短响一次
 671   2                              delay(20);
 672   2                              buzzer=1;
 673   2                      }
 674   1                      /**************闹钟程序: 将暂停键按下停止蜂鸣********************/
 675   1                      if(shi1==shi&&fen1==fen&&miao==0)
C51 COMPILER V9.00   001                                                                   11/25/2016 22:47:16 PAGE 12  

 676   1                      {               
 677   2                              clock=1; 
 678   2                      }       
 679   1                      if(clock==1)
 680   1                      {
 681   2                              buzzer=0;//蜂鸣器短响一次
 682   2                              delay(20);
 683   2                              buzzer=1;
 684   2                      }
 685   1                      if(CLO==0)      /*按下p1.4停止蜂鸣*/
 686   1                              clock=0;        
 687   1      }
 688          
 689          


MODULE INFORMATION:   STATIC OVERLAYABLE
   CODE SIZE        =   2644    ----
   CONSTANT SIZE    =     39    ----
   XDATA SIZE       =   ----    ----
   PDATA SIZE       =   ----    ----
   DATA SIZE        =     16      10
   IDATA SIZE       =   ----    ----
   BIT SIZE         =   ----    ----
END OF MODULE INFORMATION.


C51 COMPILATION COMPLETE.  0 WARNING(S),  0 ERROR(S)
