C51 COMPILER V9.01   MAIN                                                                  11/23/2012 21:35:31 PAGE 1   


C51 COMPILER V9.01, COMPILATION OF MODULE MAIN
OBJECT MODULE PLACED IN main.OBJ
COMPILER INVOKED BY: D:\Keil\C51\BIN\C51.EXE main.c BROWSE DEBUG OBJECTEXTEND

line level    source

   1          /*************多功能数字时钟源程序**********/
   2          /*设计者：万亚雄 谭晓婉 朱梅英
   3          设计时间：2012.11.23
   4          班级：1012341（10电工班）*/
   5          /*************多功能数字时钟源程序**********/
   6          #include<reg52.h>
   7          #include"ds12cr887.h"
   8          #include"1602.h"
   9          #define uint unsigned int
  10          #define uchar unsigned char
  11          
  12          sbit key1=P3^0;
  13          sbit key2=P3^1;
  14          sbit key3=P3^2;
  15          sbit key4=P3^7;
  16          sbit speaker=P2^3;
  17          
  18          uchar code t3[]={" alarm setting: "};
  19          uchar code t4[]={"Now is the time!"};
  20          uchar code t5[]={"Get up quickly! "};
  21          uchar key1num,key4num,flag;
  22          
  23          char shi,fen,miao,nian,yue,ri,day,amiao,afen,ashi;
  24          
  25          void writetime(uchar add,uchar time)//将时间用1602液晶显示的函数
  26          {
  27   1       uchar si,ge;
  28   1       si=time/10;
  29   1       ge=time%10;
  30   1       writelcd_cmd(0xc0+add);
  31   1       writelcd_dat(0x30+si);
  32   1       writelcd_dat(0x30+ge);
  33   1      }
  34          
  35          void writedate(uchar add,uchar date)//将日期用1602液晶显示的函数
  36          {
  37   1       uchar si,ge;
  38   1       si=date/10;
  39   1       ge=date%10;
  40   1       writelcd_cmd(0x80+add);
  41   1       writelcd_dat(0x30+si);
  42   1       writelcd_dat(0x30+ge);
  43   1      }
  44          
  45          void writeday(uchar day)//将星期用1602液晶显示的函数
  46          {
  47   1        switch(day)
  48   1        {
  49   2        case 1:writelcd_cmd(0x80+12);writelcd_dat('M');writelcd_dat('O');writelcd_dat('N');break;
  50   2          case 2:writelcd_cmd(0x80+12);writelcd_dat('T');writelcd_dat('U');writelcd_dat('E');break;
  51   2                case 3:writelcd_cmd(0x80+12);writelcd_dat('W');writelcd_dat('E');writelcd_dat('N');break;
  52   2                  case 4:writelcd_cmd(0x80+12);writelcd_dat('T');writelcd_dat('H');writelcd_dat('U');break;
  53   2                        case 5:writelcd_cmd(0x80+12);writelcd_dat('F');writelcd_dat('R');writelcd_dat('I');break;
  54   2                          case 6:writelcd_cmd(0x80+12);writelcd_dat('S');writelcd_dat('A');writelcd_dat('T');break;
  55   2                                case 7:writelcd_cmd(0x80+12);writelcd_dat('S');writelcd_dat('U');writelcd_dat('N');break;
C51 COMPILER V9.01   MAIN                                                                  11/23/2012 21:35:31 PAGE 2   

  56   2        }
  57   1      }
  58          
  59          void settime()  //系统时间设定函数
  60          {
  61   1       if(key4num==0)
  62   1        {      if(key1==0)
  63   2               {
  64   3                       delay(10);
  65   3                       if(key1==0)
  66   3                       {
  67   4                                while(key1==0);
  68   4                               
  69   4                                key1num++;
  70   4                                switch(key1num)
  71   4                                {
  72   5                                case 1:writelcd_cmd(0xc0+11);writelcd_cmd(0x0f);break;
  73   5                                case 2:writelcd_cmd(0xc0+10);writelcd_cmd(0x0f);break;
  74   5                                case 3:writelcd_cmd(0xc0+8);writelcd_cmd(0x0f);break;
  75   5                                case 4:writelcd_cmd(0xc0+7);writelcd_cmd(0x0f);break;
  76   5                                case 5:writelcd_cmd(0xc0+5);writelcd_cmd(0x0f);break;
  77   5                                case 6:writelcd_cmd(0xc0+4);writelcd_cmd(0x0f);break;
  78   5                                case 7:writelcd_cmd(0x80+14);writelcd_cmd(0x0f);break;
  79   5                                case 8:writelcd_cmd(0x80+10);writelcd_cmd(0x0f);break;
  80   5                                case 9:writelcd_cmd(0x80+9);writelcd_cmd(0x0f);break;
  81   5                                case 10:writelcd_cmd(0x80+7);writelcd_cmd(0x0f);break;
  82   5                                case 11:writelcd_cmd(0x80+6);writelcd_cmd(0x0f);break;
  83   5                                case 12:writelcd_cmd(0x80+4);writelcd_cmd(0x0f);break;
  84   5                                case 13:writelcd_cmd(0x80+3);writelcd_cmd(0x0f);break;
  85   5                              default:key1num=0;writelcd_cmd(0x0c);break;
  86   5                                }
  87   4                      }
  88   3              }
  89   2      
  90   2      
  91   2      
  92   2              if(key1num!=0)
  93   2              {   
  94   3                      if(key2==0)
  95   3                      {
  96   4                              delay(10);
  97   4                              if(key2==0)
  98   4                                      {
  99   5                                        while(key2==0);
 100   5                                        switch(key1num)
 101   5                                                {
 102   6                                                case 1:miao=miao+1;if(miao>=60)miao=miao-60;writetime(10,miao);writelcd_cmd(0xc0+11);break;
 103   6                                                case 2:miao=miao+10;if(miao>=60)miao=miao-60;writetime(10,miao);writelcd_cmd(0xc0+10);break;
 104   6                                                case 3:fen=fen+1;if(fen>=60)fen=fen-60;writetime(7,fen);writelcd_cmd(0xc0+8);break;
 105   6                                                case 4:fen=fen+10;if(fen>=60)fen=fen-60;writetime(7,fen);writelcd_cmd(0xc0+7);break;
 106   6                                                case 5:shi=shi+1;if(shi>=24)shi=shi-24;writetime(4,shi);writelcd_cmd(0xc0+5);break;
 107   6                                                case 6:shi=shi+10;if(shi>=24)shi=shi%10;writetime(4,shi);writelcd_cmd(0xc0+4);break;
 108   6                                                case 7:day=day+1;if(day>7)day=day-7;writeday(day);writelcd_cmd(0x80+14);break;
 109   6                                                case 8:ri=ri+1;if(ri>31)ri=ri-31;writedate(9,ri);writelcd_cmd(0x80+10);break;
 110   6                                                case 9:ri=ri+10;if(ri>31)ri=ri%10;writedate(9,ri);writelcd_cmd(0x80+9);break;
 111   6                                                case 10:yue=yue+1;if(yue>12)yue=yue-12;writedate(6,yue);writelcd_cmd(0x80+7);break;
 112   6                                                case 11:yue=yue+10;if(yue>12)yue=yue%10;writedate(6,yue);writelcd_cmd(0x80+6);break;
 113   6                                                case 12:nian=nian+1;writedate(3,nian);writelcd_cmd(0x80+4);break;
 114   6                                                case 13:nian=nian+10;writedate(3,nian);writelcd_cmd(0x80+3);break;
 115   6                                              default:break;
 116   6                                           }
 117   5                                  }
C51 COMPILER V9.01   MAIN                                                                  11/23/2012 21:35:31 PAGE 3   

 118   4                  }
 119   3      
 120   3                if(key3==0)
 121   3                {
 122   4                delay(10);
 123   4                if(key3==0)
 124   4                {
 125   5                  while(key3==0);
 126   5                                        switch(key1num)
 127   5                                                {
 128   6                                                case 1:miao=miao-1;if(miao<0)miao=miao+60;writetime(10,miao);writelcd_cmd(0xc0+11);break;
 129   6                                                case 2:miao=miao-10;if(miao<0)miao=miao+60;writetime(10,miao);writelcd_cmd(0xc0+10);break;
 130   6                                                case 3:fen=fen-1;if(fen<0)fen=fen+60;writetime(7,fen);writelcd_cmd(0xc0+8);break;
 131   6                                                case 4:fen=fen-10;if(fen<0)fen=fen+60;writetime(7,fen);writelcd_cmd(0xc0+7);break;
 132   6                                                case 5:shi=shi-1;if(shi<0)shi=shi+24;writetime(4,shi);writelcd_cmd(0xc0+5);break;
 133   6                                                case 6:shi=shi-10;if(shi<0)shi=shi+30;if(shi>=24)shi=shi-10;writetime(4,shi);writelcd_cmd(0xc0+4);b
             -reak;
 134   6                                                case 7:day=day-1;if(day<0)day=day+7;writeday(day);writelcd_cmd(0x80+14);break;
 135   6                                                case 8:ri=ri-1;if(ri<0)ri=31;writedate(9,ri);writelcd_cmd(0x80+10);break;
 136   6                                                case 9:ri=ri-10;if(ri<0)ri=ri+30;writedate(9,ri);writelcd_cmd(0x80+9);break;
 137   6                                                case 10:yue=yue-1;if(yue<0)yue=yue+12;writedate(6,yue);writelcd_cmd(0x80+7);break;
 138   6                                                case 11:yue=yue-10;if(yue<0)yue=yue+10;writedate(6,yue);writelcd_cmd(0x80+6);break;
 139   6                                                case 12:nian=nian-1;writedate(3,nian);writelcd_cmd(0x80+4);break;
 140   6                                                case 13:nian=nian-10;writedate(3,nian);writelcd_cmd(0x80+3);break;
 141   6                                              default:break;
 142   6                                           }
 143   5                }
 144   4                }
 145   3              writeds(0,miao);
 146   3              writeds(2,fen);
 147   3              writeds(4,shi);
 148   3              writeds(6,day);
 149   3              writeds(7,ri);
 150   3              writeds(8,yue);
 151   3              writeds(9,nian);
 152   3         }
 153   2         }
 154   1      }
 155          
 156          void alarmoff()//按任意键关闭闹铃函数
 157          {
 158   1      
 159   1      if(flag==1)
 160   1      {
 161   2      if(key1==0||key2==0||key3==0||key4==0)
 162   2      {
 163   3      delay(10);
 164   3      if(key1==0||key2==0||key3==0||key4==0)
 165   3      {
 166   4      while(key1==0||key2==0||key3==0||key4==0)
 167   4      flag=0;TR1=0;lcd_init();
 168   4      }
 169   3      }
 170   2      }
 171   1      
 172   1      }
 173          
 174          void setalarm()//设定闹钟函数
 175          {
 176   1      uchar i;
 177   1      if(key1num==0)
 178   1      {
C51 COMPILER V9.01   MAIN                                                                  11/23/2012 21:35:31 PAGE 4   

 179   2       if(key4==0)
 180   2      {
 181   3      delay(10);
 182   3      if(key4==0)
 183   3      {
 184   4      while(key4==0);
 185   4      writelcd_cmd(0x80);
 186   4      for(i=0;i<16;i++)
 187   4      {
 188   5      writelcd_dat(t3[i]);
 189   5      }
 190   4      key4num++;
 191   4      if(key4num!=0)
 192   4      {
 193   5              amiao=readds(1);
 194   5                      afen=readds(3);
 195   5                      ashi=readds(5);
 196   5                      writetime(10,amiao);
 197   5                      writetime(7,afen);
 198   5                      writetime(4,ashi);
 199   5      }
 200   4       switch(key4num)
 201   4       {
 202   5                    case 1:writelcd_cmd(0xc0+11);writelcd_cmd(0x0e);break;
 203   5                                case 2:writelcd_cmd(0xc0+10);writelcd_cmd(0x0e);break;
 204   5                                case 3:writelcd_cmd(0xc0+8);writelcd_cmd(0x0e);break;
 205   5                                case 4:writelcd_cmd(0xc0+7);writelcd_cmd(0x0e);break;
 206   5                                case 5:writelcd_cmd(0xc0+5);writelcd_cmd(0x0e);break;
 207   5                                case 6:writelcd_cmd(0xc0+4);writelcd_cmd(0x0e);break;
 208   5                      default:key4num=0;lcd_init();break;
 209   5       }
 210   4      }
 211   3      }
 212   2      if(key4num!=0)
 213   2              {   
 214   3                      if(key2==0)
 215   3                      {
 216   4                              delay(10);
 217   4                              if(key2==0)
 218   4                                      {
 219   5                                        while(key2==0);
 220   5                                        switch(key4num)
 221   5                                                {
 222   6                                                case 1:amiao=amiao+1;if(amiao>=60)amiao=amiao-60;writetime(10,amiao);writelcd_cmd(0xc0+11);break;
 223   6                                                case 2:amiao=amiao+10;if(amiao>=60)amiao=amiao-60;writetime(10,amiao);writelcd_cmd(0xc0+10);break;
 224   6                                                case 3:afen=afen+1;if(afen>=60)afen=afen-60;writetime(7,afen);writelcd_cmd(0xc0+8);break;
 225   6                                                case 4:afen=afen+10;if(afen>=60)afen=afen-60;writetime(7,afen);writelcd_cmd(0xc0+7);break;
 226   6                                                case 5:ashi=ashi+1;if(ashi>=24)ashi=ashi-24;writetime(4,ashi);writelcd_cmd(0xc0+5);break;
 227   6                                                case 6:ashi=ashi+10;if(ashi>=24)ashi=ashi%10;writetime(4,ashi);writelcd_cmd(0xc0+4);break;
 228   6                                              default:break;
 229   6                                           }
 230   5                                  }
 231   4                  }
 232   3      
 233   3                if(key3==0)
 234   3                {
 235   4                delay(10);
 236   4                if(key3==0)
 237   4                {
 238   5                  while(key3==0);
 239   5                                        switch(key4num)
 240   5                                                {
C51 COMPILER V9.01   MAIN                                                                  11/23/2012 21:35:31 PAGE 5   

 241   6                                                case 1:amiao=amiao-1;if(amiao<0)amiao=amiao+60;writetime(10,amiao);writelcd_cmd(0xc0+11);break;
 242   6                                                case 2:amiao=amiao-10;if(amiao<0)amiao=amiao+60;writetime(10,amiao);writelcd_cmd(0xc0+10);break;
 243   6                                                case 3:afen=afen-1;if(afen<0)afen=afen+60;writetime(7,afen);writelcd_cmd(0xc0+8);break;
 244   6                                                case 4:afen=afen-10;if(afen<0)afen=fen+60;writetime(7,afen);writelcd_cmd(0xc0+7);break;
 245   6                                                case 5:ashi=ashi-1;if(ashi<0)ashi=ashi+24;writetime(4,ashi);writelcd_cmd(0xc0+5);break;
 246   6                                                case 6:ashi=ashi-10;if(ashi<0)ashi=ashi+30;if(ashi>=24)ashi=ashi-10;writetime(4,ashi);writelcd_cmd(
             -0xc0+4);break;
 247   6                                              default:break;
 248   6                                           }
 249   5                }
 250   4                }
 251   3      writealarm(ashi,afen,amiao);
 252   3         }
 253   2         }
 254   1      }
 255          
 256          void keyscan()             //键盘扫描函数
 257          {
 258   1      alarmoff();     //任意键关闭闹铃
 259   1      settime();      //设定时间
 260   1      setalarm();     //设定闹钟函数
 261   1      }
 262          
 263          void alarm()//闹钟函数
 264          {
 265   1      uchar i;
 266   1      TR1=1;
 267   1      writelcd_cmd(0x80);
 268   1       for(i=0;i<16;i++)
 269   1       {
 270   2       writelcd_dat(t4[i]);
 271   2       }
 272   1       writelcd_cmd(0xc0);
 273   1       for(i=0;i<16;i++)
 274   1       {
 275   2       writelcd_dat(t5[i]);
 276   2       }
 277   1      TR1=0;
 278   1      delay(100);
 279   1      }
 280          
 281          
 282          
 283          void main()//主函数部分
 284          {
 285   1      EA=1;
 286   1      EX1=1;
 287   1      IT1=1;
 288   1      ET1=1;
 289   1      TMOD=0X10;
 290   1      TH1=0XFD;
 291   1      TL0=0X81;
 292   1      lcd_init();
 293   1      initds();
 294   1      while(1)
 295   1              {
 296   2              keyscan();
 297   2              if(flag==1)
 298   2              {alarm();}
 299   2      else if(flag==0&&key4num==0&&key1num==0)
 300   2              {
 301   3                      
C51 COMPILER V9.01   MAIN                                                                  11/23/2012 21:35:31 PAGE 6   

 302   3                      miao=readds(0);
 303   3                      fen=readds(2);
 304   3                      shi=readds(4);
 305   3                      day=readds(6);
 306   3                      ri=readds(7);
 307   3                      yue=readds(8);
 308   3                      nian=readds(9);
 309   3                      writetime(10,miao);
 310   3                      writetime(7,fen);
 311   3                      writetime(4,shi);
 312   3                      writeday(day);
 313   3                      writedate(9,ri);
 314   3                      writedate(6,yue);
 315   3                      writedate(3,nian);
 316   3              
 317   3              }
 318   2      
 319   2              }
 320   1      }
 321          
 322          
 323          void exter()interrupt 2 //外部中断1函数部分
 324          {
 325   1       uchar c;
 326   1      flag=1;
 327   1      c=readds(0x0c);
 328   1      }
 329          
 330          void timer1() interrupt 3//定时器1函数部分
 331          {
 332   1      TH1=0XFD;
 333   1      TL0=0X81;
 334   1      speaker=~speaker;
 335   1      }


MODULE INFORMATION:   STATIC OVERLAYABLE
   CODE SIZE        =   2350    ----
   CONSTANT SIZE    =     51    ----
   XDATA SIZE       =   ----    ----
   PDATA SIZE       =   ----    ----
   DATA SIZE        =     13       7
   IDATA SIZE       =   ----    ----
   BIT SIZE         =   ----    ----
END OF MODULE INFORMATION.


C51 COMPILATION COMPLETE.  0 WARNING(S),  0 ERROR(S)
