BL51 BANKED LINKER/LOCATER V4.13                                                        01/02/2020  10:30:17  PAGE 1


BL51 BANKED LINKER/LOCATER V4.13, INVOKED BY:
D:\ÔÆÔÆ\KEIL+UVISION+2+C51°æ\C51\BIN\BL51.EXE Text3.obj TO project3 RAMSIZE (256)


INPUT MODULES INCLUDED:
  Text3.obj (TEXT3)


LINK MAP OF MODULE:  project3 (TEXT3)


            TYPE    BASE      LENGTH    RELOCATION   SEGMENT NAME
            -----------------------------------------------------

            * * * * * * *   D A T A   M E M O R Y   * * * * * * *
            REG     0000H     0008H     ABSOLUTE     "REG BANK 0"

            * * * * * * *   C O D E   M E M O R Y   * * * * * * *
            CODE    0000H     01F2H     ABSOLUTE     



SYMBOL TABLE OF MODULE:  project3 (TEXT3)

  VALUE           TYPE          NAME
  ----------------------------------

  -------         MODULE        TEXT3
  D:00E0H         SYMBOL        ACC
  D:00F0H         SYMBOL        B
  C:0161H         SYMBOL        CLR0
  C:019FH         SYMBOL        DISP
  C:01E9H         SYMBOL        DL1
  C:01E7H         SYMBOL        DL1MS
  C:01EBH         SYMBOL        DL2
  B:00A0H.6       SYMBOL        DUANCUN
  C:01D4H         SYMBOL        ENDOUT
  C:014BH         SYMBOL        HOUR1
  C:0137H         SYMBOL        HOUR_SET
  D:00A8H         SYMBOL        IE
  D:00B8H         SYMBOL        IP
  C:01D7H         SYMBOL        LEDTAB
  C:011AH         SYMBOL        LOOP
  C:0125H         SYMBOL        LOOP1
  C:012DH         SYMBOL        LOOP2
  C:0135H         SYMBOL        LOOP3
  C:01A5H         SYMBOL        LOOP4
  C:0100H         SYMBOL        MAIN
  C:014CH         SYMBOL        MIN_SET
  C:0160H         SYMBOL        MIS1
  D:0080H         SYMBOL        P0
  D:00A0H         SYMBOL        P2
  D:00B0H         SYMBOL        P3
  C:01B6H         SYMBOL        PLAY
  D:00D0H         SYMBOL        PSW
  C:0165H         SYMBOL        PTF0
  C:019AH         SYMBOL        PTF0R
  D:0081H         SYMBOL        SP
BL51 BANKED LINKER/LOCATER V4.13                                                      01/02/2020  10:30:17  PAGE 2


  D:008CH         SYMBOL        TH0
  D:008AH         SYMBOL        TL0
  D:0089H         SYMBOL        TMOD
  B:0088H.4       SYMBOL        TR0
  B:00A0H.7       SYMBOL        WEICUN
  C:0000H         LINE#         2
  C:000BH         LINE#         4
  C:0100H         LINE#         6
  C:0103H         LINE#         7
  C:0106H         LINE#         8
  C:0109H         LINE#         9
  C:010CH         LINE#         10
  C:010FH         LINE#         11
  C:0112H         LINE#         12
  C:0114H         LINE#         13
  C:0117H         LINE#         14
  C:011AH         LINE#         16
  C:011DH         LINE#         17
  C:0120H         LINE#         18
  C:0123H         LINE#         19
  C:0125H         LINE#         21
  C:0128H         LINE#         22
  C:012BH         LINE#         23
  C:012DH         LINE#         25
  C:0130H         LINE#         26
  C:0133H         LINE#         27
  C:0135H         LINE#         29
  C:0137H         LINE#         32
  C:0139H         LINE#         33
  C:013CH         LINE#         34
  C:013EH         LINE#         35
  C:0140H         LINE#         36
  C:0141H         LINE#         37
  C:0143H         LINE#         38
  C:0145H         LINE#         39
  C:0148H         LINE#         40
  C:014BH         LINE#         41
  C:014CH         LINE#         45
  C:014EH         LINE#         46
  C:0151H         LINE#         47
  C:0153H         LINE#         48
  C:0155H         LINE#         49
  C:0156H         LINE#         50
  C:0158H         LINE#         51
  C:015AH         LINE#         52
  C:015DH         LINE#         53
  C:0160H         LINE#         54
  C:0161H         LINE#         55
  C:0162H         LINE#         56
  C:0164H         LINE#         57
  C:0165H         LINE#         59
  C:0167H         LINE#         60
  C:0169H         LINE#         61
  C:016CH         LINE#         62
  C:016FH         LINE#         63
  C:0172H         LINE#         64
  C:0175H         LINE#         65
BL51 BANKED LINKER/LOCATER V4.13                                                      01/02/2020  10:30:17  PAGE 3


  C:0178H         LINE#         66
  C:017AH         LINE#         67
  C:017BH         LINE#         68
  C:017DH         LINE#         69
  C:017EH         LINE#         70
  C:017FH         LINE#         71
  C:0182H         LINE#         72
  C:0184H         LINE#         73
  C:0185H         LINE#         74
  C:0186H         LINE#         75
  C:0188H         LINE#         76
  C:0189H         LINE#         77
  C:018AH         LINE#         78
  C:018DH         LINE#         79
  C:018FH         LINE#         80
  C:0190H         LINE#         81
  C:0191H         LINE#         82
  C:0193H         LINE#         83
  C:0194H         LINE#         84
  C:0195H         LINE#         85
  C:0198H         LINE#         86
  C:019AH         LINE#         87
  C:019CH         LINE#         88
  C:019EH         LINE#         89
  C:019FH         LINE#         95
  C:01A1H         LINE#         96
  C:01A3H         LINE#         97
  C:01A5H         LINE#         98
  C:01A6H         LINE#         99
  C:01A9H         LINE#         100
  C:01AAH         LINE#         101
  C:01ACH         LINE#         102
  C:01ADH         LINE#         103
  C:01AEH         LINE#         104
  C:01AFH         LINE#         105
  C:01B0H         LINE#         106
  C:01B2H         LINE#         107
  C:01B4H         LINE#         108
  C:01B6H         LINE#         109
  C:01B7H         LINE#         110
  C:01B9H         LINE#         111
  C:01BBH         LINE#         112
  C:01BDH         LINE#         113
  C:01BEH         LINE#         114
  C:01C1H         LINE#         115
  C:01C2H         LINE#         116
  C:01C4H         LINE#         117
  C:01C6H         LINE#         118
  C:01C8H         LINE#         119
  C:01CBH         LINE#         120
  C:01CCH         LINE#         121
  C:01CDH         LINE#         122
  C:01D0H         LINE#         123
  C:01D1H         LINE#         124
  C:01D2H         LINE#         125
  C:01D4H         LINE#         126
  C:01D6H         LINE#         127
BL51 BANKED LINKER/LOCATER V4.13                                                      01/02/2020  10:30:17  PAGE 4


  C:01E7H         LINE#         147
  C:01E9H         LINE#         148
  C:01EBH         LINE#         149
  C:01EDH         LINE#         150
  C:01EFH         LINE#         151
  -------         ENDMOD        TEXT3

LINK/LOCATE RUN COMPLETE.  0 WARNING(S),  0 ERROR(S)
