C51 COMPILER V8.02   INT0INT1                                                              08/03/2011 18:53:01 PAGE 1   


C51 COMPILER V8.02, COMPILATION OF MODULE INT0INT1
OBJECT MODULE PLACED IN INT0INT1.OBJ
COMPILER INVOKED BY: C:\Keil\C51\BIN\C51.EXE INT0INT1.C BROWSE DEBUG OBJECTEXTEND

line level    source

   1          /*
   2          *INT0与INT1中断计数*
   3          */
   4          #include<reg51.h>
   5          typedef unsigned char uint8;
   6          typedef unsigned int uint16;
   7          
   8          sbit K3 = P3^4;
   9          sbit K4 = P3^5;
  10          
  11          void delay(uint16 x)
  12          {
  13   1              uint16 i,j;
  14   1              for(i = x; i > 0; i --)
  15   1                      for(j = 114; j > 0; j --);              
  16   1      }
  17          
  18          
  19          code uint8  LED_CODE[] = {0xC0,0xF9,0xA4,0xB0,0x99,0x92,0x82,0xF8,0x80,0x90,0xFF};
  20          
  21          code uint8 Scan_BITs[]= {0x20,0x10,0x08,0x04,0x02,0x01};
  22          
  23          uint8 Buffer_Counts[]={0,0,0,0,0,0};
  24          
  25          uint16 Count_A=0, Count_B=0;
  26          
  27          void Show_Counts()
  28          {
  29   1              uint8 i;
  30   1              Buffer_Counts[2] = Count_A / 100;
  31   1              Buffer_Counts[1] = Count_A % 100 /10;
  32   1              Buffer_Counts[0] = Count_A % 10;        
  33   1              if(Buffer_Counts[2] == 0)
  34   1              {
  35   2                      Buffer_Counts[2] = 10;
  36   2                      if(Buffer_Counts[1] == 0)       Buffer_Counts[1] = 10;          
  37   2              }
  38   1      
  39   1              Buffer_Counts[5] = Count_B / 100;
  40   1              Buffer_Counts[4] = Count_B % 100 /10;
  41   1              Buffer_Counts[3] = Count_B % 10;        
  42   1              if(Buffer_Counts[5] == 0)
  43   1              {
  44   2                      Buffer_Counts[5] = 10;
  45   2                      if(Buffer_Counts[4]==0) Buffer_Counts[4] = 10;
  46   2              }
  47   1              for(i = 0;i < 6;i ++)
  48   1              {
  49   2                      P0 = 0xFF;
  50   2                      P1 = Scan_BITs[i];
  51   2                      P0 = LED_CODE[Buffer_Counts[i]];
  52   2                      delay(2);
  53   2              }
  54   1      }
  55          
C51 COMPILER V8.02   INT0INT1                                                              08/03/2011 18:53:01 PAGE 2   

  56          void main()
  57          {
  58   1              IP  = 0x05;
  59   1              IT0 = 1;
  60   1              IT1 = 1;
  61   1              IE  = 0x85;
  62   1              while(1)
  63   1              {
  64   2                      if(K3 == 0) Count_A = 0;
  65   2                      if(K4 == 0) Count_B = 0;
  66   2                      Show_Counts();
  67   2              }
  68   1      }
  69          
  70          void ISR0() interrupt 0
  71          {
  72   1              Count_A++;
  73   1      }
  74          
  75          void ISR1() interrupt 2
  76          {
  77   1              Count_B++;
  78   1      }


MODULE INFORMATION:   STATIC OVERLAYABLE
   CODE SIZE        =    254    ----
   CONSTANT SIZE    =     17    ----
   XDATA SIZE       =   ----    ----
   PDATA SIZE       =   ----    ----
   DATA SIZE        =     10    ----
   IDATA SIZE       =   ----    ----
   BIT SIZE         =   ----    ----
END OF MODULE INFORMATION.


C51 COMPILATION COMPLETE.  0 WARNING(S),  0 ERROR(S)
