C51 COMPILER V8.02   开筥縚制报__                                                        08/02/2011 10:08:32 PAGE 1   


C51 COMPILER V8.02, COMPILATION OF MODULE 开筥縚制报__
OBJECT MODULE PLACED IN 开关控制报警器.OBJ
COMPILER INVOKED BY: C:\Keil\C51\BIN\C51.EXE 开关控制报警器.C BROWSE DEBUG OBJECTEXTEND

line level    source

   1          /*
   2          *继电器控制照明设备*
   3          */
   4          #include <reg51.h>
   5          typedef unsigned char uint8;
   6          typedef unsigned int uint16;
   7          
   8          #define K1_DOWN()                   ((P1  & 0x08) == 0x08)                      
   9          #define SPK()                           (P3 ^= 0x01)                    
  10          
  11          void BUZZER(uint8 t)
  12          {
  13   1              uint8 i,j;
  14   1              for(i = 0; i < 200; i ++)
  15   1              {
  16   2                      SPK();
  17   2                      for(j=0;j<t;j++);
  18   2              }
  19   1      }
  20          
  21          void main()
  22          {
  23   1              while(1)
  24   1              {
  25   2                      if(K1_DOWN())
  26   2                      {
  27   3                              BUZZER(90);
  28   3                              BUZZER(120);
  29   3                      }
  30   2              }
  31   1      }


MODULE INFORMATION:   STATIC OVERLAYABLE
   CODE SIZE        =     37    ----
   CONSTANT SIZE    =   ----    ----
   XDATA SIZE       =   ----    ----
   PDATA SIZE       =   ----    ----
   DATA SIZE        =   ----    ----
   IDATA SIZE       =   ----    ----
   BIT SIZE         =   ----    ----
END OF MODULE INFORMATION.


C51 COMPILATION COMPLETE.  0 WARNING(S),  0 ERROR(S)
