Added Component: Designator=C1(电解电容)
Added Component: Designator=C2(瓷片电容)
Added Component: Designator=C3(瓷片电容)
Added Component: Designator=C4(瓷片电容)
Added Component: Designator=D1(发光二极管)
Added Component: Designator=D2(发光二极管)
Added Component: Designator=J1(电源接头)
Added Component: Designator=L1(开关)
Added Component: Designator=LS1(蜂鸣器)
Added Component: Designator=P1(LCD1602液晶)
Added Component: Designator=P2(4P座)
Added Component: Designator=P3(下载器)
Added Component: Designator=Q1(三极管)
Added Component: Designator=R1(电阻)
Added Component: Designator=R2(电阻)
Added Component: Designator=R3(电阻)
Added Component: Designator=R4(电阻)
Added Component: Designator=S1(按键)
Added Component: Designator=S2(按键)
Added Component: Designator=S3(按键)
Added Component: Designator=S4(按键)
Added Component: Designator=U1(51单片机)
Added Component: Designator=Y1(晶振)
Added Pin To Net: NetName=VCC Pin=C1-1
Added Pin To Net: NetName=GND Pin=C1-2
Added Pin To Net: NetName=GND Pin=C2-1
Added Pin To Net: NetName=VCC Pin=C2-2
Added Pin To Net: NetName=GND Pin=C3-1
Added Pin To Net: NetName=X1 Pin=C3-2
Added Pin To Net: NetName=GND Pin=C4-1
Added Pin To Net: NetName=X2 Pin=C4-2
Added Pin To Net: NetName=VCC Pin=D1-1
Added Pin To Net: NetName=NetD1_2 Pin=D1-2
Added Pin To Net: NetName=VCC Pin=D2-1
Added Pin To Net: NetName=NetD2_2 Pin=D2-2
Added Pin To Net: NetName=NetJ1_1 Pin=J1-1
Added Pin To Net: NetName=GND Pin=J1-2
Added Pin To Net: NetName=GND Pin=J1-2
Added Pin To Net: NetName=NetJ1_1 Pin=L1-2
Added Pin To Net: NetName=VCC Pin=L1-4
Added Pin To Net: NetName=NetLS1_1 Pin=LS1-1
Added Pin To Net: NetName=GND Pin=LS1-2
Added Pin To Net: NetName=GND Pin=P1-1
Added Pin To Net: NetName=VCC Pin=P1-2
Added Pin To Net: NetName=NetP1_3 Pin=P1-3
Added Pin To Net: NetName=P10 Pin=P1-4
Added Pin To Net: NetName=P11 Pin=P1-5
Added Pin To Net: NetName=P12 Pin=P1-6
Added Pin To Net: NetName=P00 Pin=P1-7
Added Pin To Net: NetName=P01 Pin=P1-8
Added Pin To Net: NetName=P02 Pin=P1-9
Added Pin To Net: NetName=P03 Pin=P1-10
Added Pin To Net: NetName=P04 Pin=P1-11
Added Pin To Net: NetName=P05 Pin=P1-12
Added Pin To Net: NetName=P06 Pin=P1-13
Added Pin To Net: NetName=P07 Pin=P1-14
Added Pin To Net: NetName=VCC Pin=P1-15
Added Pin To Net: NetName=GND Pin=P1-16
Added Pin To Net: NetName=GND Pin=P2-1
Added Pin To Net: NetName=ECHO Pin=P2-2
Added Pin To Net: NetName=TRIG Pin=P2-3
Added Pin To Net: NetName=VCC Pin=P2-4
Added Pin To Net: NetName=GND Pin=P3-1
Added Pin To Net: NetName=TX Pin=P3-2
Added Pin To Net: NetName=RX Pin=P3-3
Added Pin To Net: NetName=VCC Pin=Q1-1
Added Pin To Net: NetName=NetQ1_2 Pin=Q1-2
Added Pin To Net: NetName=NetLS1_1 Pin=Q1-3
Added Pin To Net: NetName=GND Pin=R1-1
Added Pin To Net: NetName=NetP1_3 Pin=R1-2
Added Pin To Net: NetName=GND Pin=R2-1
Added Pin To Net: NetName=NetD1_2 Pin=R2-2
Added Pin To Net: NetName=P21 Pin=R3-1
Added Pin To Net: NetName=NetD2_2 Pin=R3-2
Added Pin To Net: NetName=P20 Pin=R4-1
Added Pin To Net: NetName=NetQ1_2 Pin=R4-2
Added Pin To Net: NetName=GND Pin=S1-1
Added Pin To Net: NetName=GND Pin=S1-1
Added Pin To Net: NetName=P13 Pin=S1-2
Added Pin To Net: NetName=P13 Pin=S1-2
Added Pin To Net: NetName=GND Pin=S2-1
Added Pin To Net: NetName=GND Pin=S2-1
Added Pin To Net: NetName=P14 Pin=S2-2
Added Pin To Net: NetName=P14 Pin=S2-2
Added Pin To Net: NetName=GND Pin=S3-1
Added Pin To Net: NetName=GND Pin=S3-1
Added Pin To Net: NetName=P15 Pin=S3-2
Added Pin To Net: NetName=P15 Pin=S3-2
Added Pin To Net: NetName=GND Pin=S4-1
Added Pin To Net: NetName=GND Pin=S4-1
Added Pin To Net: NetName=P15 Pin=S4-2
Added Pin To Net: NetName=P15 Pin=S4-2
Added Pin To Net: NetName=P10 Pin=U1-1
Added Pin To Net: NetName=P11 Pin=U1-2
Added Pin To Net: NetName=P12 Pin=U1-3
Added Pin To Net: NetName=P13 Pin=U1-4
Added Pin To Net: NetName=P14 Pin=U1-5
Added Pin To Net: NetName=P15 Pin=U1-6
Added Pin To Net: NetName=RX Pin=U1-10
Added Pin To Net: NetName=TX Pin=U1-11
Added Pin To Net: NetName=ECHO Pin=U1-16
Added Pin To Net: NetName=TRIG Pin=U1-17
Added Pin To Net: NetName=X2 Pin=U1-18
Added Pin To Net: NetName=X1 Pin=U1-19
Added Pin To Net: NetName=GND Pin=U1-20
Added Pin To Net: NetName=P20 Pin=U1-21
Added Pin To Net: NetName=P21 Pin=U1-22
Added Pin To Net: NetName=P07 Pin=U1-32
Added Pin To Net: NetName=P06 Pin=U1-33
Added Pin To Net: NetName=P05 Pin=U1-34
Added Pin To Net: NetName=P04 Pin=U1-35
Added Pin To Net: NetName=P03 Pin=U1-36
Added Pin To Net: NetName=P02 Pin=U1-37
Added Pin To Net: NetName=P01 Pin=U1-38
Added Pin To Net: NetName=P00 Pin=U1-39
Added Pin To Net: NetName=VCC Pin=U1-40
Added Pin To Net: NetName=X1 Pin=Y1-1
Added Pin To Net: NetName=X2 Pin=Y1-2
Added Member To Class: ClassName=基于51单片机超声波测距系统 Member=Component C1 47uF
Added Member To Class: ClassName=基于51单片机超声波测距系统 Member=Component C2 104
Added Member To Class: ClassName=基于51单片机超声波测距系统 Member=Component C3 22pF
Added Member To Class: ClassName=基于51单片机超声波测距系统 Member=Component C4 22pF
Added Member To Class: ClassName=基于51单片机超声波测距系统 Member=Component D1 LED
Added Member To Class: ClassName=基于51单片机超声波测距系统 Member=Component D2 LED
Added Member To Class: ClassName=基于51单片机超声波测距系统 Member=Component J1 PWR2.5
Added Member To Class: ClassName=基于51单片机超声波测距系统 Member=Component L1 电源开关
Added Member To Class: ClassName=基于51单片机超声波测距系统 Member=Component LS1 Speaker
Added Member To Class: ClassName=基于51单片机超声波测距系统 Member=Component P1 1602
Added Member To Class: ClassName=基于51单片机超声波测距系统 Member=Component P2 Header 4
Added Member To Class: ClassName=基于51单片机超声波测距系统 Member=Component P3 程序下载接口
Added Member To Class: ClassName=基于51单片机超声波测距系统 Member=Component Q1 8550
Added Member To Class: ClassName=基于51单片机超声波测距系统 Member=Component R1 3K
Added Member To Class: ClassName=基于51单片机超声波测距系统 Member=Component R2 10K
Added Member To Class: ClassName=基于51单片机超声波测距系统 Member=Component R3 1K
Added Member To Class: ClassName=基于51单片机超声波测距系统 Member=Component R4 100
Added Member To Class: ClassName=基于51单片机超声波测距系统 Member=Component S1 
Added Member To Class: ClassName=基于51单片机超声波测距系统 Member=Component S2 
Added Member To Class: ClassName=基于51单片机超声波测距系统 Member=Component S3 
Added Member To Class: ClassName=基于51单片机超声波测距系统 Member=Component S4 
Added Member To Class: ClassName=基于51单片机超声波测距系统 Member=Component U1 STC89C51
Added Member To Class: ClassName=基于51单片机超声波测距系统 Member=Component Y1 11.0592MHz
Added Room: Name=基于51单片机超声波测距系统
