C51 COMPILER V9.54   ________                                                              04/24/2018 09:52:23 PAGE 1   


C51 COMPILER V9.54, COMPILATION OF MODULE ________
OBJECT MODULE PLACED IN 小车前进.OBJ
COMPILER INVOKED BY: D:\keil5\C51\BIN\C51.EXE 小车前进.c OPTIMIZE(8,SPEED) BROWSE DEBUG OBJECTEXTEND TABS(2)

line level    source

   1          #include<AT89x51.H>
   2          //p10;p11接in1,in2      p12,p13接in3,in4
   3          #include<intrins.h>
   4          #define Left_moto_pwm   P1_1   
   5          #define Left_moto_pwm1    P1_3
   6          #define Left_moto_go      {P1_0=1,P1_1=0,P1_2=1,P1_3=0;}    
   7          #define Left_moto_Stop    {P1_0=0,P1_1=0,P1_2=0,P1_3=0;}                       
   8          typedef unsigned char uint8;
   9          typedef unsigned int uint16;
  10          typedef unsigned long uint32;
  11          unsigned char i;  
  12          sbit rs=P2^6;
  13          sbit rw=P2^5;
  14          sbit e=P2^7;
  15          sbit dq=P3^7;
  16          sbit K1=P3^0;//低速
  17          sbit K2=P3^1;//中速
  18          sbit K3=P3^2;//高速
  19          sbit q=P3^3;//按下为自动
  20          unsigned char pwm_val_left  =0;//变量定义
  21          unsigned char push_val_left =0;// 电机占空比N/10
  22          bit Left_moto_stop =1;
  23          unsigned  int  time=0;
  24          uint8 d[16]="   tempertury   ";
  25          uint8 num[10]="0123456789";
  26          uint8 a,c,temp;
  27            uint8 b;
  28          
  29          void delay(uint16 i)
  30          {
  31   1        while(i--);
  32   1      }
  33          
  34          //void delay(unsigned int k)
  35          //{    
  36          //     unsigned int x,y;
  37          //   for(x=0;x<k;x++) 
  38          //     for(y=0;y<2000;y++);
  39          //}
  40          void wrc(uint8 c)
  41          {
  42   1        delay(1000);
  43   1        rs=0;
  44   1        rw=0;
  45   1        e=0;
  46   1        P0=c;
  47   1        e=1;
  48   1        delay(10);
  49   1        e=0;
  50   1      }
  51          void wrd(uint8 dat)
  52          {
  53   1        delay(1000);
  54   1        rs=1;
  55   1        rw=0;
C51 COMPILER V9.54   ________                                                              04/24/2018 09:52:23 PAGE 2   

  56   1        e=0;
  57   1        P0=dat;
  58   1        e=1;
  59   1        delay(10);
  60   1        e=0;
  61   1        rs=0;
  62   1      }
  63          void lcdinit()
  64          {
  65   1        delay(1000);
  66   1        wrc(0x38);
  67   1        wrc(0x38);
  68   1        wrc(0x38);
  69   1        wrc(0x06);
  70   1        wrc(0x0c);
  71   1        wrc(0x01);
  72   1      }
  73          void ds18b20init()    //18b20的初始化
  74          {
  75   1        dq=1;
  76   1        delay(1);
  77   1        dq=0;
  78   1        delay(80);
  79   1        dq=1;
  80   1        delay(5);
  81   1        dq=0;
  82   1        delay(20);
  83   1        dq=1;
  84   1        delay(35);
  85   1      }
  86          void ds18b20wr(uint8 dat)   //18b20写数据
  87          {
  88   1        uint8 i;
  89   1        for(i=0;i<8;i++)
  90   1        {
  91   2          dq=0;
  92   2          dq=dat&0x01;
  93   2          dat>>=1;
  94   2          delay(8);//在时序上只有这一块对时序要求最准确，他的时间必须大于15us
  95   2          dq=1;
  96   2          delay(1);
  97   2        } 
  98   1      }
  99          uint8 ds18b20rd()     //18b20读数据
 100          {
 101   1        uint8 value,i;
 102   1        for(i=0;i<8;i++)  
 103   1        {
 104   2          dq=0;
 105   2          value>>=1;
 106   2          dq=1;
 107   2          if(dq==1)value|=0x80;
 108   2          delay(8);//在这一块也对时间要求特别准确，整段程序必须大于60us   
 109   2        }
 110   1        return value;
 111   1      }
 112          uint8 readtemp()        //读取温度内需要复位的
 113          {
 114   1      
 115   1        ds18b20init();    //初始化
 116   1        ds18b20wr(0xcc);   //发送忽略ROM指令
 117   1        ds18b20wr(0x44);   //发送温度转换指令
C51 COMPILER V9.54   ________                                                              04/24/2018 09:52:23 PAGE 3   

 118   1        delay(100);
 119   1        ds18b20init();     //初始化
 120   1        ds18b20wr(0xcc);   //发送忽略ROM指令
 121   1        ds18b20wr(0xbe);   //发读暂存器指令
 122   1        a=ds18b20rd();   //温度的低八位
 123   1        b=ds18b20rd();   //温度的高八位
 124   1        b<<=4;       //ssss s***；s为标志位s=0表示温度值为正数，s=1温度值为负数
 125   1        c=b&0x80;   //温度正负标志位确认
 126   1        b+=(a&0xf0)>>4;
 127   1        a=a&0x0f;   //温度的小数部分
 128   1        return b;
 129   1      }
 130          
 131          void display()
 132          {
 133   1        uint16 i,k;
 134   1        float dio;
 135   1        dio=a*0.0625;
 136   1        k=dio*10000;//取小数点后两位有效数字
 137   1        wrc(0x80+0x00);
 138   1        for(i=0;i<16;i++)
 139   1        {
 140   2          wrd(d[i]);
 141   2        }
 142   1        wrc(0x80+0x43);
 143   1        if(c==0x80) //读取到负温度即为补码，要将其转换成源码
 144   1        {
 145   2          wrd('-');
 146   2          temp=temp-1;
 147   2          temp=(~temp)|0x80;//负数的补码即为反码+1；而负数的反码为其源码取反，除了符号位；正数的补码等于正数的反码
             -等于正数的源码
 148   2        } 
 149   1        else
 150   1        {
 151   2          wrd('+');
 152   2          temp=(temp);
 153   2        }     
 154   1        wrd(num[temp/100]);
 155   1        wrd(num[temp%100/10]);
 156   1        wrd(num[temp%100%10]);
 157   1        wrd('.');
 158   1        wrd(num[k/1000]);
 159   1        wrd(num[k%1000/100]);
 160   1        wrd(0xdf);
 161   1        wrd('C');
 162   1      }
 163          //void buzidong()
 164          //{
 165          //if(K1==0)
 166          //{delay(200);
 167          //if(K1==0)
 168          //i=7;}
 169          //if(K2==0)
 170          //{delay(200);
 171          //if(K2==0)
 172          //i=5;}
 173          //if(K3==0)
 174          //{delay(200);
 175          //if(K3==0)
 176          //i=0;}
 177          
 178          //}
C51 COMPILER V9.54   ________                                                              04/24/2018 09:52:23 PAGE 4   

 179          //void zidong()
 180          //{ if(q==0&&20<temp<26) //速度1
 181          //  { 
 182          //    delay(10);
 183          //  if(q==0&&20<temp<26) 
 184          //          push_val_left=8; 
 185          //      }
 186          //    else if(q==0&&26<temp<28) //速度2
 187          //    { 
 188          //      delay(10);  
 189          //      if(q==0&&26<temp<28)   
 190          //          push_val_left=5; 
 191          //    }
 192          //  else  if(q==0&&28<temp<35) //速度3
 193          //  {
 194          //    delay(10);   
 195          //    if(q==0&&28<temp<35) 
 196          //        push_val_left=0;
 197          //   }
 198          //  }
 199          void  run(void)
 200          {
 201   1         if(K1==0)
 202   1        {
 203   2          delay(10);
 204   2          if(K1==0)
 205   2            push_val_left=8;
 206   2        }
 207   1        else if(K2==0)
 208   1        {
 209   2              delay(10);
 210   2              if(K2==0)
 211   2              push_val_left=5;
 212   2        }  
 213   1        else if(K3==0)
 214   1        {
 215   2          delay(10);
 216   2          if(K3==0)
 217   2          push_val_left=0;
 218   2        }
 219   1        if((q==0)&&(temp<28)) //速度1
 220   1        { 
 221   2          delay(10);
 222   2      //  if((q==0)&&(22<temp<30)) 
 223   2                push_val_left=4; 
 224   2          }
 225   1          else if((q==0)&&(28<temp&&temp<30)) //速度2
 226   1          { 
 227   2            delay(10);  
 228   2      //      if((q==0)&&(30<temp<35))   
 229   2                push_val_left=2; 
 230   2          }
 231   1        else  if(q==0&&30<temp&&temp<40) //速度3
 232   1        {
 233   2      //    delay(10);   
 234   2      //    if(q==0&&35<temp<40) 
 235   2              push_val_left=0;
 236   2         }
 237   1           }
 238          
 239          void pwm_out_left_moto(void)
 240          {  
C51 COMPILER V9.54   ________                                                              04/24/2018 09:52:23 PAGE 5   

 241   1           if(pwm_val_left<=push_val_left)
 242   1          {
 243   2               Left_moto_pwm=1; 
 244   2               Left_moto_pwm1=1; 
 245   2           }
 246   1          else 
 247   1            {
 248   2                 Left_moto_pwm=0;
 249   2               Left_moto_pwm1=0; 
 250   2             }
 251   1          if(pwm_val_left>=10)
 252   1               pwm_val_left=0;
 253   1         
 254   1      
 255   1      }
 256          
 257          
 258           void timer0()interrupt 1   using 2
 259          {
 260   1           TH0=0XFc;    
 261   1         TL0=0X18;
 262   1         time++;
 263   1         pwm_val_left++;
 264   1      
 265   1         pwm_out_left_moto();
 266   1      
 267   1       }  
 268          
 269          void main(void)
 270          {
 271   1        lcdinit();
 272   1         
 273   1        TMOD=0X01;
 274   1        TH0= 0XFc;      //1ms定时
 275   1        TL0= 0X18;
 276   1        TR0= 1;
 277   1        ET0= 1;
 278   1        EA = 1;
 279   1        
 280   1      //       run( );   //PWM调速前进
 281   1        Left_moto_go ;   
 282   1        while(1)              /*无限循环*/
 283   1        { 
 284   2          
 285   2      //    display( );
 286   2         temp=readtemp();
 287   2           display( );
 288   2           run( );  
 289   2      //    buzidong( );
 290   2      //     zidong( );
 291   2      //  
 292   2          
 293   2        
 294   2         }
 295   1      }
 296            


MODULE INFORMATION:   STATIC OVERLAYABLE
   CODE SIZE        =    700    ----
   CONSTANT SIZE    =   ----    ----
   XDATA SIZE       =   ----    ----
C51 COMPILER V9.54   ________                                                              04/24/2018 09:52:23 PAGE 6   

   PDATA SIZE       =   ----    ----
   DATA SIZE        =     35       6
   IDATA SIZE       =   ----    ----
   BIT SIZE         =      1    ----
END OF MODULE INFORMATION.


C51 COMPILATION COMPLETE.  0 WARNING(S),  0 ERROR(S)
