C51 COMPILER V7.50   2                                                                     06/01/2009 01:44:27 PAGE 1   


C51 COMPILER V7.50, COMPILATION OF MODULE 2
OBJECT MODULE PLACED IN 2.OBJ
COMPILER INVOKED BY: d:\Keil\C51\BIN\C51.EXE 2.c BROWSE DEBUG OBJECTEXTEND

line level    source

   1           #include<reg52.h>
   2          #define LCD P0
   3          unsigned char a,i,j,k;
   4          int b;
   5          sbit EN=P2^0;
   6          sbit RW=P2^1;
   7          sbit RS=P2^2;
   8          sbit CS1=P2^3;
   9          sbit CS2=P2^4;
  10          sbit BUSY=P0^0;
  11          void delay(unsigned char a);
  12          unsigned char code ch2[95][16]={
  13          
  14          {0x00,0x00,0x00,0x00,0x00,0x00,0x00,0x00,0x00,0x00,0x00,0x00,0x00,0x00,0x00,0x00},
  15          
  16          {0x00,0x00,0x00,0xF8,0x00,0x00,0x00,0x00,0x00,0x00,0x00,0x33,0x30,0x00,0x00,0x00},
  17          
  18          {0x00,0x10,0x0C,0x06,0x10,0x0C,0x06,0x00,0x00,0x00,0x00,0x00,0x00,0x00,0x00,0x00},
  19          
  20          {0x40,0xC0,0x78,0x40,0xC0,0x78,0x40,0x00,0x04,0x3F,0x04,0x04,0x3F,0x04,0x04,0x00},
  21          
  22          {0x00,0x70,0x88,0xFC,0x08,0x30,0x00,0x00,0x00,0x18,0x20,0xFF,0x21,0x1E,0x00,0x00},
  23          
  24          {0xF0,0x08,0xF0,0x00,0xE0,0x18,0x00,0x00,0x00,0x21,0x1C,0x03,0x1E,0x21,0x1E,0x00},
  25          
  26          {0x00,0xF0,0x08,0x88,0x70,0x00,0x00,0x00,0x1E,0x21,0x23,0x24,0x19,0x27,0x21,0x10},
  27          
  28          {0x00,0x00,0x00,0x00,0x00,0x00,0x00,0x00,0x80,0xB0,0x70,0x00,0x00,0x00,0x00,0x00},
  29          
  30          {0x00,0x00,0x00,0xE0,0x18,0x04,0x02,0x00,0x00,0x00,0x00,0x07,0x18,0x20,0x40,0x00},
  31          
  32          {0x00,0x02,0x04,0x18,0xE0,0x00,0x00,0x00,0x00,0x40,0x20,0x18,0x07,0x00,0x00,0x00},
  33          
  34          {0x40,0x40,0x80,0xF0,0x80,0x40,0x40,0x00,0x02,0x02,0x01,0x0F,0x01,0x02,0x02,0x00},
  35          
  36          {0x00,0x00,0x00,0xF0,0x00,0x00,0x00,0x00,0x01,0x01,0x01,0x1F,0x01,0x01,0x01,0x00},
  37          
  38          {0x10,0x16,0x0E,0x00,0x00,0x00,0x00,0x00,0x00,0x00,0x00,0x00,0x00,0x00,0x00,0x00},
  39          
  40          {0x00,0x00,0x00,0x00,0x00,0x00,0x00,0x00,0x00,0x01,0x01,0x01,0x01,0x01,0x01,0x01},
  41          
  42          {0x00,0x00,0x00,0x00,0x00,0x00,0x00,0x00,0x00,0x30,0x30,0x00,0x00,0x00,0x00,0x00},
  43          
  44          {0x00,0x00,0x00,0x00,0x80,0x60,0x18,0x04,0x00,0x60,0x18,0x06,0x01,0x00,0x00,0x00},
  45          
  46          {0x00,0xE0,0x10,0x08,0x08,0x10,0xE0,0x00,0x00,0x0F,0x10,0x20,0x20,0x10,0x0F,0x00},
  47          
  48          {0x00,0x10,0x10,0xF8,0x00,0x00,0x00,0x00,0x00,0x20,0x20,0x3F,0x20,0x20,0x00,0x00},
  49          
  50          {0x00,0x70,0x08,0x08,0x08,0x88,0x70,0x00,0x00,0x30,0x28,0x24,0x22,0x21,0x30,0x00},
  51          
  52          {0x00,0x30,0x08,0x88,0x88,0x48,0x30,0x00,0x00,0x18,0x20,0x20,0x20,0x11,0x0E,0x00},
  53          
  54          {0x00,0x00,0xC0,0x20,0x10,0xF8,0x00,0x00,0x00,0x07,0x04,0x24,0x24,0x3F,0x24,0x00},
  55          
C51 COMPILER V7.50   2                                                                     06/01/2009 01:44:27 PAGE 2   

  56          {0x00,0xF8,0x08,0x88,0x88,0x08,0x08,0x00,0x00,0x19,0x21,0x20,0x20,0x11,0x0E,0x00},
  57          
  58          {0x00,0xE0,0x10,0x88,0x88,0x18,0x00,0x00,0x00,0x0F,0x11,0x20,0x20,0x11,0x0E,0x00},
  59          
  60          {0x00,0x38,0x08,0x08,0xC8,0x38,0x08,0x00,0x00,0x00,0x00,0x3F,0x00,0x00,0x00,0x00},
  61          
  62          {0x00,0x70,0x88,0x08,0x08,0x88,0x70,0x00,0x00,0x1C,0x22,0x21,0x21,0x22,0x1C,0x00},
  63          
  64          {0x00,0xE0,0x10,0x08,0x08,0x10,0xE0,0x00,0x00,0x00,0x31,0x22,0x22,0x11,0x0F,0x00},
  65          
  66          {0x00,0x00,0x00,0xC0,0xC0,0x00,0x00,0x00,0x00,0x00,0x00,0x30,0x30,0x00,0x00,0x00},
  67          
  68          {0x00,0x00,0x00,0x80,0x00,0x00,0x00,0x00,0x00,0x00,0x80,0x60,0x00,0x00,0x00,0x00},
  69          
  70          {0x00,0x00,0x80,0x40,0x20,0x10,0x08,0x00,0x00,0x01,0x02,0x04,0x08,0x10,0x20,0x00},
  71          
  72          {0x40,0x40,0x40,0x40,0x40,0x40,0x40,0x00,0x04,0x04,0x04,0x04,0x04,0x04,0x04,0x00},
  73          
  74          {0x00,0x08,0x10,0x20,0x40,0x80,0x00,0x00,0x00,0x20,0x10,0x08,0x04,0x02,0x01,0x00},
  75          
  76          {0x00,0x70,0x48,0x08,0x08,0x08,0xF0,0x00,0x00,0x00,0x00,0x30,0x36,0x01,0x00,0x00},
  77          
  78          {0xC0,0x30,0xC8,0x28,0xE8,0x10,0xE0,0x00,0x07,0x18,0x27,0x24,0x23,0x14,0x0B,0x00},
  79          
  80          {0x00,0x00,0xC0,0x38,0xE0,0x00,0x00,0x00,0x20,0x3C,0x23,0x02,0x02,0x27,0x38,0x20},
  81          
  82          {0x08,0xF8,0x88,0x88,0x88,0x70,0x00,0x00,0x20,0x3F,0x20,0x20,0x20,0x11,0x0E,0x00},
  83          
  84          {0xC0,0x30,0x08,0x08,0x08,0x08,0x38,0x00,0x07,0x18,0x20,0x20,0x20,0x10,0x08,0x00},
  85          
  86          {0x08,0xF8,0x08,0x08,0x08,0x10,0xE0,0x00,0x20,0x3F,0x20,0x20,0x20,0x10,0x0F,0x00},
  87          
  88          {0x08,0xF8,0x88,0x88,0xE8,0x08,0x10,0x00,0x20,0x3F,0x20,0x20,0x23,0x20,0x18,0x00},
  89          
  90          {0x08,0xF8,0x88,0x88,0xE8,0x08,0x10,0x00,0x20,0x3F,0x20,0x00,0x03,0x00,0x00,0x00},
  91          
  92          {0xC0,0x30,0x08,0x08,0x08,0x38,0x00,0x00,0x07,0x18,0x20,0x20,0x22,0x1E,0x02,0x00},
  93          
  94          {0x08,0xF8,0x08,0x00,0x00,0x08,0xF8,0x08,0x20,0x3F,0x21,0x01,0x01,0x21,0x3F,0x20},
  95          
  96          {0x00,0x08,0x08,0xF8,0x08,0x08,0x00,0x00,0x00,0x20,0x20,0x3F,0x20,0x20,0x00,0x00},
  97          
  98          {0x00,0x00,0x08,0x08,0xF8,0x08,0x08,0x00,0xC0,0x80,0x80,0x80,0x7F,0x00,0x00,0x00},
  99          
 100          {0x08,0xF8,0x88,0xC0,0x28,0x18,0x08,0x00,0x20,0x3F,0x20,0x01,0x26,0x38,0x20,0x00},
 101          
 102          {0x08,0xF8,0x08,0x00,0x00,0x00,0x00,0x00,0x20,0x3F,0x20,0x20,0x20,0x20,0x30,0x00},
 103          
 104          {0x08,0xF8,0xF8,0x00,0xF8,0xF8,0x08,0x00,0x20,0x3F,0x00,0x3F,0x00,0x3F,0x20,0x00},
 105          
 106          {0x08,0xF8,0x30,0xC0,0x00,0x08,0xF8,0x08,0x20,0x3F,0x20,0x00,0x07,0x18,0x3F,0x00},
 107          
 108          {0xE0,0x10,0x08,0x08,0x08,0x10,0xE0,0x00,0x0F,0x10,0x20,0x20,0x20,0x10,0x0F,0x00},
 109          
 110          {0x08,0xF8,0x08,0x08,0x08,0x08,0xF0,0x00,0x20,0x3F,0x21,0x01,0x01,0x01,0x00,0x00},
 111          
 112          {0xE0,0x10,0x08,0x08,0x08,0x10,0xE0,0x00,0x0F,0x18,0x24,0x24,0x38,0x50,0x4F,0x00},
 113          
 114          {0x08,0xF8,0x88,0x88,0x88,0x88,0x70,0x00,0x20,0x3F,0x20,0x00,0x03,0x0C,0x30,0x20},
 115          
 116          {0x00,0x70,0x88,0x08,0x08,0x08,0x38,0x00,0x00,0x38,0x20,0x21,0x21,0x22,0x1C,0x00},
 117          
C51 COMPILER V7.50   2                                                                     06/01/2009 01:44:27 PAGE 3   

 118          {0x18,0x08,0x08,0xF8,0x08,0x08,0x18,0x00,0x00,0x00,0x20,0x3F,0x20,0x00,0x00,0x00},
 119          
 120          {0x08,0xF8,0x08,0x00,0x00,0x08,0xF8,0x08,0x00,0x1F,0x20,0x20,0x20,0x20,0x1F,0x00},
 121          
 122          {0x08,0x78,0x88,0x00,0x00,0xC8,0x38,0x08,0x00,0x00,0x07,0x38,0x0E,0x01,0x00,0x00},
 123          
 124          {0xF8,0x08,0x00,0xF8,0x00,0x08,0xF8,0x00,0x03,0x3C,0x07,0x00,0x07,0x3C,0x03,0x00},
 125          
 126          {0x08,0x18,0x68,0x80,0x80,0x68,0x18,0x08,0x20,0x30,0x2C,0x03,0x03,0x2C,0x30,0x20},
 127          
 128          {0x08,0x38,0xC8,0x00,0xC8,0x38,0x08,0x00,0x00,0x00,0x20,0x3F,0x20,0x00,0x00,0x00},
 129          
 130          {0x10,0x08,0x08,0x08,0xC8,0x38,0x08,0x00,0x20,0x38,0x26,0x21,0x20,0x20,0x18,0x00},
 131          
 132          {0x00,0x00,0x00,0xFE,0x02,0x02,0x02,0x00,0x00,0x00,0x00,0x7F,0x40,0x40,0x40,0x00},
 133          
 134          {0x00,0x0C,0x30,0xC0,0x00,0x00,0x00,0x00,0x00,0x00,0x00,0x01,0x06,0x38,0xC0,0x00},
 135          
 136          {0x00,0x02,0x02,0x02,0xFE,0x00,0x00,0x00,0x00,0x40,0x40,0x40,0x7F,0x00,0x00,0x00},
 137          
 138          {0x00,0x00,0x04,0x02,0x02,0x02,0x04,0x00,0x00,0x00,0x00,0x00,0x00,0x00,0x00,0x00},
 139          
 140          {0x00,0x00,0x00,0x00,0x00,0x00,0x00,0x00,0x80,0x80,0x80,0x80,0x80,0x80,0x80,0x80},
 141          
 142          {0x00,0x02,0x02,0x04,0x00,0x00,0x00,0x00,0x00,0x00,0x00,0x00,0x00,0x00,0x00,0x00},
 143          
 144          {0x00,0x00,0x80,0x80,0x80,0x80,0x00,0x00,0x00,0x19,0x24,0x22,0x22,0x22,0x3F,0x20},
 145          
 146          {0x08,0xF8,0x00,0x80,0x80,0x00,0x00,0x00,0x00,0x3F,0x11,0x20,0x20,0x11,0x0E,0x00},
 147          
 148          {0x00,0x00,0x00,0x80,0x80,0x80,0x00,0x00,0x00,0x0E,0x11,0x20,0x20,0x20,0x11,0x00},
 149          
 150          {0x00,0x00,0x00,0x80,0x80,0x88,0xF8,0x00,0x00,0x0E,0x11,0x20,0x20,0x10,0x3F,0x20},
 151          
 152          {0x00,0x00,0x80,0x80,0x80,0x80,0x00,0x00,0x00,0x1F,0x22,0x22,0x22,0x22,0x13,0x00},
 153          
 154          {0x00,0x80,0x80,0xF0,0x88,0x88,0x88,0x18,0x00,0x20,0x20,0x3F,0x20,0x20,0x00,0x00},
 155          
 156          {0x00,0x00,0x80,0x80,0x80,0x80,0x80,0x00,0x00,0x6B,0x94,0x94,0x94,0x93,0x60,0x00},
 157          
 158          {0x08,0xF8,0x00,0x80,0x80,0x80,0x00,0x00,0x20,0x3F,0x21,0x00,0x00,0x20,0x3F,0x20},
 159          
 160          {0x00,0x80,0x98,0x98,0x00,0x00,0x00,0x00,0x00,0x20,0x20,0x3F,0x20,0x20,0x00,0x00},
 161          
 162          {0x00,0x00,0x00,0x80,0x98,0x98,0x00,0x00,0x00,0xC0,0x80,0x80,0x80,0x7F,0x00,0x00},
 163          
 164          {0x08,0xF8,0x00,0x00,0x80,0x80,0x80,0x00,0x20,0x3F,0x24,0x02,0x2D,0x30,0x20,0x00},
 165          
 166          {0x00,0x08,0x08,0xF8,0x00,0x00,0x00,0x00,0x00,0x20,0x20,0x3F,0x20,0x20,0x00,0x00},
 167          
 168          {0x80,0x80,0x80,0x80,0x80,0x80,0x80,0x00,0x20,0x3F,0x20,0x00,0x3F,0x20,0x00,0x3F},
 169          
 170          {0x80,0x80,0x00,0x80,0x80,0x80,0x00,0x00,0x20,0x3F,0x21,0x00,0x00,0x20,0x3F,0x20},
 171          
 172          {0x00,0x00,0x80,0x80,0x80,0x80,0x00,0x00,0x00,0x1F,0x20,0x20,0x20,0x20,0x1F,0x00},
 173          
 174          {0x80,0x80,0x00,0x80,0x80,0x00,0x00,0x00,0x80,0xFF,0xA1,0x20,0x20,0x11,0x0E,0x00},
 175          
 176          {0x00,0x00,0x00,0x80,0x80,0x80,0x80,0x00,0x00,0x0E,0x11,0x20,0x20,0xA0,0xFF,0x80},
 177          
 178          {0x80,0x80,0x80,0x00,0x80,0x80,0x80,0x00,0x20,0x20,0x3F,0x21,0x20,0x00,0x01,0x00},
 179          
C51 COMPILER V7.50   2                                                                     06/01/2009 01:44:27 PAGE 4   

 180          {0x00,0x00,0x80,0x80,0x80,0x80,0x80,0x00,0x00,0x33,0x24,0x24,0x24,0x24,0x19,0x00},
 181          
 182          {0x00,0x80,0x80,0xE0,0x80,0x80,0x00,0x00,0x00,0x00,0x00,0x1F,0x20,0x20,0x00,0x00},
 183          
 184          {0x80,0x80,0x00,0x00,0x00,0x80,0x80,0x00,0x00,0x1F,0x20,0x20,0x20,0x10,0x3F,0x20},
 185          
 186          {0x80,0x80,0x80,0x00,0x00,0x80,0x80,0x80,0x00,0x01,0x0E,0x30,0x08,0x06,0x01,0x00},
 187          
 188          {0x80,0x80,0x00,0x80,0x00,0x80,0x80,0x80,0x0F,0x30,0x0C,0x03,0x0C,0x30,0x0F,0x00},
 189          
 190          {0x00,0x80,0x80,0x00,0x80,0x80,0x80,0x00,0x00,0x20,0x31,0x2E,0x0E,0x31,0x20,0x00},
 191          
 192          {0x80,0x80,0x80,0x00,0x00,0x80,0x80,0x80,0x80,0x81,0x8E,0x70,0x18,0x06,0x01,0x00},
 193          
 194          {0x00,0x80,0x80,0x80,0x80,0x80,0x80,0x00,0x00,0x21,0x30,0x2C,0x22,0x21,0x30,0x00},
 195          
 196          {0x00,0x00,0x00,0x00,0x80,0x7C,0x02,0x02,0x00,0x00,0x00,0x00,0x00,0x3F,0x40,0x40},
 197          
 198          {0x00,0x00,0x00,0x00,0xFF,0x00,0x00,0x00,0x00,0x00,0x00,0x00,0xFF,0x00,0x00,0x00},
 199          
 200          {0x00,0x02,0x02,0x7C,0x80,0x00,0x00,0x00,0x00,0x40,0x40,0x3F,0x00,0x00,0x00,0x00},
 201          
 202          {0x00,0x06,0x01,0x01,0x02,0x02,0x04,0x04,0x00,0x00,0x00,0x00,0x00,0x00,0x00,0x00},
 203          
 204          };
 205          
 206          unsigned char code XUEXIAO[12][16]={
 207          {0x00,0x20,0x64,0x8C,0x60,0x00,0xE8,0x28,0x28,0xE8,0x28,0x08,0xF8,0x08,0x04,0x00},
 208          {0x00,0x00,0x3C,0x03,0x00,0x00,0x07,0x02,0x02,0x03,0x00,0x20,0x3F,0x00,0x00,0x00},/*"河",0*/
 209          
 210          {0x00,0x08,0xE8,0x28,0x28,0x68,0xA8,0x3E,0x2A,0xE8,0x68,0x28,0x28,0xE8,0x00,0x00},
 211          {0x00,0x00,0x3F,0x00,0x05,0x05,0x05,0x3F,0x05,0x05,0x05,0x25,0x20,0x1F,0x00,0x00},/*"南",1*/
 212          
 213          {0x00,0x00,0x88,0xF8,0x88,0x44,0x88,0xFC,0x24,0x24,0xFC,0x24,0x24,0xFC,0x00,0x00},
 214          {0x00,0x10,0x08,0x0F,0x08,0x24,0x24,0x25,0x25,0x25,0x3F,0x25,0x25,0x24,0x20,0x00},/*"理",2*/
 215          
 216          {0x00,0x00,0x00,0x08,0x08,0x08,0x08,0xF8,0x08,0x08,0x08,0x08,0x08,0x04,0x00,0x00},
 217          {0x00,0x00,0x10,0x10,0x10,0x10,0x10,0x1F,0x10,0x10,0x10,0x10,0x10,0x10,0x10,0x00},/*"工",3*/
 218          
 219          {0x00,0x00,0x20,0x20,0x20,0x20,0x20,0xFE,0xE2,0x20,0x20,0x20,0x20,0x20,0x00,0x00},
 220          {0x00,0x40,0x20,0x20,0x10,0x08,0x06,0x01,0x01,0x02,0x04,0x08,0x10,0x30,0x00,0x00},/*"大",4*/
 221          
 222          {0x00,0x40,0x70,0xA2,0xAC,0xA8,0xA2,0xAC,0xA8,0x90,0xA8,0xA6,0x62,0x20,0x10,0x00},
 223          {0x00,0x00,0x04,0x04,0x04,0x04,0x24,0x3E,0x03,0x04,0x04,0x04,0x04,0x02,0x00,0x00},/*"学",5*/
 224          };
 225          unsigned char code XUEYUAN[16][16]={
 226          
 227          
 228          {0x00,0x40,0x40,0xC2,0x4C,0x40,0x40,0x40,0x40,0x40,0xFE,0x40,0x40,0x40,0x00,0x00},
 229          {0x00,0x00,0x00,0x1F,0x10,0x0C,0x04,0x00,0x00,0x00,0x3F,0x00,0x00,0x00,0x00,0x00},/*"计",0*/
 230          
 231          {0x00,0x30,0x08,0x64,0xAA,0xD8,0xA8,0xA4,0xA8,0xA4,0xAA,0xF8,0x18,0x04,0x04,0x00},
 232          {0x00,0x48,0x48,0x49,0x2A,0x1E,0x0A,0x0A,0x0A,0x0A,0x3E,0x0B,0x08,0x08,0x00,0x00},/*"算",1*/
 233          
 234          {0x00,0x00,0x20,0xFE,0xA2,0x90,0x90,0xF8,0x04,0x04,0x04,0xFC,0x04,0x00,0x00,0x00},
 235          {0x00,0x04,0x03,0x7F,0x00,0x20,0x11,0x0F,0x00,0x00,0x00,0x1F,0x20,0x20,0x3C,0x00},/*"机",2*/
 236          
 237          {0x00,0x20,0x24,0xA4,0xFC,0xA2,0x22,0x20,0x40,0x98,0x00,0x00,0xFE,0x00,0x00,0x00},
 238          {0x00,0x04,0x02,0x01,0x3F,0x00,0x01,0x04,0x04,0x05,0x04,0x02,0x3F,0x02,0x01,0x00},/*"科",3*/
 239          
 240          {0x00,0x40,0x70,0xA2,0xAC,0xA8,0xA2,0xAC,0xA8,0x90,0xA8,0xA6,0x62,0x20,0x10,0x00},
 241          {0x00,0x00,0x04,0x04,0x04,0x04,0x24,0x3E,0x03,0x04,0x04,0x04,0x04,0x02,0x00,0x00},/*"学",4*/
C51 COMPILER V7.50   2                                                                     06/01/2009 01:44:27 PAGE 5   

 242          
 243          {0x00,0x00,0x00,0x00,0xFC,0x92,0x90,0x90,0x90,0x90,0x90,0x90,0x90,0x88,0x00,0x00},
 244          {0x00,0x00,0x04,0x04,0x04,0x04,0x04,0x04,0x04,0x04,0x22,0x20,0x1E,0x01,0x00,0x00},/*"与",5*/
 245          
 246          {0x00,0x10,0x10,0x7C,0x92,0x90,0x90,0x90,0x90,0x90,0x7E,0x90,0x90,0x90,0x00,0x00},
 247          {0x00,0x01,0x21,0x3F,0x00,0x00,0x20,0x20,0x23,0x14,0x08,0x14,0x23,0x20,0x20,0x00},/*"技",6*/
 248          
 249          {0x00,0x00,0x20,0x20,0x20,0x20,0xE0,0xFE,0x22,0xE0,0x20,0x24,0x28,0x10,0x00,0x00},
 250          {0x00,0x10,0x08,0x04,0x02,0x01,0x00,0x7F,0x00,0x00,0x01,0x06,0x04,0x08,0x08,0x00},/*"术",7*/
 251          };
 252          unsigned char code xi[12][16]={
 253          {0x00,0x40,0x70,0xA2,0xAC,0xA8,0xA2,0xAC,0xA8,0x90,0xA8,0xA6,0x62,0x20,0x10,0x00},
 254          {0x00,0x00,0x04,0x04,0x04,0x04,0x24,0x3E,0x03,0x04,0x04,0x04,0x04,0x02,0x00,0x00},/*"学",0*/
 255          
 256          {0x00,0x00,0xFC,0x24,0x5C,0x84,0x18,0x08,0x48,0x4A,0x44,0x48,0x38,0x88,0x08,0x00},
 257          {0x00,0x00,0x3F,0x04,0x04,0x27,0x21,0x11,0x0F,0x01,0x01,0x3F,0x21,0x20,0x30,0x00},/*"院",1*/
 258          
 259          {0x00,0x40,0x40,0xC2,0x4C,0x40,0x40,0x40,0x40,0x40,0xFE,0x40,0x40,0x40,0x00,0x00},
 260          {0x00,0x00,0x00,0x1F,0x10,0x0C,0x04,0x00,0x00,0x00,0x3F,0x00,0x00,0x00,0x00,0x00},/*"计",2*/
 261          
 262          {0x00,0x30,0x08,0x64,0xAA,0xD8,0xA8,0xA4,0xA8,0xA4,0xAA,0xF8,0x18,0x04,0x04,0x00},
 263          {0x00,0x48,0x48,0x49,0x2A,0x1E,0x0A,0x0A,0x0A,0x0A,0x3E,0x0B,0x08,0x08,0x00,0x00},/*"算",3*/
 264          
 265          {0x00,0x00,0x20,0xFE,0xA2,0x90,0x90,0xF8,0x04,0x04,0x04,0xFC,0x04,0x00,0x00,0x00},
 266          {0x00,0x04,0x03,0x7F,0x00,0x20,0x11,0x0F,0x00,0x00,0x00,0x1F,0x20,0x20,0x3C,0x00},/*"机",4*/
 267          
 268          {0x00,0x00,0x04,0x04,0x24,0xB4,0xB4,0x6C,0x24,0x24,0x12,0x12,0x82,0x02,0x00,0x00},
 269          {0x00,0x20,0x10,0x11,0x09,0x05,0x21,0x61,0x3F,0x01,0x01,0x05,0x09,0x1B,0x10,0x00},/*"系",5*/
 270          };
 271          
 272           char code zi0[8][64]={
 273          0x00,0x00,0x00,0x00,0x00,0x00,0x00,0x00,
 274          0x00,0x00,0x00,0x00,0x00,0x00,0x00,0x00,
 275          0x00,0x00,0x00,0x80,0xC0,0xC0,0xE0,0xF0,
 276          0xFC,0xFE,0xFC,0xFE,0xFF,0xFE,0xFE,0xFF,
 277          0xFF,0xFC,0xFF,0xFF,0xFE,0xFC,0xFC,0xF8,
 278          0xF0,0xF0,0xF0,0xE0,0xE0,0xC0,0xC0,0x80,
 279          0x00,0x00,0x00,0x00,0x00,0x00,0x00,0x00,
 280          0x00,0x00,0x00,0x00,0x00,0x00,0x00,0x00,
 281          0x00,0x00,0x00,0x00,0x00,0x00,0x00,0x00,
 282          0x00,0x00,0x00,0x00,0x00,0x00,0xE0,0xF8,
 283          0xFC,0xFE,0xFF,0xFF,0xFF,0x7F,0x7F,0x7F,
 284          0x7F,0x7F,0x7F,0x3F,0x3F,0x3F,0x3F,0x3F,
 285          0x7F,0x3F,0x7F,0x3F,0x3F,0x3F,0x3F,0x3F,
 286          0x3F,0x3F,0x3F,0x7F,0x7F,0x7F,0x7F,0xFF,
 287          0xFF,0xFE,0xFC,0xF8,0xE0,0x80,0x00,0x00,
 288          0x00,0x00,0x00,0x00,0x00,0x00,0x00,0x00,
 289          0x00,0x00,0x00,0x00,0x00,0x00,0x00,0x00,
 290          0x00,0x00,0x00,0x00,0xF8,0xFF,0xFF,0xCF,
 291          0x63,0x60,0x60,0x60,0x60,0x60,0x60,0x60,
 292          0x60,0x60,0x60,0x60,0xC0,0x80,0x00,0x00,
 293          0x00,0x00,0x00,0x00,0x80,0xC0,0x60,0x60,
 294          0x60,0x60,0x60,0x60,0x60,0x60,0x60,0x60,
 295          0x61,0x63,0xCF,0xFF,0xFF,0xFF,0xE0,0x00,
 296          0x00,0x00,0x00,0x00,0x00,0x00,0x00,0x00,
 297          0x00,0x00,0x00,0x00,0x00,0x00,0x00,0x00,
 298          0x00,0x00,0x00,0xF0,0x0F,0xFF,0x1F,0x30,
 299          0x20,0x40,0x40,0x40,0x40,0x40,0x40,0x40,
 300          0x40,0x40,0x40,0x40,0x20,0x11,0x0F,0x02,
 301          0x01,0x01,0x02,0x0F,0x11,0x20,0x40,0x40,
 302          0x40,0x40,0x40,0x40,0x40,0x40,0x40,0x40,
 303          0x40,0x20,0x30,0x1F,0xFF,0x0F,0xF7,0x00,
C51 COMPILER V7.50   2                                                                     06/01/2009 01:44:27 PAGE 6   

 304          0x00,0x00,0x00,0x00,0x00,0x00,0x00,0x00,
 305          0x00,0x00,0x00,0x00,0x00,0x00,0x00,0x00,
 306          0x00,0x00,0x00,0x0F,0x10,0x3F,0xC0,0x00,
 307          0x00,0x00,0x00,0x00,0x00,0x00,0x00,0x00,
 308          0x00,0x00,0x00,0x00,0x00,0x00,0x00,0x10,
 309          0x00,0x00,0x10,0x00,0x00,0x20,0x50,0x50,
 310          0x50,0x50,0x90,0x08,0x08,0x08,0x08,0x08,
 311          0x08,0x10,0x10,0x10,0x1F,0x10,0x2F,0x20,
 312          0x20,0x40,0x80,0x00,0x00,0x00,0x00,0x00,
 313          0x00,0x00,0x00,0x00,0x00,0x00,0x00,0x00,
 314          0x00,0x00,0x00,0x00,0x00,0x00,0x03,0x0C,
 315          0x30,0x40,0x80,0x00,0x00,0x00,0x00,0x00,
 316          0x00,0x00,0x00,0x00,0x00,0x00,0x00,0x0E,
 317          0x01,0x01,0x0E,0x00,0x00,0x02,0x05,0x05,
 318          0x05,0x05,0x08,0x10,0x20,0x20,0x20,0xA0,
 319          0x50,0x30,0x20,0xC0,0x00,0x00,0x00,0x00,
 320          0x00,0x00,0x00,0x01,0x06,0xF8,0x00,0x00,
 321          0x00,0x00,0x00,0x00,0x00,0x00,0x00,0x00,
 322          0x00,0x00,0x00,0x00,0x00,0x00,0x00,0x00,
 323          0x00,0x80,0x80,0x41,0xC2,0x44,0xC4,0x48,
 324          0x48,0xC8,0x48,0x50,0x50,0x30,0x10,0x00,
 325          0x00,0x00,0x00,0x10,0x10,0x30,0xD0,0x48,
 326          0xC8,0x48,0xC8,0x64,0xA4,0x62,0xA1,0x10,
 327          0x08,0x04,0x03,0x00,0x00,0x00,0x00,0x00,
 328          0x00,0x00,0x00,0xC0,0x30,0x0F,0x00,0x00,
 329          0x00,0x00,0x00,0x00,0x00,0x00,0x00,0x00,
 330          0x80,0xF0,0xB0,0x58,0xA8,0x44,0xAA,0x45,
 331          0xAB,0x44,0xAA,0x44,0xAA,0x44,0xAA,0x44,
 332          0xAA,0x45,0xAA,0x44,0xA8,0x48,0xA8,0x48,
 333          0xA8,0x48,0xA8,0x44,0xAA,0x45,0xAA,0x44,
 334          0xAA,0x44,0xAA,0x44,0xAA,0x44,0xAA,0x45,
 335          0xAA,0x44,0xA8,0x70,0xC0,0xC0,0x20,0x10,
 336          0x08,0x06,0x01,0x00,0x00,0x00,0x00,0x00};
 337          char code zi1[8][64]={
 338          
 339          0x00,0x00,0x00,0x80,0xC0,0x40,0xA0,0x60,
 340          0xA0,0x60,0xA0,0x40,0x80,0x40,0xA0,0x50,
 341          0xA8,0x54,0x2C,0x16,0x2A,0x15,0x0B,0x15,
 342          0x0B,0x15,0x2A,0x15,0x2A,0x55,0x2A,0x15,
 343          0x2A,0x15,0x2A,0x15,0x0B,0x15,0x0B,0x16,
 344          0x2A,0x54,0xA8,0x58,0xB0,0x60,0xB0,0x58,
 345          0xA8,0x58,0xA8,0x58,0xA8,0x50,0xA0,0xC0,
 346          0x00,0x00,0x00,0x00,0x00,0x00,0x00,0x00,
 347          0x00,0xF8,0xAE,0x55,0xAA,0x55,0xAA,0x55,
 348          0xAA,0xD5,0xFA,0x57,0x2A,0x05,0x00,0x00,
 349          0x20,0x20,0x10,0x10,0x10,0x20,0x20,0x40,
 350          0x00,0x00,0x00,0x00,0x00,0x00,0x00,0x00,
 351          0x00,0x00,0x20,0x10,0x10,0x08,0x08,0x08,
 352          0x10,0x10,0x00,0x01,0x0A,0x15,0xAB,0x7D,
 353          0xEA,0x55,0xAA,0x55,0xAA,0x55,0xAA,0x55,
 354          0xFF,0x00,0x00,0x00,0x00,0x00,0x00,0x00,
 355          0x00,0x07,0x0A,0x15,0x2A,0x35,0x2A,0x35,
 356          0xAA,0x7F,0xEA,0x15,0x00,0x00,0xC0,0x30,
 357          0x08,0xC4,0xE4,0xF4,0xF4,0xE8,0xD8,0x00,
 358          0x00,0x00,0x00,0x00,0x00,0x00,0x00,0x00,
 359          0x00,0x00,0x00,0xD8,0xE8,0xF4,0xF4,0xE4,
 360          0xC4,0x08,0x30,0xC0,0x00,0x00,0x00,0xFD,
 361          0x7F,0xF5,0x6A,0x55,0x2A,0x35,0x1A,0x0D,
 362          0x07,0x00,0x00,0x00,0x00,0x00,0x00,0x00,
 363          0x00,0x00,0x00,0x00,0x00,0x00,0x00,0x00,
 364          0x3F,0x40,0xFF,0x00,0x00,0x00,0x07,0x00,
 365          0x00,0x0F,0x3F,0x7F,0x7F,0x3F,0x1F,0x00,
C51 COMPILER V7.50   2                                                                     06/01/2009 01:44:27 PAGE 7   

 366          0x00,0x00,0x00,0x00,0x00,0x00,0x00,0x00,
 367          0x00,0x00,0x00,0x1F,0x3F,0x7F,0x7F,0x3F,
 368          0x0F,0x00,0x00,0x03,0x00,0x00,0x00,0xFF,
 369          0x40,0x3F,0x00,0x00,0x00,0x00,0x00,0x00,
 370          0x00,0x00,0x00,0x00,0x00,0x00,0x00,0x00,
 371          0x00,0x00,0x00,0x00,0x00,0x00,0x00,0x00,
 372          0x00,0x00,0x00,0x03,0x0C,0x30,0x40,0x80,
 373          0x00,0x00,0x00,0x00,0x00,0x00,0x00,0x00,
 374          0x00,0x00,0x00,0x00,0x00,0x00,0x00,0x00,
 375          0x00,0x00,0x00,0x00,0x00,0x00,0x00,0x00,
 376          0x00,0x00,0x00,0x80,0xC0,0x70,0x1E,0x01,
 377          0x00,0x00,0x00,0x00,0x00,0x00,0x00,0x00,
 378          0x00,0x00,0x00,0x00,0x00,0x00,0x00,0x00,
 379          0x00,0x00,0x00,0x00,0x00,0x00,0x00,0x00,
 380          0x00,0x00,0x00,0x00,0x00,0x00,0x00,0x00,
 381          0x03,0x02,0x04,0x08,0x08,0x10,0x10,0x20,
 382          0x20,0x21,0x41,0xC2,0x42,0x44,0x42,0xC2,
 383          0x41,0x21,0x20,0x20,0x10,0x18,0x08,0x04,
 384          0x04,0x02,0x03,0x01,0x00,0x00,0x00,0x00,
 385          0x00,0x00,0x00,0x00,0x00,0x00,0x00,0x00,
 386          0x00,0x00,0x00,0x00,0x00,0x00,0x00,0x00,
 387          0x00,0x00,0x00,0x00,0x00,0x00,0x00,0x00,
 388          0x00,0x00,0x00,0x00,0x00,0x00,0x00,0x00,
 389          0x00,0x80,0x70,0x08,0x04,0x02,0x02,0x01,
 390          0x01,0x01,0x01,0x07,0x08,0x10,0x08,0x07,
 391          0x01,0x01,0x01,0x01,0x02,0x02,0x04,0x08,
 392          0x70,0x80,0x00,0x00,0x00,0x00,0x00,0x00,
 393          0x00,0x00,0x00,0x00,0x00,0x00,0x00,0x00,
 394          0x00,0x00,0x00,0x00,0x00,0x00,0x00,0x00,
 395          0x00,0x00,0x00,0x00,0x00,0x00,0x00,0x00,
 396          0x00,0x00,0x00,0x00,0x00,0x00,0x00,0x00,
 397          0x00,0x1F,0xE6,0x02,0x02,0x02,0x04,0x38,
 398          0xC0,0x00,0x00,0x00,0x00,0x00,0x00,0x00,
 399          0x00,0x00,0xC0,0x38,0x04,0x02,0x02,0x02,
 400          0xE4,0x1F,0x00,0x00,0x00,0x00,0x00,0x00,
 401          0x00,0x00,0x00,0x00,0x00,0x00,0x00,0x00,
 402          0x00,0x00,0x00,0x00,0x00,0x00,0x00,0x00};
 403          char code ch[8][128]={
 404          0x00,0x00,0x00,0x00,0x00,0x00,0x00,0x00,0x00,0x00,0x00,0x00,0x00,0x00,0x00,0x00,
 405          0x80,0x80,0x00,0xC0,0x00,0x00,0x00,0x66,0x70,0x40,0x80,0xF0,0xF8,0xFC,0xFE,0xFE,
 406          0xFF,0xFF,0xFF,0x7F,0x7F,0x7F,0x7E,0x7E,0x7C,0x70,0xE0,0xE0,0xEF,0xE7,0xC3,0xC2,
 407          0xB3,0x07,0x01,0x01,0x00,0x00,0x00,0x00,0x00,0x00,0x00,0x00,0x00,0x00,0x00,0x00,
 408          0x00,0x00,0x00,0x00,0x00,0x00,0x00,0x00,0x00,0x00,0x00,0x00,0x00,0x00,0x00,0x00,
 409          0x00,0x00,0x00,0x00,0x00,0x00,0x00,0x00,0x00,0x00,0x00,0x00,0x00,0x00,0x00,0x00,
 410          0x00,0x00,0x00,0x00,0x00,0x00,0x00,0x00,0x00,0x00,0x00,0x00,0x00,0x00,0x00,0x00,
 411          0x00,0x00,0x00,0x00,0x00,0x00,0x00,0x00,0x00,0x00,0x00,0x00,0x00,0x00,0x00,0x00,
 412          0x00,0x00,0x00,0x00,0x00,0x00,0x00,0x00,0x00,0x00,0x00,0x00,0x00,0x00,0x00,0x00,
 413          0x80,0x80,0xC3,0xE3,0x72,0x3B,0x1C,0x0E,0x07,0x07,0x0B,0x01,0x03,0x03,0x03,0x8B,
 414          0xC9,0xC8,0xC0,0xE0,0xE0,0xE0,0xC0,0xC0,0x00,0x06,0x00,0x0C,0xB0,0xD0,0xD0,0xD1,
 415          0x83,0x1F,0xFF,0xFF,0xFF,0xFE,0xFE,0x7C,0x00,0x00,0x30,0x00,0x00,0x00,0x00,0x00,
 416          0x00,0x00,0x00,0x00,0x00,0x00,0x00,0x00,0x00,0x00,0x00,0x00,0x00,0x00,0x00,0x00,
 417          0x00,0x00,0x00,0x00,0x00,0x00,0x00,0x00,0x00,0x00,0x00,0x00,0x00,0x00,0x00,0x00,
 418          0x00,0x00,0x00,0x00,0x00,0x00,0x00,0x00,0x00,0x00,0x00,0x00,0x00,0x00,0x00,0x00,
 419          0x00,0x00,0x00,0x00,0x00,0x00,0x00,0x00,0x00,0x00,0x00,0x00,0x00,0x00,0x00,0x00,
 420          0x00,0x00,0x00,0x00,0x00,0x00,0x00,0x38,0x8C,0xE7,0xF0,0xFC,0xFE,0xFE,0xFF,0xFF,
 421          0xFF,0xFF,0xFF,0xFD,0xF0,0xF0,0xE0,0xC0,0x00,0x00,0x00,0x00,0x00,0x0F,0x1F,0x9F,
 422          0xDF,0x9F,0x1F,0x1F,0xCF,0xC7,0xC3,0xC1,0x80,0xE0,0xE8,0xC6,0x1F,0x7F,0xFF,0x7F,
 423          0xBF,0xFF,0xFE,0xFF,0xCF,0xC3,0x81,0x00,0x00,0x00,0x00,0x00,0x00,0x00,0x00,0x00,
 424          0x00,0x00,0x00,0x00,0x00,0x00,0x00,0x00,0x00,0x00,0x00,0x00,0x00,0x00,0x00,0x00,
 425          0x00,0x00,0x00,0x00,0x00,0x00,0x00,0x00,0x00,0x00,0x00,0x00,0x00,0x00,0x00,0x00,
 426          0x00,0x00,0x00,0x00,0x00,0x00,0x00,0x00,0x00,0x00,0x00,0x00,0x00,0x00,0x00,0x00,
 427          0x00,0x00,0x00,0x00,0x00,0x00,0x00,0x00,0x00,0x00,0x00,0x00,0x00,0x00,0x00,0x00,
C51 COMPILER V7.50   2                                                                     06/01/2009 01:44:27 PAGE 8   

 428          0x00,0x00,0x00,0x00,0x80,0xE4,0xFA,0x7C,0x1F,0x0F,0x0F,0x3F,0x7F,0xFF,0xFF,0xFF,
 429          0xFF,0xFF,0xFF,0xFF,0xFF,0xFF,0xFF,0xFF,0xFF,0xDF,0xEF,0xE7,0xF3,0xFB,0xFF,0xFF,
 430          0xFF,0xFF,0xFF,0xF6,0xFE,0xFF,0xDF,0xFF,0xFF,0xFF,0xFF,0xF9,0xF8,0xFC,0xFE,0xFE,
 431          0xFF,0xFF,0xFF,0xFF,0xFF,0xFF,0xFF,0xFF,0xFE,0x7C,0x00,0x00,0x00,0x00,0x00,0x00,
 432          0x00,0x00,0x00,0x00,0x00,0x00,0x00,0x80,0x80,0x80,0x80,0xC0,0xC6,0xC0,0xC0,0xC0,
 433          0xE0,0xE0,0xE0,0xE0,0xE0,0xE0,0xE0,0x70,0x70,0x70,0x74,0x74,0x70,0xE0,0xF0,0xF0,
 434          0xF8,0xF8,0xFC,0xFC,0xFC,0xFC,0xFC,0xF8,0xF0,0xE6,0x86,0x00,0x00,0x00,0x00,0x00,
 435          0x00,0x00,0x00,0x00,0x00,0x00,0x00,0x00,0x00,0x00,0x00,0x00,0x00,0x00,0x00,0x00,
 436          0x00,0x00,0xC2,0xFC,0xFF,0x7F,0x03,0x00,0x00,0x00,0x00,0x00,0x00,0x00,0x02,0x01,
 437          0x13,0x07,0x07,0x0F,0x1F,0x1F,0x3F,0x3F,0x7F,0x7F,0x7F,0xFF,0xFF,0xFF,0xFF,0xFF,
 438          0xFF,0xFF,0xFF,0x7F,0x7F,0x7F,0x3F,0x3F,0x1F,0x1F,0x1F,0x2F,0x9F,0x7F,0x7F,0xFF,
 439          0xFF,0xDF,0x0F,0x1F,0x3F,0x7B,0x71,0xE1,0x00,0xD0,0xE0,0xF0,0xF0,0x30,0x18,0x18,
 440          0x0C,0x0E,0x0E,0x07,0x07,0x07,0x03,0x03,0x01,0x01,0x01,0xE0,0xF8,0xFE,0xFF,0xFF,
 441          0xFF,0xFF,0xFF,0xFF,0xFF,0xFF,0xE3,0x80,0xC1,0xC0,0x00,0xC0,0x00,0x01,0x03,0x03,
 442          0x03,0x01,0x00,0x00,0x00,0x01,0x01,0x01,0x05,0x01,0x03,0x07,0x0F,0x0E,0x3F,0x1C,
 443          0x38,0xF8,0xE0,0xE0,0xE0,0xE0,0xE0,0xE0,0xA0,0x00,0x60,0x00,0x00,0x00,0x00,0x00,
 444          0x00,0x00,0x7F,0xFF,0xFF,0x80,0x00,0x00,0x00,0x00,0x00,0x00,0x60,0x60,0xC0,0xC8,
 445          0xE8,0xEC,0xF4,0xF4,0xF0,0xF0,0xF0,0xF0,0xF0,0xF0,0xF0,0xF8,0xF8,0xF0,0xF0,0xF0,
 446          0xE0,0xC0,0xC0,0x80,0x40,0x40,0x00,0x00,0x00,0x00,0x00,0x00,0x00,0x10,0x00,0x1F,
 447          0x3F,0xFF,0xFF,0xFF,0xFF,0xFF,0xFF,0xFF,0xFF,0x17,0x03,0x00,0x00,0x00,0x00,0x00,
 448          0x00,0x30,0x00,0x00,0x00,0x00,0x00,0x00,0x00,0x81,0xFE,0xFF,0xFF,0xFF,0xFF,0xFF,
 449          0xFF,0xFF,0xFF,0xFF,0xFF,0xFF,0xFF,0xFF,0xFF,0xE3,0x00,0x38,0x7C,0x7C,0xFC,0xFE,
 450          0xFE,0xFE,0x7E,0x7E,0x7C,0x3C,0x1A,0x00,0x80,0xC0,0xE0,0xE0,0xC0,0x00,0x00,0x00,
 451          0xE0,0xF0,0xFD,0x1F,0x0F,0x0F,0x0F,0x0F,0x07,0x00,0x00,0x00,0x00,0x00,0x00,0x00,
 452          0x00,0x00,0x00,0x01,0x0F,0x9F,0x7E,0xF8,0xE0,0xC0,0x00,0x01,0xFE,0xFF,0xFF,0xFF,
 453          0xFF,0xFF,0xFF,0xFF,0xFF,0xFF,0xFF,0xFF,0xFF,0xFF,0xFF,0xFF,0xFF,0xFF,0xFF,0xFF,
 454          0xFF,0xFF,0xFF,0xFF,0xFF,0xFF,0xFF,0xFE,0xFE,0xFC,0xFC,0xFC,0xFC,0xFD,0xFD,0x99,
 455          0x81,0xC0,0xC7,0xCF,0xEF,0x7F,0xFF,0xE7,0x08,0x00,0xC8,0xF0,0xF8,0xFB,0xFB,0xF8,
 456          0xF8,0xF8,0xFC,0xFE,0xFE,0xFE,0xFE,0xFC,0xE0,0x7F,0xFF,0xFF,0xFF,0xFF,0xFF,0xFF,
 457          0xFF,0xFF,0xFF,0xFF,0xFF,0xFF,0xFF,0xFF,0xFF,0x7F,0x7F,0x7F,0x3F,0x3E,0x30,0x70,
 458          0xEE,0xFC,0xFC,0xFC,0xFC,0xFC,0xE8,0xF7,0xFF,0xEF,0xEF,0xFF,0xF7,0xFF,0xFC,0xFE,
 459          0xE7,0x03,0x01,0x00,0x80,0x00,0x00,0x00,0x00,0x00,0x00,0x00,0x00,0x00,0x00,0x00,
 460          0x00,0x00,0x00,0x00,0x00,0x00,0x00,0x00,0x01,0x83,0x87,0x0E,0x0E,0xAD,0x9F,0xBF,
 461          0x3F,0x9F,0xBF,0xBF,0x7F,0x7F,0x7F,0x7F,0x7F,0x7F,0x7F,0x3F,0x3F,0x3F,0x1F,0x1F,
 462          0x1F,0x1F,0x1F,0x0F,0x0F,0x2F,0x2F,0x0F,0x0F,0x0F,0x0F,0x0F,0x07,0x01,0x00,0x01,
 463          0x01,0x01,0x01,0x00,0x00,0x00,0x07,0x0F,0x0E,0x0C,0x1F,0x1F,0x1F,0x1F,0x3F,0x3F,
 464          0x7F,0x7F,0xFF,0xFF,0xFF,0xFF,0xFF,0xFF,0xFF,0xFF,0x7F,0x3B,0xC7,0xCF,0x1F,0x1F,
 465          0x3F,0x3F,0x3F,0x3F,0x3F,0x3F,0x3F,0x3F,0x3F,0x3E,0x3E,0x3D,0x00,0x00,0x00,0xC0,
 466          0xC0,0xE0,0x00,0xC0,0xC1,0x07,0x8F,0x8F,0x9F,0x3F,0x7F,0x7F,0x7F,0x7F,0x7F,0x7F,
 467          0x7F,0x7C,0x7C,0x78,0x10,0x00,0x00,0x00,0x00,0x00,0x00,0x00,0x00,0x00,0x00,0x00,
 468          };
 469          
 470          checkbusy()
 471          { EN=1;
 472   1        RW=1;
 473   1        RS=0;
 474   1        LCD=0XFF;
 475   1        if(BUSY);
 476   1      }
 477          
 478          writecode(unsigned char dat)  //写命令
 479          { checkbusy();
 480   1        EN=1;
 481   1        RW=0;
 482   1        RS=0;
 483   1        LCD=dat;
 484   1        EN=1;
 485   1        EN=0;
 486   1      }
 487          writedata(unsigned char dat)  //写数据
 488          { checkbusy();
 489   1        EN=1;
C51 COMPILER V7.50   2                                                                     06/01/2009 01:44:27 PAGE 9   

 490   1        RW=0;
 491   1        RS=1;
 492   1        LCD=dat;
 493   1        EN=1;
 494   1        EN=0;
 495   1      }
 496          void displayzifu(unsigned char page,unsigned char lineaddress,int n,  unsigned char table[])
 497          {
 498   1       unsigned char  temp[16];
 499   1         if(lineaddress<0X80)
 500   1        {CS1=1;
 501   2        CS2=0;}
 502   1       
 503   1       
 504   1        for(j=0;j<n;j++)
 505   1          {  
 506   2          if(lineaddress>=0X80)
 507   2            {
 508   3            CS1=0;
 509   3              CS2=1;
 510   3             lineaddress=lineaddress-0X40;
 511   3             }
 512   2           b=table[j]-0X20;
 513   2           for(k=0;k<16;k++)
 514   2             {temp[k]=ch2[b][k];}
 515   2      
 516   2              writecode(page);
 517   2              writecode(lineaddress);
 518   2             for(i=0;i<8;i++)
 519   2               { writedata(temp[i]);}
 520   2      
 521   2             writecode(page+1);
 522   2             writecode(lineaddress);
 523   2             for(i=8;i<16;i++)
 524   2              { writedata(temp[i]);}
 525   2        lineaddress+=8;
 526   2      // delay(200);
 527   2      //              delay(200);
 528   2                      delay(200);
 529   2       
 530   2          }
 531   1      }
 532          void clear(unsigned char page,unsigned char lineaddress,int n,  unsigned char table[])
 533          {
 534   1       unsigned char  temp[16];
 535   1         if(lineaddress<0X80)
 536   1        {CS1=1;
 537   2        CS2=0;}
 538   1       
 539   1       
 540   1        for(j=0;j<n;j++)
 541   1          {  
 542   2          if(lineaddress>=0X80)
 543   2            {
 544   3            CS1=0;
 545   3              CS2=1;
 546   3             lineaddress=lineaddress-0X40;
 547   3             }
 548   2           b=table[j]-0X20;
 549   2           for(k=0;k<16;k++)
 550   2             {temp[k]=ch2[b][k];}
 551   2      
C51 COMPILER V7.50   2                                                                     06/01/2009 01:44:27 PAGE 10  

 552   2              writecode(page);
 553   2              writecode(lineaddress);
 554   2             for(i=0;i<8;i++)
 555   2               { writedata(temp[i]);}
 556   2      
 557   2             writecode(page+1);
 558   2             writecode(lineaddress);
 559   2             for(i=8;i<16;i++)
 560   2              { writedata(temp[i]);}
 561   2        lineaddress+=8;
 562   2       delay(20);
 563   2          }
 564   1      }
 565          void displayhanzi(unsigned char page,unsigned char lineaddress,int n,  unsigned char table[][16])
 566          {
 567   1       unsigned char  temp[32];
 568   1         if(lineaddress<0X80)
 569   1        {CS1=1;
 570   2        CS2=0;}//left
 571   1       for(j=0;j<n;j++)
 572   1          { 
 573   2           if(lineaddress>=0X80)
 574   2           {
 575   3           CS1=0;//right
 576   3             CS2=1;
 577   3            lineaddress=lineaddress-0X40;
 578   3           }
 579   2       
 580   2         for(k=0;k<16;k++)
 581   2             {temp[k]=table[j][k];}
 582   2         j+=1;
 583   2         for(k=0;k<16;k++)
 584   2         {temp[16+k]=table[j][k];}
 585   2      
 586   2              writecode(page);
 587   2              writecode(lineaddress);
 588   2             for(i=0;i<16;i++)
 589   2               { writedata(temp[i]);}
 590   2      
 591   2             writecode(page+1);
 592   2             writecode(lineaddress);
 593   2             for(i=16;i<32;i++)
 594   2              { writedata(temp[i]);}
 595   2      
 596   2        lineaddress+=16;
 597   2      
 598   2      //delay(200);
 599   2      //              delay(200);
 600   2                      delay(200);
 601   2       
 602   2       
 603   2          }
 604   1      
 605   1      
 606   1      
 607   1      }
 608          //满屏显示图片函数
 609          void LCDDisplay(unsigned char page,unsigned char lineaddress, unsigned char table[8][128])
 610          {
 611   1       
 612   1        
 613   1         for(i=0;i<8;i++)
C51 COMPILER V7.50   2                                                                     06/01/2009 01:44:27 PAGE 11  

 614   1          { 
 615   2            if(lineaddress<0X80)
 616   2               { 
 617   3                  CS1=0;
 618   3                  CS2=0;
 619   3                }
 620   2             writecode(page+i);
 621   2             writecode(lineaddress);
 622   2           for(j=0;j<64;j++)
 623   2             {    
 624   3             writedata(table[i][j]);
 625   3           lineaddress+=1;
 626   3       
 627   3           }
 628   2        
 629   2               if(lineaddress>=0X80)
 630   2                {
 631   3                CS1=0;
 632   3                  CS2=1;
 633   3                  lineaddress=lineaddress-0X40;
 634   3                 }
 635   2               writecode(page+i);
 636   2                   writecode(lineaddress);
 637   2                        for(j=64;j<128;j++)
 638   2                   {
 639   3                    writedata(table[i][j]);
 640   3              lineaddress+=1;
 641   3      
 642   3                 }
 643   2            if(lineaddress>=0X80)
 644   2                {
 645   3               lineaddress=lineaddress-0X40;
 646   3                 }
 647   2      //delay(200);
 648   2      //              delay(200);
 649   2      //              delay(200);
 650   2      delay(200);
 651   2                      delay(200);
 652   2                      delay(200);
 653   2               
 654   2          }
 655   1      }
 656           
 657          
 658          void lcdinti()
 659          {     writecode(0X3f);//显示开关关
 660   1          writecode(0XC0);//修改显示起始行
 661   1          writecode(0XB8);//修改页地址，x地址
 662   1          writecode(0X40);//修改列地址，y地址
 663   1           
 664   1      }
 665          void delay(unsigned char a)
 666                  {
 667   1              unsigned char i,j;
 668   1              for(i=0;i<a;i++)
 669   1                      for(j=0;j<200;j++)
 670   1                              ;
 671   1              }
 672           
 673          main()
 674          { lcdinti();
 675   1       while(1)
C51 COMPILER V7.50   2                                                                     06/01/2009 01:44:27 PAGE 12  

 676   1              {
 677   2       
 678   2                      
 679   2      char table1[16]={"WELCOME TO:    "};
 680   2      char table2[16]={"               "};
 681   2      char table4[4]={"    "};
 682   2      clear(0XB8,0X40,16,&table2);
 683   2      clear(0XBa,0X40,16,&table2);
 684   2      clear(0XBc,0X40,16,&table2);
 685   2      clear(0XBe,0X40,16,&table2);
 686   2       
 687   2      displayzifu(0XB8,0X40,16,&table1);
 688   2       
 689   2      displayhanzi(0XBa,0X40,12,&XUEXIAO);
 690   2      displayzifu(0XBa,0X98+8,4,&table4);
 691   2      displayhanzi(0XBc,0X40,16,&XUEYUAN);
 692   2      
 693   2      displayhanzi(0XBE,0X40,12,&xi);
 694   2      
 695   2      displayzifu(0XBe,0X98+8,4,&table4); 
 696   2      delay(200);
 697   2                      delay(200);
 698   2                      delay(200);
 699   2                      delay(200);
 700   2                      delay(200);
 701   2               delay(200);
 702   2                      delay(200);
 703   2                      delay(200);
 704   2       // LCDDisplay12(0Xb8,0X80,&zi0);
 705   2      lcdinti();
 706   2      clear(0XB8,0X40,16,&table2);
 707   2      clear(0XBa,0X40,16,&table2);
 708   2      clear(0XBc,0X40,16,&table2);
 709   2      clear(0XBe,0X40,16,&table2);
 710   2       LCDDisplay(0Xb8,0X40,&ch);
 711   2       delay(200);
 712   2                      delay(200);
 713   2                      delay(200);
 714   2                      delay(200);
 715   2                      delay(200);
 716   2                      delay(200);
 717   2                      delay(200);
 718   2                      delay(200);
 719   2       
 720   2      }
 721   1      }
 722          
 723          


MODULE INFORMATION:   STATIC OVERLAYABLE
   CODE SIZE        =   1272    ----
   CONSTANT SIZE    =   4244    ----
   XDATA SIZE       =   ----    ----
   PDATA SIZE       =   ----    ----
   DATA SIZE        =      6     126
   IDATA SIZE       =   ----    ----
   BIT SIZE         =   ----    ----
END OF MODULE INFORMATION.


C51 COMPILATION COMPLETE.  0 WARNING(S),  0 ERROR(S)
