C51 COMPILER V9.01   JIAOTONGDENG                                                          06/26/2020 15:21:40 PAGE 1   


C51 COMPILER V9.01, COMPILATION OF MODULE JIAOTONGDENG
OBJECT MODULE PLACED IN jiaotongdeng.OBJ
COMPILER INVOKED BY: C:\Keil\C51\BIN\C51.EXE jiaotongdeng.c BROWSE DEBUG OBJECTEXTEND

line level    source

   1          #include<reg51.h>
   2          #define uchar unsigned char
   3          #define uint unsigned  int
   4          sbit sw1=P3^0;
   5          sbit sw2=P3^1;
   6          sbit sw3=P3^2;
   7          sbit key_ew=P3^3;
   8          sbit key_sn=P3^4;
   9          sbit key0=P3^5;
  10          sbit BB=P3^6;
  11          #include <REGX51.H>
*** ERROR C231 IN LINE 15 OF C:\KEIL\C51\INC\ATMEL\REGX51.H: 'P0': redefinition
*** ERROR C231 IN LINE 16 OF C:\KEIL\C51\INC\ATMEL\REGX51.H: 'SP': redefinition
*** ERROR C231 IN LINE 17 OF C:\KEIL\C51\INC\ATMEL\REGX51.H: 'DPL': redefinition
*** ERROR C231 IN LINE 18 OF C:\KEIL\C51\INC\ATMEL\REGX51.H: 'DPH': redefinition
*** ERROR C231 IN LINE 19 OF C:\KEIL\C51\INC\ATMEL\REGX51.H: 'PCON': redefinition
*** ERROR C231 IN LINE 20 OF C:\KEIL\C51\INC\ATMEL\REGX51.H: 'TCON': redefinition
*** ERROR C231 IN LINE 21 OF C:\KEIL\C51\INC\ATMEL\REGX51.H: 'TMOD': redefinition
*** ERROR C231 IN LINE 22 OF C:\KEIL\C51\INC\ATMEL\REGX51.H: 'TL0': redefinition
*** ERROR C231 IN LINE 23 OF C:\KEIL\C51\INC\ATMEL\REGX51.H: 'TL1': redefinition
*** ERROR C231 IN LINE 24 OF C:\KEIL\C51\INC\ATMEL\REGX51.H: 'TH0': redefinition
*** ERROR C231 IN LINE 25 OF C:\KEIL\C51\INC\ATMEL\REGX51.H: 'TH1': redefinition
*** ERROR C231 IN LINE 26 OF C:\KEIL\C51\INC\ATMEL\REGX51.H: 'P1': redefinition
*** ERROR C231 IN LINE 27 OF C:\KEIL\C51\INC\ATMEL\REGX51.H: 'SCON': redefinition
*** ERROR C231 IN LINE 28 OF C:\KEIL\C51\INC\ATMEL\REGX51.H: 'SBUF': redefinition
*** ERROR C231 IN LINE 29 OF C:\KEIL\C51\INC\ATMEL\REGX51.H: 'P2': redefinition
*** ERROR C231 IN LINE 30 OF C:\KEIL\C51\INC\ATMEL\REGX51.H: 'IE': redefinition
*** ERROR C231 IN LINE 31 OF C:\KEIL\C51\INC\ATMEL\REGX51.H: 'P3': redefinition
*** ERROR C231 IN LINE 32 OF C:\KEIL\C51\INC\ATMEL\REGX51.H: 'IP': redefinition
*** ERROR C231 IN LINE 33 OF C:\KEIL\C51\INC\ATMEL\REGX51.H: 'PSW': redefinition
*** ERROR C231 IN LINE 34 OF C:\KEIL\C51\INC\ATMEL\REGX51.H: 'ACC': redefinition
*** ERROR C231 IN LINE 35 OF C:\KEIL\C51\INC\ATMEL\REGX51.H: 'B': redefinition
*** ERROR C231 IN LINE 65 OF C:\KEIL\C51\INC\ATMEL\REGX51.H: 'IT0': redefinition
*** ERROR C231 IN LINE 66 OF C:\KEIL\C51\INC\ATMEL\REGX51.H: 'IE0': redefinition
*** ERROR C231 IN LINE 67 OF C:\KEIL\C51\INC\ATMEL\REGX51.H: 'IT1': redefinition
*** ERROR C231 IN LINE 68 OF C:\KEIL\C51\INC\ATMEL\REGX51.H: 'IE1': redefinition
*** ERROR C231 IN LINE 69 OF C:\KEIL\C51\INC\ATMEL\REGX51.H: 'TR0': redefinition
*** ERROR C231 IN LINE 70 OF C:\KEIL\C51\INC\ATMEL\REGX51.H: 'TF0': redefinition
*** ERROR C231 IN LINE 71 OF C:\KEIL\C51\INC\ATMEL\REGX51.H: 'TR1': redefinition
*** ERROR C231 IN LINE 72 OF C:\KEIL\C51\INC\ATMEL\REGX51.H: 'TF1': redefinition
*** ERROR C231 IN LINE 104 OF C:\KEIL\C51\INC\ATMEL\REGX51.H: 'RI': redefinition
*** ERROR C231 IN LINE 105 OF C:\KEIL\C51\INC\ATMEL\REGX51.H: 'TI': redefinition
*** ERROR C231 IN LINE 106 OF C:\KEIL\C51\INC\ATMEL\REGX51.H: 'RB8': redefinition
*** ERROR C231 IN LINE 107 OF C:\KEIL\C51\INC\ATMEL\REGX51.H: 'TB8': redefinition
*** ERROR C231 IN LINE 108 OF C:\KEIL\C51\INC\ATMEL\REGX51.H: 'REN': redefinition
*** ERROR C231 IN LINE 109 OF C:\KEIL\C51\INC\ATMEL\REGX51.H: 'SM2': redefinition
*** ERROR C231 IN LINE 110 OF C:\KEIL\C51\INC\ATMEL\REGX51.H: 'SM1': redefinition
*** ERROR C231 IN LINE 111 OF C:\KEIL\C51\INC\ATMEL\REGX51.H: 'SM0': redefinition
*** ERROR C231 IN LINE 128 OF C:\KEIL\C51\INC\ATMEL\REGX51.H: 'EX0': redefinition
*** ERROR C231 IN LINE 129 OF C:\KEIL\C51\INC\ATMEL\REGX51.H: 'ET0': redefinition
*** ERROR C231 IN LINE 130 OF C:\KEIL\C51\INC\ATMEL\REGX51.H: 'EX1': redefinition
*** ERROR C231 IN LINE 131 OF C:\KEIL\C51\INC\ATMEL\REGX51.H: 'ET1': redefinition
*** ERROR C231 IN LINE 132 OF C:\KEIL\C51\INC\ATMEL\REGX51.H: 'ES': redefinition
*** ERROR C231 IN LINE 135 OF C:\KEIL\C51\INC\ATMEL\REGX51.H: 'EA': redefinition
*** ERROR C231 IN LINE 149 OF C:\KEIL\C51\INC\ATMEL\REGX51.H: 'RXD': redefinition
C51 COMPILER V9.01   JIAOTONGDENG                                                          06/26/2020 15:21:40 PAGE 2   

*** ERROR C231 IN LINE 150 OF C:\KEIL\C51\INC\ATMEL\REGX51.H: 'TXD': redefinition
*** ERROR C231 IN LINE 151 OF C:\KEIL\C51\INC\ATMEL\REGX51.H: 'INT0': redefinition
*** ERROR C231 IN LINE 152 OF C:\KEIL\C51\INC\ATMEL\REGX51.H: 'INT1': redefinition
*** ERROR C231 IN LINE 153 OF C:\KEIL\C51\INC\ATMEL\REGX51.H: 'T0': redefinition
*** ERROR C231 IN LINE 154 OF C:\KEIL\C51\INC\ATMEL\REGX51.H: 'T1': redefinition
*** ERROR C231 IN LINE 155 OF C:\KEIL\C51\INC\ATMEL\REGX51.H: 'WR': redefinition
*** ERROR C231 IN LINE 156 OF C:\KEIL\C51\INC\ATMEL\REGX51.H: 'RD': redefinition
*** ERROR C231 IN LINE 161 OF C:\KEIL\C51\INC\ATMEL\REGX51.H: 'PX0': redefinition
*** ERROR C231 IN LINE 162 OF C:\KEIL\C51\INC\ATMEL\REGX51.H: 'PT0': redefinition
*** ERROR C231 IN LINE 163 OF C:\KEIL\C51\INC\ATMEL\REGX51.H: 'PX1': redefinition
*** ERROR C231 IN LINE 164 OF C:\KEIL\C51\INC\ATMEL\REGX51.H: 'PT1': redefinition
*** ERROR C231 IN LINE 165 OF C:\KEIL\C51\INC\ATMEL\REGX51.H: 'PS': redefinition
*** ERROR C231 IN LINE 171 OF C:\KEIL\C51\INC\ATMEL\REGX51.H: 'P': redefinition
*** ERROR C231 IN LINE 173 OF C:\KEIL\C51\INC\ATMEL\REGX51.H: 'OV': redefinition
*** ERROR C231 IN LINE 174 OF C:\KEIL\C51\INC\ATMEL\REGX51.H: 'RS0': redefinition
*** ERROR C231 IN LINE 175 OF C:\KEIL\C51\INC\ATMEL\REGX51.H: 'RS1': redefinition
*** ERROR C231 IN LINE 176 OF C:\KEIL\C51\INC\ATMEL\REGX51.H: 'F0': redefinition
*** ERROR C231 IN LINE 177 OF C:\KEIL\C51\INC\ATMEL\REGX51.H: 'AC': redefinition
*** ERROR C231 IN LINE 178 OF C:\KEIL\C51\INC\ATMEL\REGX51.H: 'CY': redefinition
  12          uchar TH,TL; 
  13          uchar SN=23,EW=20,NN=56;
  14          uint tt,ii,jj,kk,GG;
  15          uchar code DisCode[]
  16          ={0x3f,0x06,0x5b,0x4f,0x66,0x6d,0x7d,0x07,0x7f,0x6f};
  17          uchar Disbuff0[2];
  18          uchar Disbuff1[2];
  19          void Delay(uint x)//MS延时
  20          {
  21   1              uchar i;
  22   1              while(x--)for(i=0;i<123;i++);
  23   1      }  
  24          void init()
  25          {
  26   1       TMOD=0x01;      
  27   1       TH=(65536-4000)/256,
  28   1       TL=(65536-4000)%256;
  29   1       TH0=TH;
  30   1       TL0=TL;
  31   1       EA=1;
  32   1       ET0=1;
  33   1       TR0=1;
  34   1      }
  35          void fenli0()
  36          {
  37   1       Disbuff0[0]=SN/10;
  38   1       Disbuff0[1]=SN%10;
  39   1      }
  40          void fenli1()
  41          {
  42   1        Disbuff1[0]=EW/10;
  43   1        Disbuff1[1]=EW%10;
  44   1      }
  45          
  46          void Display()
  47          {
  48   1         uchar ii;
  49   1         if(ii==0)
  50   1         {   
  51   2           P0=0x80;
  52   2               P2=0x80;
  53   2           P2=DisCode[Disbuff0[0]]|0x80;
  54   2               P0=DisCode[Disbuff1[0]]&0x7f;
C51 COMPILER V9.01   JIAOTONGDENG                                                          06/26/2020 15:21:40 PAGE 3   

  55   2              }
  56   1               else
  57   1               { 
  58   2                P0=0x80;
  59   2                P2=0x80;
  60   2                P2=DisCode[Disbuff0[1]]&0x7f;
  61   2                P0=DisCode[Disbuff1[1]]|0x80;
  62   2               }                                                               
  63   1               ii=~ii;
  64   1      }
  65          void fuzhi()//赋值
  66          {
  67   1        if(NN==56)
  68   1        {
  69   2          SN=23;
  70   2              EW=20;
  71   2              P1=0x5E;
  72   2        }
  73   1      
  74   1        if(EW==0&&NN==36)
  75   1        {
  76   2          EW=3;
  77   2              P1=0x6E;
  78   2        }
  79   1        if(NN==33)
  80   1         {
  81   2          SN=30;
  82   2              EW=33;
  83   2              P1=0xB3;
  84   2         }
  85   1         if(SN==0&&NN==3)
  86   1         {
  87   2           SN=3;
  88   2               P1=0xB5;
  89   2         }
  90   1      }
  91          void LED()//LED
  92          {
  93   1        if(NN<=39&&NN>36)//
  94   1         {
  95   2          if(kk)
  96   2              {
  97   3            P1=0x5E;
  98   3                BB=0;
  99   3              }
 100   2          else          
 101   2            P1=0xfE;
 102   2                 BB=0;
 103   2                 while(NN<=36);
 104   2                      BB=1;
 105   2              }
 106   1              
 107   1          
 108   1         if(NN<=36&&NN>33)
 109   1          {
 110   2               if(kk)
 111   2               {
 112   3                P1=0x6E;
 113   3                BB=0;
 114   3               }
 115   2               else 
 116   2               P1=0xFE;
C51 COMPILER V9.01   JIAOTONGDENG                                                          06/26/2020 15:21:40 PAGE 4   

 117   2                BB=0;
 118   2                 while(NN<=33);
 119   2                      BB=1;
 120   2                 
 121   2               
 122   2              }
 123   1         if(NN<=6&&NN>3)
 124   1         {
 125   2          if(kk)
 126   2              {
 127   3            P1=0xB3;
 128   3                BB=0;
 129   3              }
 130   2              else  
 131   2              P1=0xF7;
 132   2              BB=0;
 133   2                 while(NN<=3);
 134   2                      BB=1;
 135   2               
 136   2      
 137   2         }
 138   1         if(NN<=3)
 139   1          {
 140   2               if(kk)
 141   2               {
 142   3                P1=0xB5;
 143   3                BB=0;
 144   3               }
 145   2               else  
 146   2                P1=0xF7;
 147   2                BB=0;
 148   2                 while(NN<=0);
 149   2                      BB=1;
 150   2                  
 151   2                
 152   2              }
 153   1      }
 154          
 155          void qiangzhi_sw()//强制通行
 156          {         
 157   1          if(key_ew==0)
 158   1                {
 159   2                  TR0=0;
 160   2                      P0=0x3f;
 161   2                      P2=0x3f;
 162   2                      P1=0x5e;
 163   2                      while(!key_ew);          
 164   2                      TR0=1;
 165   2                }
 166   1               if(key_sn==0)
 167   1                {
 168   2                  TR0=0;
 169   2                      P0=0x3f;
 170   2                      P2=0x3f;
 171   2                      P1=0xb3;
 172   2                      while(!key_sn);          
 173   2                      TR0=1;
 174   2                }
 175   1                if(key0==0)
 176   1                {
 177   2                  TR0=0;
 178   2                      P0=0x3f;
C51 COMPILER V9.01   JIAOTONGDENG                                                          06/26/2020 15:21:40 PAGE 5   

 179   2                      P2=0x3f;
 180   2                      P1=0xB6;
 181   2                      while(!key0);            
 182   2                      TR0=1;
 183   2                }
 184   1      }
 185          void key1()//调时
 186          {
 187   1         uchar m=0,num=0,n=0;
 188   1         uchar sw11,sw22=1,sw33=1;
 189   1              if(sw1==0)
 190   1               {  
 191   2                 Delay(10);
 192   2                 if(sw1==0)
 193   2                  {             
 194   3                        while(!sw1);
 195   3                           num++;
 196   3                           TR0=0;
 197   3                        while(!m)
 198   3                         {  
 199   4                            if(n==1)
 200   4                                  { 
 201   5                                         if(sw11==1&&sw1==0)
 202   5                                              {
 203   6                                                 Delay(10);  
 204   6                                               if(sw11==1&&sw1==0)
 205   6                                                {
 206   7                                                      num++;
 207   7                                                }
 208   6                                              }
 209   5                                         if(num==3)
 210   5                                          {
 211   6                                             while(!sw1);
 212   6                                          } 
 213   5                                         sw11=sw1;               
 214   5                                  }   
 215   4                                      n=1;     
 216   4                                      Delay(3); 
 217   4                                 switch (num)
 218   4                                  {
 219   5                                        
 220   5                                        case 1:
 221   5                                               {                                                                                                                                              
 222   6                                                                       if(sw22==1&&sw2==0)
 223   6                                                                         {
 224   7                                                                           SN++;
 225   7                                                                               EW++;
 226   7                                                                               if(EW==100)
 227   7                                                                               {
 228   8                                                                                EW=5;
 229   8                                                                                SN=0;
 230   8                                                                               }
 231   7                                                                               if(SN==100)
 232   7                                                                               {
 233   8                                                                                SN=5;
 234   8                                                                                EW=0;
 235   8                                                                               }
 236   7                                                                               fenli0();
 237   7                                                                               fenli1();
 238   7                                                                         }    
 239   6                                                                        sw22=sw2;
 240   6                                                                        if(sw33==1&&sw3==0)
C51 COMPILER V9.01   JIAOTONGDENG                                                          06/26/2020 15:21:40 PAGE 6   

 241   6                                                                        {
 242   7                                                                          SN--;
 243   7                                                                              EW--;
 244   7                                                                          if(EW==255)
 245   7                                                                              {
 246   8                                                                            EW=94;
 247   8                                                                                SN=99;
 248   8                                                                              }
 249   7                                                                          if(SN==255)
 250   7                                                                              {
 251   8                                                                           SN=94;
 252   8                                                                               EW=99;
 253   8                                                                              }
 254   7                                                                          fenli0();
 255   7                                                                          fenli1();
 256   7                                                                        }
 257   6                                                                        sw33=sw3;
 258   6                                                                        Display();    
 259   6                                                               
 260   6                                                        } break;
 261   5                                      case 2:
 262   5                                               {
 263   6                                                          TR0=1;
 264   6                                                          m=1;
 265   6                                                              while(!sw1);
 266   6                                                              Delay(5);
 267   6                                                              while(!sw1);                                                                                       
 268   6                                                       } break;
 269   5                                                                      
 270   5                              }                                
 271   4                        }                                        
 272   3                 }                     
 273   2              }       
 274   1      }
 275          
 276          void main()
 277          {
 278   1       init();
 279   1       fenli0();
 280   1       fenli1();
 281   1       while(1)
 282   1       {
 283   2        qiangzhi_sw(); 
 284   2        key1();
 285   2       }
 286   1      
 287   1      }
 288          void timer0() interrupt 1
 289           {
 290   1        TH0=TH;
 291   1        TL0=TL;
 292   1        tt++;
 293   1        jj++;
 294   1       if(tt==250)
 295   1        {
 296   2          tt=0;
 297   2      
 298   2               fuzhi();
 299   2               EW--;
 300   2           SN--;
 301   2               if(SN==30)
 302   2                 {   
C51 COMPILER V9.01   JIAOTONGDENG                                                          06/26/2020 15:21:40 PAGE 7   

 303   3                      NN=57;   
 304   3                 }
 305   2               if(EW==33)
 306   2                 {   
 307   3                      NN=33;   
 308   3                 }
 309   2        
 310   2         if(EW<31||SN<34)
 311   2         {
 312   3               
 313   3           NN--;
 314   3                 if(NN==0)
 315   3                 NN=56;
 316   3         }
 317   2        
 318   2         fenli0();
 319   2         fenli1();    
 320   2        }      
 321   1        Display();
 322   1        LED();
 323   1        if(jj==50)
 324   1        {
 325   2          jj=0;
 326   2              GG=~GG; 
 327   2          kk=~kk; 
 328   2         
 329   2        }
 330   1       }         

C51 COMPILATION COMPLETE.  0 WARNING(S),  63 ERROR(S)
