C51 COMPILER V9.01   SIM800                                                                06/09/2020 21:15:40 PAGE 1   


C51 COMPILER V9.01, COMPILATION OF MODULE SIM800
OBJECT MODULE PLACED IN sim800.OBJ
COMPILER INVOKED BY: C:\Keil\C51\BIN\C51.EXE sim800.c BROWSE DEBUG OBJECTEXTEND

line level    source

   1          #include <reg52.h> 
   2          #include "sim800.h"     
   3          /*****************************************************************************
   4          UART初始化 11.0592
   5          *****************************************************************************/
   6          void Uart_Init(void)            
   7          {
   8   1              EA=1;
   9   1              ES=1;
  10   1              SCON = 0x50;                     
  11   1              TMOD = 0x20;
  12   1              PCON=0x00;      
  13   1              TH1 = 0xFD;     
  14   1              TL1 = 0xfd;
  15   1              TR1 = 1;                
  16   1              RI = 0; 
  17   1      }
  18          
  19          /*****************************************************************************
  20          单字符发送函数
  21          /****************************************************************************/
  22          void Send_Char (unsigned char UART_data)                
  23          {               
  24   1              SBUF = UART_data;                       
  25   1              while(TI == 0);                 
  26   1              TI = 0;                                   
  27   1      }
  28          
  29          /*****************************************************************************
  30          字符串发送函数
  31          /****************************************************************************/
  32          void Send_String(unsigned char *str)            
  33          {
  34   1              while(*str != '\0')             
  35   1              {
  36   2                      Send_Char(*str);                        
  37   2                      *str=*str++;            
  38   2              }
  39   1              *str = 0;                                 
  40   1      }
  41          /*****************************************************************************
  42          延迟函数
  43          /****************************************************************************/
  44          void Delay_Ms (unsigned int a)
  45          {
  46   1              unsigned int i;
  47   1              while( a-- != 0)
  48   1              {
  49   2              for(i = 0; i < 100; i++);       //      for(i = 0; i < 600; i++);
  50   2              }
  51   1      } 
  52          /*****配置为接收短信模式*************/
  53          void Receive_message()
  54          {
  55   1              Send_String("AT+CMGF=1\r\n"); //配置英文模式
C51 COMPILER V9.01   SIM800                                                                06/09/2020 21:15:40 PAGE 2   

  56   1              Delay_Ms(500);  
  57   1              Send_String("AT+CSCS=\"GSM\"\r\n");     //配置字节集
  58   1              Delay_Ms(500);  
  59   1              Send_String("AT+CNMI=2,2,0,1\r\n"); //配置成：接受短信提醒，同时接受短信内容。（短信显示模式 新消息指示）
  60   1              Delay_Ms(1000);
  61   1      }
  62           /*****发短信*******
  63            *content:发送内容*/
  64          void Send_message(unsigned char *content)         //
  65          {
  66   1              Send_String("AT+CMGF=1\r\n");
  67   1              Delay_Ms(200);
  68   1              Send_String("AT+CSMP=17,167,2,25\r\n");//设置短信文本模式参数
  69   1              Delay_Ms(200);
  70   1              Send_String("AT+CSCS=\"GSM\"\r\n");     //配置英文格式字节集
  71   1              Delay_Ms(200);
  72   1              Send_String("AT+CMGS=\"18395419662\"\r\n");     //接收短信的电话号码   （单片机里面的程序已经更换成客户的手机
             -号）由于资料统一发送，资料里面这个地方没有改
  73   1              Delay_Ms(200);
  74   1              Send_String(content); // 发送短信内容！
  75   1              Delay_Ms(200);
  76   1              Send_Char(0x1A);
  77   1              Delay_Ms(5000);
  78   1      }       


MODULE INFORMATION:   STATIC OVERLAYABLE
   CODE SIZE        =    243    ----
   CONSTANT SIZE    =     92    ----
   XDATA SIZE       =   ----    ----
   PDATA SIZE       =   ----    ----
   DATA SIZE        =   ----       6
   IDATA SIZE       =   ----    ----
   BIT SIZE         =   ----    ----
END OF MODULE INFORMATION.


C51 COMPILATION COMPLETE.  0 WARNING(S),  0 ERROR(S)
