C51 COMPILER V9.01   DS1302                                                                04/09/2016 03:11:15 PAGE 1   


C51 COMPILER V9.01, COMPILATION OF MODULE DS1302
OBJECT MODULE PLACED IN DS1302.OBJ
COMPILER INVOKED BY: G:\Keil 4\NEW\C51\BIN\C51.EXE DS1302.c BROWSE DEBUG OBJECTEXTEND

line level    source

   1          #include <reg51.h>
   2          #include <intrins.h>
   3          #define uchar unsigned char
   4          #define uint unsigned int
   5          
   6          uchar time_data[7];
   7          uchar code write_add[7]={0x8c,0x8a,0x88,0x86,0x84,0x82,0x80};       //数据的地址
   8          uchar code read_add[7]={0x8d,0x8b,0x89,0x87,0x85,0x83,0x81};
   9          
  10          uchar code table1[]="C: 00|2000/00/00";
  11          uchar code table2[]="T: 00|00:00:00 0";
  12          uchar code table3[]="                ";                  //清屏内容
  13          uchar code table4[]="  Set Real Time ";
  14          uchar code table5[]="  Set Open Time ";
  15          uchar code table6[]="   Start Time:  ";
  16          uchar code table7[]="    00:00:00    ";
  17          uchar code table8[]="    End Time:   ";
  18          uchar code table9[]="Date: 2000/00/00";
  19          uchar code table0[]="Time: 00:00:00 0";
  20          
  21          bit Adjust;                       //调节标志位，=1表示进入调节模式，=0是正常模式
  22          bit Auto_flg;             //自动模式标志位，=1表示手动模式，=0是自动模式
  23          sbit rs=P1^0;             //LCD1602
  24          sbit rw=P1^1;             //LCD1602
  25          sbit e=P1^2;              //LCD1602
  26          sbit sck=P2^5;            //时钟端口
  27          sbit io=P2^6;             //时钟端口
  28          sbit rst=P2^7;            //时钟端口
  29          sbit SELT =P1^6;          //选择键
  30          sbit ENTER=P1^7;          //确认键
  31          sbit UP   =P3^0;          //加键
  32          sbit DOWN =P3^1;          //减键
  33          sbit MODE =P3^2;          //切换按键接口
  34          sbit SWITCH=P3^3;         //手动开关
  35          sbit AUTO_LED=P1^3;       //自动模式灯接口
  36          sbit HAND_LED=P1^4;       //手动灯接口
  37          sbit LAMP1=P3^4;          //灯接口
  38          sbit LAMP2=P3^5;          //灯接口
  39          sbit LAMP3=P3^6;          //灯接口
  40          sbit LAMP4=P3^7;          //灯接口
  41          sbit LIGHT1=P2^0;         //光线检测端口
  42          sbit IN1=P2^2;
  43          sbit OUT1=P2^1;
  44          sbit DQ=P1^5;             //温度数据口
  45          uchar Select_num;         //选择按键按下次数
  46          uchar Enter_num;          //确认按键按下次数
  47          uchar Switch_num;         //手动开关按键按下次数
  48          float Year,Month,Day,Hour,Minute,Second;                        //时间设置值
  49          uchar Week;             
  50          float Hour_H,Minute_H,Second_H;                                         //设置开始时间
  51          float Hour_L,Minute_L,Second_L;                                         //设置结束时间
  52          int Value1;                                                                                     //人数
  53          uchar IN1_flag=0;
  54          uchar OUT1_flag=0;
  55          
C51 COMPILER V9.01   DS1302                                                                04/09/2016 03:11:15 PAGE 2   

  56          int temperature;                                                                        //全局变量 温度
  57          
  58          void read_rtc();
  59          
  60          /**************************************************LCD1602显示********************************************
             -***********************/
  61          void delay1(uint z)                       //延时函数
  62          {
  63   1              uint x,y;
  64   1              for(x=z;x>0;x--)
  65   1                      for(y=10;y>0;y--);
  66   1      }
  67          
  68          void write_com(uchar com)                        //写指令函数
  69          {
  70   1              rw=0;
  71   1              delay1(5);
  72   1              rs=0;
  73   1              delay1(5);
  74   1              e=1;
  75   1              delay1(5);
  76   1              P0=com;
  77   1              delay1(5);
  78   1              e=0;
  79   1              delay1(5);      
  80   1      }
  81          
  82          void write_date(uchar date)                     //写数据函数
  83          {                                                                       
  84   1              rw=0;
  85   1              delay1(5);
  86   1              rs=1;
  87   1              delay1(5);
  88   1              e=1;
  89   1              delay1(5);
  90   1              P0=date;
  91   1              delay1(5);
  92   1              e=0;
  93   1              delay1(5);      
  94   1      }
  95          
  96          void init()                                                 //初始化函数
  97          {       
  98   1              uchar num;
  99   1              Year=16;
 100   1              Month=1;
 101   1              Day=1;
 102   1              Hour=15;
 103   1              Minute=30;
 104   1              Second=50;
 105   1              Week=6;
 106   1              Hour_H=22;
 107   1              Minute_H=0;
 108   1              Second_H=0;
 109   1              Hour_L=18;
 110   1              Minute_L=0;
 111   1              Second_L=0;
 112   1              e=0;                                                // 时序表e初始为0
 113   1              write_com(0x38);                        //设置16*2显示，5*7点阵，8位数据接口
 114   1              write_com(0x0c);                                //设置光标
 115   1              write_com(0x06);                                //光标自动加1,光标输入方式
 116   1              write_com(0x01);                                //清屏
C51 COMPILER V9.01   DS1302                                                                04/09/2016 03:11:15 PAGE 3   

 117   1              write_com(0x80);                                //设置初始显示位置
 118   1              for(num=0;num<16;num++)
 119   1              {
 120   2                      write_date(table1[num]);
 121   2                      delay1(5);
 122   2              }
 123   1              write_com(0x80+0x40);
 124   1              for(num=0;num<16;num++)
 125   1              {
 126   2                      write_date(table2[num]);
 127   2                      delay1(5);
 128   2              }                                         
 129   1      }
 130          
 131          void SetTime_dispaly(uchar add,uchar dat)        //第一个：参数的地址，第二个：参数的内容
 132          {
 133   1              uchar shi,ge;
 134   1              shi=dat/10;                                                     //把十位提取出来
 135   1              ge=dat%10;                                                      //把个位提取出来
 136   1              write_com(add);                                         //要写的地址
 137   1              write_date(0x30+shi);                           //十位的内容   1602字符库
 138   1              write_date(0x30+ge);                            //个位的内容   1602字符库
 139   1      }
 140          
 141          void Week_dispaly(uchar add,uchar dat)  //第一个：参数的地址，第二个：参数的内容
 142          {
 143   1              write_com(add);                                         //要写的地址
 144   1              write_date(0x30+dat);                           //十位的内容   1602字符库
 145   1      }
 146          void Date_dispaly(uchar add,uchar dat)   //第一个：参数的地址，第二个：参数的内容
 147          {
 148   1              uchar shi,ge;
 149   1              shi=dat/16;                                                     //把十位提取出来
 150   1              ge=dat%16;                                                      //把个位提取出来
 151   1              write_com(add+3);                                       //要写的地址
 152   1              write_date(0x30+shi);                           //十位的内容   1602字符库
 153   1              write_date(0x30+ge);                            //个位的内容   1602字符库                                  
 154   1      }
 155          
 156          void LCD_Clean(uchar i)                                 //液晶屏清除显示
 157          {
 158   1              uchar num;
 159   1              if(i==1)
 160   1              {
 161   2                      write_com(0x80);                                //设置初始显示位置
 162   2                      for(num=0;num<16;num++)                 //显示第一行内容
 163   2                      {
 164   3                              write_date(table3[num]);
 165   3                              delay1(1);
 166   3                      }
 167   2              }
 168   1              if(i==2)
 169   1              {
 170   2                      write_com(0x80+0x40);
 171   2                      for(num=0;num<16;num++)                 //显示第二行内容
 172   2                      {
 173   3                              write_date(table3[num]);
 174   3                              delay1(1);
 175   3                      }
 176   2              }
 177   1      }
 178          
C51 COMPILER V9.01   DS1302                                                                04/09/2016 03:11:15 PAGE 4   

 179          void LCD_Display_String(unsigned char line,unsigned char *string)
 180          {                                                                               //液晶屏显示内容，把要显示的内容写到对应的位置
 181   1              unsigned char i;
 182   1              unsigned char address=0;
 183   1              if(line==1)
 184   1              {
 185   2                      address=0x80;                                   //0X80是第1行的第1个位置  ,0x81第2位
 186   2              }
 187   1              else if(line==2)
 188   1              {
 189   2                      address=0x80+0x40;                      //0X80+0x40是第2行的第1个位置  ,0X80+0x40+1是第2行第2位
 190   2              }
 191   1              
 192   1              for(i=0;i<16;i++)
 193   1              {
 194   2                      write_com(address);
 195   2                      write_date(string[i]);
 196   2                      address++;
 197   2              } 
 198   1      }
 199          /**********************************DS1302时钟***************************************/
 200          void Time_Display(void)
 201          {
 202   1              read_rtc();
 203   1              Date_dispaly(0x80+0x40+9,time_data[6]);  //显示秒
 204   1              Date_dispaly(0x80+0x40+6,time_data[5]);  //显示分
 205   1              Date_dispaly(0x80+0x40+3,time_data[4]);  //显示时
 206   1              Date_dispaly(0x80+11,time_data[3]);              //显示日
 207   1              Date_dispaly(0x80+8,time_data[2]);               //显示月
 208   1              Week_dispaly(0x80+0x40+15,time_data[1]); //显示周
 209   1              Date_dispaly(0x80+5,time_data[0]);               //显示年
 210   1                                                 //   Year/10*16+Year%10
 211   1              Hour=time_data[4]/16*10+time_data[4]%16;;
 212   1              Minute=time_data[5]/16*10+time_data[5]%16;;
 213   1              Second=time_data[6]/16*10+time_data[6]%16;;
 214   1      }
 215          
 216          
 217          void write_ds1302_byte(uchar dat)
 218          {
 219   1              uchar i;
 220   1              for(i=0;i<8;i++)
 221   1              {
 222   2                      sck=0;
 223   2                      io=dat&0x01;                                       //准备数据,从最低位开始
 224   2                      dat=dat>>1;
 225   2                      sck=1;
 226   2              }
 227   1      }
 228          
 229          void write_ds1302(uchar add,uchar dat)
 230          {
 231   1              rst=0;
 232   1              _nop_();                                                //CPU原地踏步
 233   1              sck=0;
 234   1              _nop_();
 235   1              rst=1;
 236   1              _nop_();
 237   1              write_ds1302_byte(add);             //传地址
 238   1              write_ds1302_byte(dat);             //传数据
 239   1              rst=0;                                                  //不受其他影响
 240   1              _nop_();
C51 COMPILER V9.01   DS1302                                                                04/09/2016 03:11:15 PAGE 5   

 241   1              io=1;                                              //释放
 242   1              sck=1;
 243   1      }
 244          
 245          uchar read_ds1302(uchar add)
 246          {
 247   1              uchar i,value;
 248   1              rst=0;
 249   1              _nop_();  //CPU原地踏步
 250   1              sck=0;
 251   1              _nop_();
 252   1              rst=1;
 253   1              _nop_();
 254   1              write_ds1302_byte(add);
 255   1              for(i=0;i<8;i++)
 256   1              {
 257   2                      value=value>>1;
 258   2                      sck=0;
 259   2                      if(io)
 260   2                      value=value|0x80;
 261   2                      sck=1;
 262   2              }
 263   1              rst=0;
 264   1              _nop_();
 265   1              sck=0;
 266   1              _nop_();
 267   1              sck=1;
 268   1              io=1;
 269   1              return value;
 270   1      }
 271          
 272          void set_rtc()                            //设置时间
 273          {
 274   1              uchar i,j;
 275   1              for(i=0;i<7;i++)                         //转换BCD码
 276   1              {
 277   2                      j=time_data[i]/10;
 278   2                      time_data[i]=time_data[i]%10;
 279   2                      time_data[i]=time_data[i]+j*16;
 280   2              }
 281   1              write_ds1302(0x8e,0x00);          //去除写保护
 282   1              for(i=0;i<7;i++)
 283   1              {
 284   2                      write_ds1302(write_add[i],time_data[i]);
 285   2              }
 286   1              write_ds1302(0x8e,0x80);      //加写保护
 287   1      }
 288          
 289          void read_rtc()
 290          {
 291   1              uchar i;
 292   1              for(i=0;i<7;i++)
 293   1              {
 294   2                      time_data[i]=read_ds1302(read_add[i]);  //最终读出来的数 16进制
 295   2              }
 296   1      }
 297          
 298          /*************************************************按键****************************************************
             -************/
 299          void Keyscan(void)
 300          {
 301   1              if(SELT==0)
C51 COMPILER V9.01   DS1302                                                                04/09/2016 03:11:15 PAGE 6   

 302   1              {
 303   2                      delay1(2);
 304   2                      if(SELT==0)
 305   2                      {
 306   3                              while(!SELT);
 307   3                              Select_num++;                                   //选择键按下一次
 308   3                              Adjust=1;                                               //进入调节模式                  
 309   3                      }
 310   2                      if(Select_num==1)
 311   2                      {
 312   3                              LCD_Clean(1);
 313   3                              LCD_Clean(2);
 314   3                              LCD_Display_String(1,table4);
 315   3                              LCD_Display_String(2,table5);
 316   3                              write_com(0x80+0);                              //写 >>
 317   3                              write_date(0x3e);
 318   3                              write_com(0x80+1);                              //写 >>
 319   3                              write_date(0x3e);
 320   3                              Enter_num=0;
 321   3                      }
 322   2                      if(Select_num==2)
 323   2                      {
 324   3                              LCD_Clean(1);
 325   3                              LCD_Clean(2);
 326   3                              LCD_Display_String(1,table4);
 327   3                              LCD_Display_String(2,table5);
 328   3                              write_com(0x80+0x40+0);                         //写 >>
 329   3                              write_date(0x3e);
 330   3                              write_com(0x80+0x40+1);                         //写 >>
 331   3                              write_date(0x3e);
 332   3                              Enter_num=0;
 333   3                      }
 334   2                      if(Select_num==3)
 335   2                      {
 336   3                              LCD_Clean(1);
 337   3                              LCD_Clean(2);
 338   3                              LCD_Display_String(1,table1);
 339   3                              LCD_Display_String(2,table2);
 340   3                              Select_num=0;
 341   3                              Enter_num=0;                                    
 342   3                              Adjust=0;
 343   3                      }
 344   2                      write_com(0x0c);                                                                        //光标不再闪烁
 345   2                      Enter_num=0;
 346   2              }
 347   1              
 348   1              if(ENTER==0)
 349   1              {
 350   2                      delay1(2);
 351   2                      if(ENTER==0)
 352   2                      {
 353   3                              while(!ENTER);
 354   3                              Enter_num++;
 355   3                      }
 356   2                      if(Select_num==1)                                       //设置实时时间
 357   2                      {
 358   3                              if(Enter_num==1)
 359   3                              {
 360   4                                      LCD_Clean(1);
 361   4                                      LCD_Clean(2);
 362   4                                      LCD_Display_String(1,table9);
 363   4                                      LCD_Display_String(2,table0);
C51 COMPILER V9.01   DS1302                                                                04/09/2016 03:11:15 PAGE 7   

 364   4                                      SetTime_dispaly(0x80+8,Year);
 365   4                                      SetTime_dispaly(0x80+11,Month);
 366   4                                      SetTime_dispaly(0x80+14,Day);
 367   4                                      SetTime_dispaly(0x80+0x40+6,Hour);
 368   4                                      SetTime_dispaly(0x80+0x40+9,Minute);
 369   4                                      SetTime_dispaly(0x80+0x40+12,Second);
 370   4                                      Week_dispaly(0x80+0x40+15,Week);
 371   4                                      write_com(0x80+8);                      //光标闪烁地址，停留在年的位置上                                        
 372   4                                      write_com(0x0f);                        //光标闪烁
 373   4                              }
 374   3                              if(Enter_num==2)
 375   3                              {
 376   4                                      write_com(0x80+11);                     //光标闪烁地址，停留在月的位置上                                        
 377   4                                      write_com(0x0f);                        //光标闪烁
 378   4                              }
 379   3                              if(Enter_num==3)
 380   3                              {
 381   4                                      write_com(0x80+14);                     //光标闪烁地址，停留在日的位置上                                        
 382   4                                      write_com(0x0f);                        //光标闪烁
 383   4                              }
 384   3                              if(Enter_num==4)
 385   3                              {
 386   4                                      write_com(0x80+0x40+6);         //光标闪烁地址，停留在时的位置上                                        
 387   4                                      write_com(0x0f);                        //光标闪烁
 388   4                              }
 389   3                              if(Enter_num==5)
 390   3                              {
 391   4                                      write_com(0x80+0x40+9);         //光标闪烁地址，停留在分的位置上                                        
 392   4                                      write_com(0x0f);                        //光标闪烁
 393   4                              }
 394   3                              if(Enter_num==6)
 395   3                              {
 396   4                                      write_com(0x80+0x40+12);        //光标闪烁地址，停留在秒的位置上                                        
 397   4                                      write_com(0x0f);                        //光标闪烁
 398   4                              }
 399   3                              if(Enter_num==7)
 400   3                              {
 401   4                                      write_com(0x80+0x40+15);        //光标闪烁地址，停留在星期的位置上                                      
 402   4                                      write_com(0x0f);                        //光标闪烁
 403   4                              }
 404   3                              if(Enter_num==8)
 405   3                              {
 406   4                                      Enter_num=0;
 407   4                                      write_com(0x0c);                        //光标不再闪烁
 408   4                                      LCD_Clean(1);
 409   4                                      LCD_Clean(2);
 410   4                                      LCD_Display_String(1,table1);
 411   4                                      LCD_Display_String(2,table2);
 412   4                                      time_data[0]=Year;///10*16+Year%10;
 413   4                                      time_data[1]=Week;///10*16+Week%10;
 414   4                                      time_data[2]=Month;///10*16+Month%10;
 415   4                                      time_data[3]=Day;///10*16+Day%10;
 416   4                                      time_data[4]=Hour;///10*16+Hour%10;
 417   4                                      time_data[5]=Minute;///10*16+Minute%10;
 418   4                                      time_data[6]=Second;///10*16+Second%10;
 419   4                                      set_rtc();                                       //设置时间
 420   4                                      Select_num=0;
 421   4                                      Adjust=0;
 422   4                              }
 423   3                      }
 424   2      
 425   2                      if(Select_num==2)                                       //设置开关锁时间
C51 COMPILER V9.01   DS1302                                                                04/09/2016 03:11:15 PAGE 8   

 426   2                      {
 427   3                              if(Enter_num==1)
 428   3                              {
 429   4                                      LCD_Clean(1);
 430   4                                      LCD_Clean(2);
 431   4                                      LCD_Display_String(1,table6);
 432   4                                      LCD_Display_String(2,table7);
 433   4                                      SetTime_dispaly(0x80+0x40+4,Hour_L);
 434   4                                      SetTime_dispaly(0x80+0x40+7,Minute_L);
 435   4                                      SetTime_dispaly(0x80+0x40+10,Second_L);
 436   4                                      write_com(0x80+0x40+4);         //光标闪烁地址，停留在时的位置上                                        
 437   4                                      write_com(0x0f);                        //光标闪烁
 438   4                              }
 439   3                              if(Enter_num==2)
 440   3                              {
 441   4                                      write_com(0x80+0x40+7);         //光标闪烁地址，停留在分的位置上                                        
 442   4                                      write_com(0x0f);                        //光标闪烁
 443   4                              }
 444   3                              if(Enter_num==3)
 445   3                              {
 446   4                                      write_com(0x80+0x40+10);        //光标闪烁地址，停留在秒的位置上                                        
 447   4                                      write_com(0x0f);                        //光标闪烁
 448   4                              }
 449   3                              if(Enter_num==4)
 450   3                              {
 451   4                                      write_com(0x0c);                        //光标不再闪烁
 452   4                                      LCD_Clean(1);
 453   4                                      LCD_Clean(2);
 454   4                                      LCD_Display_String(1,table8);
 455   4                                      LCD_Display_String(2,table7);   
 456   4                                      SetTime_dispaly(0x80+0x40+4,Hour_H);
 457   4                                      SetTime_dispaly(0x80+0x40+7,Minute_H);
 458   4                                      SetTime_dispaly(0x80+0x40+10,Second_H);
 459   4                                      write_com(0x80+0x40+4);         //光标闪烁地址，停留在时的位置上                                        
 460   4                                      write_com(0x0f);                        //光标闪烁
 461   4                              }
 462   3                              if(Enter_num==5)
 463   3                              {
 464   4                                      write_com(0x80+0x40+7);         //光标闪烁地址，停留在分的位置上                                        
 465   4                                      write_com(0x0f);                        //光标闪烁
 466   4                              }
 467   3                              if(Enter_num==6)
 468   3                              {
 469   4                                      write_com(0x80+0x40+10);        //光标闪烁地址，停留在秒的位置上                                        
 470   4                                      write_com(0x0f);                        //光标闪烁
 471   4                              }               
 472   3                              if(Enter_num==7)
 473   3                              {
 474   4                                      Enter_num=0;
 475   4                                      write_com(0x0c);                        //光标不再闪烁
 476   4                                      LCD_Clean(1);
 477   4                                      LCD_Clean(2);
 478   4                                      LCD_Display_String(1,table1);
 479   4                                      LCD_Display_String(2,table2);
 480   4                                      Select_num=0;
 481   4                                      Adjust=0;
 482   4                              }
 483   3                      }
 484   2      
 485   2              }
 486   1              if(UP==0)
 487   1              {
C51 COMPILER V9.01   DS1302                                                                04/09/2016 03:11:15 PAGE 9   

 488   2                      delay1(2);
 489   2                      if(UP==0)
 490   2                      {
 491   3                              while(!UP);
 492   3                              if(Select_num==1)
 493   3                              {
 494   4                                      if(Enter_num==1)
 495   4                                      {
 496   5                                              Year++;
 497   5                                              if(Year>99)
 498   5                                              Year=0;
 499   5                                              SetTime_dispaly(0x80+8,Year);
 500   5                                              write_com(0x80+8);                                                              
 501   5                                              write_com(0x0f);                        
 502   5                                      }
 503   4                                      if(Enter_num==2)
 504   4                                      {
 505   5                                              Month++;
 506   5                                              if(Month>12)
 507   5                                              Month=1;
 508   5                                              SetTime_dispaly(0x80+11,Month);
 509   5                                              write_com(0x80+11);                                                             
 510   5                                              write_com(0x0f);                                                          
 511   5                                      }
 512   4                                      if(Enter_num==3)
 513   4                                      {
 514   5                                              Day++;
 515   5                                              if(Day>31)
 516   5                                              Day=1;
 517   5                                              SetTime_dispaly(0x80+14,Day);
 518   5                                              write_com(0x80+14);                                                             
 519   5                                              write_com(0x0f);
 520   5                                      }
 521   4                                      if(Enter_num==4)
 522   4                                      {
 523   5                                              Hour++;
 524   5                                              if(Hour>23)
 525   5                                              Hour=0;
 526   5                                              SetTime_dispaly(0x80+0x40+6,Hour);
 527   5                                              write_com(0x80+0x40+6);                                                         
 528   5                                              write_com(0x0f);
 529   5                                      }
 530   4                                      if(Enter_num==5)
 531   4                                      {
 532   5                                              Minute++;
 533   5                                              if(Minute>59)
 534   5                                              Minute=0;
 535   5                                              SetTime_dispaly(0x80+0x40+9,Minute);
 536   5                                              write_com(0x80+0x40+9);                                                         
 537   5                                              write_com(0x0f);
 538   5                                      }
 539   4                                      if(Enter_num==6)
 540   4                                      {
 541   5                                              Second++;
 542   5                                              if(Second>59)
 543   5                                              Second=0;
 544   5                                              SetTime_dispaly(0x80+0x40+12,Second);
 545   5                                              write_com(0x80+0x40+12);                                                                
 546   5                                              write_com(0x0f);
 547   5                                      }
 548   4                                      if(Enter_num==7)
 549   4                                      {
C51 COMPILER V9.01   DS1302                                                                04/09/2016 03:11:15 PAGE 10  

 550   5                                              Week++;
 551   5                                              if(Week>7)
 552   5                                              Week=1;
 553   5                                              Week_dispaly(0x80+0x40+15,Week);
 554   5                                              write_com(0x80+0x40+15);                                                                
 555   5                                              write_com(0x0f);
 556   5                                      }
 557   4                              }
 558   3                              if(Select_num==2)
 559   3                              {                               
 560   4                                      if(Enter_num==1)
 561   4                                      {
 562   5                                              Hour_L++;
 563   5                                              if(Hour_L>23)
 564   5                                              Hour_L=0;
 565   5                                              SetTime_dispaly(0x80+0x40+4,Hour_L);
 566   5                                              write_com(0x80+0x40+4);                                                         
 567   5                                              write_com(0x0f);
 568   5                                      }
 569   4                                      if(Enter_num==2)
 570   4                                      {
 571   5                                              Minute_L++;
 572   5                                              if(Minute_L>59)
 573   5                                              Minute_L=0;
 574   5                                              SetTime_dispaly(0x80+0x40+7,Minute_L);
 575   5                                              write_com(0x80+0x40+7);                                                         
 576   5                                              write_com(0x0f);
 577   5                                      }
 578   4                                       
 579   4                                      if(Enter_num==3)
 580   4                                      {
 581   5                                              Second_L++;
 582   5                                              if(Second_L>59)
 583   5                                              Second_L=0;
 584   5                                              SetTime_dispaly(0x80+0x40+10,Second_L);
 585   5                                              write_com(0x80+0x40+10);                                                                
 586   5                                              write_com(0x0f);
 587   5                                      }
 588   4                                      if(Enter_num==4)
 589   4                                      {
 590   5                                              Hour_H++;
 591   5                                              if(Hour_H>23)
 592   5                                              Hour_H=0;
 593   5                                              SetTime_dispaly(0x80+0x40+4,Hour_H);
 594   5                                              write_com(0x80+0x40+4);                                                         
 595   5                                              write_com(0x0f);
 596   5                                      }
 597   4                                      if(Enter_num==5)
 598   4                                      {
 599   5                                              Minute_H++;
 600   5                                              if(Minute_H>59)
 601   5                                              Minute_H=0;
 602   5                                              SetTime_dispaly(0x80+0x40+7,Minute_H);
 603   5                                              write_com(0x80+0x40+7);                                                         
 604   5                                              write_com(0x0f);
 605   5                                      }
 606   4                                       
 607   4                                      if(Enter_num==6)
 608   4                                      {
 609   5                                              Second_H++;
 610   5                                              if(Second_H>59)
 611   5                                              Second_H=0;
C51 COMPILER V9.01   DS1302                                                                04/09/2016 03:11:15 PAGE 11  

 612   5                                              SetTime_dispaly(0x80+0x40+10,Second_H);
 613   5                                              write_com(0x80+0x40+10);                                                                
 614   5                                              write_com(0x0f);
 615   5                                      }                               
 616   4                              }
 617   3                      }
 618   2              }
 619   1              if(DOWN==0)
 620   1              {
 621   2                      delay1(2);
 622   2                      if(DOWN==0)
 623   2                      {
 624   3                              while(!DOWN);
 625   3                              if(Select_num==1)
 626   3                              {
 627   4                                      if(Enter_num==1)
 628   4                                      {
 629   5                                              Year--;
 630   5                                              if(Year<0)
 631   5                                              Year=99;
 632   5                                              SetTime_dispaly(0x80+8,Year);
 633   5                                              write_com(0x80+8);                                                              
 634   5                                              write_com(0x0f);
 635   5                                      }
 636   4                                      if(Enter_num==2)
 637   4                                      {
 638   5                                              Month--;
 639   5                                              if(Month<1)
 640   5                                              Month=12;
 641   5                                              SetTime_dispaly(0x80+11,Month);
 642   5                                              write_com(0x80+11);                                                             
 643   5                                              write_com(0x0f);
 644   5                                      }
 645   4                                      if(Enter_num==3)
 646   4                                      {
 647   5                                              Day--;
 648   5                                              if(Day<1)
 649   5                                              Day=31;
 650   5                                              SetTime_dispaly(0x80+14,Day);
 651   5                                              write_com(0x80+14);                                                             
 652   5                                              write_com(0x0f);
 653   5                                      }
 654   4                                      if(Enter_num==4)
 655   4                                      {
 656   5                                              Hour--;
 657   5                                              if(Hour<0)
 658   5                                              Hour=23;
 659   5                                              SetTime_dispaly(0x80+0x40+6,Hour);
 660   5                                              write_com(0x80+0x40+6);                                                         
 661   5                                              write_com(0x0f);
 662   5                                      }
 663   4                                      if(Enter_num==5)
 664   4                                      {
 665   5                                              Minute--;
 666   5                                              if(Minute<0)
 667   5                                              Minute=59;
 668   5                                              SetTime_dispaly(0x80+0x40+9,Minute);
 669   5                                              write_com(0x80+0x40+9);                                                         
 670   5                                              write_com(0x0f);
 671   5                                      }
 672   4                                      if(Enter_num==6)
 673   4                                      {
C51 COMPILER V9.01   DS1302                                                                04/09/2016 03:11:15 PAGE 12  

 674   5                                              Second--;
 675   5                                              if(Second<0)
 676   5                                              Second=59;
 677   5                                              SetTime_dispaly(0x80+0x40+12,Second);
 678   5                                              write_com(0x80+0x40+12);                                                                
 679   5                                              write_com(0x0f);
 680   5                                      }
 681   4                                      if(Enter_num==7)
 682   4                                      {
 683   5                                              Week--;
 684   5                                              if(Week<1)
 685   5                                              Week=7;
 686   5                                              Week_dispaly(0x80+0x40+15,Week);
 687   5                                              write_com(0x80+0x40+15);                                                                
 688   5                                              write_com(0x0f);
 689   5                                      }               
 690   4                              }
 691   3      
 692   3                              if(Select_num==2)
 693   3                              {
 694   4                                      if(Enter_num==1)
 695   4                                      {
 696   5                                              Hour_L--;
 697   5                                              if(Hour_L<0)
 698   5                                              Hour_L=23;
 699   5                                              SetTime_dispaly(0x80+0x40+4,Hour_L);
 700   5                                              write_com(0x80+0x40+4);                                                         
 701   5                                              write_com(0x0f);
 702   5                                      }
 703   4                                      if(Enter_num==2)
 704   4                                      {
 705   5                                              Minute_L--;
 706   5                                              if(Minute_L<0)
 707   5                                              Minute_L=59;
 708   5                                              SetTime_dispaly(0x80+0x40+7,Minute_L);
 709   5                                              write_com(0x80+0x40+7);                                                         
 710   5                                              write_com(0x0f);
 711   5                                      }
 712   4                                      if(Enter_num==3)
 713   4                                      {
 714   5                                              Second_L--;
 715   5                                              if(Second_L<0)
 716   5                                              Second_L=59;
 717   5                                              SetTime_dispaly(0x80+0x40+10,Second_L);
 718   5                                              write_com(0x80+0x40+10);                                                                
 719   5                                              write_com(0x0f);
 720   5                                      }
 721   4                                       
 722   4                                      if(Enter_num==4)
 723   4                                      {
 724   5                                              Hour_H--;
 725   5                                              if(Hour_H<0)
 726   5                                              Hour_H=23;
 727   5                                              SetTime_dispaly(0x80+0x40+4,Hour_H);
 728   5                                              write_com(0x80+0x40+4);                                                         
 729   5                                              write_com(0x0f);
 730   5                                      }
 731   4                                      if(Enter_num==5)
 732   4                                      {
 733   5                                              Minute_H--;
 734   5                                              if(Minute_H<0)
 735   5                                              Minute_H=59;
C51 COMPILER V9.01   DS1302                                                                04/09/2016 03:11:15 PAGE 13  

 736   5                                              SetTime_dispaly(0x80+0x40+7,Minute_H);
 737   5                                              write_com(0x80+0x40+7);                                                         
 738   5                                              write_com(0x0f);
 739   5                                      }
 740   4                                      if(Enter_num==6)
 741   4                                      {
 742   5                                              Second_H--;
 743   5                                              if(Second_H<0)
 744   5                                              Second_H=59;
 745   5                                              SetTime_dispaly(0x80+0x40+10,Second_H);
 746   5                                              write_com(0x80+0x40+10);                                                                
 747   5                                              write_com(0x0f);
 748   5                                      }
 749   4                              }
 750   3                      }
 751   2              }
 752   1      
 753   1              if(MODE==0)                                                     //切换按键按下
 754   1              {
 755   2                      delay1(2);                                                      //消抖
 756   2                      if(MODE==0)
 757   2                      {
 758   3                              while(!MODE);                                   //按键释放
 759   3                              Auto_flg=~Auto_flg;                             //模式切换
 760   3                              if(Auto_flg==0)                                 //自动模式
 761   3                              {
 762   4                                      AUTO_LED=0;                                     //自动灯亮
 763   4                                      HAND_LED=1;
 764   4                              }
 765   3                              if(Auto_flg==1)                                 //手动模式
 766   3                              {
 767   4                                      AUTO_LED=1;                                     
 768   4                                      HAND_LED=0;                                     //手动灯亮
 769   4                                      LAMP1=1;                                        //关灯
 770   4                                      LAMP2=1;
 771   4                                      LAMP3=1;
 772   4                                      LAMP4=1;
 773   4                              }
 774   3                      }
 775   2              }
 776   1              if(Auto_flg==1)                                                 //手动模式
 777   1              {
 778   2                      if(SWITCH==0)                                           //灯开关按键按下
 779   2                      {
 780   3                              delay1(2);                                              //消抖
 781   3                              if(SWITCH==0)
 782   3                              {
 783   4                                      while(!SWITCH);                         //按键释放
 784   4                                      Switch_num++;                           //按下次数增加
 785   4                                      if(Switch_num==1)                       //按下一次，开一盏灯
 786   4                                      {
 787   5                                              LAMP1=0;
 788   5                                              LAMP2=1;
 789   5                                              LAMP3=1;
 790   5                                              LAMP4=1;
 791   5                                      }
 792   4                                      if(Switch_num==2)                       //按下二次，开二盏灯
 793   4                                      {
 794   5                                              LAMP1=0;
 795   5                                              LAMP2=0;
 796   5                                              LAMP3=1;
 797   5                                              LAMP4=1;
C51 COMPILER V9.01   DS1302                                                                04/09/2016 03:11:15 PAGE 14  

 798   5                                      }
 799   4                                      if(Switch_num==3)                       //按下3次，开3盏灯
 800   4                                      {
 801   5                                              LAMP1=0;
 802   5                                              LAMP2=0;
 803   5                                              LAMP3=0;
 804   5                                              LAMP4=1;
 805   5                                      }
 806   4                                      if(Switch_num==4)                       //按下4次，开4盏灯
 807   4                                      {
 808   5                                              LAMP1=0;
 809   5                                              LAMP2=0;
 810   5                                              LAMP3=0;
 811   5                                              LAMP4=0;
 812   5                                      }
 813   4                                      if(Switch_num==5)                       //按下5次，开0盏灯
 814   4                                      {
 815   5                                              LAMP1=1;
 816   5                                              LAMP2=1;
 817   5                                              LAMP3=1;
 818   5                                              LAMP4=1;
 819   5                                              Switch_num=0;                   //次数清除
 820   5                                      }
 821   4                              }
 822   3                      }
 823   2              }
 824   1      }
 825          
 826          void Open(void)
 827          {
 828   1              float Now;
 829   1              float Set_L,Set_H;
 830   1              Now=Hour+Minute/60+Second/3600;                                         //把实时时间化成小时为单位
 831   1              Set_L=Hour_L+Minute_L/60+Second_L/3600;                         //把设置下限时间化成小时为单位
 832   1              Set_H=Hour_H+Minute_H/60+Second_H/3600;                         //把设置上限时间化成小时为单位
 833   1              if(Auto_flg==0)                                                                         //自动模式
 834   1              {
 835   2                      if((Now>=Set_L)&(Now<=Set_H))                                   //实时时间在上下限时间范围内
 836   2                      {
 837   3                              if(LIGHT1==0)                                                       //光线不足
 838   3                              {
 839   4                                      if(Value1==0)
 840   4                                      {
 841   5                                              LAMP1=1;                                                        //全灭
 842   5                                              LAMP2=1;
 843   5                                              LAMP3=1;
 844   5                                              LAMP4=1;
 845   5                                      }
 846   4                                      if((Value1>0)&(Value1<10))
 847   4                                      {
 848   5                                              LAMP1=0;                                                        //亮一个灯
 849   5                                              LAMP2=1;
 850   5                                              LAMP3=1;
 851   5                                              LAMP4=1;
 852   5                                      }
 853   4                                      if((Value1>=10)&(Value1<20))
 854   4                                      {
 855   5                                              LAMP1=0;                                                        //亮二个灯
 856   5                                              LAMP2=0;
 857   5                                              LAMP3=1;
 858   5                                              LAMP4=1;
 859   5                                      }
C51 COMPILER V9.01   DS1302                                                                04/09/2016 03:11:15 PAGE 15  

 860   4                                      if((Value1>=20)&(Value1<30))
 861   4                                      {
 862   5                                              LAMP1=0;                                                        //亮三个灯
 863   5                                              LAMP2=0;
 864   5                                              LAMP3=0;
 865   5                                              LAMP4=1;
 866   5                                      }
 867   4                                      if(Value1>=30)
 868   4                                      {
 869   5                                              LAMP1=0;                                                        //亮四个灯
 870   5                                              LAMP2=0;
 871   5                                              LAMP3=0;
 872   5                                              LAMP4=0;
 873   5                                      }
 874   4                              }
 875   3                              if(LIGHT1==1)                                                       //光线强烈
 876   3                              {
 877   4                                      LAMP1=1;                                                                //全灭
 878   4                                      LAMP2=1;
 879   4                                      LAMP3=1;
 880   4                                      LAMP4=1;
 881   4                              }
 882   3                      }
 883   2              
 884   2                      if((Now<Set_L)|(Now>Set_H))                                             //实时时间不在范围内
 885   2                      {
 886   3                              LAMP1=1;                                                                        //全灭
 887   3                              LAMP2=1;
 888   3                              LAMP3=1;
 889   3                              LAMP4=1;
 890   3                      }
 891   2              }
 892   1      } 
 893          
 894          /*******************************************************************************************************/
 895          void Count_Value(void)
 896          {
 897   1              SetTime_dispaly(0x80+3,Value1);
 898   1              if(IN1==0)
 899   1              {
 900   2                      delay1(1);
 901   2                      if(IN1==0)
 902   2                      {
 903   3                              while(!IN1);
 904   3                              if(OUT1_flag==0)
 905   3                              {
 906   4                                      IN1_flag=1;
 907   4                              }
 908   3                              if(OUT1_flag==1)
 909   3                              {
 910   4                                      
 911   4                                      Value1++;                                //人数增加
 912   4                                      if(Value1>=99)                   //如果人数计数到99，变为最大99
 913   4                                      Value1=99;
 914   4                                      OUT1_flag=0;                     //清零
 915   4                                      IN1_flag=0;
 916   4                              }
 917   3                      }
 918   2              }
 919   1              if(OUT1==0)
 920   1              {
 921   2                      delay1(1);
C51 COMPILER V9.01   DS1302                                                                04/09/2016 03:11:15 PAGE 16  

 922   2                      if(OUT1==0)
 923   2                      {
 924   3                              while(!OUT1);
 925   3                              if(IN1_flag==0)
 926   3                              {
 927   4                                      OUT1_flag=1;
 928   4                              }
 929   3                              if(IN1_flag==1)
 930   3                              {
 931   4                                      Value1--;                               //人数减少
 932   4                                      if(Value1<0)                    //如果人数计数小于0，变为最小0
 933   4                                      Value1=0;
 934   4                                      IN1_flag=0;                             //清零
 935   4                                      OUT1_flag=0;
 936   4                              }
 937   3                      }
 938   2              }
 939   1      }
 940          /****************************************温度************************************************************/
 941          void delay(uint y)                                                                      //DS18B20延时函数（仿真用）
 942          {
 943   1              while(y--);
 944   1      } 
 945          /*
 946          void delay(uint z)                                                                              //DS18B20延时函数（实物用）
 947          {
 948                  uint x,y;
 949                  for(x=z;x>0;x--)
 950                          for(y=1;y>0;y--);
 951          }  
 952          */
 953          void write_byte(uint dat)                       //写一个字节
 954          {
 955   1              uchar i;
 956   1              for(i=0;i<8;i++)                        //循环八次        共有八位
 957   1              {
 958   2                      DQ=0;                                           //写零
 959   2                      DQ=dat&0x01;                //向总线写位数据，从最低位写起
 960   2                      delay(4);
 961   2                      DQ=1;                                           //写一
 962   2                      dat>>=1;                                    //下次写作准备，移位数据
 963   2              }
 964   1              delay(4);
 965   1      }                                    
 966          
 967          uchar read_byte(void)                           //读一个字节，返回值
 968          {
 969   1              uchar i;
 970   1              uint value;
 971   1              for(i=0;i<8;i++)                        //循环八次        共有八位
 972   1              {
 973   2                      DQ=0;
 974   2                      value>>=1;
 975   2                      DQ=1;                                           //释放总线
 976   2                      if(DQ)
 977   2                      value|=0x80;                        //DQ=1，value取1
 978   2                      delay(4);
 979   2              }
 980   1              return value;
 981   1      }
 982          
 983          void ds18b20_init()                                 //初始化函数
C51 COMPILER V9.01   DS1302                                                                04/09/2016 03:11:15 PAGE 17  

 984          {
 985   1              uint n;
 986   1              DQ=1;
 987   1              delay(8);                                          
 988   1              DQ=0;
 989   1              delay(80);                                          //低电平480——960us
 990   1              DQ=1;                                                   //总线释放
 991   1              delay(8);                                           //等待50——100us
 992   1              n=DQ;                                               //读取复位状态
 993   1              delay(4);
 994   1      }
 995          
 996          int readtemperature()                           //读整数部分
 997          {       
 998   1          int a,b;                                            //高八位，低八位
 999   1              ds18b20_init();
1000   1              write_byte(0xcc);                           //跳过rom匹配，跳过读序列号的操作，可节省操作时间
1001   1              write_byte(0x44);                           //启动温度检测
1002   1              delay(300);                                         //测温度
1003   1              ds18b20_init();                             //开始操作前需要复位
1004   1              write_byte(0xcc);                               //跳过rom匹配
1005   1              write_byte(0xbe);                           //写读寄存器中温度值的命令
1006   1              a=read_byte();                              //low         低位开始读取
1007   1              b=read_byte();                              //high        高位开始读取
1008   1              b<<=8;                                                  //把高位左移八位
1009   1              b=b|a;                                                  //高八位与第八位进行或运算，得到总和
1010   1              if(b>=0)                                                //如果温度大于等于0
1011   1              {
1012   2                      b=b*0.0625;                                     //直接乘以0.0625
1013   2                      write_com(0x80+0x40+2);         //在LCD1602对应的位置不写内容
1014   2                      write_date(0x20);
1015   2              }
1016   1          else                                                        //温度小于0
1017   1              {       
1018   2                      b=~b+1;                                         //取反码再加一
1019   2                      b=b*0.0625;                                     //再运算
1020   2                      write_com(0x80+0x40+2);         //在LCD1602对应的位置写一个负号
1021   2                      write_date(0x2d);
1022   2              }
1023   1              return b;                                               //返回b，此时以表示温度
1024   1      }
1025          void temperature_dispaly(char add,char dat)                     //温度显示函数：第一个：参数的地址，第二个：参数的内容
1026          {
1027   1              uchar shi,ge;
1028   1              shi=dat/10;                                                                             //把温度的十位提取出来
1029   1              ge=dat%10;                                                                              //把温度的个位提取出来
1030   1              write_com(0x80+0x40+add);                                               //要写的地址
1031   1              write_date(0x30+shi);                                                   //十位的内容   1602字符库
1032   1              write_date(0x30+ge);                                            //个位的内容    1602字符库
1033   1      }
1034          /**************************************主程序********************************************/
1035          void main()
1036          {
1037   1              AUTO_LED=0;                                      //默认自动模式
1038   1              temperature=readtemperature();
1039   1              init();                                          //液晶初始化
1040   1              delay1(8000);
1041   1              while(1)
1042   1              {
1043   2                      if(Adjust==0)                    //非调节模式下显示时间人数和温度
1044   2                      {       
1045   3                              temperature=readtemperature();                  //读取温度
C51 COMPILER V9.01   DS1302                                                                04/09/2016 03:11:15 PAGE 18  

1046   3                              temperature_dispaly(3,temperature);             //显示温度
1047   3                              Time_Display();          //显示时间
1048   3                              Open();                          //动作判断,根据光线和声响开关
1049   3                              Count_Value();           //计算人数
1050   3                      }
1051   2                      Keyscan();                               //扫描键盘
1052   2              }
1053   1      }


MODULE INFORMATION:   STATIC OVERLAYABLE
   CODE SIZE        =   4853    ----
   CONSTANT SIZE    =    184    ----
   XDATA SIZE       =   ----    ----
   PDATA SIZE       =   ----    ----
   DATA SIZE        =     65      21
   IDATA SIZE       =   ----    ----
   BIT SIZE         =      2    ----
END OF MODULE INFORMATION.


C51 COMPILATION COMPLETE.  0 WARNING(S),  0 ERROR(S)
