C51 COMPILER V8.02   DA转换                                                                07/05/2013 23:45:42 PAGE 1   


C51 COMPILER V8.02, COMPILATION OF MODULE DA转换
OBJECT MODULE PLACED IN DA转换.OBJ
COMPILER INVOKED BY: C:\Keil\C51\BIN\C51.EXE DA转换.c BROWSE DEBUG OBJECTEXTEND

line level    source

   1          /*-------------------------------
   2          作者：小新
   3          qq：405228062
   4          email:xuxing1261207@126.com
   5          淘宝：http://xx-mcu.taobao.com
   6          --------------------------------*/
   7          #include <reg52.h> 
   8          #include "wave.h" 
   9          #include "keyscan.h"
  10          #include "PCF8591.h"
  11          #include "delay.h"
  12          
  13          #define uchar unsigned char
  14          #define uint unsigned int
  15          
  16          uchar  code sin_tab[] =        //正弦波输出表
  17          {
  18               0x80,0x83,0x86,0x89,0x8D,0x90,0x93,0x96,0x99,0x9C,0x9F,0xA2,0xA5,0xA8,0xAB,0xAE,
  19               0xB1,0xB4,0xB7,0xBA,0xBC,0xBF,0xC2,0xC5,0xC7,0xCA,0xCC,0xCF,0xD1,0xD4,0xD6,0xD8,
  20               0xDA,0xDD,0xDF,0xE1,0xE3,0xE5,0xE7,0xE9,0xEA,0xEC,0xEE,0xEF,0xF1,0xF2,0xF4,0xF5,
  21               0xF6,0xF7,0xF8,0xF9,0xFA,0xFB,0xFC,0xFD,0xFD,0xFE,0xFF,0xFF,0xFF,0xFF,0xFF,0xFF,
  22               0xFF,0xFF,0xFF,0xFF,0xFF,0xFF,0xFE,0xFD,0xFD,0xFC,0xFB,0xFA,0xF9,0xF8,0xF7,0xF6,
  23               0xF5,0xF4,0xF2,0xF1,0xEF,0xEE,0xEC,0xEA,0xE9,0xE7,0xE5,0xE3,0xE1,0xDF,0xDD,0xDA,
  24               0xD8,0xD6,0xD4,0xD1,0xCF,0xCC,0xCA,0xC7,0xC5,0xC2,0xBF,0xBC,0xBA,0xB7,0xB4,0xB1,
  25               0xAE,0xAB,0xA8,0xA5,0xA2,0x9F,0x9C,0x99,0x96,0x93,0x90,0x8D,0x89,0x86,0x83,0x80,
  26               0x80,0x7C,0x79,0x76,0x72,0x6F,0x6C,0x69,0x66,0x63,0x60,0x5D,0x5A,0x57,0x55,0x51,
  27               0x4E,0x4C,0x48,0x45,0x43,0x40,0x3D,0x3A,0x38,0x35,0x33,0x30,0x2E,0x2B,0x29,0x27,
  28               0x25,0x22,0x20,0x1E,0x1C,0x1A,0x18,0x16,0x15,0x13,0x11,0x10,0x0E,0x0D,0x0B,0x0A,
  29               0x09,0x08,0x07,0x06,0x05,0x04,0x03,0x02,0x02,0x01,0x00,0x00,0x00,0x00,0x00,0x00,
  30               0x00,0x00,0x00,0x00,0x00,0x00,0x01,0x02,0x02,0x03,0x04,0x05,0x06,0x07,0x08,0x09,
  31               0x0A,0x0B,0x0D,0x0E,0x10,0x11,0x13,0x15,0x16,0x18,0x1A,0x1C,0x1E,0x20,0x22,0x25,
  32               0x27,0x29,0x2B,0x2E,0x30,0x33,0x35,0x38,0x3A,0x3D,0x40,0x43,0x45,0x48,0x4C,0x4E,
  33               0x51,0x55,0x57,0x5A,0x5D,0x60,0x63,0x66,0x69,0x6C,0x6F,0x72,0x76,0x79,0x7C,0x7E
  34          };
  35          
  36          extern uchar flag,time1;
  37          
  38           void sin(void)  //正弦波
  39           {
  40   1              uint i;
  41   1        for(i=0; i<256; i++)
  42   1        {
  43   2          write_add(0x40,sin_tab[i]);   //data byte
  44   2              //check_ACK();                  //检查应答位
  45   2              delay_1ms(time1);
  46   2       }
  47   1       }
  48          
  49          void main()  
  50          {  
  51   1          uchar wave_select=0;
  52   1          init();  
  53   1          while(1)  
  54   1          {  
  55   2                  keyscan();
C51 COMPILER V8.02   DA转换                                                                07/05/2013 23:45:42 PAGE 2   

  56   2                      if(Key5==0)
  57   2                      {
  58   3                              wave_select++;
  59   3                              while(!Key5);
  60   3                              if(wave_select==4)
  61   3                              {wave_select=1;}
  62   3                      } 
  63   2              if(wave_select==1)
  64   2                  triangular();
  65   2                      if(wave_select==2)
  66   2                       square();
  67   2                      if(wave_select==3)
  68   2                         sin();
  69   2      
  70   2                        
  71   2      
  72   2      
  73   2          
  74   2        }
  75   1      
  76   1      }
  77          
  78          
  79                      
  80              
  81          
  82            


MODULE INFORMATION:   STATIC OVERLAYABLE
   CODE SIZE        =     91    ----
   CONSTANT SIZE    =    256    ----
   XDATA SIZE       =   ----    ----
   PDATA SIZE       =   ----    ----
   DATA SIZE        =   ----       3
   IDATA SIZE       =   ----    ----
   BIT SIZE         =   ----    ----
END OF MODULE INFORMATION.


C51 COMPILATION COMPLETE.  0 WARNING(S),  0 ERROR(S)
