C51 COMPILER V9.00   001                                                                   02/16/2015 13:40:05 PAGE 1   


C51 COMPILER V9.00, COMPILATION OF MODULE 001
OBJECT MODULE PLACED IN 001.OBJ
COMPILER INVOKED BY: D:\keil\keil\C51\BIN\C51.EXE 001.c BROWSE DEBUG OBJECTEXTEND

line level    source

   1          #include<reg51.h>
   2          #include<intrins.h>
   3          typedef unsigned char uchar;
   4          typedef unsigned int  uint;
   5          sbit k1=P1^6;
   6          sbit k2=P1^7;
   7          sbit k3=P2^7;
   8          sbit k4=P3^0;
   9          sbit yellowled_nb=P1^4; //南北黄灯
  10          sbit yellowled_dx=P1^1; //东西黄灯
  11          uchar code table[11]={0x3f,0x06,0x5b,0x4f,0x66,0x6d,0x7d,0x07,0x7f,0x6f,0x00};
  12          uchar data dig; //位选
  13          uchar data led; //偏移量
  14          uchar data buf[4];
  15          uchar data sec_dx=39;//东西数码指示值
  16          uchar data sec_nb=39;//南北数码指示值
  17          uchar data set_timedx=39;
  18          uchar data set_timenb=39;//倒计时设置的键值保存
  19          uchar data b;//定时器中断次数
  20          bit time;//灯状态循环标志
  21          bit int0_time;//中断强行标志
  22          bit set;//调时方向切换键标志
  23          void delay(int ms)
  24          {
  25   1              uint j,k;
  26   1              for(j=0;j<ms;j++)
  27   1                      for(k=0;k<124;k++);
  28   1      }
  29          void key_to1()
  30          {
  31   1              TR0=0;   //关定时器
  32   1              if(set==0)
  33   1                      sec_nb++; //南北加1S
  34   1              else
  35   1                      sec_dx++;//东西加1S
  36   1              if(sec_nb==100)
  37   1                      sec_nb=1;
  38   1              if(sec_dx==100)
  39   1                      sec_dx=1;//加到100置1   
  40   1      }
  41          void key_to2()
  42          {
  43   1              TR0=0;//关定时器
  44   1              if(set==0)
  45   1                      sec_nb--;  //南北减1S
  46   1              else
  47   1                      sec_dx--;  //东西减1S
  48   1              if(sec_nb==0)
  49   1                      sec_nb=99;      
  50   1              if(     sec_dx==0 )
  51   1                      sec_dx=99;//减到1重置99 
  52   1      }
  53          void key()      //按键扫描子程序
  54          {
  55   1              if(k1!=1)
C51 COMPILER V9.00   001                                                                   02/16/2015 13:40:05 PAGE 2   

  56   1              {
  57   2                      delay(10);
  58   2                      if(k1!=1)
  59   2                      {
  60   3                              while(k1!=1);
  61   3                              key_to1();
  62   3                      }
  63   2              }
  64   1              if(k2!=1)
  65   1              {
  66   2                      delay(10);
  67   2                      if(k2!=1)
  68   2                      {
  69   3                              while(k2!=1);
  70   3                              key_to2();
  71   3                      }
  72   2              }
  73   1              if(k4!=1)
  74   1              {
  75   2                      delay(10);
  76   2                      if(k4!=1)
  77   2                      {
  78   3                              while(k4!=1);
  79   3                              set=!set;
  80   3                      }
  81   2              }
  82   1              if(k3!=1&&int0_time==1)
  83   1              {       
  84   2                      TR0=1;   //启动定时器
  85   2                      sec_nb=59;
  86   2                      sec_dx=59;
  87   2                      int0_time=0;//清标志
  88   2              }       
  89   1              else if(k3!=1&&int0_time==0)
  90   1              {
  91   2                      TR0=1;
  92   2                      set_timenb=sec_nb;
  93   2                      set_timedx=sec_dx; //设置的键值返回保存
  94   2              }
  95   1      }
  96          void display()
  97          {
  98   1              buf[1]=sec_dx/10; //第1位 东西秒十位
  99   1              buf[2]=sec_dx%10; //第2位 东西秒个位
 100   1              buf[3]=sec_nb/10; //第3位 南北秒十位
 101   1              buf[0]=sec_nb%10; //第4位 南北秒个位
 102   1              P0=table[buf[led]];
 103   1              delay(2);       //先延时，提前显示一位了
 104   1              P2=dig;
 105   1              dig=_crol_(dig,1);
 106   1              led++;
 107   1              if(led==4)
 108   1              {
 109   2                      led=0;
 110   2                      dig=0xfe;
 111   2              }
 112   1      }
 113          void main()
 114          {
 115   1              TMOD=0x01;      
 116   1              TH0=0x3C;
 117   1              TL0=0xB0;
C51 COMPILER V9.00   001                                                                   02/16/2015 13:40:05 PAGE 3   

 118   1              EA=1;
 119   1              ET0=1;
 120   1              TR0=1;
 121   1              EX0=1;
 122   1              EX1=1;
 123   1              P1=0Xf3;// 东西通行
 124   1              while(1)
 125   1              {
 126   2                      key(); //调用按键扫描程序
 127   2                      display(); //调用显示程序
 128   2              }       
 129   1      }
 130          void t0() interrupt 1 using 1  //定时中断子程序
 131          {
 132   1              b++;
 133   1              if(b==10)         // 定时器中断次数。
 134   1              {
 135   2                      b=0;
 136   2                      sec_dx--;
 137   2                      sec_nb--;
 138   2                      //南北黄灯闪烁判断              
 139   2                      if(sec_nb==3&&time==0)
 140   2                      {
 141   3                              yellowled_nb=1;//南北黄灯亮
 142   3                              delay(300);
 143   3                              yellowled_nb=0;
 144   3                      }
 145   2                      if(sec_nb==2&&time==0)
 146   2                      {
 147   3                              yellowled_nb=1;//南北黄灯亮
 148   3                              delay(300);
 149   3                              yellowled_nb=0;
 150   3                      }
 151   2                      if(sec_nb==1&&time==0)
 152   2                      {
 153   3                              yellowled_nb=1;
 154   3                              delay(300);
 155   3                              yellowled_nb=0;
 156   3                      }                
 157   2                      //东西黄灯闪判断            
 158   2                      if(sec_dx==3&&time==1)
 159   2                      {
 160   3                              yellowled_dx=1;//南北黄灯亮
 161   3                              delay(300);
 162   3                              yellowled_dx=0;
 163   3                      }               
 164   2                      if(sec_dx==2&&time==1)
 165   2                      {
 166   3                              yellowled_dx=1;//南北黄灯亮
 167   3                              delay(300);
 168   3                              yellowled_dx=0;
 169   3                      }
 170   2                      if(sec_dx==1&&time==1)
 171   2                      {
 172   3                              yellowled_dx=1;
 173   3                              delay(300);
 174   3                              yellowled_dx=0;
 175   3                      }                       
 176   2                      if(sec_dx==0||sec_nb==0) //东西或南北先到达1S时即开始重新计时
 177   2                      { 
 178   3                              sec_dx=set_timedx;
 179   3                              sec_nb=set_timenb; //第一次循环结束重置
C51 COMPILER V9.00   001                                                                   02/16/2015 13:40:05 PAGE 4   

 180   3                              if(time==1)
 181   3                              {
 182   4                                      P1=0xF3;  //东西通行
 183   4                              }
 184   3                              else
 185   3                              {
 186   4                                      P1=0xde; //南北通行
 187   4                              }
 188   3                              time=!time;   //取反
 189   3                      }
 190   2              }
 191   1      }
 192          void wb0() interrupt 0 using 1   //东西强行
 193          {
 194   1              TR0=0;
 195   1              P1=0xF3;
 196   1              sec_dx=88;
 197   1              sec_nb=88;
 198   1              int0_time=1;
 199   1      }
 200          void wb1() interrupt 2 using 1    //南北强行
 201          {
 202   1              TR0=0;
 203   1              P1=0xDE;
 204   1              sec_nb=88;
 205   1              sec_dx=88;
 206   1              int0_time=1;
 207   1      }
 208          


MODULE INFORMATION:   STATIC OVERLAYABLE
   CODE SIZE        =    458    ----
   CONSTANT SIZE    =     11    ----
   XDATA SIZE       =   ----    ----
   PDATA SIZE       =   ----    ----
   DATA SIZE        =     11    ----
   IDATA SIZE       =   ----    ----
   BIT SIZE         =      3    ----
END OF MODULE INFORMATION.


C51 COMPILATION COMPLETE.  0 WARNING(S),  0 ERROR(S)
