C51 COMPILER V8.02   INT0和INT1縚制蘝形LED                                                 08/03/2011 16:48:30 PAGE 1   


C51 COMPILER V8.02, COMPILATION OF MODULE INT0和INT1縚制蘝形LED
OBJECT MODULE PLACED IN INT0和INT1控制条形LED.OBJ
COMPILER INVOKED BY: C:\Keil\C51\BIN\C51.EXE INT0和INT1控制条形LED.C BROWSE DEBUG OBJECTEXTEND

line level    source

   1          /*
   2          *INT0和INT1控制条形LED*
   3          */
   4          #include<reg51.h>                                               //头文件
   5          
   6          void main(void)                                             //主函数
   7          {
   8   1              P0 = 0x00; P1 = 0x00;
   9   1              IP=0x05;                                                        //外部中断0和外部中断1设置为高优先级
  10   1              IT0=1;                                                          //外部中断0为下降沿触发
  11   1              IT1=1;                                                          //外部中断1为下降沿触发
  12   1              EX0=1;                                                          //开EX0中断
  13   1              EX1=1;                                                          //开EX1中断
  14   1              EA=1;
  15   1              while(1);                                                       //主循环
  16   1      }
  17          
  18          void ISR0(void) interrupt 0                     //外部中断0服务例程
  19          {
  20   1              P0=~P0;                                                 //P1端口反相
  21   1      }
  22          
  23          void ISR1(void) interrupt 2                     //外部中断1服务例程
  24          {
  25   1              P1=~P1;                                                 //P1端口反相
  26   1      }


MODULE INFORMATION:   STATIC OVERLAYABLE
   CODE SIZE        =     28    ----
   CONSTANT SIZE    =   ----    ----
   XDATA SIZE       =   ----    ----
   PDATA SIZE       =   ----    ----
   DATA SIZE        =   ----    ----
   IDATA SIZE       =   ----    ----
   BIT SIZE         =   ----    ----
END OF MODULE INFORMATION.


C51 COMPILATION COMPLETE.  0 WARNING(S),  0 ERROR(S)
