BL51 BANKED LINKER/LOCATER V6.00                                                        08/03/2011  21:09:44  PAGE 1


BL51 BANKED LINKER/LOCATER V6.00, INVOKED BY:
C:\KEIL\C51\BIN\BL51.EXE TIMER0.obj TO TIMER0 RAMSIZE (256)


MEMORY MODEL: SMALL


INPUT MODULES INCLUDED:
  TIMER0.obj (TIMER0)
  C:\KEIL\C51\LIB\C51S.LIB (?C_STARTUP)
  C:\KEIL\C51\LIB\C51S.LIB (?C_INIT)


LINK MAP OF MODULE:  TIMER0 (TIMER0)


            TYPE    BASE      LENGTH    RELOCATION   SEGMENT NAME
            -----------------------------------------------------

            * * * * * * *   D A T A   M E M O R Y   * * * * * * *
            REG     0000H     0008H     ABSOLUTE     "REG BANK 0"
            DATA    0008H     0002H     UNIT         ?DT?TIMER0
            IDATA   000AH     0001H     UNIT         ?STACK

            * * * * * * *   C O D E   M E M O R Y   * * * * * * *
            CODE    0000H     0003H     ABSOLUTE     
            CODE    0003H     0005H     UNIT         ?C_INITSEG
                    0008H     0003H                  *** GAP ***
            CODE    000BH     0003H     ABSOLUTE     
            CODE    000EH     008CH     UNIT         ?C_C51STARTUP
            CODE    009AH     001FH     UNIT         ?PR?LED_FLASH?TIMER0
            CODE    00B9H     0010H     UNIT         ?PR?MAIN?TIMER0



OVERLAY MAP OF MODULE:   TIMER0 (TIMER0)


SEGMENT
  +--> CALLED SEGMENT
---------------------
?C_C51STARTUP
  +--> ?PR?MAIN?TIMER0
  +--> ?C_INITSEG



SYMBOL TABLE OF MODULE:  TIMER0 (TIMER0)

  VALUE           TYPE          NAME
  ----------------------------------

  -------         MODULE        TIMER0
  C:0000H         SYMBOL        _ICE_DUMMY_
  D:0080H         PUBLIC        P0
  D:00A8H         PUBLIC        IE
  C:009AH         PUBLIC        LED_Flash
  C:00B9H         PUBLIC        main
BL51 BANKED LINKER/LOCATER V6.00                                                      08/03/2011  21:09:44  PAGE 2


  D:0089H         PUBLIC        TMOD
  D:0008H         PUBLIC        T_Count
  D:008CH         PUBLIC        TH0
  D:008AH         PUBLIC        TL0
  B:0080H.0       PUBLIC        LED
  B:0088H.4       PUBLIC        TR0
  -------         PROC          MAIN
  C:00B9H         LINE#         12
  C:00B9H         LINE#         13
  C:00B9H         LINE#         14
  C:00BCH         LINE#         15
  C:00BFH         LINE#         16
  C:00C2H         LINE#         17
  C:00C5H         LINE#         18
  C:00C7H         LINE#         19
  -------         ENDPROC       MAIN
  -------         PROC          LED_FLASH
  C:009AH         LINE#         22
  C:009CH         LINE#         24
  C:009FH         LINE#         25
  C:00A2H         LINE#         26
  C:00B0H         LINE#         27
  C:00B0H         LINE#         28
  C:00B2H         LINE#         29
  C:00B6H         LINE#         30
  C:00B6H         LINE#         31
  -------         ENDPROC       LED_FLASH
  -------         ENDMOD        TIMER0

Program Size: data=11.0 xdata=0 code=198
LINK/LOCATE RUN COMPLETE.  0 WARNING(S),  0 ERROR(S)
