C51 COMPILER V9.01   BF                                                                    05/27/2015 17:17:52 PAGE 1   


C51 COMPILER V9.01, COMPILATION OF MODULE BF
OBJECT MODULE PLACED IN bf.OBJ
COMPILER INVOKED BY: C:\Keil\C51\BIN\C51.EXE bf.c BROWSE DEBUG OBJECTEXTEND

line level    source

   1          #include <reg51.h>
   2          #define uint unsigned int
   3          #define uchr unsigned char
   4          sbit led0=P2^2;
   5          sbit buzzer=P2^3;
   6          sbit dula=P2^6;                //声明段选线选通端
   7          sbit wela=P2^7;                //声明位选线选通端
   8          sbit clear=P3^4;
   9          uchr key,shi,ge,count;
  10          uchr code tab[]={
  11          0x3f,0x06,0x5b,0x4f,
  12          0x66,0x6d,0x7d,0x07,
  13          0x7f,0x6f,0x77,0x7c,
  14          0x39,0x5e,0x79,0x71,
  15          0x76,0x79,0x38,0x3f};
  16          /*延时子函数，xms为形参*/
  17          void delay(uint xms)
  18          {
  19   1          uint x,y;
  20   1          for(x=xms;x>0;x--)
  21   1              for(y=110;y>0;y--);
  22   1      }
  23          
  24          /*矩阵键盘扫描子程序*/
  25          void matrixkeyscan()
  26          {
  27   1          uint temp;
  28   1          P3=0xf7;                             //给P3口赋值
  29   1          temp=P3;
  30   1          temp=temp&0xf0;
  31   1          if(temp!=0xf0)                       //检测是否有键按下
  32   1          {
  33   2              delay(6);                       //延时去抖
  34   2              temp=P3;
  35   2              temp=temp&0xf0;
  36   2              if(temp!=0xf0)                   //再次检测是否有键按下
  37   2              {
  38   3                  temp=P3;
  39   3                  switch(temp)
  40   3                  {
  41   4                      case 0x77:
  42   4                          key=1;
  43   4                          break;
  44   4                      case 0xb7:
  45   4                          key=2;
  46   4                          break;
  47   4                      case 0xd7:
  48   4                          key=3;
  49   4                          break;
  50   4                      case 0xe7:
  51   4                          key=4;
  52   4                          break;              //判断按下的是哪个键
  53   4                  }
  54   3                  while(temp!=0xf0)
  55   3                  {
C51 COMPILER V9.01   BF                                                                    05/27/2015 17:17:52 PAGE 2   

  56   4                      temp=P3;
  57   4                      temp=temp&0xf0;        
  58   4                  }                           //等待按键释放
  59   3              }
  60   2          }
  61   1          P3=0xfb;
  62   1          temp=P3;
  63   1          temp=temp&0xf0;
  64   1          if(temp!=0xf0)
  65   1          {
  66   2              delay(6);
  67   2              temp=P3;
  68   2              temp=temp&0xf0;
  69   2              if(temp!=0xf0)
  70   2              {
  71   3                  temp=P3;
  72   3                  switch(temp)
  73   3                  {
  74   4      case 0x7b:
  75   4                          key=5;
  76   4                          break;
  77   4                      case 0xbb:
  78   4                          key=6;
  79   4                          break;
  80   4                      case 0xdb:
  81   4                          key=7;
  82   4                          break;
  83   4                      case 0xeb:
  84   4                          key=8;
  85   4                          break;
  86   4                  }
  87   3                  while(temp!=0xf0)
  88   3                  {
  89   4                      temp=P3;
  90   4                      temp=temp&0xf0;
  91   4                  }
  92   3              }
  93   2          }
  94   1          P3=0xfd;
  95   1          temp=P3;
  96   1          temp=temp&0xf0;
  97   1          if(temp!=0xf0)
  98   1          {
  99   2              delay(6);
 100   2              temp=P3;
 101   2              temp=temp&0xf0;
 102   2              if(temp!=0xf0)
 103   2              {
 104   3                  temp=P3;
 105   3                  switch(temp)
 106   3                  {
 107   4                      case 0x7d:
 108   4                          key=9;
 109   4                          break;
 110   4                      case 0xbd:
 111   4                          key=10;
 112   4                          break;
 113   4                     case 0xdd:
 114   4                          key=11;
 115   4                          break;
 116   4                      case 0xed:
 117   4                          key=12;
C51 COMPILER V9.01   BF                                                                    05/27/2015 17:17:52 PAGE 3   

 118   4                          break;
 119   4                  }
 120   3                  while(temp!=0xf0)
 121   3                  {
 122   4                      temp=P3;
 123   4                      temp=temp&0xf0;
 124   4                  }
 125   3              }
 126   2          }
 127   1          P3=0xfe;
 128   1          temp=P3;
 129   1          temp=temp&0xf0;
 130   1          if(temp!=0xf0)
 131   1          {
 132   2              delay(6);
 133   2              temp=P3;
 134   2              temp=temp&0xf0;
 135   2              if(temp!=0xf0)
 136   2              {
 137   3                  temp=P3;
 138   3                  switch(temp)
 139   3                  {
 140   4                      case 0x7e:
 141   4                          key=13;
 142   4                          break;
 143   4                      case 0xbe:
 144   4                          key=14;
 145   4                          break;
 146   4                      case 0xde:
 147   4                          key=15;
 148   4                          break;
 149   4                      case 0xee:
 150   4                          key=16;
 151   4                          break;
 152   4                  }
 153   3                  while(temp!=0xf0)
 154   3                  {
 155   4                      temp=P3;
 156   4                      temp=temp&0xf0;
 157   4                  }
 158   3              }
 159   2          }
 160   1      }
 161          /*主函数*/
 162          void alarm()
 163          {  
 164   1              buzzer=~buzzer;
 165   1              led0=~led0;
 166   1              delay(30);
 167   1      }
 168              void display(uchr num)
 169                  {
 170   1                      if(key!=0)             //若有键按下，则进入该循环进行处理
 171   1              {
 172   2                  
 173   2                  dula=1;
 174   2                  P0=tab[num/10];
 175   2                  dula=0;
 176   2                   P0=0x00;                       
 177   2                  wela=1;
 178   2                  P0=0xfe;
 179   2                  wela=0;
C51 COMPILER V9.01   BF                                                                    05/27/2015 17:17:52 PAGE 4   

 180   2                  delay(100);
 181   2      
 182   2                  dula=1;
 183   2                  P0=tab[num%10];
 184   2                  dula=0;
 185   2                 P0=0x00;
 186   2                        wela=1;
 187   2                         P0=0xfd;
 188   2                         wela=0;
 189   2                         delay(100);
 190   2                         alarm();
 191   2                      }
 192   1              }
 193                  void main()
 194                  {
 195   1              P0=0x00;
 196   1              while(1)
 197   1              {
 198   2              matrixkeyscan();
 199   2              display(key);
 200   2              }
 201   1              }


MODULE INFORMATION:   STATIC OVERLAYABLE
   CODE SIZE        =    602    ----
   CONSTANT SIZE    =     20    ----
   XDATA SIZE       =   ----    ----
   PDATA SIZE       =   ----    ----
   DATA SIZE        =      4       2
   IDATA SIZE       =   ----    ----
   BIT SIZE         =   ----    ----
END OF MODULE INFORMATION.


C51 COMPILATION COMPLETE.  0 WARNING(S),  0 ERROR(S)
