C51 COMPILER V9.00   MAIN                                                                  06/03/2018 17:55:24 PAGE 1   


C51 COMPILER V9.00, COMPILATION OF MODULE MAIN
OBJECT MODULE PLACED IN main.OBJ
COMPILER INVOKED BY: C:\Keil_v5\C51\BIN\C51.EXE main.c BROWSE DEBUG OBJECTEXTEND TABS(2)

line level    source

   1          
   2          
   3          
   4          #include "STC15.h"
   5          #include "intrins.h"
   6          #include "ADC.h"
   7          #include "lcd.h"
   8          
   9          typedef unsigned char BYTE;
  10          typedef unsigned int WORD;
  11          
  12          #define FOSC 12000000          //系统频率
  13          #define BAUD 9600             //串口波特率
  14          
  15          #define NONE_PARITY     0       //无校验
  16          #define ODD_PARITY      1       //奇校验
  17          #define EVEN_PARITY     2       //偶校验
  18          #define MARK_PARITY     3       //标记校验
  19          #define SPACE_PARITY    4       //空白校验
  20          
  21          #define PARITYBIT NONE_PARITY   //定义校验位
  22          
  23          
  24          
  25          //sfr AUXR  = 0x8e;               //辅助寄存器
  26          //sfr T2H   = 0xd6;               //定时器2高8位
  27          //sfr T2L   = 0xd7;               //定时器2低8位
  28          
  29          //sfr P_SW1   = 0xA2;             //外设功能切换寄存器1
  30          
  31          #define S1_S0 0x40              //P_SW1.6
  32          #define S1_S1 0x80              //P_SW1.7
  33          
  34          //sbit P22 = P2^2;
  35          
  36          bit busy;
  37          
  38          unsigned char xdata PuZh[]=" Phone Number   ";
  39          unsigned char xdata csh[]="Initialization...";
  40          
  41          void SendData(BYTE dat);
  42          void SendString(char *s);
  43          void init(void);
  44          void Delay500ms();
  45          void debug(unsigned int a);
  46          void senttext(void);
  47          void  ADC_config(void);
  48          void Delay10ms(char shu1);
  49          void show(unsigned char num,unsigned char i);
  50          void senttext2(void);
  51          void senttext3(void);
  52          void senttext4(void);
  53          void cleardisplay(void);
  54          void wbzd();
  55          unsigned char Key_Scan();
C51 COMPILER V9.00   MAIN                                                                  06/03/2018 17:55:24 PAGE 2   

  56          unsigned int xdata a1;
  57          unsigned int xdata a11;
  58          unsigned  int xdata a3;
  59          unsigned char xdata i;
  60          unsigned char xdata i2=0;
  61          unsigned int xdata number[11];
  62          unsigned int xdata number2[11];
  63          unsigned char xdata a2;
  64          unsigned char  xdata qpbj=1;
  65          unsigned char xdata zdfh[5];
  66          
  67          void main()
  68          {
  69   1      
  70   1          zdfh[0]=0;
  71   1          P1M1=0x03; P1M0=0xF0; //(00000001B,11110000B)
  72   1          init();
  73   1          ADC_config();
  74   1          LcdInit();
  75   1        for(i=0;i<20;i++)
  76   1        {
  77   2          LcdWriteData(csh[i]); 
  78   2        }
  79   1        
  80   1        for(i=0;i<80;i++)
  81   1        {Delay500ms();
  82   2        }
  83   1            i=0;
  84   1      //      wbzd();
  85   1        P32=1;
  86   1        P36=1;
  87   1        zdfh[0]=0;
  88   1        LcdWriteCom(0x80);
  89   1        for(i=0;i<16;i++)
  90   1        {
  91   2          LcdWriteData(PuZh[i]);  
  92   2        }
  93   1        i=0;
  94   1          while(1){
  95   2            a1 = Get_ADC10bitResult(0);
  96   2      //    while(1)  {
  97   2      //      a2 = Get_ADC10bitResult(1);
  98   2      //      a1 = Get_ADC10bitResult(0);
  99   2      //      debug(a2);
 100   2      //      debug(a1);
 101   2      //  SendData(P11);
 102   2      //            Delay500ms();
 103   2      //      Delay500ms();
 104   2            //      Delay500ms();
 105   2      //      Delay500ms();
 106   2            
 107   2      //    }
 108   2                      if(P32==0)
 109   2                      { Delay10ms(1);
 110   3                        if(P32==0){
 111   4                        if(zdfh[0])
 112   4                        senttext4();
 113   4                        zdfh[0]=0;
 114   4                        
 115   4                      }}
 116   2                      
 117   2                        if(P11==0)
C51 COMPILER V9.00   MAIN                                                                  06/03/2018 17:55:24 PAGE 3   

 118   2                      { Delay10ms(1);
 119   3                        if(P11==0){
 120   4                        if(zdfh[1])
 121   4                        senttext2();
 122   4                        zdfh[1]=0;
 123   4                        
 124   4                      }}
 125   2                      
 126   2                        if(P36==0)
 127   2                      { Delay10ms(1);
 128   3                        if(P36==0){
 129   4                        if(zdfh[2])
 130   4                        senttext3();
 131   4                        zdfh[2]=0;
 132   4                      }}
 133   2                      
 134   2                      
 135   2                        if((a1>935)&&a1<990)
 136   2                        {
 137   3      
 138   3                          zdfh[0]=1;
 139   3                          zdfh[1]=1;
 140   3                          zdfh[2]=1;
 141   3                        }
 142   2            
 143   2            
 144   2            
 145   2                
 146   2                        if(a1<1000)
 147   2                    {   a3 = Get_ADC10bitResult(0);
 148   3                      while((a3 <1000)&&i2<50)
 149   3                      {a3 = Get_ADC10bitResult(0);
 150   4                      i2++;
 151   4                        Delay10ms(1);
 152   4                        
 153   4                      }
 154   3                        i2=0;
 155   3                        a2=a1/85;
 156   3                      show(a2,i);
 157   3                      if(((number[i]<10)&&i<11))
 158   3                        { 
 159   4                        number2[i]=number[i];
 160   4                        LcdWriteCom(0xC0+i);
 161   4                        LcdWriteData(number[i]+48);
 162   4                        i=i+1;}
 163   3      //                  if(i>10)
 164   3      //                  { 
 165   3      //                    
 166   3      //                  LcdWriteCom(0x80);                        
 167   3      //                      for(i=0;i<=10;i++)
 168   3      //                  {
 169   3      //                  LcdWriteData(number2[i]+48);  
 170   3      //                    
 171   3      //                  }
 172   3      ////                  //senttext2();
 173   3      ////                  LcdWriteCom(0x02);
 174   3      //                  i=0;
 175   3      //                  
 176   3      //                  }
 177   3                        if(number[i]==11)
 178   3                        {
 179   4                          
C51 COMPILER V9.00   MAIN                                                                  06/03/2018 17:55:24 PAGE 4   

 180   4                            LcdWriteCom(0x01);
 181   4                            for(i=0;i<=10;i++)
 182   4                            {
 183   5                          number[i]=0;  
 184   5                          }
 185   4      //                    number[i]==20;
 186   4                          cleardisplay();
 187   4                          
 188   4                            i=0;
 189   4                        }
 190   3      //                  if(number[i]==10)
 191   3      //                  {
 192   3      //                    
 193   3      //  
 194   3      //                      for(i=0;i<=10;i++)
 195   3      //                      {
 196   3      //                    number[i]=0;  
 197   3      //                    }
 198   3      //                    senttext2();
 199   3      //                  }             
 200   3      
 201   3      
 202   3      
 203   3                    }
 204   2      
 205   2      
 206   2      
 207   2          
 208   2          
 209   2          
 210   2          
 211   2          
 212   2          
 213   2          }
 214   1        
 215   1      }
 216          
 217          /*----------------------------
 218          UART 中断服务程序
 219          -----------------------------*/
 220          void Uart() interrupt 4 using 1
 221          {
 222   1          if (RI)
 223   1          {
 224   2              RI = 0;                 //清除RI位
 225   2              P0 = SBUF;              //P0显示串口数据
 226   2              P22 = RB8;              //P2.2显示校验位
 227   2          }
 228   1          if (TI)
 229   1          {
 230   2              TI = 0;                 //清除TI位
 231   2              busy = 0;               //清忙标志
 232   2          }
 233   1      }
 234          
 235          /*----------------------------
 236          发送串口数据
 237          ----------------------------*/
 238          void SendData(BYTE dat)
 239          {
 240   1          while (busy);               //等待前面的数据发送完成
 241   1          ACC = dat;                  //获取校验位P (PSW.0)
C51 COMPILER V9.00   MAIN                                                                  06/03/2018 17:55:24 PAGE 5   

 242   1          if (P)                      //根据P来设置校验位
 243   1          {
 244   2      #if (PARITYBIT == ODD_PARITY)
                      TB8 = 0;                //设置校验位为0
              #elif (PARITYBIT == EVEN_PARITY)
                      TB8 = 1;                //设置校验位为1
              #endif
 249   2          }
 250   1          else
 251   1          {
 252   2      #if (PARITYBIT == ODD_PARITY)
                      TB8 = 1;                //设置校验位为1
              #elif (PARITYBIT == EVEN_PARITY)
                      TB8 = 0;                //设置校验位为0
              #endif
 257   2          }
 258   1          busy = 1;
 259   1          SBUF = ACC;                 //写数据到UART数据寄存器
 260   1      }
 261          
 262          /*----------------------------
 263          发送字符串
 264          ----------------------------*/
 265          void SendString(char *s)
 266          {
 267   1          while (*s)                  //检测字符串结束标志
 268   1          {
 269   2              SendData(*s++);         //发送当前字符
 270   2          }
 271   1      }
 272          
 273          
 274          void init(void)
 275          {
 276   1        
 277   1            ACC = P_SW1;
 278   1          ACC &= ~(S1_S0 | S1_S1);    //S1_S0=0 S1_S1=0
 279   1          P_SW1 = ACC;                //(P3.0/RxD, P3.1/TxD)
 280   1          
 281   1      //  ACC = P_SW1;
 282   1      //  ACC &= ~(S1_S0 | S1_S1);    //S1_S0=1 S1_S1=0
 283   1      //  ACC |= S1_S0;               //(P3.6/RxD_2, P3.7/TxD_2)
 284   1      //  P_SW1 = ACC;  
 285   1      //  
 286   1      //  ACC = P_SW1;
 287   1      //  ACC &= ~(S1_S0 | S1_S1);    //S1_S0=0 S1_S1=1
 288   1      //  ACC |= S1_S1;               //(P1.6/RxD_3, P1.7/TxD_3)
 289   1      //  P_SW1 = ACC;  
 290   1      
 291   1      #if (PARITYBIT == NONE_PARITY)
 292   1          SCON = 0x50;                //8位可变波特率
 293   1      #elif (PARITYBIT == ODD_PARITY) || (PARITYBIT == EVEN_PARITY) || (PARITYBIT == MARK_PARITY)
                  SCON = 0xda;                //9位可变波特率,校验位初始为1
              #elif (PARITYBIT == SPACE_PARITY)
                  SCON = 0xd2;                //9位可变波特率,校验位初始为0
              #endif
 298   1      
 299   1          T2L = (65536 - (FOSC/4/BAUD));   //设置波特率重装值
 300   1          T2H = (65536 - (FOSC/4/BAUD))>>8;
 301   1          AUXR = 0x14;                //T2为1T模式, 并启动定时器2
 302   1          AUXR |= 0x01;               //选择定时器2为串口1的波特率发生器
 303   1          ES = 1;                     //使能串口1中断
C51 COMPILER V9.00   MAIN                                                                  06/03/2018 17:55:24 PAGE 6   

 304   1          EA = 1;
 305   1      }
 306          
 307          
 308          
 309          void Delay500ms()   //@12.000MHz
 310          {
 311   1        unsigned char i, j, k;
 312   1        _nop_();
 313   1        _nop_();
 314   1        i = 23;
 315   1        j = 205;
 316   1        k = 120;
 317   1        do
 318   1        {
 319   2          do
 320   2          {
 321   3            while (--k);
 322   3          } while (--j);
 323   2        } while (--i);
 324   1      
 325   1      
 326   1      }
 327          
 328          
 329          
 330          
 331          void debug(unsigned int a)
 332          { unsigned b1[3];
 333   1              b1[3]=a1/1000;  
 334   1              b1[2]=a1%1000/100;
 335   1              b1[1]=a1%100/10;
 336   1              b1[0]=a1%10;
 337   1          SendData(b1[3]+48);
 338   1          SendData(b1[2]+48);
 339   1          SendData(b1[1]+48);
 340   1          SendData(b1[0]+48);
 341   1              SendData(0x0D);
 342   1          SendData(0x0a);
 343   1      }
*** WARNING C280 IN LINE 331 OF MAIN.C: 'a': unreferenced local variable
 344          
 345          
 346          
 347          void senttext(void)
 348          {    SendString("AT+CMGF=1");
 349   1          SendData(0x0D); 
 350   1          Delay500ms();
 351   1           SendString("AT+CMGS=");
 352   1          SendData(34);
 353   1          SendString("15992420917");
 354   1          SendData(34);
 355   1          SendData(0x0D);
 356   1          Delay500ms();
 357   1            Delay500ms();
 358   1            Delay500ms();
 359   1            SendString("this is a test");
 360   1            SendData(0x0D);
 361   1            Delay500ms();
 362   1      
 363   1            Delay500ms();
 364   1            Delay500ms();
C51 COMPILER V9.00   MAIN                                                                  06/03/2018 17:55:24 PAGE 7   

 365   1      //      SendData(0x1A);
 366   1      }
 367          
 368          
 369          void senttext2(void)
 370          {    SendString("AT+CMGF=1");
 371   1          SendData(0x0D); 
 372   1          Delay500ms();
 373   1            Delay500ms();
 374   1      //      Delay500ms();
 375   1      //      Delay500ms();
 376   1           SendString("AT+CMGS=");
 377   1          SendData(34);
 378   1      //    SendString("15992420917");
 379   1                              for(i=0;i<=10;i++)
 380   1                        {
 381   2                        SendData(number2[i]+48);  
 382   2                        }
 383   1          SendData(34);
 384   1          SendData(0x0D);
 385   1          Delay500ms();
 386   1            Delay500ms();
 387   1      //      Delay500ms();
 388   1            SendString("Warning!The door was open!");
 389   1            SendData(0x0D);
 390   1            Delay500ms();
 391   1            Delay500ms();
 392   1            Delay500ms();
 393   1            SendData(0x1A);
 394   1      }
 395          
 396          void senttext3(void)
 397          {    SendString("AT+CMGF=1");
 398   1          SendData(0x0D); 
 399   1          Delay500ms();
 400   1            Delay500ms();
 401   1      //      Delay500ms();
 402   1      //      Delay500ms();
 403   1           SendString("AT+CMGS=");
 404   1          SendData(34);
 405   1      //    SendString("15992420917");
 406   1                              for(i=0;i<=10;i++)
 407   1                        {
 408   2                        SendData(number2[i]+48);  
 409   2                        }
 410   1          SendData(34);
 411   1          SendData(0x0D);
 412   1          Delay500ms();
 413   1            Delay500ms();
 414   1      //      Delay500ms();
 415   1            SendString("Warning!Gas leakage!");
 416   1            SendData(0x0D);
 417   1            Delay500ms();
 418   1            Delay500ms();
 419   1            Delay500ms();
 420   1            SendData(0x1A);
 421   1      }
 422          
 423          void senttext4(void)
 424          {    SendString("AT+CMGF=1");
 425   1          SendData(0x0D); 
 426   1          Delay500ms();
C51 COMPILER V9.00   MAIN                                                                  06/03/2018 17:55:24 PAGE 8   

 427   1            Delay500ms();
 428   1      //      Delay500ms();
 429   1      //      Delay500ms();
 430   1           SendString("AT+CMGS=");
 431   1          SendData(34);
 432   1      //    SendString("15992420917");
 433   1                              for(i=0;i<=10;i++)
 434   1                        {
 435   2                        SendData(number2[i]+48);  
 436   2                        }
 437   1          SendData(34);
 438   1          SendData(0x0D);
 439   1          Delay500ms();
 440   1            Delay500ms();
 441   1      //      Delay500ms();
 442   1            SendString("Warning!Someone invasion!");
 443   1            SendData(0x0D);
 444   1            Delay500ms();
 445   1            Delay500ms();
 446   1            Delay500ms();
 447   1            SendData(0x1A);
 448   1      }
 449          
 450          
 451          void  ADC_config(void)
 452          {
 453   1        ADC_InitTypeDef   ADC_InitStructure;        //结构定义
 454   1        ADC_InitStructure.ADC_Px        = ADC_P10;  //设置要做ADC的IO,  ADC_P10 ~ ADC_P17(或操作),ADC_P1_All
 455   1        ADC_InitStructure.ADC_Speed     = ADC_360T;     //ADC速度     ADC_90T,ADC_180T,ADC_360T,ADC_540T
 456   1        ADC_InitStructure.ADC_Power     = ENABLE;     //ADC功率允许/关闭  ENABLE,DISABLE
 457   1        ADC_InitStructure.ADC_AdjResult = ADC_RES_H8L2;   //ADC结果调整,  ADC_RES_H2L8,ADC_RES_H8L2
 458   1        ADC_InitStructure.ADC_Polity    = PolityLow;    //优先级设置  PolityHigh,PolityLow
 459   1        ADC_InitStructure.ADC_Interrupt = DISABLE;      //中断允许    ENABLE,DISABLE
 460   1        ADC_Inilize(&ADC_InitStructure);          //初始化
 461   1        ADC_PowerControl(ENABLE);             //单独的ADC电源操作函数, ENABLE或DISABLE
 462   1      }
 463          
 464          
 465          
 466          
 467          
 468            
 469          
 470          void Delay10ms(char shu1)   //@12.000MHz
 471          {
 472   1        unsigned char i, j, kk;
 473   1      
 474   1        
 475   1      for(kk=0;kk<shu1;kk++)
 476   1      {
 477   2      
 478   2        i = 117;
 479   2        j = 184;
 480   2        do
 481   2        {
 482   3          while (--j);
 483   3        } while (--i);
 484   2      }
 485   1      
 486   1      
 487   1      }
 488          
C51 COMPILER V9.00   MAIN                                                                  06/03/2018 17:55:24 PAGE 9   

 489          
 490          void show(unsigned char num,unsigned char i)
 491          {switch (num)
 492   1      {
 493   2        case 0x00:number[i]=3;break;
 494   2        case 0x01:number[i]=6;break;
 495   2        case 0x02:number[i]=9;break;
 496   2        case 0x03:number[i]=11;break;
 497   2        case 0x04:number[i]=0;break;
 498   2        case 0x05:number[i]=8;break;
 499   2        case 0x06:number[i]=5;break;
 500   2        case 0x07:number[i]=2;break;
 501   2        case 0x08:number[i]=1;break;
 502   2        case 0x09:number[i]=4;break;
 503   2        case 0x0a:number[i]=7;break;
 504   2        case 0x0b:number[i]=10;break;
 505   2        default:break;
 506   2      }
 507   1      }
 508          
 509          
 510          
 511          void cleardisplay(void)
 512          { char aaaa;
 513   1      
 514   1        LcdWriteCom(0x80);
 515   1        for(aaaa=0;aaaa<14;aaaa++)
 516   1        {
 517   2          LcdWriteData(PuZh[aaaa]);
 518   2            
 519   2        }
 520   1      
 521   1      }
 522          
 523          
 524          void exint0() interrupt 0       //INT0中断入口
 525          {
 526   1      //    zdfh[0]=1;                 
 527   1      //  if(zdfh[0]==1)
 528   1        senttext2();
 529   1      }
 530          
 531          
 532          void wbzd()
 533          {
 534   1      
 535   1          P32 = 1;
 536   1          IT0 = 1;                    //设置INT0的中断类型 (1:仅下降沿 0:上升沿和下降沿)
 537   1          EX0 = 1;                    //使能INT0中断
 538   1          EA = 1;}


MODULE INFORMATION:   STATIC OVERLAYABLE
   CODE SIZE        =   1529    ----
   CONSTANT SIZE    =    120    ----
   XDATA SIZE       =     94    ----
   PDATA SIZE       =   ----    ----
   DATA SIZE        =   ----      18
   IDATA SIZE       =   ----    ----
   BIT SIZE         =      1    ----
END OF MODULE INFORMATION.


C51 COMPILATION COMPLETE.  1 WARNING(S),  0 ERROR(S)
