C51 COMPILER V9.00   MAIN                                                                  04/09/2015 14:05:32 PAGE 1   


C51 COMPILER V9.00, COMPILATION OF MODULE MAIN
OBJECT MODULE PLACED IN main.OBJ
COMPILER INVOKED BY: C:\Keil\C51\BIN\C51.EXE main.c BROWSE DEBUG OBJECTEXTEND

line level    source

   1          #include<reg52.h>
   2          #include <intrins.h>
   3          #include "LCD1602.h"
   4          sbit  RX = P3^6;  //定义超声波端口
   5          sbit  TX = P3^7;
   6          
   7          sbit LED = P2^0;  //LED
   8          sbit SPEAK = P2^1; //蜂鸣器
   9          sbit Motor = P2^2; //水泵
  10          
  11          sbit KEY1 = P1^3;  //设置按键
  12          sbit KEY2 = P1^4;  //加按键
  13          sbit KEY3 = P1^5;  //减按键
  14          
  15          unsigned int  time=0;//计时变量
  16          unsigned int  timer=0;//计时变量
  17          unsigned int S=0;//当前值
  18          unsigned int SET_H=100,SET_L=10;//最高值和最低值
  19          bit  flag =0; //测量标志位
  20          unsigned char Table[3],Table1[5];//显示数组
  21          unsigned char KEY_flag=0; //按键选择标志
  22          //延时函数
  23          void Delay_ms(int jj)  //延时函数
  24          {
  25   1              int ii; //延时变量
  26   1              while(jj--)//延时n毫秒
  27   1                      for(ii=0;ii<116;ii++);//延时1毫秒
  28   1      }
  29          void Conut(void)         //测量函数
  30                  {
  31   1               time=TH0*256+TL0;       //距离计数
  32   1               TH0=0;  //定时器清零
  33   1               TL0=0;  //定时器清零
  34   1              
  35   1               S=(time*1.87)/10;     //算出来是CM、转换
  36   1               if((S>=700)||flag==1) //超出测量范围显示“-”
  37   1               {       
  38   2                flag=0; //数据无效标志
  39   2               }
  40   1               else
  41   1               {
  42   2                Table1[0]= S/1000+0X30;       //显示当前值
  43   2                Table1[1]= S/100%10+0X30;     //显示当前值
  44   2                Table1[2]= S/10/10+0X30;      //显示当前值
  45   2                Table1[3]= '.';                       //显示当前值
  46   2                Table1[4]= S%10+0X30;    //显示当前值
  47   2                LCD1602_Disp_ZF(0x88,Table1,5); //显示当前值
  48   2              }
  49   1      }
  50          void main(void) //主函数
  51          {
  52   1          LCD1602_init();//液晶初始化
  53   1              //////////////////////0123456789ABCDEF
  54   1          LCD1602_Disp_ZF(0x80,"  Now S:     CM ",16);
  55   1                                                           //0123456789ABCDEF
C51 COMPILER V9.00   MAIN                                                                  04/09/2015 14:05:32 PAGE 2   

  56   1          LCD1602_Disp_ZF(0x80+0X40,"Set H:    L:    ",16);
  57   1              TMOD=0x11;                 //设T0为方式1，GATE=1；
  58   1              TH0=0;                     //定时器清零
  59   1              TL0=0;             //定时器清零
  60   1              TH1=0xf8;                  //2MS定时
  61   1              TL1=0x30;                  //2MS定时
  62   1              ET0=1;             //允许T0中断
  63   1              ET1=1;                     //允许T1中断
  64   1              TR1=1;                     //开启定时器
  65   1              EA=1;                      //开启总中断
  66   1              EA=0;//关闭中断
  67   1              ///SET_H = ISP_READ(0x2c00)*256+ISP_READ(0x2c01);//读取存储的最大值
  68   1              //SET_L = ISP_READ(0x2c02)*256+ISP_READ(0x2c03);//读取存储的最小值
  69   1              EA=1; //开启总中断
  70   1              while(1)//函数循环
  71   1              {
  72   2                      while(!RX);                 //当RX为零时等待
  73   2                      TR0=1;                      //开启计数
  74   2                      while(RX);                      //当RX为1计数并等待
  75   2                      TR0=0;                          //关闭计数
  76   2                      Conut();  //计算显示距离函数
  77   2                      /////////////////////////////////////
  78   2                      if((S/10>SET_H)||(S/10<SET_L)) //水位过低过高报警，
  79   2                      {
  80   3                              LED=0;SPEAK=0; //报警
  81   3                      }
  82   2                      else 
  83   2                      {
  84   3                              LED=1;SPEAK=1; //不报警
  85   3                      }
  86   2                      ////////////////////////////////
  87   2                      if((S/10>SET_H)) //水位过低打开水泵
  88   2                      {
  89   3                              Motor=0; //打开
  90   3                      }
  91   2                      else 
  92   2                      {
  93   3                              Motor=1; //关闭
  94   3                      }       
  95   2                      if(!KEY1) //切换设置最大值和最小值
  96   2                      {
  97   3                              Delay_ms(10);//延时去抖动
  98   3                              if(!KEY1)//切换设置最大值和最小值
  99   3                              {
 100   4                                      KEY_flag++;     //模式选择
 101   4                                      //ISP_ERASE(0x2c00);            //注意：字节编程时必须要先要擦除整个扇区        
 102   4                                      //ISP_PROGRAM(0x2c00, SET_H/256);       //记忆存储
 103   4                                      //ISP_PROGRAM(0x2c01, SET_H);//记忆存储
 104   4                                      //ISP_PROGRAM(0x2c02, SET_L/256);//记忆存储
 105   4                                      //ISP_PROGRAM(0x2c03, SET_L);   //记忆存储
 106   4                              }
 107   3                              while(!KEY1);//等待按键抬起
 108   3                      }
 109   2                      if(!KEY2)//设置加
 110   2                      {
 111   3                              Delay_ms(10);//延时去抖动
 112   3                              if(!KEY2) //设置加
 113   3                              {
 114   4                                      if(KEY_flag%2==0)SET_H++; //设置加
 115   4                                      if(KEY_flag%2==1)SET_L++; //设置加
 116   4                              }
 117   3                      }
C51 COMPILER V9.00   MAIN                                                                  04/09/2015 14:05:32 PAGE 3   

 118   2                      if(!KEY3) //设置减
 119   2                      {
 120   3                              Delay_ms(10);//延时去抖动
 121   3                              if(!KEY3) //设置减
 122   3                              {
 123   4                                      if(KEY_flag%2==0)SET_H--; //设置减
 124   4                                      if(KEY_flag%2==1)SET_L--;//设置减
 125   4                              }
 126   3                      }
 127   2                Table[0]= SET_H/100+0X30;//显示最大值
 128   2                Table[1]= SET_H%100/10+0X30;
 129   2                Table[2]= SET_H%10+0X30;
 130   2                LCD1602_Disp_ZF(0x86+0x40,Table,3);
 131   2                Table[0]= SET_L/100+0X30;      //显示最小值
 132   2                Table[1]= SET_L%100/10+0X30;
 133   2                Table[2]= SET_L%10+0X30;
 134   2                LCD1602_Disp_ZF(0x8C+0x40,Table,3);
 135   2              }
 136   1      }
 137          
 138          /********************************************************/
 139               void zd0() interrupt 1              //T0中断用来计数器溢出,超过测距范围
 140            {
 141   1          flag=1;                                                      //中断溢出标志
 142   1        }
 143          /********************************************************/
 144             void  zd3()  interrupt 3     
 145            {
 146   1               TH1=0xf8;//2毫秒定时初始化
 147   1               TL1=0x30;//2毫秒定时初始化
 148   1               timer++;//计数
 149   1               if(timer>=100)//计数100次，200毫秒
 150   1               {
 151   2                timer=0;
 152   2                TX=1;                                 //200MS  启动一次模块
 153   2                _nop_(); _nop_(); _nop_(); 
 154   2                _nop_(); _nop_(); _nop_(); 
 155   2                _nop_(); _nop_(); _nop_(); 
 156   2                _nop_(); _nop_(); _nop_(); 
 157   2                _nop_(); _nop_(); _nop_(); 
 158   2                _nop_(); _nop_();_nop_(); 
 159   2                _nop_(); _nop_(); _nop_();
 160   2                TX=0;
 161   2               } 
 162   1        }


MODULE INFORMATION:   STATIC OVERLAYABLE
   CODE SIZE        =    632    ----
   CONSTANT SIZE    =     34    ----
   XDATA SIZE       =   ----    ----
   PDATA SIZE       =   ----    ----
   DATA SIZE        =     19    ----
   IDATA SIZE       =   ----    ----
   BIT SIZE         =      1    ----
END OF MODULE INFORMATION.


C51 COMPILATION COMPLETE.  0 WARNING(S),  0 ERROR(S)
