C51 COMPILER V8.02   羅水灯                                                                07/30/2011 16:43:05 PAGE 1   


C51 COMPILER V8.02, COMPILATION OF MODULE 羅水灯
OBJECT MODULE PLACED IN 流水灯.OBJ
COMPILER INVOKED BY: C:\Keil\C51\BIN\C51.EXE 流水灯.c BROWSE DEBUG OBJECTEXTEND

line level    source

   1          /*
   2          *流水灯左移*
   3          */
   4          #include <reg51.h>
   5          typedef unsigned char uint8;
   6          typedef unsigned int uint16;
   7          
   8          void main()
   9          {
  10   1              uint8  j = 0;   
  11   1              uint16 i;
  12   1              while(1)
  13   1              {
  14   2                      P0 = ~(0x01 << j++);                      //00000001 10000000 01111111
  15   2                      for(i = 0;i< 20000;i++);
  16   2                      if(8 == j)                              
  17   2                      {
  18   3                              j = 0;                          
  19   3                      }
  20   2              }
  21   1      }


MODULE INFORMATION:   STATIC OVERLAYABLE
   CODE SIZE        =     40    ----
   CONSTANT SIZE    =   ----    ----
   XDATA SIZE       =   ----    ----
   PDATA SIZE       =   ----    ----
   DATA SIZE        =   ----    ----
   IDATA SIZE       =   ----    ----
   BIT SIZE         =   ----    ----
END OF MODULE INFORMATION.


C51 COMPILATION COMPLETE.  0 WARNING(S),  0 ERROR(S)
