C51 COMPILER V9.00   JIAOTONGDENG                                                          04/07/2015 17:26:38 PAGE 1   


C51 COMPILER V9.00, COMPILATION OF MODULE JIAOTONGDENG
OBJECT MODULE PLACED IN jiaotongdeng.OBJ
COMPILER INVOKED BY: E:\KEIL软件\C51\BIN\C51.EXE jiaotongdeng.c BROWSE DEBUG OBJECTEXTEND

line level    source

   1          #include<reg51.h>
   2          #define uchar unsigned char
   3          #define uint unsigned  int
   4          sbit sw1=P3^0;
   5          sbit sw2=P3^1;
   6          sbit sw3=P3^2;
   7          sbit key_ew=P3^3;
   8          sbit key_sn=P3^4;
   9          sbit key0=P3^5;
  10          sbit BB=P3^6;
  11          uchar TH,TL; 
  12          uchar SN=23,EW=20,NN=56;
  13          uint tt,ii,jj,kk,GG;
  14          uchar code DisCode[]
  15          ={0x3f,0x06,0x5b,0x4f,0x66,0x6d,0x7d,0x07,0x7f,0x6f};
  16          uchar Disbuff0[2];
  17          uchar Disbuff1[2];
  18          void Delay(uint x)//MS延时
  19          {
  20   1              uchar i;
  21   1              while(x--)for(i=0;i<123;i++);
  22   1      }  
  23          void init()
  24          {
  25   1       TMOD=0x01;      
  26   1       TH=(65536-4000)/256,
  27   1       TL=(65536-4000)%256;
  28   1       TH0=TH;
  29   1       TL0=TL;
  30   1       EA=1;
  31   1       ET0=1;
  32   1       TR0=1;
  33   1      }
  34          void fenli0()
  35          {
  36   1       Disbuff0[0]=SN/10;
  37   1       Disbuff0[1]=SN%10;
  38   1      }
  39          void fenli1()
  40          {
  41   1        Disbuff1[0]=EW/10;
  42   1        Disbuff1[1]=EW%10;
  43   1      }
  44          
  45          void Display()
  46          {
  47   1         uchar ii;
  48   1         if(ii==0)
  49   1         {   
  50   2           P0=0x80;
  51   2               P2=0x80;
  52   2           P2=DisCode[Disbuff0[0]]|0x80;
  53   2               P0=DisCode[Disbuff1[0]]&0x7f;
  54   2              }
  55   1               else
C51 COMPILER V9.00   JIAOTONGDENG                                                          04/07/2015 17:26:38 PAGE 2   

  56   1               { 
  57   2                P0=0x80;
  58   2                P2=0x80;
  59   2                P2=DisCode[Disbuff0[1]]&0x7f;
  60   2                P0=DisCode[Disbuff1[1]]|0x80;
  61   2               }                                                               
  62   1               ii=~ii;
  63   1      }
  64          void fuzhi()//赋值
  65          {
  66   1        if(NN==56)
  67   1        {
  68   2          SN=23;
  69   2              EW=20;
  70   2              P1=0x5E;
  71   2        }
  72   1      
  73   1        if(EW==0&&NN==36)
  74   1        {
  75   2          EW=3;
  76   2              P1=0x6E;
  77   2        }
  78   1        if(NN==33)
  79   1         {
  80   2          SN=30;
  81   2              EW=33;
  82   2              P1=0xB3;
  83   2         }
  84   1         if(SN==0&&NN==3)
  85   1         {
  86   2           SN=3;
  87   2               P1=0xB5;
  88   2         }
  89   1      }
  90          void LED()//LED
  91          {
  92   1        if(NN<=39&&NN>36)//
  93   1         {
  94   2          if(kk)
  95   2              {
  96   3            P1=0x5E;
  97   3                BB=0;
  98   3              }
  99   2          else          
 100   2            P1=0xfE;
 101   2                 BB=0;
 102   2                 while(NN<=36);
 103   2                      BB=1;
 104   2              }
 105   1              
 106   1          
 107   1         if(NN<=36&&NN>33)
 108   1          {
 109   2               if(kk)
 110   2               {
 111   3                P1=0x6E;
 112   3                BB=0;
 113   3               }
 114   2               else 
 115   2               P1=0xFE;
 116   2                BB=0;
 117   2                 while(NN<=33);
C51 COMPILER V9.00   JIAOTONGDENG                                                          04/07/2015 17:26:38 PAGE 3   

 118   2                      BB=1;
 119   2                 
 120   2               
 121   2              }
 122   1         if(NN<=6&&NN>3)
 123   1         {
 124   2          if(kk)
 125   2              {
 126   3            P1=0xB3;
 127   3                BB=0;
 128   3              }
 129   2              else  
 130   2              P1=0xF7;
 131   2              BB=0;
 132   2                 while(NN<=3);
 133   2                      BB=1;
 134   2               
 135   2      
 136   2         }
 137   1         if(NN<=3)
 138   1          {
 139   2               if(kk)
 140   2               {
 141   3                P1=0xB5;
 142   3                BB=0;
 143   3               }
 144   2               else  
 145   2                P1=0xF7;
 146   2                BB=0;
 147   2                 while(NN<=0);
 148   2                      BB=1;
 149   2                  
 150   2                
 151   2              }
 152   1      }
 153          
 154          void qiangzhi_sw()//强制通行
 155          {         
 156   1          if(key_ew==0)
 157   1                {
 158   2                  TR0=0;
 159   2                      P0=0x3f;
 160   2                      P2=0x3f;
 161   2                      P1=0x5e;
 162   2                      while(!key_ew);          
 163   2                      TR0=1;
 164   2                }
 165   1               if(key_sn==0)
 166   1                {
 167   2                  TR0=0;
 168   2                      P0=0x3f;
 169   2                      P2=0x3f;
 170   2                      P1=0xb3;
 171   2                      while(!key_sn);          
 172   2                      TR0=1;
 173   2                }
 174   1                if(key0==0)
 175   1                {
 176   2                  TR0=0;
 177   2                      P0=0x3f;
 178   2                      P2=0x3f;
 179   2                      P1=0xB6;
C51 COMPILER V9.00   JIAOTONGDENG                                                          04/07/2015 17:26:38 PAGE 4   

 180   2                      while(!key0);            
 181   2                      TR0=1;
 182   2                }
 183   1      }
 184          void key1()//调时
 185          {
 186   1         uchar m=0,num=0,n=0;
 187   1         uchar sw11,sw22=1,sw33=1;
 188   1              if(sw1==0)
 189   1               {  
 190   2                 Delay(10);
 191   2                 if(sw1==0)
 192   2                  {             
 193   3                        while(!sw1);
 194   3                           num++;
 195   3                           TR0=0;
 196   3                        while(!m)
 197   3                         {  
 198   4                            if(n==1)
 199   4                                  { 
 200   5                                         if(sw11==1&&sw1==0)
 201   5                                              {
 202   6                                                 Delay(10);  
 203   6                                               if(sw11==1&&sw1==0)
 204   6                                                {
 205   7                                                      num++;
 206   7                                                }
 207   6                                              }
 208   5                                         if(num==3)
 209   5                                          {
 210   6                                             while(!sw1);
 211   6                                          } 
 212   5                                         sw11=sw1;               
 213   5                                  }   
 214   4                                      n=1;     
 215   4                                      Delay(3); 
 216   4                                 switch (num)
 217   4                                  {
 218   5                                        
 219   5                                        case 1:
 220   5                                               {                                                                                                                                              
 221   6                                                                       if(sw22==1&&sw2==0)
 222   6                                                                         {
 223   7                                                                           SN++;
 224   7                                                                               EW++;
 225   7                                                                               if(EW==100)
 226   7                                                                               {
 227   8                                                                                EW=5;
 228   8                                                                                SN=0;
 229   8                                                                               }
 230   7                                                                               if(SN==100)
 231   7                                                                               {
 232   8                                                                                SN=5;
 233   8                                                                                EW=0;
 234   8                                                                               }
 235   7                                                                               fenli0();
 236   7                                                                               fenli1();
 237   7                                                                         }    
 238   6                                                                        sw22=sw2;
 239   6                                                                        if(sw33==1&&sw3==0)
 240   6                                                                        {
 241   7                                                                          SN--;
C51 COMPILER V9.00   JIAOTONGDENG                                                          04/07/2015 17:26:38 PAGE 5   

 242   7                                                                              EW--;
 243   7                                                                          if(EW==255)
 244   7                                                                              {
 245   8                                                                            EW=94;
 246   8                                                                                SN=99;
 247   8                                                                              }
 248   7                                                                          if(SN==255)
 249   7                                                                              {
 250   8                                                                           SN=94;
 251   8                                                                               EW=99;
 252   8                                                                              }
 253   7                                                                          fenli0();
 254   7                                                                          fenli1();
 255   7                                                                        }
 256   6                                                                        sw33=sw3;
 257   6                                                                        Display();    
 258   6                                                               
 259   6                                                        } break;
 260   5                                      case 2:
 261   5                                               {
 262   6                                                          TR0=1;
 263   6                                                          m=1;
 264   6                                                              while(!sw1);
 265   6                                                              Delay(5);
 266   6                                                              while(!sw1);                                                                                       
 267   6                                                       } break;
 268   5                                                                      
 269   5                              }                                
 270   4                        }                                        
 271   3                 }                     
 272   2              }       
 273   1      }
 274          
 275          void main()
 276          {
 277   1       init();
 278   1       fenli0();
 279   1       fenli1();
 280   1       while(1)
 281   1       {
 282   2        qiangzhi_sw(); 
 283   2        key1();
 284   2       }
 285   1      
 286   1      }
 287          void timer0() interrupt 1
 288           {
 289   1        TH0=TH;
 290   1        TL0=TL;
 291   1        tt++;
 292   1        jj++;
 293   1       if(tt==250)
 294   1        {
 295   2          tt=0;
 296   2      
 297   2               fuzhi();
 298   2               EW--;
 299   2           SN--;
 300   2               if(SN==30)
 301   2                 {   
 302   3                      NN=57;   
 303   3                 }
C51 COMPILER V9.00   JIAOTONGDENG                                                          04/07/2015 17:26:38 PAGE 6   

 304   2               if(EW==33)
 305   2                 {   
 306   3                      NN=33;   
 307   3                 }
 308   2        
 309   2         if(EW<31||SN<34)
 310   2         {
 311   3               
 312   3           NN--;
 313   3                 if(NN==0)
 314   3                 NN=56;
 315   3         }
 316   2        
 317   2         fenli0();
 318   2         fenli1();    
 319   2        }      
 320   1        Display();
 321   1        LED();
 322   1        if(jj==50)
 323   1        {
 324   2          jj=0;
 325   2              GG=~GG; 
 326   2          kk=~kk; 
 327   2         
 328   2        }
 329   1       }         


MODULE INFORMATION:   STATIC OVERLAYABLE
   CODE SIZE        =    776    ----
   CONSTANT SIZE    =     10    ----
   XDATA SIZE       =   ----    ----
   PDATA SIZE       =   ----    ----
   DATA SIZE        =     19       4
   IDATA SIZE       =   ----    ----
   BIT SIZE         =   ----    ----
END OF MODULE INFORMATION.


C51 COMPILATION COMPLETE.  0 WARNING(S),  0 ERROR(S)
