Change Component Designator: Old Designator= New Designator=1
Change Component Designator: Old Designator=C1 New Designator=C3
Change Component Designator: Old Designator=C2 New Designator=C4
Change Component Designator: Old Designator=C3 New Designator=C2
Change Component Designator: Old Designator=C6 New Designator=C1
Change Component Designator: Old Designator=P1 New Designator=P7
Change Component Designator: Old Designator=P4 New Designator=P13
Change Component Designator: Old Designator=P5 New Designator=P9
Change Component Designator: Old Designator=P5 New Designator=P11
Change Component Designator: Old Designator=P7 New Designator=P10
Change Component Designator: Old Designator=P9 New Designator=P5
Change Component Designator: Old Designator=P10 New Designator=P12
Change Component Designator: Old Designator=P11 New Designator=P4
Change Component Designator: Old Designator=P13 New Designator=P1
Change Component Designator: Old Designator=P15 New Designator=P6
Change Component Designator: Old Designator=R1 New Designator=R2
Change Component Designator: Old Designator=R2 New Designator=R1
Change Component Designator: Old Designator=S1 New Designator=S4
Change Component Designator: Old Designator=S3 New Designator=S1
Change Component Designator: Old Designator=S4 New Designator=S5
Change Component Designator: Old Designator=S5 New Designator=S3
Change Component Designator: Old Designator=U2 New Designator=U1
Change Component Designator: Old Designator=Y1 New Designator=Y2
Change Component Designator: Old Designator=Y2 New Designator=Y1
