C51 COMPILER V9.00   MAIN                                                                  05/29/2015 17:15:23 PAGE 1   


C51 COMPILER V9.00, COMPILATION OF MODULE MAIN
OBJECT MODULE PLACED IN main.OBJ
COMPILER INVOKED BY: D:\SOFT\keil\C51\BIN\C51.EXE main.c BROWSE DEBUG OBJECTEXTEND

line level    source

   1          #include<reg52.h>
   2          #include <intrins.h>
   3          #include "LCD1602.h"
   4          #include "STCEEPROM.h"
   5          sbit  RX = P3^6;  //定义超声波端口
   6          sbit  TX = P3^7;
   7          
   8          sbit LED = P2^0;  //LED
   9          sbit SPEAK = P2^1; //蜂鸣器
  10          sbit Motor = P2^2; //水泵
  11          
  12          sbit KEY1 = P1^3;  //设置按键
  13          sbit KEY2 = P1^4;  //加按键
  14          sbit KEY3 = P1^5;  //减按键
  15          
  16          unsigned int  time=0;//计时变量
  17          unsigned int  timer=0;//计时变量
  18          unsigned int S=0;//当前值
  19          unsigned int SET_H=100,SET_L=10;//最高值和最低值
  20          bit  flag =0; //测量标志位
  21          unsigned char Table[5],Table1[5];//显示数组
  22          unsigned char KEY_flag=0; //按键选择标志
  23          //延时函数
  24          void Delay_ms(int jj)  //延时函数
  25          {
  26   1              int ii; //延时变量
  27   1              while(jj--)//延时n毫秒
  28   1                      for(ii=0;ii<116;ii++);//延时1毫秒
  29   1      }
  30          void Conut(void)         //测量函数
  31                  {
  32   1               time=TH0*256+TL0;       //距离计数
  33   1               TH0=0;  //定时器清零
  34   1               TL0=0;  //定时器清零
  35   1              
  36   1               S=(time*1.87)/10;     //算出来是CM、转换
  37   1               if((S>=7000)||flag==1) //超出测量范围显示“-”
  38   1               {       
  39   2                flag=0; //数据无效标志
  40   2               }
  41   1               else
  42   1               {
  43   2                Table1[0]= S/1000+0X30;       //显示当前值
  44   2                Table1[1]= S/100%10+0X30;     //显示当前值
  45   2                Table1[2]= S/10%10+0X30;      //显示当前值
  46   2                Table1[3]= '.';                       //显示当前值
  47   2                Table1[4]= S%10+0X30;    //显示当前值
  48   2                LCD1602_Disp_ZF(0x88,Table1,5); //显示当前值
  49   2              }
  50   1      }
  51          void main(void) //主函数
  52          {
  53   1          LCD1602_init();//液晶初始化
  54   1              //////////////////////0123456789ABCDEF
  55   1          LCD1602_Disp_ZF(0x80,"  Now S:     CM ",16);
C51 COMPILER V9.00   MAIN                                                                  05/29/2015 17:15:23 PAGE 2   

  56   1                                                           //0123456789ABCDEF
  57   1          LCD1602_Disp_ZF(0x80+0X40,"Set H     L     ",16);
  58   1              TMOD=0x11;                 //设T0为方式1，GATE=1；
  59   1              TH0=0;                     //定时器清零
  60   1              TL0=0;             //定时器清零
  61   1              TH1=0xf8;                  //2MS定时
  62   1              TL1=0x30;                  //2MS定时
  63   1              ET0=1;             //允许T0中断
  64   1              ET1=1;                     //允许T1中断
  65   1              TR1=1;                     //开启定时器
  66   1              EA=1;                      //开启总中断
  67   1              EA=0;//关闭中断
  68   1              SET_H = ISP_READ(0x2c00)*256+ISP_READ(0x2c01);//读取存储的最大值
  69   1              SET_L = ISP_READ(0x2c02)*256+ISP_READ(0x2c03);//读取存储的最小值
  70   1              EA=1; //开启总中断
  71   1              while(1)//函数循环
  72   1              {
  73   2                      while(!RX);                 //当RX为零时等待
  74   2                      TR0=1;                      //开启计数
  75   2                      while(RX);                      //当RX为1计数并等待
  76   2                      TR0=0;                          //关闭计数
  77   2                      Conut();  //计算显示距离函数
  78   2                      /////////////////////////////////////
  79   2                      if((S>SET_H)||(S<SET_L)) //水位过低过高报警，
  80   2                      {
  81   3                              LED=0;SPEAK=0; //报警
  82   3                      }
  83   2                      else 
  84   2                      {
  85   3                              LED=1;SPEAK=1; //不报警
  86   3                      }
  87   2                      ////////////////////////////////
  88   2                      if((S>SET_H)) //打开水泵
  89   2                      {
  90   3                              Motor=0; //打开
  91   3                      }
  92   2                      else 
  93   2                      {
  94   3                              Motor=1; //关闭
  95   3                      }       
  96   2                      if(!KEY1) //切换设置最大值和最小值
  97   2                      {
  98   3                              Delay_ms(10);//延时去抖动
  99   3                              if(!KEY1)//切换设置最大值和最小值
 100   3                              {
 101   4                                      KEY_flag++;     //模式选择
 102   4                                      ISP_ERASE(0x2c00);              //注意：字节编程时必须要先要擦除整个扇区        
 103   4                                      ISP_PROGRAM(0x2c00, SET_H/256); //记忆存储
 104   4                                      ISP_PROGRAM(0x2c01, SET_H);//记忆存储
 105   4                                      ISP_PROGRAM(0x2c02, SET_L/256);//记忆存储
 106   4                                      ISP_PROGRAM(0x2c03, SET_L);     //记忆存储
 107   4                              }
 108   3                              while(!KEY1);//等待按键抬起
 109   3                      }
 110   2                      if(!KEY2)//设置加
 111   2                      {
 112   3                              Delay_ms(10);//延时去抖动
 113   3                              if(!KEY2) //设置加
 114   3                              {
 115   4                                      if(KEY_flag%2==0)SET_H++; //设置加
 116   4                                      if(KEY_flag%2==1)SET_L++; //设置加
 117   4                              }
C51 COMPILER V9.00   MAIN                                                                  05/29/2015 17:15:23 PAGE 3   

 118   3                      }
 119   2                      if(!KEY3) //设置减
 120   2                      {
 121   3                              Delay_ms(10);//延时去抖动
 122   3                              if(!KEY3) //设置减
 123   3                              {
 124   4                                      if(KEY_flag%2==0)SET_H--; //设置减
 125   4                                      if(KEY_flag%2==1)SET_L--;//设置减
 126   4                              }
 127   3                      }
 128   2                Table[0]= SET_H/1000+0X30;     //显示最小值
 129   2                Table[1]= SET_H/100%10+0X30;
 130   2                Table[2]= SET_H/10%10+0X30;
 131   2                Table[3]= '.';
 132   2                Table[4]= SET_H%10+0X30;
 133   2                LCD1602_Disp_ZF(0x85+0x40,Table,5);
 134   2                Table[0]= SET_L/1000+0X30;     //显示最小值
 135   2                Table[1]= SET_L/100%10+0X30;
 136   2                Table[2]= SET_L/10%10+0X30;
 137   2                Table[3]= '.';
 138   2                Table[4]= SET_L%10+0X30;
 139   2                LCD1602_Disp_ZF(0x8b+0x40,Table,5);
 140   2              }
 141   1      }
 142          
 143          /********************************************************/
 144               void zd0() interrupt 1              //T0中断用来计数器溢出,超过测距范围
 145            {
 146   1          flag=1;                                                      //中断溢出标志
 147   1        }
 148          /********************************************************/
 149             void  zd3()  interrupt 3     
 150            {
 151   1               TH1=0xf8;//2毫秒定时初始化
 152   1               TL1=0x30;//2毫秒定时初始化
 153   1               timer++;//计数
 154   1               if(timer>=100)//计数100次，200毫秒
 155   1               {
 156   2                timer=0;
 157   2                TX=1;                                 //200MS  启动一次模块
 158   2                _nop_(); _nop_(); _nop_(); 
 159   2                _nop_(); _nop_(); _nop_(); 
 160   2                _nop_(); _nop_(); _nop_(); 
 161   2                _nop_(); _nop_(); _nop_(); 
 162   2                _nop_(); _nop_(); _nop_(); 
 163   2                _nop_(); _nop_();_nop_(); 
 164   2                _nop_(); _nop_(); _nop_();
 165   2                TX=0;
 166   2               } 
 167   1        }


MODULE INFORMATION:   STATIC OVERLAYABLE
   CODE SIZE        =    783    ----
   CONSTANT SIZE    =     34    ----
   XDATA SIZE       =   ----    ----
   PDATA SIZE       =   ----    ----
   DATA SIZE        =     21    ----
   IDATA SIZE       =   ----    ----
   BIT SIZE         =      1    ----
END OF MODULE INFORMATION.


C51 COMPILATION COMPLETE.  0 WARNING(S),  0 ERROR(S)
