C51 COMPILER V9.00   MAIN                                                                  06/08/2019 17:59:56 PAGE 1   


C51 COMPILER V9.00, COMPILATION OF MODULE MAIN
OBJECT MODULE PLACED IN main.OBJ
COMPILER INVOKED BY: D:\Keil\INST_KeilC51\C51\BIN\C51.EXE main.c BROWSE DEBUG OBJECTEXTEND

line level    source

   1          
   2          #include<reg51.h>    //包含头文件，一般情况不需要改动，头文件包含特殊功能寄存器的定义
   3          
   4          #include"lcd1602.h"
   5          #include"i2c.h"
   6          
   7          sbit LED=P3^3;  //继电器控制引脚
   8          sbit RELAY=P3^4;  //继电器控制引脚
   9          sbit BUZZER=P3^5; //蜂鸣器控制引脚
  10          sbit SET=P0^7;    //设置
  11          sbit LCK=P0^6;    //关锁
  12          
  13          #define LOCK_TIME_second 10
  14          #define SU 1/256
  15          #define GPIO_KEY P1     //4X4矩阵键盘输入
  16          unsigned char KeyValue; //用来存放读取到的键值
  17          unsigned char saved_Value[4]={6,7,6,7};   //初始密码
  18          unsigned char input_Value[4];
  19          unsigned char Right_flg=0,Right_flg0=0; 
  20          unsigned char set_flg=0,LOCK_flg=0;
  21          unsigned char temp00;
  22          unsigned int  time_cnt,time_remember,delay_ddll;
  23          long int DECvalue=0;
  24          
  25          //存储芯片存储的内容
  26          /*===============================================
  27          地址： 0    1    2     3    4    5      6     
  28          数据：无   密码 密码  密码 密码  无  错误次数
  29          =================================================*/
  30          
  31          void TimerConfiguration(void);  //定时中断
  32          void KeyDown();                     //检测按键函数
  33          void At24c02Write(unsigned char addr,unsigned char dat);
  34          unsigned char At24c02Read(unsigned char addr);
  35          
  36          //====主函数入口======
  37          void main()
  38          {
  39   1         char i=0,j=0;
  40   1         //unsigned char aa;
  41   1         char k=0;
  42   1      
  43   1         LcdInit();    //液晶初始化 
  44   1         clear_window();
  45   1         TimerConfiguration();   //初始化定时器
  46   1      
  47   1         Lcd1602_Delay1ms(5);
  48   1         At24c02Write(1,6);   //初始化存储芯片，实际电路中就不需要
  49   1         At24c02Write(2,7);
  50   1         At24c02Write(3,6);
  51   1         At24c02Write(4,7);
  52   1         At24c02Write(6,0);   ////清除错误输入次数
  53   1      
  54   1         RELAY=1;
  55   1         BUZZER=1;
C51 COMPILER V9.00   MAIN                                                                  06/08/2019 17:59:56 PAGE 2   

  56   1      
  57   1              while(1)
  58   1                      {
  59   2                         KeyDown();    ////按键扫描
  60   2      
  61   2                        ///===========正常输入密码操作======================
  62   2                         if (KeyValue<=9 && !set_flg && !LOCK_flg) //有按键按下
  63   2                         {
  64   3                           input_Value[i]=KeyValue;                                            
  65   3                               if (Right_flg0)
  66   3                               {  clear_window();
  67   4                                      Right_flg0=0;
  68   4                               }
  69   3      
  70   3                               LcdWriteCom(0x80+i);  //显示当前按键的值
  71   3                               LcdWriteData('*');
  72   3      
  73   3                               i++;
  74   3                               if(i>=4)  //判断
  75   3                               {
  76   4                                      Right_flg0=0;
  77   4                                  for (j=0;j<4;j++)
  78   4                                      {
  79   5                                          if (input_Value[j]!=saved_Value[j])
  80   5                                                 Right_flg0=1;                                
  81   5                                      }
  82   4                                      clear_window();
  83   4                                      if(!Right_flg0)                  ////密码输入正确
  84   4                                      { 
  85   5                                        BUZZER=0;      //声音报警
  86   5                                        delay_ddll = 1;
  87   5                                        LcdWriteCom(0x80+i+2);
  88   5                                        LcdWriteData('O');
  89   5                                        LcdWriteData('K');
  90   5                                        At24c02Write(6,0);    ////清除错误输入次数 
  91   5                                      }
  92   4                                      else
  93   4                                      { 
  94   5                                        BUZZER=1;
  95   5                                        LcdWriteCom(0x80+i+2);
  96   5                                        LcdWriteData('E');
  97   5                                        LcdWriteData('R');
  98   5      
  99   5                                        temp00=At24c02Read(6);  ////存储输入错误次数
 100   5                                        if (temp00>=2)              //连续输入错误超过3次
 101   5                                        {       
 102   6                                          LOCK_flg=1;
 103   6                                              RELAY=0;  /////指示灯起来
 104   6                                              LcdWriteCom(0x80+i+2);
 105   6                                          LcdWriteData('L');
 106   6                                          LcdWriteData('K');                                    
 107   6                                        }
 108   5                                        At24c02Write(6,temp00+1);                                                      
 109   5                                      }
 110   4      
 111   4                                      i=0;                
 112   4                               }
 113   3                         }
 114   2                      ///===========正常输入密码操作 end======================
 115   2      
 116   2      
 117   2                       ///===========修改密码操作======================
C51 COMPILER V9.00   MAIN                                                                  06/08/2019 17:59:56 PAGE 3   

 118   2                         if (KeyValue<=9 && set_flg && !LOCK_flg) //有按键按下 KeyValue!=66
 119   2                         {
 120   3                               input_Value[k]=KeyValue;
 121   3                               
 122   3                               LcdWriteCom(0x80+k);  //显示当前按键的值
 123   3                               LcdWriteData('*');
 124   3      
 125   3                                k++;
 126   3                                if(k>=4)  //判断
 127   3                                {
 128   4                                        if (set_flg==2)
 129   4                                        {                                     
 130   5                                              for (j=0;j<4;j++)
 131   5                                                      {
 132   6                                                        saved_Value[j]=input_Value[j];
 133   6                                                        At24c02Write(j+1,saved_Value[j]);                                                                                                                                                                                                                                 
 134   6                                                      }
 135   5                                                      clear_window();
 136   5      
 137   5                                                      set_flg=0;
 138   5                                                      LED = 0;  //设置状态指示灯亮起来
 139   5                                                      delay_ddll =1;
 140   5      //                                              LcdWriteCom(0x80+k+2);
 141   5      //                                              LcdWriteData('O');
 142   5      //                                              LcdWriteData('K');
 143   5                                        }
 144   4      
 145   4                                        if (set_flg==1)
 146   4                                        {///============================================                                                                                              
 147   5                                                      Right_flg=0;
 148   5                                                  for (j=0;j<4;j++)
 149   5                                                      {
 150   6                                                        if(input_Value[j]!=saved_Value[j])
 151   6                                                          Right_flg=1;                                    
 152   6                                                      }
 153   5                                                      clear_window();
 154   5                                                      if(!Right_flg)           ///旧密码输入正确
 155   5                                                      { 
 156   6                                                        set_flg=2;         ///可以进行下一步操作                                                
 157   6                                                        LcdWriteCom(0x80+0x40);  //
 158   6                                                        LcdWriteData('N');
 159   6                                                        LcdWriteData('E');
 160   6                                                        LcdWriteData('W');     
 161   6                                                      }
 162   5                                                      else
 163   5                                                      { 
 164   6                                                        LcdWriteCom(0x80+k+2);
 165   6                                                        LcdWriteData('E');
 166   6                                                        LcdWriteData('R');
 167   6                                                        
 168   6                                                        temp00=At24c02Read(6);  ////存储输入错误次数
 169   6                                                        if (temp00>=2)        
 170   6                                                        {       
 171   7                                                          LOCK_flg=1;
 172   7                                                              RELAY=0;  /////指示灯起来
 173   7                                                              LcdWriteCom(0x80+i+2);
 174   7                                                          LcdWriteData('L');
 175   7                                                          LcdWriteData('K');                                    
 176   7                                                        }
 177   6                                                        At24c02Write(6,temp00+1);                      
 178   6                                                      }
 179   5                                        }       ///============================================
C51 COMPILER V9.00   MAIN                                                                  06/08/2019 17:59:56 PAGE 4   

 180   4                                                                              
 181   4      
 182   4                                      k=0;                
 183   4                               }
 184   3                         }
 185   2                ///===========修改密码操作 end======================
 186   2      
 187   2                         if (KeyValue==0x0A && !LOCK_flg)  //有按键按下        
 188   2                         {
 189   3                                 clear_window();
 190   3                                 set_flg=1;
 191   3                                 LcdWriteCom(0x80+0x40);  //
 192   3                                 LcdWriteData('O');
 193   3                                 LcdWriteData('L');
 194   3                                 LcdWriteData('D');
 195   3      
 196   3                                 k=0;  //=================                                     
 197   3                         }
 198   2               ////=============############================================
 199   2                         else if (KeyValue==0x0B && !LOCK_flg)  //有按键按下，关上锁，清除窗口!LCK
 200   2                         {    
 201   3                                BUZZER=1;
 202   3                                clear_window();                                        
 203   3                         }
 204   2                        
 205   2                        if (delay_ddll)
 206   2                        {
 207   3                                 delay_ddll++;
 208   3                                 if (delay_ddll>2000)
 209   3                                 {
 210   4                                         LED = 1;
 211   4                                         BUZZER = 1;
 212   4                                         delay_ddll = 0;
 213   4                                 }
 214   3                        }
 215   2                 ////=============================================
 216   2                       Lcd1602_Delay1ms(1);
 217   2      
 218   2                      }
 219   1      }
 220          
 221          
 222          /*******************************************************************************
 223          * 函 数 名         : KeyDown
 224          * 函数功能                 : 检测有按键按下并读取键值
 225          * 输    入         : 无
 226          * 输    出         : 无
 227          *******************************************************************************/
 228          void KeyDown(void)
 229          { 
 230   1              unsigned char a=0;
 231   1                       
 232   1              KeyValue=66;
 233   1              GPIO_KEY=0x0f;
 234   1              if(GPIO_KEY!=0x0f)//读取按键是否按下
 235   1              {
 236   2                      Lcd1602_Delay1ms(10); //延时10ms进行消抖
 237   2                      if(GPIO_KEY!=0x0f)    //再次检测键盘是否按下
 238   2                      {               
 239   3                              //测试列
 240   3                              GPIO_KEY=0X0F;
 241   3                              switch(GPIO_KEY)
C51 COMPILER V9.00   MAIN                                                                  06/08/2019 17:59:56 PAGE 5   

 242   3                              {
 243   4                                      case(0X07):     KeyValue=0;break;
 244   4                                      case(0X0b):     KeyValue=1;break;
 245   4                                      case(0X0d): KeyValue=2;break;
 246   4                                      case(0X0e):     KeyValue=3;break;
 247   4                              }
 248   3                              //测试行
 249   3                              GPIO_KEY=0XF0;
 250   3                              switch(GPIO_KEY)
 251   3                              {
 252   4                                      case(0X70):     KeyValue=KeyValue;break;
 253   4                                      case(0Xb0):     KeyValue=KeyValue+4;break;
 254   4                                      case(0Xd0): KeyValue=KeyValue+8;break;
 255   4                                      case(0Xe0):     KeyValue=KeyValue+12;break;
 256   4                              }
 257   3      
 258   3                              while((a<250)&&(GPIO_KEY!=0xf0))         //检测按键松手检测
 259   3                              {
 260   4                                      Lcd1602_Delay1ms(2);
 261   4                                      a++;
 262   4                              }
 263   3                      }
 264   2              }
 265   1      }
 266          
 267          /*******************************************************************************
 268          * 函数名         : void At24c02Write(unsigned char addr,unsigned char dat)
 269          * 函数功能                 : 往24c02的一个地址写入一个数据
 270          * 输入           : 无
 271          * 输出           : 无
 272          *******************************************************************************/
 273          void At24c02Write(unsigned char addr,unsigned char dat)
 274          {
 275   1              I2cStart();
 276   1              I2cSendByte(0xa0);//发送写器件地址
 277   1              I2cSendByte(addr);//发送要写入内存地址
 278   1              I2cSendByte(dat);       //发送数据
 279   1              I2cStop();
 280   1      }
 281          /*******************************************************************************
 282          * 函数名         : unsigned char At24c02Read(unsigned char addr)
 283          * 函数功能                 : 读取24c02的一个地址的一个数据
 284          * 输入           : 无
 285          * 输出           : 无
 286          *******************************************************************************/
 287          unsigned char At24c02Read(unsigned char addr)
 288          {
 289   1              unsigned char num;
 290   1              I2cStart();
 291   1              I2cSendByte(0xa0); //发送写器件地址
 292   1              I2cSendByte(addr); //发送要读取的地址
 293   1              I2cStart();
 294   1              I2cSendByte(0xa1); //发送读器件地址
 295   1              num=I2cReadByte(); //读取数据
 296   1              I2cStop();
 297   1              return num;     
 298   1      }
 299          
 300          
 301          /*******************************************************************************
 302          * 函数名         : TimerConfiguration()
 303          * 函数功能                 : 配置定时器值
C51 COMPILER V9.00   MAIN                                                                  06/08/2019 17:59:56 PAGE 6   

 304          * 输入           : 无
 305          * 输出           : 无
 306          *******************************************************************************/                   
 307          
 308          void TimerConfiguration()
 309          {
 310   1          TMOD = 0x01; //选择工作方式1
 311   1          TH0 = 0x3C;  //设置初始值,定时50MS
 312   1          TL0 = 0xB0; 
 313   1          EA = 1;                      //打开总中断
 314   1          ET0 = 1;             //打开定时器0中断
 315   1          TR0 = 1;             //启动定时器0
 316   1      }
 317          
 318          /*******************************************************************************
 319          * 函数名         : Timer0()
 320          * 函数功能               : 定时器0中断函数
 321          * 输入           : 无
 322          * 输出           : 无
 323          *******************************************************************************/                   
 324          void Timer0() interrupt 1
 325          {
 326   1                TH0 = 0x3C;    //设置初始值
 327   1            TL0 = 0xB0;
 328   1                time_cnt++;
 329   1      }


MODULE INFORMATION:   STATIC OVERLAYABLE
   CODE SIZE        =    845    ----
   CONSTANT SIZE    =   ----    ----
   XDATA SIZE       =   ----    ----
   PDATA SIZE       =   ----    ----
   DATA SIZE        =     24       8
   IDATA SIZE       =   ----    ----
   BIT SIZE         =   ----    ----
END OF MODULE INFORMATION.


C51 COMPILATION COMPLETE.  0 WARNING(S),  0 ERROR(S)
