C51 COMPILER V9.00   MAIN                                                                  06/11/2016 21:57:57 PAGE 1   


C51 COMPILER V9.00, COMPILATION OF MODULE MAIN
OBJECT MODULE PLACED IN main.OBJ
COMPILER INVOKED BY: C:\Keil\C51\BIN\C51.EXE main.c BROWSE DEBUG OBJECTEXTEND

line level    source

   1          #include <reg51.h>
   2          #include <intrins.h>
   3          #include <stdlib.h>
   4          #include <string.h>
   5          #include<absacc.h>
   6          #include "lcd1602.h"
   7          #include "main.h"
   8          #include "key.h"
   9          
  10          sbit Lock = P3^7;  //代表锁控的继电器IO   高电平关锁，低电平开锁
  11          sbit LEDRED = P3^3;  //代表密码输入错误的红灯IO  高电平熄灭，低电平点亮
  12          sbit LEDGREEN = P3^4;  //代表密码输入正确的绿灯IO  高电平熄灭，低电平点亮
  13          uchar genPasswd[4];           //存储生成的四位随机数密码
  14          uchar inpPasswd[4];           //存储取包时输入的四位密码
  15          uchar code welcome[8]="welcome";  //开机显示的欢迎标语
  16          uchar code set[7]="Passwd";    //显示生成的密码标题
  17          uchar code  close[12]="close door!";   //提示关门
  18          uchar code      input[13] = "input passwd";   //提示请输入密码
  19          
  20          /****************定时器设置相关的变量***********************/
  21          unsigned char TL0_temp;  /*暂存TL0的初值*/
  22          unsigned char TH0_temp;  /*暂存TH0的初值*/
  23          #define INT_CLOCK 10    /*INT_CLOCK为定时值，单位为ms ,此处定义为10ms*/
  24          #define CRY_FREQUENCY 11059200 /*CRY_FREQUENCY为晶振频率，单位为Hz*/
  25          
  26          
  27          
  28          
  29          
  30          /*延时程序*/
  31          void delay(uint z)              
  32          {
  33   1              unsigned int i,j;
  34   1         for(i=0;i<z;i++)
  35   1          for(j=0;j<100;j++);
  36   1      }
  37          /******************************
  38          显示首页 welcome
  39          ******************************/
  40          void display1()
  41          {
  42   1         unsigned char i;
  43   1         for(i = 0;i < 7;i++)
  44   1         {
  45   2                      wr_com(0x85+i);
  46   2                      wr_dat(welcome[i]);
  47   2         }
  48   1      }
  49          
  50          
  51          /************************************
  52          显示密码生成界面
  53          ************************************/
  54          void display2()
  55          {
C51 COMPILER V9.00   MAIN                                                                  06/11/2016 21:57:57 PAGE 2   

  56   1         unsigned char i;
  57   1         
  58   1         for(i = 0;i < 6;i++)
  59   1         {
  60   2                      wr_com(0x85+i);
  61   2                      wr_dat(set[i]);
  62   2         }
  63   1         for(i = 0;i < 4;i++)
  64   1         {
  65   2                      wr_com(0xc6+i);
  66   2                      wr_dat(genPasswd[i]+0x30);
  67   2                      
  68   2         }
  69   1      }
  70          
  71          /************************************
  72          显示请关门界面
  73          ************************************/
  74          
  75          void display3()
  76          {
  77   1           unsigned char i;
  78   1         for(i = 0;i < 11;i++)
  79   1         {
  80   2                      wr_com(0x83+i);
  81   2                      wr_dat(close[i]);
  82   2         }
  83   1      
  84   1      }
  85          
  86          
  87          /************************************
  88          显示密码输入界面
  89          ************************************/
  90          void display4()
  91          {
  92   1         unsigned char i;
  93   1         for(i = 0;i < 12;i++)
  94   1         {
  95   2                      wr_com(0x82+i);
  96   2                      wr_dat(input[i]);
  97   2         }
  98   1         for(i = 0;i < 4;i++)
  99   1         {
 100   2                      wr_com(0xc6+i);
 101   2                      wr_dat(inpPasswd[i]+0x30);
 102   2                      
 103   2         }
 104   1      
 105   1      }
 106                  
 107          
 108          
 109          
 110          
 111          /***********************************
 112          定时器0初始化
 113          ***********************************/
 114          void Timer0_init()
 115          {
 116   1              unsigned long T0_temp;                                     /*暂存T0的初始值     */
 117   1              T0_temp = 65536-((INT_CLOCK *CRY_FREQUENCY /1000)/12);    /*T0初始值计算公式，参考教科书*/
C51 COMPILER V9.00   MAIN                                                                  06/11/2016 21:57:57 PAGE 3   

 118   1              TL0_temp = T0_temp & 0xff;
 119   1              TH0_temp = T0_temp >> 8;
 120   1              TL0 = TL0_temp;
 121   1              TH0 = TH0_temp;
 122   1              TMOD |= 0x01;
 123   1              TR0 = 1;                      /*开定时器0中断*/
 124   1              ET0 = 1;  
 125   1              EA = 1;                    /*开总中断*/                                       
 126   1      
 127   1      }
 128          
 129          
 130          
 131          
 132          
 133          
 134          /*主函数*/
 135          uchar global_state = 0;
 136          uchar count_num = 0;  //输入的数字个数
 137          void main()
 138          {  
 139   1         uchar i;
 140   1         uchar passwd;
 141   1          
 142   1              uchar key_value = 0;
 143   1              uchar temp_key_value = 0xff;
 144   1              Lock = 1;  //刚上电 锁是需要保持闭合
 145   1              Timer0_init();  /*定时器初始化*/
 146   1              lcd_init();
 147   1         
 148   1              while(1)
 149   1              {
 150   2                      temp_key_value = Calkey_scan();
 151   2                      if(temp_key_value != 0xff)
 152   2                      {
 153   3                              key_value = temp_key_value;
 154   3                      }
 155   2                      switch(global_state)
 156   2                      {
 157   3                              case 0:
 158   3                                      display1();      //显示欢迎语句 -- "welcome"
 159   3                              
 160   3      
 161   3                                      if(key_value == 13)  //存包按键被按下
 162   3                                      {
 163   4                                          key_value = 0xff;  //将按键值清除
 164   4                                              Lock = 0;    //开锁
 165   4                                              
 166   4                                              display3();    //显示关门提示语 -- "close door!"
 167   4                                          delay(1900);    //等待关门 大约3秒
 168   4                                              Lock = 1;   //关门
 169   4                                              clear();                 //清屏，准备下一屏的显示
 170   4                                              global_state = 1;   //切换运行状态
 171   4                                              passwd = TL0;  //采用定时器寄存器的值作为密码
 172   4                                              genPasswd[0] = passwd/100;                //存储密码
 173   4                                              genPasswd[1] = passwd%100/10;
 174   4                                              genPasswd[2] = passwd%10;
 175   4                                              genPasswd[3] = (genPasswd[1]+genPasswd[2])%10;
 176   4                                      } 
 177   3                                      if(key_value == 14)  //取包按键被按下
 178   3                                      {
 179   4                                          key_value = 0xff;  //将按键值清除
C51 COMPILER V9.00   MAIN                                                                  06/11/2016 21:57:57 PAGE 4   

 180   4                                              clear();    //清屏，准备下一屏的显示
 181   4                                              global_state = 2;  //切换运行状态
 182   4                                              count_num = 0;   //清除数字按键变量
 183   4                                              for(i = 0;i < 4;i++)  //清空输入的密码数组
 184   4                                                  inpPasswd[i] = ' '-0x30;
 185   4                                      } 
 186   3                              break;
 187   3                              case 1:
 188   3                                      display2();      //显示密码生成界面
 189   3                                      delay(1900);    //等待大约3秒
 190   3                                      global_state = 0;  //返回到初始界面
 191   3                                      clear();        //清屏，准备下一屏的显示
 192   3                                      
 193   3                              break;
 194   3                              case 2:
 195   3                                 display4();     //显示输入密码界面
 196   3                                 if((key_value >= 0) && (key_value <= 9))       //如果按下的为0-9的数字按键
 197   3                                 {
 198   4                                     
 199   4                                      if(count_num <= 3)       //如果按键次数小于4次
 200   4                                              {
 201   5                                              inpPasswd[count_num] = key_value; //将按键值存入数组,并显示
 202   5                                                      count_num++;
 203   5                                          }
 204   4                                               key_value = 0xff;  //将按键值清除
 205   4                                 }
 206   3                                 if(key_value == 15) //清除按键被按下
 207   3                                 {
 208   4                                      key_value = 0xff;  //将按键值清除
 209   4                                              for(i = 0;i < 4;i++)
 210   4                                                inpPasswd[i] = ' '-0x30;  //清除刚刚输入的密码
 211   4                                 }
 212   3                                 if(key_value == 16) //确认按键被按下
 213   3                                 {
 214   4                                      key_value = 0xff;  //将按键值清除
 215   4                                              for(i = 0;i < 4;i++)
 216   4                                              {
 217   5                                                      if(inpPasswd[i] != genPasswd[i])
 218   5                                                         break;
 219   5                                              }
 220   4                                              if(i == 4)        //密码输入正确
 221   4                                              {
 222   5                                                      LEDRED = 1;      //红灯熄灭
 223   5                                                      LEDGREEN = 0;  //绿灯亮
 224   5                                                      Lock = 1;  //开锁
 225   5                                                      delay(1900);    //等待大约3秒
 226   5                                                      Lock = 0;  //关锁
 227   5                                                      LEDGREEN = 1;  //绿灯熄灭
 228   5                                              }
 229   4                                              else   //密码输入错误
 230   4                                              {
 231   5                                                      LEDRED = 0;      //红灯亮
 232   5                                                      LEDGREEN = 1;  //绿灯熄灭
 233   5                                                      Lock = 0;  //关锁
 234   5                                                      delay(1900);    //等待大约3秒
 235   5                                                      LEDRED = 1;  //红灯熄灭
 236   5                                              }
 237   4                                              clear();        //清屏，准备下一屏的显示
 238   4                                              global_state = 0;  //返回到初始界面
 239   4      
 240   4                                 }
 241   3                              break;  
C51 COMPILER V9.00   MAIN                                                                  06/11/2016 21:57:57 PAGE 5   

 242   3                      }
 243   2              }
 244   1      }
 245          
 246          
 247          void T0_interrupt(void) interrupt 1      
 248          {
 249   1              TH0 += TH0_temp;
 250   1              TL0 += TL0_temp;
 251   1      
 252   1      }
 253          
 254          
 255          
 256                  
 257          
 258          
 259          
 260          


MODULE INFORMATION:   STATIC OVERLAYABLE
   CODE SIZE        =    603    ----
   CONSTANT SIZE    =     40    ----
   XDATA SIZE       =   ----    ----
   PDATA SIZE       =   ----    ----
   DATA SIZE        =     12      11
   IDATA SIZE       =   ----    ----
   BIT SIZE         =   ----    ----
END OF MODULE INFORMATION.


C51 COMPILATION COMPLETE.  0 WARNING(S),  0 ERROR(S)
