BL51 BANKED LINKER/LOCATER V6.22                                                        06/11/2016  21:57:58  PAGE 1


BL51 BANKED LINKER/LOCATER V6.22, INVOKED BY:
C:\KEIL\C51\BIN\BL51.EXE STARTUP.obj, main.obj, key.obj, lcd1602.obj TO ÃÜÂëËø


MEMORY MODEL: SMALL


INPUT MODULES INCLUDED:
  STARTUP.obj (?C_STARTUP)
  main.obj (MAIN)
  key.obj (KEY)
  lcd1602.obj (LCD1602)
  C:\KEIL\C51\LIB\C51S.LIB (?C_INIT)
  C:\KEIL\C51\LIB\C51S.LIB (?C?UIDIV)
  C:\KEIL\C51\LIB\C51S.LIB (?C?ULSHR)


LINK MAP OF MODULE:  ÃÜÂëËø (?C_STARTUP)


            TYPE    BASE      LENGTH    RELOCATION   SEGMENT NAME
            -----------------------------------------------------

            * * * * * * *   D A T A   M E M O R Y   * * * * * * *
            REG     0000H     0008H     ABSOLUTE     "REG BANK 0"
            DATA    0008H     000CH     UNIT         ?DT?MAIN
            DATA    0014H     0007H     UNIT         _DATA_GROUP_
            DATA    001BH     0001H     UNIT         ?DT?KEY
            IDATA   001CH     0001H     UNIT         ?STACK

            * * * * * * *   C O D E   M E M O R Y   * * * * * * *
            CODE    0000H     0003H     ABSOLUTE     
                    0003H     0008H                  *** GAP ***
            CODE    000BH     0003H     ABSOLUTE     
            CODE    000EH     0162H     UNIT         ?PR?CALKEY_SCAN?KEY
            CODE    0170H     0139H     UNIT         ?PR?MAIN?MAIN
            CODE    02A9H     008CH     UNIT         ?C_C51STARTUP
            CODE    0335H     0068H     UNIT         ?C?LIB_CODE
            CODE    039DH     003FH     UNIT         ?PR?DISPLAY2?MAIN
            CODE    03DCH     003FH     UNIT         ?PR?DISPLAY4?MAIN
            CODE    041BH     002DH     UNIT         ?PR?TIMER0_INIT?MAIN
            CODE    0448H     0028H     UNIT         ?CO?MAIN
            CODE    0470H     0027H     UNIT         ?PR?_DELAY1MS?LCD1602
            CODE    0497H     0026H     UNIT         ?PR?LCD_INIT?LCD1602
            CODE    04BDH     0024H     UNIT         ?PR?_DELAY?MAIN
            CODE    04E1H     0022H     UNIT         ?PR?_WR_DAT?LCD1602
            CODE    0503H     001FH     UNIT         ?PR?DISPLAY1?MAIN
            CODE    0522H     001FH     UNIT         ?PR?DISPLAY3?MAIN
            CODE    0541H     001CH     UNIT         ?PR?_WR_COM?LCD1602
            CODE    055DH     001BH     UNIT         ?PR?CLEAR?LCD1602
            CODE    0578H     0015H     UNIT         ?PR?T0_INTERRUPT?MAIN
            CODE    058DH     000AH     UNIT         ?C_INITSEG



OVERLAY MAP OF MODULE:   ÃÜÂëËø (?C_STARTUP)


BL51 BANKED LINKER/LOCATER V6.22                                                      06/11/2016  21:57:58  PAGE 2


SEGMENT                          DATA_GROUP 
  +--> CALLED SEGMENT          START    LENGTH
----------------------------------------------
?C_C51STARTUP                  -----    -----
  +--> ?PR?MAIN?MAIN
  +--> ?C_INITSEG

?PR?MAIN?MAIN                  0014H    0003H
  +--> ?PR?TIMER0_INIT?MAIN
  +--> ?PR?LCD_INIT?LCD1602
  +--> ?PR?CALKEY_SCAN?KEY
  +--> ?PR?DISPLAY1?MAIN
  +--> ?PR?DISPLAY3?MAIN
  +--> ?PR?_DELAY?MAIN
  +--> ?PR?CLEAR?LCD1602
  +--> ?PR?DISPLAY2?MAIN
  +--> ?PR?DISPLAY4?MAIN

?PR?TIMER0_INIT?MAIN           0017H    0004H

?PR?LCD_INIT?LCD1602           -----    -----
  +--> ?PR?_DELAY1MS?LCD1602
  +--> ?PR?_WR_COM?LCD1602

?PR?_DELAY1MS?LCD1602          -----    -----
  +--> ?PR?_WR_COM?LCD1602

?PR?CALKEY_SCAN?KEY            0017H    0001H
  +--> ?PR?_DELAY?MAIN

?PR?DISPLAY1?MAIN              0017H    0001H
  +--> ?PR?_WR_COM?LCD1602
  +--> ?CO?MAIN
  +--> ?PR?_WR_DAT?LCD1602

?PR?_WR_DAT?LCD1602            -----    -----
  +--> ?PR?_WR_COM?LCD1602
  +--> ?PR?_DELAY1MS?LCD1602

?PR?DISPLAY3?MAIN              0017H    0001H
  +--> ?PR?_WR_COM?LCD1602
  +--> ?CO?MAIN
  +--> ?PR?_WR_DAT?LCD1602

?PR?CLEAR?LCD1602              0017H    0001H
  +--> ?PR?_WR_DAT?LCD1602

?PR?DISPLAY2?MAIN              0017H    0001H
  +--> ?PR?_WR_COM?LCD1602
  +--> ?CO?MAIN
  +--> ?PR?_WR_DAT?LCD1602

?PR?DISPLAY4?MAIN              0017H    0001H
  +--> ?PR?_WR_COM?LCD1602
  +--> ?CO?MAIN
  +--> ?PR?_WR_DAT?LCD1602

BL51 BANKED LINKER/LOCATER V6.22                                                      06/11/2016  21:57:58  PAGE 3




SYMBOL TABLE OF MODULE:  ÃÜÂëËø (?C_STARTUP)

  VALUE           TYPE          NAME
  ----------------------------------

  -------         MODULE        ?C_STARTUP
  C:02A9H         SEGMENT       ?C_C51STARTUP
  I:001CH         SEGMENT       ?STACK
  C:0000H         PUBLIC        ?C_STARTUP
  D:00E0H         SYMBOL        ACC
  D:00F0H         SYMBOL        B
  D:0083H         SYMBOL        DPH
  D:0082H         SYMBOL        DPL
  N:0000H         SYMBOL        IBPSTACK
  N:0100H         SYMBOL        IBPSTACKTOP
  N:0080H         SYMBOL        IDATALEN
  C:02ACH         SYMBOL        IDATALOOP
  N:0000H         SYMBOL        PBPSTACK
  N:0100H         SYMBOL        PBPSTACKTOP
  N:0000H         SYMBOL        PDATALEN
  N:0000H         SYMBOL        PDATASTART
  N:0000H         SYMBOL        PPAGE
  N:0000H         SYMBOL        PPAGEENABLE
  D:00A0H         SYMBOL        PPAGE_SFR
  D:0081H         SYMBOL        SP
  C:02A9H         SYMBOL        STARTUP1
  N:0000H         SYMBOL        XBPSTACK
  N:0000H         SYMBOL        XBPSTACKTOP
  N:0000H         SYMBOL        XDATALEN
  N:0000H         SYMBOL        XDATASTART
  C:0000H         LINE#         126
  C:02A9H         LINE#         133
  C:02ABH         LINE#         134
  C:02ACH         LINE#         135
  C:02ADH         LINE#         136
  C:02AFH         LINE#         185
  C:02B2H         LINE#         196
  -------         ENDMOD        ?C_STARTUP

  -------         MODULE        MAIN
  C:0000H         SYMBOL        _ICE_DUMMY_
  D:00B0H         PUBLIC        P3
  B:00A8H.7       PUBLIC        EA
  B:00B0H.7       PUBLIC        Lock
  C:04C1H         PUBLIC        _delay
  C:0457H         PUBLIC        close
  C:0170H         PUBLIC        main
  C:0503H         PUBLIC        display1
  C:039DH         PUBLIC        display2
  C:0522H         PUBLIC        display3
  C:03DCH         PUBLIC        display4
  D:0008H         PUBLIC        genPasswd
  B:00B0H.3       PUBLIC        LEDRED
  C:0463H         PUBLIC        input
  D:0089H         PUBLIC        TMOD
BL51 BANKED LINKER/LOCATER V6.22                                                      06/11/2016  21:57:58  PAGE 4


  D:000CH         PUBLIC        inpPasswd
  B:00B0H.4       PUBLIC        LEDGREEN
  B:00A8H.1       PUBLIC        ET0
  C:041BH         PUBLIC        Timer0_init
  D:008CH         PUBLIC        TH0
  C:0450H         PUBLIC        set
  D:008AH         PUBLIC        TL0
  B:0088H.4       PUBLIC        TR0
  C:0578H         PUBLIC        T0_interrupt
  D:0010H         PUBLIC        count_num
  D:0011H         PUBLIC        TH0_temp
  D:0012H         PUBLIC        TL0_temp
  C:0448H         PUBLIC        welcome
  D:0013H         PUBLIC        global_state
  C:04BDH         SYMBOL        L?0061
  -------         PROC          L?0060
  -------         ENDPROC       L?0060
  C:04BDH         SYMBOL        L?0061
  -------         PROC          _DELAY
  D:0006H         SYMBOL        z
  -------         DO            
  D:0004H         SYMBOL        i
  D:0002H         SYMBOL        j
  -------         ENDDO         
  C:04C1H         LINE#         31
  C:04C1H         LINE#         32
  C:04C1H         LINE#         34
  C:04CBH         LINE#         35
  C:04E0H         LINE#         36
  -------         ENDPROC       _DELAY
  -------         PROC          DISPLAY1
  -------         DO            
  D:0017H         SYMBOL        i
  -------         ENDDO         
  C:0503H         LINE#         40
  C:0503H         LINE#         41
  C:0503H         LINE#         43
  C:0506H         LINE#         44
  C:0506H         LINE#         45
  C:050EH         LINE#         46
  C:0518H         LINE#         47
  C:0521H         LINE#         48
  -------         ENDPROC       DISPLAY1
  -------         PROC          DISPLAY2
  -------         DO            
  D:0017H         SYMBOL        i
  -------         ENDDO         
  C:039DH         LINE#         54
  C:039DH         LINE#         55
  C:039DH         LINE#         58
  C:03A0H         LINE#         59
  C:03A0H         LINE#         60
  C:03A8H         LINE#         61
  C:03B2H         LINE#         62
  C:03BBH         LINE#         63
  C:03BEH         LINE#         64
  C:03BEH         LINE#         65
BL51 BANKED LINKER/LOCATER V6.22                                                      06/11/2016  21:57:58  PAGE 5


  C:03C6H         LINE#         66
  C:03D2H         LINE#         68
  C:03DBH         LINE#         69
  -------         ENDPROC       DISPLAY2
  -------         PROC          DISPLAY3
  -------         DO            
  D:0017H         SYMBOL        i
  -------         ENDDO         
  C:0522H         LINE#         75
  C:0522H         LINE#         76
  C:0522H         LINE#         78
  C:0525H         LINE#         79
  C:0525H         LINE#         80
  C:052DH         LINE#         81
  C:0537H         LINE#         82
  C:0540H         LINE#         84
  -------         ENDPROC       DISPLAY3
  -------         PROC          DISPLAY4
  -------         DO            
  D:0017H         SYMBOL        i
  -------         ENDDO         
  C:03DCH         LINE#         90
  C:03DCH         LINE#         91
  C:03DCH         LINE#         93
  C:03DFH         LINE#         94
  C:03DFH         LINE#         95
  C:03E7H         LINE#         96
  C:03F1H         LINE#         97
  C:03FAH         LINE#         98
  C:03FDH         LINE#         99
  C:03FDH         LINE#         100
  C:0405H         LINE#         101
  C:0411H         LINE#         103
  C:041AH         LINE#         105
  -------         ENDPROC       DISPLAY4
  -------         PROC          TIMER0_INIT
  -------         DO            
  D:0017H         SYMBOL        T0_temp
  -------         ENDDO         
  C:041BH         LINE#         114
  C:041BH         LINE#         115
  C:041BH         LINE#         117
  C:0425H         LINE#         118
  C:042BH         LINE#         119
  C:0438H         LINE#         120
  C:043BH         LINE#         121
  C:043EH         LINE#         122
  C:0441H         LINE#         123
  C:0443H         LINE#         124
  C:0445H         LINE#         125
  C:0447H         LINE#         127
  -------         ENDPROC       TIMER0_INIT
  -------         PROC          MAIN
  -------         DO            
  D:0014H         SYMBOL        i
  D:0007H         SYMBOL        passwd
  D:0015H         SYMBOL        key_value
BL51 BANKED LINKER/LOCATER V6.22                                                      06/11/2016  21:57:58  PAGE 6


  D:0016H         SYMBOL        temp_key_value
  -------         ENDDO         
  C:0170H         LINE#         137
  C:0170H         LINE#         138
  C:0170H         LINE#         142
  C:0173H         LINE#         143
  C:0176H         LINE#         144
  C:0178H         LINE#         145
  C:017BH         LINE#         146
  C:017EH         LINE#         148
  C:017EH         LINE#         149
  C:017EH         LINE#         150
  C:0183H         LINE#         151
  C:0188H         LINE#         152
  C:0188H         LINE#         153
  C:018BH         LINE#         154
  C:018BH         LINE#         155
  C:019DH         LINE#         156
  C:019DH         LINE#         157
  C:019DH         LINE#         158
  C:01A0H         LINE#         161
  C:01A6H         LINE#         162
  C:01A6H         LINE#         163
  C:01A9H         LINE#         164
  C:01ABH         LINE#         166
  C:01AEH         LINE#         167
  C:01B1H         LINE#         168
  C:01B3H         LINE#         169
  C:01B6H         LINE#         170
  C:01B9H         LINE#         171
  C:01BBH         LINE#         172
  C:01C2H         LINE#         173
  C:01CFH         LINE#         174
  C:01D7H         LINE#         175
  C:01E8H         LINE#         176
  C:01E8H         LINE#         177
  C:01EEH         LINE#         178
  C:01EEH         LINE#         179
  C:01F1H         LINE#         180
  C:01F4H         LINE#         181
  C:01F7H         LINE#         182
  C:01FAH         LINE#         183
  C:0206H         LINE#         184
  C:0211H         LINE#         185
  C:0211H         LINE#         186
  C:0211H         LINE#         187
  C:0211H         LINE#         188
  C:0214H         LINE#         189
  C:0217H         LINE#         190
  C:021AH         LINE#         191
  C:021DH         LINE#         193
  C:0220H         LINE#         194
  C:0220H         LINE#         195
  C:0223H         LINE#         196
  C:0231H         LINE#         197
  C:0231H         LINE#         199
  C:0237H         LINE#         200
BL51 BANKED LINKER/LOCATER V6.22                                                      06/11/2016  21:57:58  PAGE 7


  C:0237H         LINE#         201
  C:023EH         LINE#         202
  C:0240H         LINE#         203
  C:0240H         LINE#         204
  C:0243H         LINE#         205
  C:0243H         LINE#         206
  C:0248H         LINE#         207
  C:0248H         LINE#         208
  C:024BH         LINE#         209
  C:024EH         LINE#         210
  C:025CH         LINE#         211
  C:025CH         LINE#         212
  C:0265H         LINE#         213
  C:0265H         LINE#         214
  C:0268H         LINE#         215
  C:026AH         LINE#         216
  C:026AH         LINE#         217
  C:027AH         LINE#         218
  C:027AH         LINE#         219
  C:0281H         LINE#         220
  C:0286H         LINE#         221
  C:0286H         LINE#         222
  C:0288H         LINE#         223
  C:028AH         LINE#         224
  C:028CH         LINE#         225
  C:028FH         LINE#         226
  C:0291H         LINE#         227
  C:0293H         LINE#         228
  C:0295H         LINE#         230
  C:0295H         LINE#         231
  C:0297H         LINE#         232
  C:0299H         LINE#         233
  C:029BH         LINE#         234
  C:029EH         LINE#         235
  C:02A0H         LINE#         236
  C:02A0H         LINE#         237
  C:02A3H         LINE#         238
  C:02A6H         LINE#         240
  C:02A6H         LINE#         241
  -------         ENDPROC       MAIN
  -------         PROC          T0_INTERRUPT
  C:0578H         LINE#         247
  C:057CH         LINE#         249
  C:0582H         LINE#         250
  C:0588H         LINE#         252
  -------         ENDPROC       T0_INTERRUPT
  -------         ENDMOD        MAIN

  -------         MODULE        KEY
  C:0000H         SYMBOL        _ICE_DUMMY_
  D:0080H         PUBLIC        P0
  D:001BH         PUBLIC        temp
  C:000EH         PUBLIC        Calkey_scan
  -------         PROC          CALKEY_SCAN
  -------         DO            
  D:0017H         SYMBOL        tmp
  -------         ENDDO         
BL51 BANKED LINKER/LOCATER V6.22                                                      06/11/2016  21:57:58  PAGE 8


  C:000EH         LINE#         12
  C:000EH         LINE#         13
  C:000EH         LINE#         15
  C:0011H         LINE#         16
  C:0014H         LINE#         17
  C:0017H         LINE#         18
  C:001AH         LINE#         19
  C:0020H         LINE#         20
  C:0020H         LINE#         21
  C:0027H         LINE#         22
  C:002AH         LINE#         23
  C:002DH         LINE#         24
  C:0033H         LINE#         25
  C:0033H         LINE#         26
  C:0036H         LINE#         27
  C:0048H         LINE#         28
  C:0048H         LINE#         29
  C:0048H         LINE#         30
  C:004BH         LINE#         31
  C:004DH         LINE#         33
  C:004DH         LINE#         34
  C:0050H         LINE#         35
  C:0052H         LINE#         37
  C:0052H         LINE#         38
  C:0055H         LINE#         39
  C:0057H         LINE#         41
  C:0057H         LINE#         42
  C:005AH         LINE#         43
  C:005AH         LINE#         44
  C:005AH         LINE#         45
  C:0060H         LINE#         46
  C:0060H         LINE#         47
  C:0063H         LINE#         48
  C:0066H         LINE#         49
  C:0068H         LINE#         51
  C:0068H         LINE#         52
  C:0068H         LINE#         56
  C:006BH         LINE#         57
  C:006EH         LINE#         58
  C:0071H         LINE#         59
  C:0077H         LINE#         60
  C:0077H         LINE#         61
  C:007EH         LINE#         62
  C:0081H         LINE#         63
  C:0084H         LINE#         64
  C:008AH         LINE#         65
  C:008AH         LINE#         66
  C:008DH         LINE#         67
  C:009FH         LINE#         68
  C:009FH         LINE#         69
  C:009FH         LINE#         70
  C:00A2H         LINE#         71
  C:00A4H         LINE#         73
  C:00A4H         LINE#         74
  C:00A7H         LINE#         75
  C:00A9H         LINE#         77
  C:00A9H         LINE#         78
BL51 BANKED LINKER/LOCATER V6.22                                                      06/11/2016  21:57:58  PAGE 9


  C:00ACH         LINE#         79
  C:00AEH         LINE#         81
  C:00AEH         LINE#         82
  C:00B1H         LINE#         83
  C:00B1H         LINE#         84
  C:00B1H         LINE#         85
  C:00B7H         LINE#         86
  C:00B7H         LINE#         87
  C:00BAH         LINE#         88
  C:00BDH         LINE#         89
  C:00BFH         LINE#         91
  C:00BFH         LINE#         92
  C:00BFH         LINE#         96
  C:00C2H         LINE#         97
  C:00C5H         LINE#         98
  C:00C8H         LINE#         99
  C:00CEH         LINE#         100
  C:00CEH         LINE#         101
  C:00D5H         LINE#         102
  C:00D8H         LINE#         103
  C:00DBH         LINE#         104
  C:00E1H         LINE#         105
  C:00E1H         LINE#         106
  C:00E4H         LINE#         107
  C:00F6H         LINE#         108
  C:00F6H         LINE#         109
  C:00F6H         LINE#         110
  C:00F9H         LINE#         111
  C:00FBH         LINE#         113
  C:00FBH         LINE#         114
  C:00FEH         LINE#         115
  C:0100H         LINE#         117
  C:0100H         LINE#         118
  C:0103H         LINE#         119
  C:0105H         LINE#         121
  C:0105H         LINE#         122
  C:0108H         LINE#         123
  C:0108H         LINE#         124
  C:0108H         LINE#         125
  C:010EH         LINE#         126
  C:010EH         LINE#         127
  C:0111H         LINE#         128
  C:0114H         LINE#         129
  C:0116H         LINE#         130
  C:0116H         LINE#         132
  C:0116H         LINE#         135
  C:0119H         LINE#         136
  C:011CH         LINE#         137
  C:011FH         LINE#         138
  C:0125H         LINE#         139
  C:0125H         LINE#         140
  C:012CH         LINE#         141
  C:012FH         LINE#         142
  C:0132H         LINE#         143
  C:0138H         LINE#         144
  C:0138H         LINE#         145
  C:013BH         LINE#         146
BL51 BANKED LINKER/LOCATER V6.22                                                      06/11/2016  21:57:58  PAGE 10


  C:014DH         LINE#         147
  C:014DH         LINE#         148
  C:014DH         LINE#         149
  C:0150H         LINE#         150
  C:0152H         LINE#         152
  C:0152H         LINE#         153
  C:0155H         LINE#         154
  C:0157H         LINE#         156
  C:0157H         LINE#         157
  C:015AH         LINE#         158
  C:015CH         LINE#         160
  C:015CH         LINE#         161
  C:015FH         LINE#         162
  C:015FH         LINE#         163
  C:015FH         LINE#         165
  C:0165H         LINE#         166
  C:0165H         LINE#         167
  C:0168H         LINE#         168
  C:016BH         LINE#         169
  C:016DH         LINE#         171
  C:016DH         LINE#         172
  C:016DH         LINE#         173
  C:016FH         LINE#         175
  -------         ENDPROC       CALKEY_SCAN
  -------         ENDMOD        KEY

  -------         MODULE        LCD1602
  C:0000H         SYMBOL        _ICE_DUMMY_
  D:0090H         PUBLIC        P1
  D:00B0H         PUBLIC        P3
  C:04E7H         PUBLIC        _wr_dat
  C:055DH         PUBLIC        clear
  C:0541H         PUBLIC        _wr_com
  B:00B0H.2       PUBLIC        EN
  B:00B0H.0       PUBLIC        RS
  C:0477H         PUBLIC        _delay1ms
  B:00B0H.1       PUBLIC        RW
  C:0497H         PUBLIC        lcd_init
  C:0470H         SYMBOL        L?0018
  -------         PROC          L?0017
  -------         ENDPROC       L?0017
  C:0470H         SYMBOL        L?0018
  -------         PROC          _DELAY1MS
  D:0006H         SYMBOL        ms
  -------         DO            
  D:0004H         SYMBOL        i
  D:0002H         SYMBOL        j
  -------         ENDDO         
  C:0477H         LINE#         18
  C:0477H         LINE#         19
  C:0477H         LINE#         21
  C:0481H         LINE#         22
  C:0496H         LINE#         23
  -------         ENDPROC       _DELAY1MS
  -------         PROC          _WR_COM
  D:0007H         SYMBOL        com
  -------         DO            
BL51 BANKED LINKER/LOCATER V6.22                                                      06/11/2016  21:57:58  PAGE 11


  D:0001H         SYMBOL        temp
  -------         ENDDO         
  C:0541H         LINE#         26
  C:0541H         LINE#         27
  C:0541H         LINE#         29
  C:0543H         LINE#         30
  C:054AH         LINE#         31
  C:054CH         LINE#         32
  C:054EH         LINE#         33
  C:0550H         LINE#         34
  C:0552H         LINE#         35
  C:0555H         LINE#         36
  C:0557H         LINE#         37
  C:055AH         LINE#         38
  C:055CH         LINE#         39
  -------         ENDPROC       _WR_COM
  -------         PROC          L?0019
  -------         ENDPROC       L?0019
  -------         PROC          _WR_DAT
  D:0007H         SYMBOL        dat
  -------         DO            
  D:0001H         SYMBOL        temp
  -------         ENDDO         
  C:04E7H         LINE#         42
  C:04E7H         LINE#         43
  C:04E7H         LINE#         45
  C:04E9H         LINE#         46
  C:04F0H         LINE#         47
  C:04F2H         LINE#         48
  C:04F4H         LINE#         49
  C:04F6H         LINE#         50
  C:04F8H         LINE#         51
  C:04FBH         LINE#         52
  C:04FDH         LINE#         53
  C:0500H         LINE#         54
  C:0502H         LINE#         55
  -------         ENDPROC       _WR_DAT
  -------         PROC          LCD_INIT
  C:0497H         LINE#         58
  C:0497H         LINE#         59
  C:0497H         LINE#         60
  C:049EH         LINE#         61
  C:04A3H         LINE#         62
  C:04A8H         LINE#         63
  C:04ADH         LINE#         64
  C:04B1H         LINE#         65
  -------         ENDPROC       LCD_INIT
  -------         PROC          CLEAR
  -------         DO            
  D:0017H         SYMBOL        i
  -------         ENDDO         
  C:055DH         LINE#         68
  C:055DH         LINE#         69
  C:055DH         LINE#         71
  C:0560H         LINE#         72
  C:0560H         LINE#         73
  C:0564H         LINE#         74
BL51 BANKED LINKER/LOCATER V6.22                                                      06/11/2016  21:57:58  PAGE 12


  C:0567H         LINE#         75
  C:056BH         LINE#         76
  C:056EH         LINE#         77
  C:0577H         LINE#         78
  -------         ENDPROC       CLEAR
  -------         ENDMOD        LCD1602

  -------         MODULE        ?C?UIDIV
  C:0335H         PUBLIC        ?C?UIDIV
  -------         ENDMOD        ?C?UIDIV

  -------         MODULE        ?C?ULSHR
  C:038AH         PUBLIC        ?C?ULSHR
  -------         ENDMOD        ?C?ULSHR

Program Size: data=29.0 xdata=0 code=1423
LINK/LOCATE RUN COMPLETE.  0 WARNING(S),  0 ERROR(S)
