C51 COMPILER V8.02   MCU                                                                   03/07/2012 14:52:13 PAGE 1   


C51 COMPILER V8.02, COMPILATION OF MODULE MCU
OBJECT MODULE PLACED IN MCU.OBJ
COMPILER INVOKED BY: C:\Keil\C51\BIN\C51.EXE MCU.c BROWSE DEBUG OBJECTEXTEND TABS(2)

line level    source

   1          #include<AT89X52.h>
   2          
   3          #define KeyPort P1
   4          
   5          
   6          unsigned char High,Low; //定时器预装值的高8位和低8位
   7          
   8          sbit SPK=P3^7;          //定义蜂鸣器接口
   9          sbit playSongKey=P0^0;          //功能键
  10          
  11          sbit RS=P2^0;//液晶数据命令选择
  12          sbit RW=P2^1;//液晶读写选择
  13          sbit EN=P2^2;//液晶使能端
  14          
  15          unsigned char code freq[][2]={ 
  16            0xD8,0xF7,//00440HZ 1   
  17            0xBD,0xF8,//00494HZ 2  
  18            0x87,0xF9,//00554HZ 3  
  19            0xE4,0xF9,//00587HZ 4    
  20            0x90,0xFA,//00659HZ 5     
  21            0x29,0xFB,//00740HZ 6     
  22            0xB1,0xFB,//00831HZ 7      
  23            0xEF,0xFB,//00880HZ `1
  24          };
  25          
  26          unsigned char Time; 
  27          unsigned char code YINFU[9][1]={{' '},{'1'},{'2'},{'3'},{'4'},{'5'},{'6'},{'7'},{'8'}};
  28                                    //世上只有妈妈好数据表
  29          unsigned char code MUSIC[]={ 6,2,3,      5,2,1,      3,2,2,    5,2,2,    1,3,2,    6,2,1,    5,2,1,
  30                               6,2,4,      3,2,2,      5,2,1,    6,2,1,     5,2,2,  3,2,2,    1,2,1,
  31                               6,1,1,      5,2,1,      3,2,1,   2,2,4,    2,2,3,  3,2,1,    5,2,2,
  32                               5,2,1,      6,2,1,      3,2,2,   2,2,2,    1,2,4,  5,2,3,    3,2,1,
  33                               2,2,1,      1,2,1,      6,1,1,   1,2,1,    5,1,6,  0,0,0 
  34                                                };
  35                                   // 音阶频率表 高八位
  36          unsigned char code FREQH[]={
  37                                   0xF2,0xF3,0xF5,0xF5,0xF6,0xF7,0xF8, 
  38                                   0xF9,0xF9,0xFA,0xFA,0xFB,0xFB,0xFC,0xFC, //1,2,3,4,5,6,7,8,i
  39                                   0xFC,0xFD,0xFD,0xFD,0xFD,0xFE,
  40                                   0xFE,0xFE,0xFE,0xFE,0xFE,0xFE,0xFF,
  41                                         } ;
  42                                   // 音阶频率表 低八位
  43          unsigned char code FREQL[]={
  44                                   0x42,0xC1,0x17,0xB6,0xD0,0xD1,0xB6,
  45                                   0x21,0xE1,0x8C,0xD8,0x68,0xE9,0x5B,0x8F, //1,2,3,4,5,6,7,8,i
  46                                   0xEE,0x44, 0x6B,0xB4,0xF4,0x2D, 
  47                                   0x47,0x77,0xA2,0xB6,0xDA,0xFA,0x16,
  48                                          };
  49          
  50          void Init_Timer0(void);//定时器初始化
  51          
  52          //延时函数大约约2*z+5us
  53          void delay2xus(unsigned char z)
  54          {
  55   1         while(z--);
C51 COMPILER V8.02   MCU                                                                   03/07/2012 14:52:13 PAGE 2   

  56   1      }
  57          // 延时函数大约约1ms
  58          void delayms(unsigned char x)
  59          {
  60   1         while(x--)
  61   1         {
  62   2           delay2xus(245);
  63   2           delay2xus(245);
  64   2         }
  65   1      }
  66          
  67          
  68          /*------------------------------------------------
  69                          节拍延时函数
  70           各调1/4节拍时间：
  71           调4/4  125ms
  72           调2/4  250ms
  73           调3/4  187ms
  74          ------------------------------------------------*/
  75          void delayTips(unsigned char t)
  76          {
  77   1          unsigned char i;
  78   1          for(i=0;i<t;i++)
  79   1          {
  80   2            delayms(250);
  81   2          }
  82   1          TR0=0;
  83   1       }
  84          //播放音乐的函数
  85          void PlaySong()
  86          {
  87   1         TH0=High;//赋值定时器时间，决定频率
  88   1         TL0=Low;
  89   1         TR0=1;      //打开定时器
  90   1         delayTips(Time); //延时所需要的节拍                      
  91   1      }
  92          
  93          //定时器T0初始化子程序
  94          void Init_Timer0(void)
  95          {
  96   1       TMOD |= 0x01;    //使用模式1，16位定时器，使用"|"符号可以在使用多个定时器时不受影响         
  97   1       EA=1;            //总中断打开
  98   1       ET0=1;           //定时器中断打开
  99   1      }
 100          //定时器T0中断子程序
 101          void Timer0_isr(void) interrupt 1 
 102          {
 103   1       TH0=High;
 104   1       TL0=Low;
 105   1       SPK=!SPK;
 106   1      }
 107          //主函数
 108          void main (void)
 109          {
 110   1        unsigned char num,k,i;                 
 111   1        Init_Timer0();    //初始化定时器0，主要用于数码管动态扫描
 112   1        SPK=0;      //在未按键时，喇叭低电平，防止长期高电平损坏喇叭         
 113   1        while (1)
 114   1        {
 115   2         switch(KeyPort)          //对按键进行处理
 116   2          {
 117   3           case 0xfe:num= 1;break;
C51 COMPILER V8.02   MCU                                                                   03/07/2012 14:52:13 PAGE 3   

 118   3           case 0xfd:num= 2;break;
 119   3           case 0xfb:num= 3;break;
 120   3           case 0xf7:num= 4;break;
 121   3           case 0xef:num= 5;break;
 122   3           case 0xdf:num= 6;break;
 123   3           case 0xbf:num= 7;break;
 124   3           case 0x7f:num= 8;break;      //分别对应不用的音调
 125   3           default:num= 0;break;
 126   3          }
 127   2          P2 = KeyPort;
 128   2          if(num==0)
 129   2          {
 130   3             TR0=0;
 131   3             SPK=0;   //在未按键时，喇叭低电平，防止长期高电平损坏喇叭
 132   3          }
 133   2          else 
 134   2          {
 135   3            High=freq[num-1][1];
 136   3            Low =freq[num-1][0];
 137   3            TR0=1;
 138   3          }
 139   2         if(playSongKey==0)        //如果播放音乐按键被按下
 140   2         {
 141   3           delayms(10);
 142   3           if(playSongKey==0)
 143   3           {
 144   4             i=0;  
 145   4             while(i<100)
 146   4            {         
 147   5                  k=MUSIC[i]+7*MUSIC[i+1]-1;//去音符振荡频率所需数据
 148   5                  High=FREQH[k];
 149   5                  Low=FREQL[k];
 150   5                  Time=MUSIC[i+2];          //节拍时长
 151   5                  i=i+3;
 152   5            if(P1!=0xff)//长按任意8音键退出播放
 153   5            {
 154   6                     delayms(10);
 155   6                     if(P1!=0xff)
 156   6                     i=101;
 157   6            }
 158   5                  PlaySong();  
 159   5            }
 160   4             TR0=0;
 161   4           }
 162   3         }
 163   2      
 164   2        }
 165   1      }
 166          
 167          
 168          
 169          


MODULE INFORMATION:   STATIC OVERLAYABLE
   CODE SIZE        =    302    ----
   CONSTANT SIZE    =    183    ----
   XDATA SIZE       =   ----    ----
   PDATA SIZE       =   ----    ----
   DATA SIZE        =      3       1
   IDATA SIZE       =   ----    ----
   BIT SIZE         =   ----    ----
C51 COMPILER V8.02   MCU                                                                   03/07/2012 14:52:13 PAGE 4   

END OF MODULE INFORMATION.


C51 COMPILATION COMPLETE.  0 WARNING(S),  0 ERROR(S)
