C51 COMPILER V9.60.0.0   LCD1602                                                           06/16/2020 15:23:26 PAGE 1   


C51 COMPILER V9.60.0.0, COMPILATION OF MODULE LCD1602
OBJECT MODULE PLACED IN LCD1602.OBJ
COMPILER INVOKED BY: D:\keil5\C51\BIN\C51.EXE LCD1602.c OPTIMIZE(8,SPEED) BROWSE DEBUG OBJECTEXTEND TABS(2)

line level    source

   1          #include"LCD1602.h"
   2          void vWriteCMD(uchar ucCommand)           
   3          {
   4   1        vDelay();       //先延时。
   5   1        LCDE=1;         //然后把ＬＣＤ改为写入命令状态。
   6   1        LCDRS=0;
   7   1        LCDRW=0;
   8   1        LCDPORT=ucCommand;      //再输出命令。
   9   1        LCDE=0;         //最后执行命令。
  10   1      }
  11          //<<<<<<<<<<<<<<<<<<<<<<<<<<<<<<<<<<<<<<<<<<<<<<<>>>>>>>>>>>>>>>>>>>>>>>>>>>>>>>>>>>>>>>>>>>>>>>>>>
  12          //<<<<<<<<<<<<<<<<<<<<<<<<<<<<<<<<<<<<<<把1个数据写入LCD>>>>>>>>>>>>>>>>>>>>>>>>>>>>>>>>>>>>>>>>>>>
  13          //<<<<<<<<<<<<<<<<<<<<<<<<<<<<<<<<<<<<<<<<<<<<<<<>>>>>>>>>>>>>>>>>>>>>>>>>>>>>>>>>>>>>>>>>>>>>>>>>>
  14          void vWriteData(uchar ucData)           
  15          {
  16   1        vDelay();        //先延时。
  17   1        LCDE=1;          //然后把ＬＣＤ改为写入数据状态。
  18   1        LCDRS=1;
  19   1        LCDRW=0;
  20   1        LCDPORT=ucData;        //再输出数据。
  21   1        LCDE=0;          //最后显示数据。
  22   1      }
  23          void vShowOneChar(uchar ucChar)
  24          {
  25   1        switch(ucChar)
  26   1        {
  27   2          case ' ': vWriteData(0x20);break;
  28   2          case '!':   vWriteData(0x21);break;
  29   2          case '"':   vWriteData(0x22);break;
  30   2          case '#':   vWriteData(0x23);break;
  31   2          case '$':   vWriteData(0x24);break;
  32   2          case '%':   vWriteData(0x25);break;
  33   2          case '&':   vWriteData(0x26);break;
  34   2          case '>':   vWriteData(0x27);break;
  35   2          case '(':   vWriteData(0x28);break;
  36   2          case ')':   vWriteData(0x29);break;
  37   2          case '*':   vWriteData(0x20);break;
  38   2          case '+':   vWriteData(0x2A);break;
  39   2          case '-':   vWriteData(0x2D);break;
  40   2          case '/':   vWriteData(0x2F);break;
  41   2          case '=':   vWriteData(0x3D);break;
  42   2          case '<':   vWriteData(0x3E);break;
  43   2          case '?':   vWriteData(0x3F);break;
  44   2          case '.':   vWriteData(0x2E);break;
  45   2          case ':':   vWriteData(0x3A);break;
  46   2      
  47   2          case '0':   vWriteData(0x30);break;
  48   2          case '1':   vWriteData(0x31);break;
  49   2          case '2':   vWriteData(0x32);break;
  50   2          case '3':   vWriteData(0x33);break;
  51   2          case '4':   vWriteData(0x34);break;
  52   2          case '5':   vWriteData(0x35);break;
  53   2          case '6':   vWriteData(0x36);break;
  54   2          case '7':   vWriteData(0x37);break;
  55   2          case '8':   vWriteData(0x38);break;
C51 COMPILER V9.60.0.0   LCD1602                                                           06/16/2020 15:23:26 PAGE 2   

  56   2          case '9':   vWriteData(0x39);break;
  57   2      
  58   2          case 'A':   vWriteData(0x41);break;
  59   2          case 'B':   vWriteData(0x42);break;
  60   2          case 'C':   vWriteData(0x43);break;
  61   2          case 'D':   vWriteData(0x44);break;
  62   2          case 'E': vWriteData(0x45);break;
  63   2          case 'F':   vWriteData(0x46);break;
  64   2          case 'G':   vWriteData(0x47);break;
  65   2          case 'H':   vWriteData(0x48);break;
  66   2          case 'I':   vWriteData(0x49);break;
  67   2          case 'J':   vWriteData(0x4A);break;
  68   2          case 'K':   vWriteData(0x4B);break;
  69   2          case 'L':   vWriteData(0x4C);break;
  70   2          case 'M':   vWriteData(0x4D);break;
  71   2          case 'N':   vWriteData(0x4E);break;
  72   2          case 'O':   vWriteData(0x4F);break;
  73   2          case 'P':   vWriteData(0x50);break;
  74   2          case 'Q':   vWriteData(0x51);break;
  75   2          case 'R':   vWriteData(0x52);break;
  76   2          case 'S':   vWriteData(0x53);break;
  77   2          case 'T':   vWriteData(0x54);break;
  78   2          case 'U':   vWriteData(0x55);break;
  79   2          case 'V':   vWriteData(0x56);break;
  80   2          case 'W':   vWriteData(0x57);break;
  81   2          case 'X':   vWriteData(0x58);break;
  82   2          case 'Y':   vWriteData(0x59);break;
  83   2          case 'Z':   vWriteData(0x5A);break;
  84   2      
  85   2          case 'a':   vWriteData(0x61);break;
  86   2          case 'b':   vWriteData(0x62);break;
  87   2          case 'c':   vWriteData(0x63);break;
  88   2          case 'd':   vWriteData(0x64);break;
  89   2          case 'e':   vWriteData(0x65);break;
  90   2          case 'f':   vWriteData(0x66);break;
  91   2          case 'g':   vWriteData(0x67);break;
  92   2          case 'h':   vWriteData(0x68);break;
  93   2          case 'i':   vWriteData(0x69);break;
  94   2          case 'j':   vWriteData(0x6A);break;
  95   2          case 'k':   vWriteData(0x6B);break;
  96   2          case 'l':   vWriteData(0x6C);break;
  97   2          case 'm':   vWriteData(0x6D);break;
  98   2          case 'n':   vWriteData(0x6E);break;
  99   2          case 'o':   vWriteData(0x6F);break;
 100   2          case 'p':   vWriteData(0x70);break;
 101   2          case 'q':   vWriteData(0x71);break;
 102   2          case 'r':   vWriteData(0x72);break;
 103   2          case 's':   vWriteData(0x73);break;
 104   2          case 't':   vWriteData(0x74);break;
 105   2          case 'u':   vWriteData(0x75);break;
 106   2          case 'v':   vWriteData(0x76);break;
 107   2          case 'w':   vWriteData(0x77);break;
 108   2          case 'x':   vWriteData(0x78);break;
 109   2          case 'y':   vWriteData(0x79);break;
 110   2          case 'z':   vWriteData(0x7A);break;
 111   2          default:  break;
 112   2        }
 113   1      }
 114          void vShowChar(uchar ucaChar[])
 115          {
 116   1        uchar ucCount;
 117   1        for(ucCount=0;;ucCount++)
C51 COMPILER V9.60.0.0   LCD1602                                                           06/16/2020 15:23:26 PAGE 3   

 118   1        {
 119   2          vShowOneChar(ucaChar[ucCount]);
 120   2          if(ucaChar[ucCount+1]=='\0')
 121   2            break;
 122   2        }
 123   1      }
 124          //<<<<<<<<<<<<<<<<<<<<<<<<<<<<<<<<<<<<<<<<<<<<<<<>>>>>>>>>>>>>>>>>>>>>>>>>>>>>>>>>>>>>>>>>>>>>>>>>>
 125          //<<<<<<<<<<<<<<<<<<<<<<<<<<<<<<<<<<<<<<<<<<<<延时函数>>>>>>>>>>>>>>>>>>>>>>>>>>>>>>>>>>>>>>>>>>>>>
 126          //<<<<<<<<<<<<<<<<<<<<<<<<<<<<<<<<<<<<<<<<<<<<<<<>>>>>>>>>>>>>>>>>>>>>>>>>>>>>>>>>>>>>>>>>>>>>>>>>>
 127          void vDelay()
 128          {
 129   1        uint uiCount;
 130   1        for(uiCount=0;uiCount<250;uiCount++);
 131   1      }


MODULE INFORMATION:   STATIC OVERLAYABLE
   CODE SIZE        =    769    ----
   CONSTANT SIZE    =   ----    ----
   XDATA SIZE       =   ----    ----
   PDATA SIZE       =   ----    ----
   DATA SIZE        =   ----       6
   IDATA SIZE       =   ----    ----
   BIT SIZE         =   ----    ----
END OF MODULE INFORMATION.


C51 COMPILATION COMPLETE.  0 WARNING(S),  0 ERROR(S)
